Build Summary: 31/31 steps succeeded
observe-control success
+- install zxc success
   +- compile exe zxc debug native success 19s MaxRSS:2G
      +- WriteFile cached
      +- compile lib yaml debug native cached 41ms MaxRSS:20M
      +- compile lib yaml debug native (reused)
      +- translate-c cached 41ms MaxRSS:20M
      +- options cached
      +- run exe bundle-zig (bundle) cached
      |  +- compile exe bundle-zig fast native cached 43ms MaxRSS:21M
      |  +- WriteFile bundle_manifest.json cached
      +- options cached
      +- run exe generate-parser (parser.zig) cached
      |  +- compile exe generate-parser debug native cached 46ms MaxRSS:21M
      |     +- options cached
      |     +- WriteFile interfaces/0.d.zx cached
      |     |  +- run exe standard-catalog (catalog.zig) cached
      |     |     +- compile exe standard-catalog fast native cached 42ms MaxRSS:21M
      |     |     +- WriteFile catalog.json cached
      |     +- options cached
      +- run exe generate-parser (parser.zig) (+1 more reused dependencies)
      +- run exe generate-parser (parser.zig) (+1 more reused dependencies)
      +- run exe generate-parser (parser.zig) (+1 more reused dependencies)
      +- run exe generate-parser (parser.zig) (+1 more reused dependencies)
      +- run exe generate-parser (parser.zig) (+1 more reused dependencies)
      +- run exe generate-parser (parser.zig) (+1 more reused dependencies)
      +- WriteFile interfaces/0.d.zx cached
      |  +- run exe standard-catalog (catalog.zig) cached
      |     +- compile exe standard-catalog fast native cached 41ms MaxRSS:21M
      |     +- WriteFile catalog.json cached
      +- options cached
      +- run exe generate-parser (parser.zig) (+1 more reused dependencies)
      +- run exe generate-parser (parser.zig) (+1 more reused dependencies)
      +- run exe generate-parser (parser.zig) (+1 more reused dependencies)
      +- run exe generate-parser (parser.zig) (+1 more reused dependencies)
      +- run exe generate-parser (parser.zig) (+1 more reused dependencies)
      +- run exe generate-parser (parser.zig) (+1 more reused dependencies)
      +- run exe generate-parser (parser.zig) (+1 more reused dependencies)
      +- run exe generate-parser (parser.zig) (+1 more reused dependencies)
      +- run exe generate-parser (parser.zig) (+1 more reused dependencies)
      +- run exe generate-parser (parser.zig) (+1 more reused dependencies)
      +- run exe generate-parser (parser.zig) (+1 more reused dependencies)
      +- run exe generate-parser (parser.zig) (+1 more reused dependencies)
      +- run exe generate-parser (parser.zig) (+1 more reused dependencies)
      +- run exe generate-parser (parser.zig) (+1 more reused dependencies)
      +- run exe generate-parser (parser.zig) (+1 more reused dependencies)
      +- run exe generate-parser (parser.zig) (+1 more reused dependencies)
      +- run exe generate-parser (parser.zig) (+1 more reused dependencies)
      +- run exe generate-parser (parser.zig) (+1 more reused dependencies)
      +- run exe generate-parser (parser.zig) (+1 more reused dependencies)
      +- run exe generate-parser (parser.zig) (+1 more reused dependencies)
      +- run exe generate-lexer (lexer.zig) cached
      |  +- compile exe generate-lexer debug native cached 43ms MaxRSS:21M
      |     +- WriteFile interfaces/0.d.zx cached
      |     |  +- run exe standard-catalog (catalog.zig) cached
      |     |     +- compile exe standard-catalog fast native cached 46ms MaxRSS:21M
      |     |     +- WriteFile catalog.json cached
      |     +- options cached
      +- run exe generate-parser (parser.zig) (+1 more reused dependencies)
      +- run exe generate-parser (parser.zig) (+1 more reused dependencies)
      +- run exe generate-parser (parser.zig) (+1 more reused dependencies)
      +- run exe generate-parser (parser.zig) (+1 more reused dependencies)
      +- run exe generate-parser (parser.zig) (+1 more reused dependencies)
      +- run exe generate-parser (parser.zig) (+1 more reused dependencies)
      +- run exe generate-parser (parser.zig) (+1 more reused dependencies)
      +- run exe generate-parser (parser.zig) (+1 more reused dependencies)
      +- run exe generate-parser (parser.zig) (+1 more reused dependencies)
      +- run exe generate-parser (parser.zig) (+1 more reused dependencies)
      +- run exe generate-parser (parser.zig) (+1 more reused dependencies)
      +- run exe generate-parser (parser.zig) (+1 more reused dependencies)
      +- run exe generate-parser (parser.zig) (+1 more reused dependencies)

