✔ semantic lint / invalid options / lint main.zx --semantic --semantic (12.299834ms)
✔ semantic lint / invalid options / lint main.zx --project pkg.yaml (5.188362ms)
✔ semantic lint / invalid options / lint main.zx --semantic --kind manifest (4.936142ms)
✔ semantic lint / invalid options / fmt main.zx --semantic (4.443638ms)
✔ semantic lint / invalid options / lint main.zx --semantic --out output (4.3854ms)
ℹ tests 5
ℹ suites 0
ℹ pass 5
ℹ fail 0
ℹ cancelled 0
ℹ skipped 0
ℹ todo 0
ℹ duration_ms 34.864615
✔ semantic lint / valid main.zx ignores unreachable invalid source (14.028981ms)
✔ semantic lint / valid pkg.yaml ignores unreachable invalid source (7.402422ms)
✔ semantic lint / type failure and selection / nested/increment.zx (15.322962ms)
✔ semantic lint / type failure and selection / extra.zx (16.002261ms)
✔ semantic lint / entry fallback (6.813285ms)
✔ semantic lint / no public modules (5.436062ms)
✔ semantic lint / missing import (5.293513ms)
✔ semantic lint / reachable formatting (5.452656ms)
✔ semantic lint / import cycle (5.587358ms)
✔ semantic lint / explicit project path / pkg.yaml (6.21472ms)
✔ semantic lint / explicit project path / ./pkg.yaml (6.17891ms)
✔ semantic lint / explicit project path / nested/../pkg.yaml (6.016982ms)
✔ semantic lint / explicit project path / absolute (6.194452ms)
ℹ tests 13
ℹ suites 0
ℹ pass 13
ℹ fail 0
ℹ cancelled 0
ℹ skipped 0
ℹ todo 0
ℹ duration_ms 109.588099
✔ semantic lint / RX valid / main.gateway.rx (14.502275ms)
✔ semantic lint / RX valid / empty.gateway.rx (7.065087ms)
✔ semantic lint / RX valid / state.store.rx (6.355115ms)
✔ semantic lint / RX valid / read.rx (6.838193ms)
✔ semantic lint / RX valid / pkg.yaml (6.931083ms)
✔ semantic lint / Store initial type / state.store.rx (10.153149ms)
✔ semantic lint / Store initial type / read.rx (10.621151ms)
✔ semantic lint / Store initial type / main.gateway.rx (10.729277ms)
✔ semantic lint / Store initial type / pkg.yaml (11.083931ms)
✔ semantic lint / Gateway rejects missing service (5.801941ms)
✔ semantic lint / Gateway rejects duplicate route (5.484105ms)
✔ semantic lint / Gateway rejects service type (6.383404ms)
✔ semantic lint / reachable Store formatting / state.store.rx (5.432836ms)
✔ semantic lint / reachable Store formatting / read.rx (6.304613ms)
✔ semantic lint / reachable Store formatting / main.gateway.rx (6.436714ms)
✔ semantic lint / reachable Store formatting / pkg.yaml (6.562478ms)
✔ semantic lint / dedicated manifest entry / state.store.rx (6.055864ms)
✔ semantic lint / dedicated manifest entry / empty.gateway.rx (5.855624ms)
ℹ tests 18
ℹ suites 0
ℹ pass 18
ℹ fail 0
ℹ cancelled 0
ℹ skipped 0
ℹ todo 0
ℹ duration_ms 142.513337
✔ workspace lint / declared scope / explicit semantic false (18.158742ms)
✔ workspace lint / declared scope / explicit semantic true (10.555147ms)
✔ workspace lint / independent member errors accumulate (10.092822ms)
✔ workspace lint / rejects duplicate package name (6.703045ms)
✔ workspace lint / rejects missing workspace dependency (7.11294ms)
✔ workspace lint / rejects dependency cycle (7.822316ms)
✔ workspace lint / rejects missing entry (10.120618ms)
✔ workspace lint / rejects uninstalled external (7.323401ms)
✔ workspace lint / rejects organization formatting (10.048995ms)
✔ workspace lint / root manifest directory symlink (27.983009ms)
✔ workspace lint / invalid options / lint pkg.yaml --workspace --workspace (6.176119ms)
✔ workspace lint / invalid options / lint pkg.yaml --workspace --project pkg.yaml (5.964803ms)
✔ workspace lint / invalid options / lint pkg.yaml --workspace --kind manifest (5.72068ms)
✔ workspace lint / invalid options / fmt pkg.yaml --workspace (5.82523ms)
✔ workspace lint / source input rejected (5.713183ms)
ℹ tests 15
ℹ suites 0
ℹ pass 15
ℹ fail 0
ℹ cancelled 0
ℹ skipped 0
ℹ todo 0
ℹ duration_ms 148.954023
Build Summary: 13/13 steps succeeded
test-semantic-lint success
+- run node success 172ms
|  +- compile exe zxc Debug native success 10s MaxRSS:1G
|     +- WriteFile cached
|     +- compile lib yaml Debug native cached 38ms MaxRSS:20M
|     +- compile lib yaml Debug native (reused)
|     +- options cached
|     +- run exe bundle-zig (bundle) success 5s
|     |  +- compile exe bundle-zig ReleaseFast native cached 44ms MaxRSS:21M
|     |  +- WriteFile bundle_manifest.json success
|     +- WriteFile interfaces/0.d.zx cached
+- run node success 94ms
|  +- compile exe zxc Debug native (+6 more reused dependencies)
+- run node success 201ms
|  +- compile exe zxc Debug native (+6 more reused dependencies)
+- run node success 208ms
   +- compile exe zxc Debug native (+6 more reused dependencies)
