✔ semantic lint / valid main.zx ignores unreachable invalid source (12.170198ms)
✔ semantic lint / valid pkg.yaml ignores unreachable invalid source (5.08605ms)
✔ semantic lint / type failure and selection / nested/increment.zx (10.474525ms)
✔ semantic lint / type failure and selection / extra.zx (10.11006ms)
✔ semantic lint / entry fallback (4.37922ms)
✔ semantic lint / no public modules (4.020125ms)
✔ semantic lint / missing import (3.653771ms)
✔ semantic lint / reachable formatting (3.787136ms)
✔ semantic lint / import cycle (3.870166ms)
✔ semantic lint / explicit project path / pkg.yaml (4.072996ms)
✔ semantic lint / explicit project path / ./pkg.yaml (4.010954ms)
✔ semantic lint / explicit project path / nested/../pkg.yaml (3.775444ms)
✔ semantic lint / explicit project path / absolute (4.211294ms)
ℹ tests 13
ℹ suites 0
ℹ pass 13
ℹ fail 0
ℹ cancelled 0
ℹ skipped 0
ℹ todo 0
ℹ duration_ms 77.419037
✔ workspace lint / declared scope / explicit semantic false (14.189933ms)
✔ workspace lint / declared scope / explicit semantic true (7.340605ms)
✔ workspace lint / independent member errors accumulate (6.854194ms)
✔ workspace lint / rejects duplicate package name (5.226347ms)
✔ workspace lint / rejects missing workspace dependency (5.408378ms)
✔ workspace lint / rejects dependency cycle (5.415232ms)
✔ workspace lint / rejects missing entry (6.390968ms)
✔ workspace lint / rejects uninstalled external (5.723361ms)
✔ workspace lint / rejects organization formatting (7.078305ms)
✔ workspace lint / root manifest directory symlink (24.071138ms)
✔ workspace lint / invalid options / lint pkg.yaml --workspace --workspace (4.931203ms)
✔ workspace lint / invalid options / lint pkg.yaml --workspace --project pkg.yaml (4.657154ms)
✔ workspace lint / invalid options / lint pkg.yaml --workspace --kind manifest (4.570282ms)
✔ workspace lint / invalid options / fmt pkg.yaml --workspace (4.724556ms)
✔ workspace lint / source input rejected (4.496787ms)
ℹ tests 15
ℹ suites 0
ℹ pass 15
ℹ fail 0
ℹ cancelled 0
ℹ skipped 0
ℹ todo 0
ℹ duration_ms 114.646231
✔ semantic lint / invalid options / lint main.zx --semantic --semantic (11.275832ms)
✔ semantic lint / invalid options / lint main.zx --project pkg.yaml (4.036494ms)
✔ semantic lint / invalid options / lint main.zx --semantic --kind manifest (3.844775ms)
✔ semantic lint / invalid options / fmt main.zx --semantic (3.292598ms)
✔ semantic lint / invalid options / lint main.zx --semantic --out output (3.185901ms)
ℹ tests 5
ℹ suites 0
ℹ pass 5
ℹ fail 0
ℹ cancelled 0
ℹ skipped 0
ℹ todo 0
ℹ duration_ms 29.145514
✔ semantic lint / RX valid / main.gateway.rx (11.948605ms)
✔ semantic lint / RX valid / empty.gateway.rx (4.775659ms)
✔ semantic lint / RX valid / state.store.rx (4.245934ms)
✔ semantic lint / RX valid / read.rx (4.391502ms)
✔ semantic lint / RX valid / pkg.yaml (4.604844ms)
✔ semantic lint / Store initial type / state.store.rx (7.399061ms)
✔ semantic lint / Store initial type / read.rx (7.358642ms)
✔ semantic lint / Store initial type / main.gateway.rx (7.088108ms)
✔ semantic lint / Store initial type / pkg.yaml (7.198418ms)
✔ semantic lint / Gateway rejects missing service (4.20751ms)
✔ semantic lint / Gateway rejects duplicate route (4.009716ms)
✔ semantic lint / Gateway rejects service type (4.535475ms)
✔ semantic lint / reachable Store formatting / state.store.rx (3.919131ms)
✔ semantic lint / reachable Store formatting / read.rx (4.055366ms)
✔ semantic lint / reachable Store formatting / main.gateway.rx (4.29708ms)
✔ semantic lint / reachable Store formatting / pkg.yaml (4.372068ms)
✔ semantic lint / dedicated manifest entry / state.store.rx (4.093224ms)
✔ semantic lint / dedicated manifest entry / empty.gateway.rx (3.927917ms)
ℹ tests 18
ℹ suites 0
ℹ pass 18
ℹ fail 0
ℹ cancelled 0
ℹ skipped 0
ℹ todo 0
ℹ duration_ms 100.249777
Build Summary: 13/13 steps succeeded
test-semantic-lint success
+- run node success 138ms
|  +- compile exe zxc ReleaseSafe native success 51s MaxRSS:2G
|     +- WriteFile cached
|     +- compile lib yaml ReleaseSafe native cached 37ms MaxRSS:20M
|     +- compile lib yaml ReleaseSafe native (reused)
|     +- options cached
|     +- run exe bundle-zig (bundle) cached
|     |  +- compile exe bundle-zig ReleaseFast native cached 45ms MaxRSS:21M
|     |  +- WriteFile bundle_manifest.json cached
|     +- WriteFile interfaces/0.d.zx cached
+- run node success 90ms
|  +- compile exe zxc ReleaseSafe native (+6 more reused dependencies)
+- run node success 167ms
|  +- compile exe zxc ReleaseSafe native (+6 more reused dependencies)
+- run node success 177ms
   +- compile exe zxc ReleaseSafe native (+6 more reused dependencies)
