Build Summary: 92/92 steps succeeded; 156/156 tests passed
test-detached-reader success
+- run test detached-reader-object-source 8 pass (8 total) 6ms MaxRSS:1M
|  +- compile test detached-reader-object-source safe native success 13s MaxRSS:400M
|     +- run exe compile-detached-reader (source.zig) success 6ms
|     |  +- compile exe compile-detached-reader safe native success 41s MaxRSS:1G
|     |     +- WriteFile interfaces/0.d.zx cached
|     |     |  +- run exe standard-catalog (catalog.zig) cached
|     |     |     +- compile exe standard-catalog fast native cached 7s MaxRSS:21M
|     |     |     +- WriteFile catalog.json cached
|     |     +- options cached
|     |     +- run exe generate-parser (parser.zig) success 1s
|     |     |  +- compile exe generate-parser safe native success 28s MaxRSS:846M
|     |     |     +- options cached
|     |     |     +- WriteFile interfaces/0.d.zx success
|     |     |     |  +- run exe standard-catalog (catalog.zig) success 2ms
|     |     |     |     +- compile exe standard-catalog fast native success 7s MaxRSS:336M
|     |     |     |     +- WriteFile catalog.json cached
|     |     |     +- options cached
|     |     +- run exe generate-parser (parser.zig) (+1 more reused dependencies)
|     |     +- run exe generate-parser (parser.zig) (+1 more reused dependencies)
|     |     +- run exe generate-parser (parser.zig) (+1 more reused dependencies)
|     |     +- run exe generate-parser (parser.zig) (+1 more reused dependencies)
|     |     +- run exe generate-parser (parser.zig) (+1 more reused dependencies)
|     |     +- run exe generate-parser (parser.zig) (+1 more reused dependencies)
|     |     +- run exe generate-parser (parser.zig) (+1 more reused dependencies)
|     |     +- run exe generate-parser (parser.zig) (+1 more reused dependencies)
|     |     +- run exe generate-parser (parser.zig) (+1 more reused dependencies)
|     |     +- run exe generate-parser (parser.zig) (+1 more reused dependencies)
|     |     +- run exe generate-parser (parser.zig) (+1 more reused dependencies)
|     |     +- run exe generate-parser (parser.zig) (+1 more reused dependencies)
|     |     +- run exe generate-parser (parser.zig) (+1 more reused dependencies)
|     |     +- run exe generate-parser (parser.zig) (+1 more reused dependencies)
|     |     +- run exe generate-parser (parser.zig) (+1 more reused dependencies)
|     |     +- run exe generate-parser (parser.zig) (+1 more reused dependencies)
|     |     +- run exe generate-parser (parser.zig) (+1 more reused dependencies)
|     |     +- run exe generate-parser (parser.zig) (+1 more reused dependencies)
|     |     +- run exe generate-lexer (lexer.zig) success 16ms
|     |     |  +- compile exe generate-lexer safe native success 23s MaxRSS:747M
|     |     |     +- WriteFile interfaces/0.d.zx cached
|     |     |     |  +- run exe standard-catalog (catalog.zig) cached
|     |     |     |     +- compile exe standard-catalog fast native cached 7s MaxRSS:21M
|     |     |     |     +- WriteFile catalog.json cached
|     |     |     +- options cached
|     |     +- run exe generate-parser (parser.zig) (+1 more reused dependencies)
|     |     +- run exe generate-parser (parser.zig) (+1 more reused dependencies)
|     |     +- run exe generate-parser (parser.zig) (+1 more reused dependencies)
|     |     +- run exe generate-parser (parser.zig) (+1 more reused dependencies)
|     |     +- run exe generate-parser (parser.zig) (+1 more reused dependencies)
|     |     +- run exe generate-parser (parser.zig) (+1 more reused dependencies)
|     |     +- run exe generate-parser (parser.zig) (+1 more reused dependencies)
|     |     +- run exe generate-parser (parser.zig) (+1 more reused dependencies)
|     |     +- run exe generate-parser (parser.zig) (+1 more reused dependencies)
|     |     +- run exe generate-parser (parser.zig) (+1 more reused dependencies)
|     |     +- run exe generate-parser (parser.zig) (+1 more reused dependencies)
|     |     +- run exe generate-parser (parser.zig) (+1 more reused dependencies)
|     |     +- run exe generate-parser (parser.zig) (+1 more reused dependencies)
|     |     +- run exe generate-parser (parser.zig) (+1 more reused dependencies)
|     +- options cached
|     +- run exe compile-detached-reader (source.zig) (+1 more reused dependencies)
+- run test detached-reader-object-library 8 pass (8 total) 5ms MaxRSS:1M
|  +- compile test detached-reader-object-library safe native success 13s MaxRSS:390M
|     +- run exe compile-detached-reader (source.zig) (+1 more reused dependencies)
|     +- options cached
|     +- run exe compile-detached-reader (source.zig) (+1 more reused dependencies)
+- run test detached-reader-tuple-source 8 pass (8 total) 7ms MaxRSS:1M
|  +- compile test detached-reader-tuple-source safe native success 13s MaxRSS:399M
|     +- run exe compile-detached-reader (source.zig) success 5ms
|     |  +- compile exe compile-detached-reader safe native (+36 more reused dependencies)
|     +- options cached
|     +- run exe compile-detached-reader (source.zig) (+1 more reused dependencies)
+- run test detached-reader-tuple-library 8 pass (8 total) 4ms MaxRSS:1M
|  +- compile test detached-reader-tuple-library safe native success 13s MaxRSS:389M
|     +- run exe compile-detached-reader (source.zig) (+1 more reused dependencies)
|     +- options cached
|     +- run exe compile-detached-reader (source.zig) (+1 more reused dependencies)
+- run test detached-reader-optional-source 8 pass (8 total) 5ms MaxRSS:1M
|  +- compile test detached-reader-optional-source safe native success 13s MaxRSS:413M
|     +- run exe compile-detached-reader (source.zig) success 6ms
|     |  +- compile exe compile-detached-reader safe native (+36 more reused dependencies)
|     +- options cached
|     +- run exe compile-detached-reader (source.zig) (+1 more reused dependencies)
+- run test detached-reader-optional-library 8 pass (8 total) 5ms MaxRSS:1M
|  +- compile test detached-reader-optional-library safe native success 13s MaxRSS:396M
|     +- run exe compile-detached-reader (source.zig) (+1 more reused dependencies)
|     +- options cached
|     +- run exe compile-detached-reader (source.zig) (+1 more reused dependencies)
+- run test detached-reader-projection-source 8 pass (8 total) 8ms MaxRSS:1M
|  +- compile test detached-reader-projection-source safe native success 13s MaxRSS:410M
|     +- run exe compile-detached-reader (source.zig) success 5ms
|     |  +- compile exe compile-detached-reader safe native (+36 more reused dependencies)
|     +- options cached
|     +- run exe compile-detached-reader (source.zig) (+1 more reused dependencies)
+- run test detached-reader-projection-library 8 pass (8 total) 4ms MaxRSS:1M
|  +- compile test detached-reader-projection-library safe native success 14s MaxRSS:387M
|     +- run exe compile-detached-reader (source.zig) (+1 more reused dependencies)
|     +- options cached
|     +- run exe compile-detached-reader (source.zig) (+1 more reused dependencies)
+- run test detached-reader-nested-source 8 pass (8 total) 9ms MaxRSS:2M
|  +- compile test detached-reader-nested-source safe native success 13s MaxRSS:393M
|     +- run exe compile-detached-reader (source.zig) success 6ms
|     |  +- compile exe compile-detached-reader safe native (+36 more reused dependencies)
|     +- options cached
|     +- run exe compile-detached-reader (source.zig) (+1 more reused dependencies)
+- run test detached-reader-nested-library 8 pass (8 total) 7ms MaxRSS:2M
|  +- compile test detached-reader-nested-library safe native success 13s MaxRSS:412M
|     +- run exe compile-detached-reader (source.zig) (+1 more reused dependencies)
|     +- options cached
|     +- run exe compile-detached-reader (source.zig) (+1 more reused dependencies)
+- run test detached-reader-concat-source 8 pass (8 total) 11ms MaxRSS:2M
|  +- compile test detached-reader-concat-source safe native success 13s MaxRSS:403M
|     +- run exe compile-detached-reader (source.zig) success 6ms
|     |  +- compile exe compile-detached-reader safe native (+36 more reused dependencies)
|     +- options cached
|     +- run exe compile-detached-reader (source.zig) (+1 more reused dependencies)
+- run test detached-reader-concat-library 8 pass (8 total) 6ms MaxRSS:2M
|  +- compile test detached-reader-concat-library safe native success 14s MaxRSS:406M
|     +- run exe compile-detached-reader (source.zig) (+1 more reused dependencies)
|     +- options cached
|     +- run exe compile-detached-reader (source.zig) (+1 more reused dependencies)
+- run test detached-reader-reference-source 8 pass (8 total) 6ms MaxRSS:1M
|  +- compile test detached-reader-reference-source safe native success 13s MaxRSS:408M
|     +- run exe compile-detached-reader (source.zig) success 5ms
|     |  +- compile exe compile-detached-reader safe native (+36 more reused dependencies)
|     +- options cached
|     +- run exe compile-detached-reader (source.zig) (+1 more reused dependencies)
+- run test detached-reader-reference-library 8 pass (8 total) 4ms MaxRSS:1M
|  +- compile test detached-reader-reference-library safe native success 13s MaxRSS:420M
|     +- run exe compile-detached-reader (source.zig) (+1 more reused dependencies)
|     +- options cached
|     +- run exe compile-detached-reader (source.zig) (+1 more reused dependencies)
+- run test detached-reader-reverse-source 8 pass (8 total) 14ms MaxRSS:4M
|  +- compile test detached-reader-reverse-source safe native success 13s MaxRSS:407M
|     +- run exe compile-detached-reader (source.zig) success 5ms
|     |  +- compile exe compile-detached-reader safe native (+36 more reused dependencies)
|     +- options cached
|     +- run exe compile-detached-reader (source.zig) (+1 more reused dependencies)
+- run test detached-reader-reverse-library 8 pass (8 total) 9ms MaxRSS:4M
|  +- compile test detached-reader-reverse-library safe native success 13s MaxRSS:411M
|     +- run exe compile-detached-reader (source.zig) (+1 more reused dependencies)
|     +- options cached
|     +- run exe compile-detached-reader (source.zig) (+1 more reused dependencies)
+- run test detached-reader-prefix-source 7 pass (7 total) 80ms MaxRSS:137M
|  +- compile test detached-reader-prefix-source safe native success 13s MaxRSS:417M
|     +- run exe compile-detached-reader (source.zig) success 6ms
|     |  +- compile exe compile-detached-reader safe native (+36 more reused dependencies)
|     +- options cached
|     +- run exe compile-detached-reader (source.zig) (+1 more reused dependencies)
+- run test detached-reader-prefix-library 7 pass (7 total) 78ms MaxRSS:137M
|  +- compile test detached-reader-prefix-library safe native success 13s MaxRSS:391M
|     +- run exe compile-detached-reader (source.zig) (+1 more reused dependencies)
|     +- options success
|     +- run exe compile-detached-reader (source.zig) (+1 more reused dependencies)
+- run test detached-reader-offset-source 7 pass (7 total) 56ms MaxRSS:137M
|  +- compile test detached-reader-offset-source safe native success 13s MaxRSS:400M
|     +- run exe compile-detached-reader (source.zig) success 6ms
|     |  +- compile exe compile-detached-reader safe native (+36 more reused dependencies)
|     +- options success
|     +- run exe compile-detached-reader (source.zig) (+1 more reused dependencies)
+- run test detached-reader-offset-library 7 pass (7 total) 80ms MaxRSS:137M
   +- compile test detached-reader-offset-library safe native success 13s MaxRSS:413M
      +- run exe compile-detached-reader (source.zig) (+1 more reused dependencies)
      +- options cached
      +- run exe compile-detached-reader (source.zig) (+1 more reused dependencies)

