Build Summary: 48/48 steps succeeded; 347/347 tests passed
test success
+- run test zx-frontend-tests 308 pass (308 total) 61ms MaxRSS:2M
|  +- compile test zx-frontend-tests Debug native success 2s MaxRSS:364M
|     +- WriteFile interfaces/0.d.zx success
+- run test zx-runtime-tests 30 pass (30 total) 23ms MaxRSS:1M
|  +- compile test zx-runtime-tests Debug native success 1s MaxRSS:277M
|     +- run exe zxc (collections.zig) success 6ms
|     |  +- compile exe zxc Debug native success 5s MaxRSS:1G
|     |     +- WriteFile success
|     |     +- compile lib yaml Debug native success 470ms MaxRSS:112M
|     |     +- compile lib yaml Debug native (reused)
|     |     +- run exe bundle-zig (bundle) success 6s
|     |     |  +- compile exe bundle-zig ReleaseFast native success 23s MaxRSS:847M
|     |     |  +- WriteFile bundle_manifest.json success
|     |     +- WriteFile interfaces/0.d.zx (reused)
|     +- run exe zxc (transforms.zig) success 13ms
|     |  +- compile exe zxc Debug native (+5 more reused dependencies)
|     +- run exe zxc (optional.zig) success 8ms
|     |  +- compile exe zxc Debug native (+5 more reused dependencies)
|     +- run exe zxc (enums.zig) success 9ms
|     |  +- compile exe zxc Debug native (+5 more reused dependencies)
|     +- run exe zxc (spread.zig) success 8ms
|     |  +- compile exe zxc Debug native (+5 more reused dependencies)
|     +- run exe zxc (index.zig) success 6ms
|     |  +- compile exe zxc Debug native (+5 more reused dependencies)
|     +- run exe zxc (modules.zig) success 10ms
|     |  +- compile exe zxc Debug native (+5 more reused dependencies)
|     +- run exe zxc (splice.zig) success 9ms
|     |  +- compile exe zxc Debug native (+5 more reused dependencies)
|     +- run exe zxc (arithmetic.zig) success 10ms
|     |  +- compile exe zxc Debug native (+5 more reused dependencies)
|     +- run exe zxc (short_circuit.zig) success 13ms
|     |  +- compile exe zxc Debug native (+5 more reused dependencies)
|     +- run exe zxc (operators.zig) success 11ms
|     |  +- compile exe zxc Debug native (+5 more reused dependencies)
|     +- run exe zxc (control_flow.zig) success 19ms
|     |  +- compile exe zxc Debug native (+5 more reused dependencies)
|     +- run exe zxc (aggregate_values.zig) success 7ms
|     |  +- compile exe zxc Debug native (+5 more reused dependencies)
|     +- run exe zxc (string_values.zig) success 18ms
|     |  +- compile exe zxc Debug native (+5 more reused dependencies)
|     +- run exe zxc (collection_boundaries.zig) success 10ms
|     |  +- compile exe zxc Debug native (+5 more reused dependencies)
|     +- run exe zxc (void_return.zig) success 11ms
|     |  +- compile exe zxc Debug native (+5 more reused dependencies)
|     +- run exe zxc (splice_ranges.zig) success 10ms
|     |  +- compile exe zxc Debug native (+5 more reused dependencies)
|     +- run exe zxc (overwritten_evaluation.zig) success 8ms
|     |  +- compile exe zxc Debug native (+5 more reused dependencies)
|     +- run exe zxc (numeric_u8.zig) success 4ms
|     |  +- compile exe zxc Debug native (+5 more reused dependencies)
|     +- run exe zxc (numeric_u16.zig) success 8ms
|     |  +- compile exe zxc Debug native (+5 more reused dependencies)
|     +- run exe zxc (numeric_u32.zig) success 9ms
|     |  +- compile exe zxc Debug native (+5 more reused dependencies)
|     +- run exe zxc (numeric_u64.zig) success 12ms
|     |  +- compile exe zxc Debug native (+5 more reused dependencies)
|     +- run exe zxc (numeric_i32.zig) success 12ms
|     |  +- compile exe zxc Debug native (+5 more reused dependencies)
|     +- run exe zxc (numeric_i64.zig) success 9ms
|     |  +- compile exe zxc Debug native (+5 more reused dependencies)
|     +- run exe zxc (numeric_f32.zig) success 8ms
|     |  +- compile exe zxc Debug native (+5 more reused dependencies)
|     +- run exe zxc (numeric_f64.zig) success 13ms
|     |  +- compile exe zxc Debug native (+5 more reused dependencies)
|     +- run exe external-generator (external.zig) success 4ms
|     |  +- compile exe external-generator Debug native success 3s MaxRSS:365M
|     |     +- WriteFile interfaces/0.d.zx (reused)
|     +- run exe external-generator (external.zig) (+1 more reused dependencies)
|     +- run exe standard-types (standard_abi.zig) success 5ms
|        +- compile exe standard-types Debug native success 3s MaxRSS:368M
|           +- WriteFile interfaces/0.d.zx (reused)
+- run test zx-store-tests 4 pass (4 total) 3ms MaxRSS:1M
|  +- compile test zx-store-tests Debug native success 1s MaxRSS:251M
|     +- run exe store-generator (store.zig) success 4ms
|     |  +- compile exe store-generator Debug native success 2s MaxRSS:358M
|     |     +- WriteFile interfaces/0.d.zx (reused)
|     +- run exe standard-types (standard_abi.zig) (+1 more reused dependencies)
+- run test zx-integration-tests 5 pass (5 total) 8ms MaxRSS:2M
   +- compile test zx-integration-tests Debug native success 2s MaxRSS:356M
      +- WriteFile interfaces/0.d.zx (reused)
