✔ loop public library relocation and compiled manifest republication preserve returned aliases (65761.592389ms)
ℹ tests 1
ℹ suites 0
ℹ pass 1
ℹ fail 0
ℹ cancelled 0
ℹ skipped 0
ℹ todo 0
ℹ duration_ms 65764.470223
Build Summary: 229/229 steps succeeded; 441/441 tests passed
test-owned-input success
+- run test 22 pass (22 total) 200ms MaxRSS:6M
|  +- compile test debug native success 8s MaxRSS:1G
|     +- WriteFile interfaces/0.d.zx cached
|     |  +- run exe standard-catalog (catalog.zig) cached
|     |     +- compile exe standard-catalog fast native cached 53ms MaxRSS:21M
|     |     +- WriteFile catalog.json cached
|     +- options cached
|     +- run exe generate-parser (parser.zig) success 12s
|     |  +- compile exe generate-parser debug native success 5s MaxRSS:619M
|     |     +- options cached
|     |     +- WriteFile interfaces/0.d.zx success
|     |     |  +- run exe standard-catalog (catalog.zig) success 2ms
|     |     |     +- compile exe standard-catalog fast native cached 7s MaxRSS:21M
|     |     |     +- WriteFile catalog.json cached
|     |     +- options cached
|     +- run exe generate-parser (parser.zig) (+1 more reused dependencies)
|     +- run exe generate-parser (parser.zig) (+1 more reused dependencies)
|     +- run exe generate-parser (parser.zig) (+1 more reused dependencies)
|     +- run exe generate-parser (parser.zig) (+1 more reused dependencies)
|     +- run exe generate-parser (parser.zig) (+1 more reused dependencies)
|     +- run exe generate-parser (parser.zig) (+1 more reused dependencies)
|     +- run exe generate-parser (parser.zig) (+1 more reused dependencies)
|     +- run exe generate-parser (parser.zig) (+1 more reused dependencies)
|     +- run exe generate-parser (parser.zig) (+1 more reused dependencies)
|     +- run exe generate-parser (parser.zig) (+1 more reused dependencies)
|     +- run exe generate-parser (parser.zig) (+1 more reused dependencies)
|     +- run exe generate-parser (parser.zig) (+1 more reused dependencies)
|     +- run exe generate-parser (parser.zig) (+1 more reused dependencies)
|     +- run exe generate-parser (parser.zig) (+1 more reused dependencies)
|     +- run exe generate-parser (parser.zig) (+1 more reused dependencies)
|     +- run exe generate-parser (parser.zig) (+1 more reused dependencies)
|     +- run exe generate-parser (parser.zig) (+1 more reused dependencies)
|     +- run exe generate-parser (parser.zig) (+1 more reused dependencies)
|     +- run exe generate-lexer (lexer.zig) success 88ms
|     |  +- compile exe generate-lexer debug native success 4s MaxRSS:533M
|     |     +- WriteFile interfaces/0.d.zx cached
|     |     |  +- run exe standard-catalog (catalog.zig) cached
|     |     |     +- compile exe standard-catalog fast native success 7s MaxRSS:331M
|     |     |     +- WriteFile catalog.json cached
|     |     +- options cached
|     +- run exe generate-parser (parser.zig) (+1 more reused dependencies)
|     +- run exe generate-parser (parser.zig) (+1 more reused dependencies)
|     +- run exe generate-parser (parser.zig) (+1 more reused dependencies)
|     +- run exe generate-parser (parser.zig) (+1 more reused dependencies)
|     +- run exe generate-parser (parser.zig) (+1 more reused dependencies)
|     +- run exe generate-parser (parser.zig) (+1 more reused dependencies)
|     +- run exe generate-parser (parser.zig) (+1 more reused dependencies)
|     +- run exe generate-parser (parser.zig) (+1 more reused dependencies)
|     +- run exe generate-parser (parser.zig) (+1 more reused dependencies)
|     +- run exe generate-parser (parser.zig) (+1 more reused dependencies)
|     +- run exe generate-parser (parser.zig) (+1 more reused dependencies)
|     +- run exe generate-parser (parser.zig) (+1 more reused dependencies)
|     +- run exe generate-parser (parser.zig) (+1 more reused dependencies)
|     +- run exe generate-parser (parser.zig) (+1 more reused dependencies)
+- run test 9 pass (9 total) 562ms MaxRSS:6M
|  +- compile test debug native success 8s MaxRSS:1G
|     +- WriteFile interfaces/0.d.zx (+1 more reused dependencies)
|     +- options (reused)
|     +- run exe generate-parser (parser.zig) (+1 more reused dependencies)
|     +- run exe generate-parser (parser.zig) (+1 more reused dependencies)
|     +- run exe generate-parser (parser.zig) (+1 more reused dependencies)
|     +- run exe generate-parser (parser.zig) (+1 more reused dependencies)
|     +- run exe generate-parser (parser.zig) (+1 more reused dependencies)
|     +- run exe generate-parser (parser.zig) (+1 more reused dependencies)
|     +- run exe generate-parser (parser.zig) (+1 more reused dependencies)
|     +- run exe generate-parser (parser.zig) (+1 more reused dependencies)
|     +- run exe generate-parser (parser.zig) (+1 more reused dependencies)
|     +- run exe generate-parser (parser.zig) (+1 more reused dependencies)
|     +- run exe generate-parser (parser.zig) (+1 more reused dependencies)
|     +- run exe generate-parser (parser.zig) (+1 more reused dependencies)
|     +- run exe generate-parser (parser.zig) (+1 more reused dependencies)
|     +- run exe generate-parser (parser.zig) (+1 more reused dependencies)
|     +- run exe generate-parser (parser.zig) (+1 more reused dependencies)
|     +- run exe generate-parser (parser.zig) (+1 more reused dependencies)
|     +- run exe generate-parser (parser.zig) (+1 more reused dependencies)
|     +- run exe generate-parser (parser.zig) (+1 more reused dependencies)
|     +- run exe generate-parser (parser.zig) (+1 more reused dependencies)
|     +- run exe generate-lexer (lexer.zig) (+1 more reused dependencies)
|     +- run exe generate-parser (parser.zig) (+1 more reused dependencies)
|     +- run exe generate-parser (parser.zig) (+1 more reused dependencies)
|     +- run exe generate-parser (parser.zig) (+1 more reused dependencies)
|     +- run exe generate-parser (parser.zig) (+1 more reused dependencies)
|     +- run exe generate-parser (parser.zig) (+1 more reused dependencies)
|     +- run exe generate-parser (parser.zig) (+1 more reused dependencies)
|     +- run exe generate-parser (parser.zig) (+1 more reused dependencies)
|     +- run exe generate-parser (parser.zig) (+1 more reused dependencies)
|     +- run exe generate-parser (parser.zig) (+1 more reused dependencies)
|     +- run exe generate-parser (parser.zig) (+1 more reused dependencies)
|     +- run exe generate-parser (parser.zig) (+1 more reused dependencies)
|     +- run exe generate-parser (parser.zig) (+1 more reused dependencies)
|     +- run exe generate-parser (parser.zig) (+1 more reused dependencies)
|     +- run exe generate-parser (parser.zig) (+1 more reused dependencies)
+- run test 6 pass (6 total) 740ms MaxRSS:6M
|  +- compile test debug native success 9s MaxRSS:1G
|     +- WriteFile interfaces/0.d.zx (+1 more reused dependencies)
|     +- options (reused)
|     +- run exe generate-parser (parser.zig) (+1 more reused dependencies)
|     +- run exe generate-parser (parser.zig) (+1 more reused dependencies)
|     +- run exe generate-parser (parser.zig) (+1 more reused dependencies)
|     +- run exe generate-parser (parser.zig) (+1 more reused dependencies)
|     +- run exe generate-parser (parser.zig) (+1 more reused dependencies)
|     +- run exe generate-parser (parser.zig) (+1 more reused dependencies)
|     +- run exe generate-parser (parser.zig) (+1 more reused dependencies)
|     +- run exe generate-parser (parser.zig) (+1 more reused dependencies)
|     +- run exe generate-parser (parser.zig) (+1 more reused dependencies)
|     +- run exe generate-parser (parser.zig) (+1 more reused dependencies)
|     +- run exe generate-parser (parser.zig) (+1 more reused dependencies)
|     +- run exe generate-parser (parser.zig) (+1 more reused dependencies)
|     +- run exe generate-parser (parser.zig) (+1 more reused dependencies)
|     +- run exe generate-parser (parser.zig) (+1 more reused dependencies)
|     +- run exe generate-parser (parser.zig) (+1 more reused dependencies)
|     +- run exe generate-parser (parser.zig) (+1 more reused dependencies)
|     +- run exe generate-parser (parser.zig) (+1 more reused dependencies)
|     +- run exe generate-parser (parser.zig) (+1 more reused dependencies)
|     +- run exe generate-parser (parser.zig) (+1 more reused dependencies)
|     +- run exe generate-lexer (lexer.zig) (+1 more reused dependencies)
|     +- run exe generate-parser (parser.zig) (+1 more reused dependencies)
|     +- run exe generate-parser (parser.zig) (+1 more reused dependencies)
|     +- run exe generate-parser (parser.zig) (+1 more reused dependencies)
|     +- run exe generate-parser (parser.zig) (+1 more reused dependencies)
|     +- run exe generate-parser (parser.zig) (+1 more reused dependencies)
|     +- run exe generate-parser (parser.zig) (+1 more reused dependencies)
|     +- run exe generate-parser (parser.zig) (+1 more reused dependencies)
|     +- run exe generate-parser (parser.zig) (+1 more reused dependencies)
|     +- run exe generate-parser (parser.zig) (+1 more reused dependencies)
|     +- run exe generate-parser (parser.zig) (+1 more reused dependencies)
|     +- run exe generate-parser (parser.zig) (+1 more reused dependencies)
|     +- run exe generate-parser (parser.zig) (+1 more reused dependencies)
|     +- run exe generate-parser (parser.zig) (+1 more reused dependencies)
|     +- run exe generate-parser (parser.zig) (+1 more reused dependencies)
+- run test owned-input-source 10 pass (10 total) 3ms MaxRSS:1M
|  +- compile test owned-input-source debug native success 1s MaxRSS:239M
|     +- run exe compile-owned-input (source.zig) success 18ms
|     |  +- compile exe compile-owned-input debug native success 10s MaxRSS:1G
|     |     +- WriteFile interfaces/0.d.zx (+1 more reused dependencies)
|     |     +- options (reused)
|     |     +- run exe generate-parser (parser.zig) (+1 more reused dependencies)
|     |     +- run exe generate-parser (parser.zig) (+1 more reused dependencies)
|     |     +- run exe generate-parser (parser.zig) (+1 more reused dependencies)
|     |     +- run exe generate-parser (parser.zig) (+1 more reused dependencies)
|     |     +- run exe generate-parser (parser.zig) (+1 more reused dependencies)
|     |     +- run exe generate-parser (parser.zig) (+1 more reused dependencies)
|     |     +- run exe generate-parser (parser.zig) (+1 more reused dependencies)
|     |     +- run exe generate-parser (parser.zig) (+1 more reused dependencies)
|     |     +- run exe generate-parser (parser.zig) (+1 more reused dependencies)
|     |     +- run exe generate-parser (parser.zig) (+1 more reused dependencies)
|     |     +- run exe generate-parser (parser.zig) (+1 more reused dependencies)
|     |     +- run exe generate-parser (parser.zig) (+1 more reused dependencies)
|     |     +- run exe generate-parser (parser.zig) (+1 more reused dependencies)
|     |     +- run exe generate-parser (parser.zig) (+1 more reused dependencies)
|     |     +- run exe generate-parser (parser.zig) (+1 more reused dependencies)
|     |     +- run exe generate-parser (parser.zig) (+1 more reused dependencies)
|     |     +- run exe generate-parser (parser.zig) (+1 more reused dependencies)
|     |     +- run exe generate-parser (parser.zig) (+1 more reused dependencies)
|     |     +- run exe generate-parser (parser.zig) (+1 more reused dependencies)
|     |     +- run exe generate-lexer (lexer.zig) (+1 more reused dependencies)
|     |     +- run exe generate-parser (parser.zig) (+1 more reused dependencies)
|     |     +- run exe generate-parser (parser.zig) (+1 more reused dependencies)
|     |     +- run exe generate-parser (parser.zig) (+1 more reused dependencies)
|     |     +- run exe generate-parser (parser.zig) (+1 more reused dependencies)
|     |     +- run exe generate-parser (parser.zig) (+1 more reused dependencies)
|     |     +- run exe generate-parser (parser.zig) (+1 more reused dependencies)
|     |     +- run exe generate-parser (parser.zig) (+1 more reused dependencies)
|     |     +- run exe generate-parser (parser.zig) (+1 more reused dependencies)
|     |     +- run exe generate-parser (parser.zig) (+1 more reused dependencies)
|     |     +- run exe generate-parser (parser.zig) (+1 more reused dependencies)
|     |     +- run exe generate-parser (parser.zig) (+1 more reused dependencies)
|     |     +- run exe generate-parser (parser.zig) (+1 more reused dependencies)
|     |     +- run exe generate-parser (parser.zig) (+1 more reused dependencies)
|     |     +- run exe generate-parser (parser.zig) (+1 more reused dependencies)
|     +- options cached
|     +- run exe compile-owned-input (source.zig) (+1 more reused dependencies)
+- run test owned-input-linked 10 pass (10 total) 2ms MaxRSS:1M
|  +- compile test owned-input-linked debug native success 1s MaxRSS:260M
|     +- run exe compile-owned-input (source.zig) (+1 more reused dependencies)
|     +- options cached
|     +- run exe compile-owned-input (source.zig) (+1 more reused dependencies)
+- run test owned-input-library 10 pass (10 total) 3ms MaxRSS:1M
|  +- compile test owned-input-library debug native success 1s MaxRSS:234M
|     +- run exe compile-owned-input (source.zig) (+1 more reused dependencies)
|     +- options cached
|     +- run exe compile-owned-input (source.zig) (+1 more reused dependencies)
+- run test owned-input-republished 10 pass (10 total) 2ms MaxRSS:1M
|  +- compile test owned-input-republished debug native success 1s MaxRSS:268M
|     +- run exe compile-owned-input (source.zig) (+1 more reused dependencies)
|     +- options cached
|     +- run exe compile-owned-input (source.zig) (+1 more reused dependencies)
+- run test owned-input-owned 10 pass (10 total) 2ms MaxRSS:1M
|  +- compile test owned-input-owned debug native success 1s MaxRSS:264M
|     +- run exe compile-owned-input (source.zig) (+1 more reused dependencies)
|     +- options cached
|     +- run exe compile-owned-input (source.zig) (+1 more reused dependencies)
+- run test owned-input-mutating 10 pass (10 total) 2ms MaxRSS:1M
   +- compile test owned-input-mutating debug native success 1s MaxRSS:257M
      +- run exe compile-owned-input (source.zig) (+1 more reused dependencies)
      +- options cached
      +- run exe compile-owned-input (source.zig) (+1 more reused dependencies)
test-iterate-calls success
+- run test 1 pass (1 total) 4s MaxRSS:9M
|  +- compile test debug native success 10s MaxRSS:1G
|     +- WriteFile interfaces/0.d.zx (+1 more reused dependencies)
|     +- options (reused)
|     +- run exe generate-parser (parser.zig) (+1 more reused dependencies)
|     +- run exe generate-parser (parser.zig) (+1 more reused dependencies)
|     +- run exe generate-parser (parser.zig) (+1 more reused dependencies)
|     +- run exe generate-parser (parser.zig) (+1 more reused dependencies)
|     +- run exe generate-parser (parser.zig) (+1 more reused dependencies)
|     +- run exe generate-parser (parser.zig) (+1 more reused dependencies)
|     +- run exe generate-parser (parser.zig) (+1 more reused dependencies)
|     +- run exe generate-parser (parser.zig) (+1 more reused dependencies)
|     +- run exe generate-parser (parser.zig) (+1 more reused dependencies)
|     +- run exe generate-parser (parser.zig) (+1 more reused dependencies)
|     +- run exe generate-parser (parser.zig) (+1 more reused dependencies)
|     +- run exe generate-parser (parser.zig) (+1 more reused dependencies)
|     +- run exe generate-parser (parser.zig) (+1 more reused dependencies)
|     +- run exe generate-parser (parser.zig) (+1 more reused dependencies)
|     +- run exe generate-parser (parser.zig) (+1 more reused dependencies)
|     +- run exe generate-parser (parser.zig) (+1 more reused dependencies)
|     +- run exe generate-parser (parser.zig) (+1 more reused dependencies)
|     +- run exe generate-parser (parser.zig) (+1 more reused dependencies)
|     +- run exe generate-parser (parser.zig) (+1 more reused dependencies)
|     +- run exe generate-lexer (lexer.zig) (+1 more reused dependencies)
|     +- run exe generate-parser (parser.zig) (+1 more reused dependencies)
|     +- run exe generate-parser (parser.zig) (+1 more reused dependencies)
|     +- run exe generate-parser (parser.zig) (+1 more reused dependencies)
|     +- run exe generate-parser (parser.zig) (+1 more reused dependencies)
|     +- run exe generate-parser (parser.zig) (+1 more reused dependencies)
|     +- run exe generate-parser (parser.zig) (+1 more reused dependencies)
|     +- run exe generate-parser (parser.zig) (+1 more reused dependencies)
|     +- run exe generate-parser (parser.zig) (+1 more reused dependencies)
|     +- run exe generate-parser (parser.zig) (+1 more reused dependencies)
|     +- run exe generate-parser (parser.zig) (+1 more reused dependencies)
|     +- run exe generate-parser (parser.zig) (+1 more reused dependencies)
|     +- run exe generate-parser (parser.zig) (+1 more reused dependencies)
|     +- run exe generate-parser (parser.zig) (+1 more reused dependencies)
|     +- run exe generate-parser (parser.zig) (+1 more reused dependencies)
+- run test iterate-calls-identity-source 10 pass (10 total) 3ms MaxRSS:1M
|  +- compile test iterate-calls-identity-source debug native success 1s MaxRSS:250M
|     +- run exe compile-iterate-calls (source.zig) success 12ms
|     |  +- compile exe compile-iterate-calls debug native success 10s MaxRSS:1G
|     |     +- WriteFile interfaces/0.d.zx (+1 more reused dependencies)
|     |     +- options (reused)
|     |     +- run exe generate-parser (parser.zig) (+1 more reused dependencies)
|     |     +- run exe generate-parser (parser.zig) (+1 more reused dependencies)
|     |     +- run exe generate-parser (parser.zig) (+1 more reused dependencies)
|     |     +- run exe generate-parser (parser.zig) (+1 more reused dependencies)
|     |     +- run exe generate-parser (parser.zig) (+1 more reused dependencies)
|     |     +- run exe generate-parser (parser.zig) (+1 more reused dependencies)
|     |     +- run exe generate-parser (parser.zig) (+1 more reused dependencies)
|     |     +- run exe generate-parser (parser.zig) (+1 more reused dependencies)
|     |     +- run exe generate-parser (parser.zig) (+1 more reused dependencies)
|     |     +- run exe generate-parser (parser.zig) (+1 more reused dependencies)
|     |     +- run exe generate-parser (parser.zig) (+1 more reused dependencies)
|     |     +- run exe generate-parser (parser.zig) (+1 more reused dependencies)
|     |     +- run exe generate-parser (parser.zig) (+1 more reused dependencies)
|     |     +- run exe generate-parser (parser.zig) (+1 more reused dependencies)
|     |     +- run exe generate-parser (parser.zig) (+1 more reused dependencies)
|     |     +- run exe generate-parser (parser.zig) (+1 more reused dependencies)
|     |     +- run exe generate-parser (parser.zig) (+1 more reused dependencies)
|     |     +- run exe generate-parser (parser.zig) (+1 more reused dependencies)
|     |     +- run exe generate-parser (parser.zig) (+1 more reused dependencies)
|     |     +- run exe generate-lexer (lexer.zig) (+1 more reused dependencies)
|     |     +- run exe generate-parser (parser.zig) (+1 more reused dependencies)
|     |     +- run exe generate-parser (parser.zig) (+1 more reused dependencies)
|     |     +- run exe generate-parser (parser.zig) (+1 more reused dependencies)
|     |     +- run exe generate-parser (parser.zig) (+1 more reused dependencies)
|     |     +- run exe generate-parser (parser.zig) (+1 more reused dependencies)
|     |     +- run exe generate-parser (parser.zig) (+1 more reused dependencies)
|     |     +- run exe generate-parser (parser.zig) (+1 more reused dependencies)
|     |     +- run exe generate-parser (parser.zig) (+1 more reused dependencies)
|     |     +- run exe generate-parser (parser.zig) (+1 more reused dependencies)
|     |     +- run exe generate-parser (parser.zig) (+1 more reused dependencies)
|     |     +- run exe generate-parser (parser.zig) (+1 more reused dependencies)
|     |     +- run exe generate-parser (parser.zig) (+1 more reused dependencies)
|     |     +- run exe generate-parser (parser.zig) (+1 more reused dependencies)
|     |     +- run exe generate-parser (parser.zig) (+1 more reused dependencies)
|     +- options cached
|     +- run exe compile-iterate-calls (source.zig) (+1 more reused dependencies)
+- run test iterate-calls-identity-library 10 pass (10 total) 3ms MaxRSS:1M
|  +- compile test iterate-calls-identity-library debug native success 1s MaxRSS:271M
|     +- run exe compile-iterate-calls (source.zig) (+1 more reused dependencies)
|     +- options cached
|     +- run exe compile-iterate-calls (source.zig) (+1 more reused dependencies)
+- run test iterate-calls-child-source 10 pass (10 total) 3ms MaxRSS:1M
|  +- compile test iterate-calls-child-source debug native success 1s MaxRSS:254M
|     +- run exe compile-iterate-calls (source.zig) success 13ms
|     |  +- compile exe compile-iterate-calls debug native (+36 more reused dependencies)
|     +- options cached
|     +- run exe compile-iterate-calls (source.zig) (+1 more reused dependencies)
+- run test iterate-calls-child-library 10 pass (10 total) 3ms MaxRSS:1M
|  +- compile test iterate-calls-child-library debug native success 1s MaxRSS:253M
|     +- run exe compile-iterate-calls (source.zig) (+1 more reused dependencies)
|     +- options cached
|     +- run exe compile-iterate-calls (source.zig) (+1 more reused dependencies)
+- run test iterate-calls-pair-source 8 pass (8 total) 2ms MaxRSS:1M
|  +- compile test iterate-calls-pair-source debug native success 1s MaxRSS:262M
|     +- run exe compile-iterate-calls (source.zig) success 12ms
|     |  +- compile exe compile-iterate-calls debug native (+36 more reused dependencies)
|     +- options cached
|     +- run exe compile-iterate-calls (source.zig) (+1 more reused dependencies)
+- run test iterate-calls-pair-library 8 pass (8 total) 3ms MaxRSS:1M
|  +- compile test iterate-calls-pair-library debug native success 1s MaxRSS:243M
|     +- run exe compile-iterate-calls (source.zig) (+1 more reused dependencies)
|     +- options cached
|     +- run exe compile-iterate-calls (source.zig) (+1 more reused dependencies)
+- run test iterate-calls-branch_return-source 10 pass (10 total) 3ms MaxRSS:1M
|  +- compile test iterate-calls-branch_return-source debug native success 1s MaxRSS:266M
|     +- run exe compile-iterate-calls (source.zig) success 13ms
|     |  +- compile exe compile-iterate-calls debug native (+36 more reused dependencies)
|     +- options cached
|     +- run exe compile-iterate-calls (source.zig) (+1 more reused dependencies)
+- run test iterate-calls-branch_return-library 10 pass (10 total) 3ms MaxRSS:1M
|  +- compile test iterate-calls-branch_return-library debug native success 1s MaxRSS:267M
|     +- run exe compile-iterate-calls (source.zig) (+1 more reused dependencies)
|     +- options cached
|     +- run exe compile-iterate-calls (source.zig) (+1 more reused dependencies)
+- run test iterate-calls-tuple_identity-source 10 pass (10 total) 3ms MaxRSS:1M
|  +- compile test iterate-calls-tuple_identity-source debug native success 1s MaxRSS:266M
|     +- run exe compile-iterate-calls (source.zig) success 12ms
|     |  +- compile exe compile-iterate-calls debug native (+36 more reused dependencies)
|     +- options cached
|     +- run exe compile-iterate-calls (source.zig) (+1 more reused dependencies)
+- run test iterate-calls-tuple_identity-library 10 pass (10 total) 2ms MaxRSS:1M
|  +- compile test iterate-calls-tuple_identity-library debug native success 1s MaxRSS:260M
|     +- run exe compile-iterate-calls (source.zig) (+1 more reused dependencies)
|     +- options cached
|     +- run exe compile-iterate-calls (source.zig) (+1 more reused dependencies)
+- run test iterate-calls-list_alias-source 11 pass (11 total) 3ms MaxRSS:1M
|  +- compile test iterate-calls-list_alias-source debug native success 1s MaxRSS:255M
|     +- run exe compile-iterate-calls (source.zig) success 13ms
|     |  +- compile exe compile-iterate-calls debug native (+36 more reused dependencies)
|     +- options cached
|     +- run exe compile-iterate-calls (source.zig) (+1 more reused dependencies)
+- run test iterate-calls-list_alias-library 11 pass (11 total) 3ms MaxRSS:1M
|  +- compile test iterate-calls-list_alias-library debug native success 1s MaxRSS:266M
|     +- run exe compile-iterate-calls (source.zig) (+1 more reused dependencies)
|     +- options cached
|     +- run exe compile-iterate-calls (source.zig) (+1 more reused dependencies)
+- test-iterate-calls-cli success
   +- run node success 1m
      +- compile exe zxc debug native success 20s MaxRSS:2G
         +- WriteFile cached
         +- compile lib yaml debug native cached 54ms MaxRSS:20M
         +- compile lib yaml debug native (reused)
         +- translate-c cached 54ms MaxRSS:20M
         +- options success
         +- run exe bundle-zig (bundle) success 6s
         |  +- compile exe bundle-zig fast native success 26s MaxRSS:976M
         |  +- WriteFile bundle_manifest.json cached
         +- options cached
         +- run exe generate-parser (parser.zig) (+1 more reused dependencies)
         +- run exe generate-parser (parser.zig) (+1 more reused dependencies)
         +- run exe generate-parser (parser.zig) (+1 more reused dependencies)
         +- run exe generate-parser (parser.zig) (+1 more reused dependencies)
         +- run exe generate-parser (parser.zig) (+1 more reused dependencies)
         +- run exe generate-parser (parser.zig) (+1 more reused dependencies)
         +- run exe generate-parser (parser.zig) (+1 more reused dependencies)
         +- WriteFile interfaces/0.d.zx (+1 more reused dependencies)
         +- options (reused)
         +- run exe generate-parser (parser.zig) (+1 more reused dependencies)
         +- run exe generate-parser (parser.zig) (+1 more reused dependencies)
         +- run exe generate-parser (parser.zig) (+1 more reused dependencies)
         +- run exe generate-parser (parser.zig) (+1 more reused dependencies)
         +- run exe generate-parser (parser.zig) (+1 more reused dependencies)
         +- run exe generate-parser (parser.zig) (+1 more reused dependencies)
         +- run exe generate-parser (parser.zig) (+1 more reused dependencies)
         +- run exe generate-parser (parser.zig) (+1 more reused dependencies)
         +- run exe generate-parser (parser.zig) (+1 more reused dependencies)
         +- run exe generate-parser (parser.zig) (+1 more reused dependencies)
         +- run exe generate-parser (parser.zig) (+1 more reused dependencies)
         +- run exe generate-parser (parser.zig) (+1 more reused dependencies)
         +- run exe generate-parser (parser.zig) (+1 more reused dependencies)
         +- run exe generate-parser (parser.zig) (+1 more reused dependencies)
         +- run exe generate-parser (parser.zig) (+1 more reused dependencies)
         +- run exe generate-parser (parser.zig) (+1 more reused dependencies)
         +- run exe generate-parser (parser.zig) (+1 more reused dependencies)
         +- run exe generate-parser (parser.zig) (+1 more reused dependencies)
         +- run exe generate-parser (parser.zig) (+1 more reused dependencies)
         +- run exe generate-parser (parser.zig) (+1 more reused dependencies)
         +- run exe generate-lexer (lexer.zig) (+1 more reused dependencies)
         +- run exe generate-parser (parser.zig) (+1 more reused dependencies)
         +- run exe generate-parser (parser.zig) (+1 more reused dependencies)
         +- run exe generate-parser (parser.zig) (+1 more reused dependencies)
         +- run exe generate-parser (parser.zig) (+1 more reused dependencies)
         +- run exe generate-parser (parser.zig) (+1 more reused dependencies)
         +- run exe generate-parser (parser.zig) (+1 more reused dependencies)
         +- run exe generate-parser (parser.zig) (+1 more reused dependencies)
         +- run exe generate-parser (parser.zig) (+1 more reused dependencies)
         +- run exe generate-parser (parser.zig) (+1 more reused dependencies)
         +- run exe generate-parser (parser.zig) (+1 more reused dependencies)
         +- run exe generate-parser (parser.zig) (+1 more reused dependencies)
         +- run exe generate-parser (parser.zig) (+1 more reused dependencies)
         +- run exe generate-parser (parser.zig) (+1 more reused dependencies)
test-modular-loop success
+- run test modular-loop-simple-source 6 pass (6 total) 4ms MaxRSS:1M
|  +- compile test modular-loop-simple-source debug native success 1s MaxRSS:263M
|     +- run exe compile-modular-loop (source.zig) success 14ms
|     |  +- compile exe compile-modular-loop debug native success 10s MaxRSS:1G
|     |     +- WriteFile interfaces/0.d.zx (+1 more reused dependencies)
|     |     +- options (reused)
|     |     +- run exe generate-parser (parser.zig) (+1 more reused dependencies)
|     |     +- run exe generate-parser (parser.zig) (+1 more reused dependencies)
|     |     +- run exe generate-parser (parser.zig) (+1 more reused dependencies)
|     |     +- run exe generate-parser (parser.zig) (+1 more reused dependencies)
|     |     +- run exe generate-parser (parser.zig) (+1 more reused dependencies)
|     |     +- run exe generate-parser (parser.zig) (+1 more reused dependencies)
|     |     +- run exe generate-parser (parser.zig) (+1 more reused dependencies)
|     |     +- run exe generate-parser (parser.zig) (+1 more reused dependencies)
|     |     +- run exe generate-parser (parser.zig) (+1 more reused dependencies)
|     |     +- run exe generate-parser (parser.zig) (+1 more reused dependencies)
|     |     +- run exe generate-parser (parser.zig) (+1 more reused dependencies)
|     |     +- run exe generate-parser (parser.zig) (+1 more reused dependencies)
|     |     +- run exe generate-parser (parser.zig) (+1 more reused dependencies)
|     |     +- run exe generate-parser (parser.zig) (+1 more reused dependencies)
|     |     +- run exe generate-parser (parser.zig) (+1 more reused dependencies)
|     |     +- run exe generate-parser (parser.zig) (+1 more reused dependencies)
|     |     +- run exe generate-parser (parser.zig) (+1 more reused dependencies)
|     |     +- run exe generate-parser (parser.zig) (+1 more reused dependencies)
|     |     +- run exe generate-parser (parser.zig) (+1 more reused dependencies)
|     |     +- run exe generate-lexer (lexer.zig) (+1 more reused dependencies)
|     |     +- run exe generate-parser (parser.zig) (+1 more reused dependencies)
|     |     +- run exe generate-parser (parser.zig) (+1 more reused dependencies)
|     |     +- run exe generate-parser (parser.zig) (+1 more reused dependencies)
|     |     +- run exe generate-parser (parser.zig) (+1 more reused dependencies)
|     |     +- run exe generate-parser (parser.zig) (+1 more reused dependencies)
|     |     +- run exe generate-parser (parser.zig) (+1 more reused dependencies)
|     |     +- run exe generate-parser (parser.zig) (+1 more reused dependencies)
|     |     +- run exe generate-parser (parser.zig) (+1 more reused dependencies)
|     |     +- run exe generate-parser (parser.zig) (+1 more reused dependencies)
|     |     +- run exe generate-parser (parser.zig) (+1 more reused dependencies)
|     |     +- run exe generate-parser (parser.zig) (+1 more reused dependencies)
|     |     +- run exe generate-parser (parser.zig) (+1 more reused dependencies)
|     |     +- run exe generate-parser (parser.zig) (+1 more reused dependencies)
|     |     +- run exe generate-parser (parser.zig) (+1 more reused dependencies)
|     +- options cached
|     +- run exe compile-modular-loop (source.zig) (+1 more reused dependencies)
+- run test modular-loop-simple-library 6 pass (6 total) 4ms MaxRSS:1M
|  +- compile test modular-loop-simple-library debug native success 1s MaxRSS:269M
|     +- run exe compile-modular-loop (source.zig) (+1 more reused dependencies)
|     +- options cached
|     +- run exe compile-modular-loop (source.zig) (+1 more reused dependencies)
+- run test modular-loop-branch-source 6 pass (6 total) 4ms MaxRSS:1M
|  +- compile test modular-loop-branch-source debug native success 1s MaxRSS:254M
|     +- run exe compile-modular-loop (source.zig) success 17ms
|     |  +- compile exe compile-modular-loop debug native (+36 more reused dependencies)
|     +- options cached
|     +- run exe compile-modular-loop (source.zig) (+1 more reused dependencies)
+- run test modular-loop-branch-library 6 pass (6 total) 4ms MaxRSS:1M
|  +- compile test modular-loop-branch-library debug native success 1s MaxRSS:259M
|     +- run exe compile-modular-loop (source.zig) (+1 more reused dependencies)
|     +- options cached
|     +- run exe compile-modular-loop (source.zig) (+1 more reused dependencies)
+- run test modular-loop-switch-source 6 pass (6 total) 4ms MaxRSS:1M
|  +- compile test modular-loop-switch-source debug native success 1s MaxRSS:269M
|     +- run exe compile-modular-loop (source.zig) success 19ms
|     |  +- compile exe compile-modular-loop debug native (+36 more reused dependencies)
|     +- options cached
|     +- run exe compile-modular-loop (source.zig) (+1 more reused dependencies)
+- run test modular-loop-switch-library 6 pass (6 total) 4ms MaxRSS:1M
|  +- compile test modular-loop-switch-library debug native success 1s MaxRSS:277M
|     +- run exe compile-modular-loop (source.zig) (+1 more reused dependencies)
|     +- options cached
|     +- run exe compile-modular-loop (source.zig) (+1 more reused dependencies)
+- run test modular-loop-chain-source 6 pass (6 total) 4ms MaxRSS:1M
|  +- compile test modular-loop-chain-source debug native success 1s MaxRSS:265M
|     +- run exe compile-modular-loop (source.zig) success 14ms
|     |  +- compile exe compile-modular-loop debug native (+36 more reused dependencies)
|     +- options cached
|     +- run exe compile-modular-loop (source.zig) (+1 more reused dependencies)
+- run test modular-loop-chain-library 6 pass (6 total) 4ms MaxRSS:1M
|  +- compile test modular-loop-chain-library debug native success 1s MaxRSS:254M
|     +- run exe compile-modular-loop (source.zig) (+1 more reused dependencies)
|     +- options cached
|     +- run exe compile-modular-loop (source.zig) (+1 more reused dependencies)
+- run test modular-loop-bounds-source 7 pass (7 total) 5ms MaxRSS:1M
|  +- compile test modular-loop-bounds-source debug native success 1s MaxRSS:261M
|     +- run exe compile-modular-loop (source.zig) success 14ms
|     |  +- compile exe compile-modular-loop debug native (+36 more reused dependencies)
|     +- options cached
|     +- run exe compile-modular-loop (source.zig) (+1 more reused dependencies)
+- run test modular-loop-bounds-library 7 pass (7 total) 5ms MaxRSS:1M
|  +- compile test modular-loop-bounds-library debug native success 1s MaxRSS:256M
|     +- run exe compile-modular-loop (source.zig) (+1 more reused dependencies)
|     +- options cached
|     +- run exe compile-modular-loop (source.zig) (+1 more reused dependencies)
+- run test modular-loop-effects-source 11 pass (11 total) 6ms MaxRSS:1M
|  +- compile test modular-loop-effects-source debug native success 1s MaxRSS:259M
|     +- run exe compile-modular-loop (source.zig) success 16ms
|     |  +- compile exe compile-modular-loop debug native (+36 more reused dependencies)
|     +- options cached
|     +- run exe compile-modular-loop (source.zig) (+1 more reused dependencies)
+- run test modular-loop-effects-library 11 pass (11 total) 6ms MaxRSS:1M
|  +- compile test modular-loop-effects-library debug native success 1s MaxRSS:273M
|     +- run exe compile-modular-loop (source.zig) (+1 more reused dependencies)
|     +- options cached
|     +- run exe compile-modular-loop (source.zig) (+1 more reused dependencies)
+- run test modular-loop-nested-source 6 pass (6 total) 5ms MaxRSS:1M
|  +- compile test modular-loop-nested-source debug native success 1s MaxRSS:264M
|     +- run exe compile-modular-loop (source.zig) success 14ms
|     |  +- compile exe compile-modular-loop debug native (+36 more reused dependencies)
|     +- options cached
|     +- run exe compile-modular-loop (source.zig) (+1 more reused dependencies)
+- run test modular-loop-nested-library 6 pass (6 total) 5ms MaxRSS:1M
|  +- compile test modular-loop-nested-library debug native success 1s MaxRSS:265M
|     +- run exe compile-modular-loop (source.zig) (+1 more reused dependencies)
|     +- options cached
|     +- run exe compile-modular-loop (source.zig) (+1 more reused dependencies)
+- run test modular-loop-escaping-source 6 pass (6 total) 5ms MaxRSS:1M
|  +- compile test modular-loop-escaping-source debug native success 1s MaxRSS:266M
|     +- run exe compile-modular-loop (source.zig) success 12ms
|     |  +- compile exe compile-modular-loop debug native (+36 more reused dependencies)
|     +- options cached
|     +- run exe compile-modular-loop (source.zig) (+1 more reused dependencies)
+- run test modular-loop-escaping-library 6 pass (6 total) 5ms MaxRSS:1M
|  +- compile test modular-loop-escaping-library debug native success 1s MaxRSS:259M
|     +- run exe compile-modular-loop (source.zig) (+1 more reused dependencies)
|     +- options cached
|     +- run exe compile-modular-loop (source.zig) (+1 more reused dependencies)
+- run test modular-loop-changed-source 6 pass (6 total) 4ms MaxRSS:1M
|  +- compile test modular-loop-changed-source debug native success 1s MaxRSS:256M
|     +- run exe compile-modular-loop (source.zig) success 13ms
|     |  +- compile exe compile-modular-loop debug native (+36 more reused dependencies)
|     +- options cached
|     +- run exe compile-modular-loop (source.zig) (+1 more reused dependencies)
+- run test modular-loop-changed-library 6 pass (6 total) 4ms MaxRSS:1M
|  +- compile test modular-loop-changed-library debug native success 1s MaxRSS:262M
|     +- run exe compile-modular-loop (source.zig) (+1 more reused dependencies)
|     +- options cached
|     +- run exe compile-modular-loop (source.zig) (+1 more reused dependencies)
+- run test modular-loop-generation 3 pass (3 total) 2s MaxRSS:9M
   +- compile test modular-loop-generation debug native success 9s MaxRSS:1G
      +- WriteFile interfaces/0.d.zx (+1 more reused dependencies)
      +- options (reused)
      +- run exe generate-parser (parser.zig) (+1 more reused dependencies)
      +- run exe generate-parser (parser.zig) (+1 more reused dependencies)
      +- run exe generate-parser (parser.zig) (+1 more reused dependencies)
      +- run exe generate-parser (parser.zig) (+1 more reused dependencies)
      +- run exe generate-parser (parser.zig) (+1 more reused dependencies)
      +- run exe generate-parser (parser.zig) (+1 more reused dependencies)
      +- run exe generate-parser (parser.zig) (+1 more reused dependencies)
      +- run exe generate-parser (parser.zig) (+1 more reused dependencies)
      +- run exe generate-parser (parser.zig) (+1 more reused dependencies)
      +- run exe generate-parser (parser.zig) (+1 more reused dependencies)
      +- run exe generate-parser (parser.zig) (+1 more reused dependencies)
      +- run exe generate-parser (parser.zig) (+1 more reused dependencies)
      +- run exe generate-parser (parser.zig) (+1 more reused dependencies)
      +- run exe generate-parser (parser.zig) (+1 more reused dependencies)
      +- run exe generate-parser (parser.zig) (+1 more reused dependencies)
      +- run exe generate-parser (parser.zig) (+1 more reused dependencies)
      +- run exe generate-parser (parser.zig) (+1 more reused dependencies)
      +- run exe generate-parser (parser.zig) (+1 more reused dependencies)
      +- run exe generate-parser (parser.zig) (+1 more reused dependencies)
      +- run exe generate-lexer (lexer.zig) (+1 more reused dependencies)
      +- run exe generate-parser (parser.zig) (+1 more reused dependencies)
      +- run exe generate-parser (parser.zig) (+1 more reused dependencies)
      +- run exe generate-parser (parser.zig) (+1 more reused dependencies)
      +- run exe generate-parser (parser.zig) (+1 more reused dependencies)
      +- run exe generate-parser (parser.zig) (+1 more reused dependencies)
      +- run exe generate-parser (parser.zig) (+1 more reused dependencies)
      +- run exe generate-parser (parser.zig) (+1 more reused dependencies)
      +- run exe generate-parser (parser.zig) (+1 more reused dependencies)
      +- run exe generate-parser (parser.zig) (+1 more reused dependencies)
      +- run exe generate-parser (parser.zig) (+1 more reused dependencies)
      +- run exe generate-parser (parser.zig) (+1 more reused dependencies)
      +- run exe generate-parser (parser.zig) (+1 more reused dependencies)
      +- run exe generate-parser (parser.zig) (+1 more reused dependencies)
      +- run exe generate-parser (parser.zig) (+1 more reused dependencies)
test-aggregate-loop success
+- run test aggregate-loop-stack-source 7 pass (7 total) 2ms MaxRSS:1M
|  +- compile test aggregate-loop-stack-source debug native success 1s MaxRSS:240M
|     +- run exe compile-aggregate-loop (source.zig) success 11ms
|     |  +- compile exe compile-aggregate-loop debug native success 10s MaxRSS:1G
|     |     +- WriteFile interfaces/0.d.zx (+1 more reused dependencies)
|     |     +- options (reused)
|     |     +- run exe generate-parser (parser.zig) (+1 more reused dependencies)
|     |     +- run exe generate-parser (parser.zig) (+1 more reused dependencies)
|     |     +- run exe generate-parser (parser.zig) (+1 more reused dependencies)
|     |     +- run exe generate-parser (parser.zig) (+1 more reused dependencies)
|     |     +- run exe generate-parser (parser.zig) (+1 more reused dependencies)
|     |     +- run exe generate-parser (parser.zig) (+1 more reused dependencies)
|     |     +- run exe generate-parser (parser.zig) (+1 more reused dependencies)
|     |     +- run exe generate-parser (parser.zig) (+1 more reused dependencies)
|     |     +- run exe generate-parser (parser.zig) (+1 more reused dependencies)
|     |     +- run exe generate-parser (parser.zig) (+1 more reused dependencies)
|     |     +- run exe generate-parser (parser.zig) (+1 more reused dependencies)
|     |     +- run exe generate-parser (parser.zig) (+1 more reused dependencies)
|     |     +- run exe generate-parser (parser.zig) (+1 more reused dependencies)
|     |     +- run exe generate-parser (parser.zig) (+1 more reused dependencies)
|     |     +- run exe generate-parser (parser.zig) (+1 more reused dependencies)
|     |     +- run exe generate-parser (parser.zig) (+1 more reused dependencies)
|     |     +- run exe generate-parser (parser.zig) (+1 more reused dependencies)
|     |     +- run exe generate-parser (parser.zig) (+1 more reused dependencies)
|     |     +- run exe generate-parser (parser.zig) (+1 more reused dependencies)
|     |     +- run exe generate-lexer (lexer.zig) (+1 more reused dependencies)
|     |     +- run exe generate-parser (parser.zig) (+1 more reused dependencies)
|     |     +- run exe generate-parser (parser.zig) (+1 more reused dependencies)
|     |     +- run exe generate-parser (parser.zig) (+1 more reused dependencies)
|     |     +- run exe generate-parser (parser.zig) (+1 more reused dependencies)
|     |     +- run exe generate-parser (parser.zig) (+1 more reused dependencies)
|     |     +- run exe generate-parser (parser.zig) (+1 more reused dependencies)
|     |     +- run exe generate-parser (parser.zig) (+1 more reused dependencies)
|     |     +- run exe generate-parser (parser.zig) (+1 more reused dependencies)
|     |     +- run exe generate-parser (parser.zig) (+1 more reused dependencies)
|     |     +- run exe generate-parser (parser.zig) (+1 more reused dependencies)
|     |     +- run exe generate-parser (parser.zig) (+1 more reused dependencies)
|     |     +- run exe generate-parser (parser.zig) (+1 more reused dependencies)
|     |     +- run exe generate-parser (parser.zig) (+1 more reused dependencies)
|     |     +- run exe generate-parser (parser.zig) (+1 more reused dependencies)
|     +- options cached
|     +- run exe compile-aggregate-loop (source.zig) (+1 more reused dependencies)
+- run test aggregate-loop-stack-library 7 pass (7 total) 2ms MaxRSS:1M
|  +- compile test aggregate-loop-stack-library debug native success 1s MaxRSS:255M
|     +- run exe compile-aggregate-loop (source.zig) (+1 more reused dependencies)
|     +- options cached
|     +- run exe compile-aggregate-loop (source.zig) (+1 more reused dependencies)
+- run test aggregate-loop-nested-source 5 pass (5 total) 3ms MaxRSS:1M
|  +- compile test aggregate-loop-nested-source debug native success 1s MaxRSS:262M
|     +- run exe compile-aggregate-loop (source.zig) success 18ms
|     |  +- compile exe compile-aggregate-loop debug native (+36 more reused dependencies)
|     +- options cached
|     +- run exe compile-aggregate-loop (source.zig) (+1 more reused dependencies)
+- run test aggregate-loop-nested-library 5 pass (5 total) 3ms MaxRSS:1M
|  +- compile test aggregate-loop-nested-library debug native success 1s MaxRSS:270M
|     +- run exe compile-aggregate-loop (source.zig) (+1 more reused dependencies)
|     +- options cached
|     +- run exe compile-aggregate-loop (source.zig) (+1 more reused dependencies)
+- run test aggregate-loop-two_lanes-source 7 pass (7 total) 2ms MaxRSS:1M
|  +- compile test aggregate-loop-two_lanes-source debug native success 1s MaxRSS:266M
|     +- run exe compile-aggregate-loop (source.zig) success 10ms
|     |  +- compile exe compile-aggregate-loop debug native (+36 more reused dependencies)
|     +- options cached
|     +- run exe compile-aggregate-loop (source.zig) (+1 more reused dependencies)
+- run test aggregate-loop-two_lanes-library 7 pass (7 total) 2ms MaxRSS:1M
|  +- compile test aggregate-loop-two_lanes-library debug native success 1s MaxRSS:270M
|     +- run exe compile-aggregate-loop (source.zig) (+1 more reused dependencies)
|     +- options cached
|     +- run exe compile-aggregate-loop (source.zig) (+1 more reused dependencies)
+- run test aggregate-loop-bounds-source 7 pass (7 total) 3ms MaxRSS:1M
|  +- compile test aggregate-loop-bounds-source debug native success 1s MaxRSS:249M
|     +- run exe compile-aggregate-loop (source.zig) success 9ms
|     |  +- compile exe compile-aggregate-loop debug native (+36 more reused dependencies)
|     +- options cached
|     +- run exe compile-aggregate-loop (source.zig) (+1 more reused dependencies)
+- run test aggregate-loop-bounds-library 7 pass (7 total) 2ms MaxRSS:1M
|  +- compile test aggregate-loop-bounds-library debug native success 1s MaxRSS:252M
|     +- run exe compile-aggregate-loop (source.zig) (+1 more reused dependencies)
|     +- options cached
|     +- run exe compile-aggregate-loop (source.zig) (+1 more reused dependencies)
+- run test aggregate-loop-old_list-source 7 pass (7 total) 2ms MaxRSS:1M
|  +- compile test aggregate-loop-old_list-source debug native success 1s MaxRSS:298M
|     +- run exe compile-aggregate-loop (source.zig) success 8ms
|     |  +- compile exe compile-aggregate-loop debug native (+36 more reused dependencies)
|     +- options cached
|     +- run exe compile-aggregate-loop (source.zig) (+1 more reused dependencies)
+- run test aggregate-loop-old_list-library 7 pass (7 total) 2ms MaxRSS:1M
|  +- compile test aggregate-loop-old_list-library debug native success 1s MaxRSS:274M
|     +- run exe compile-aggregate-loop (source.zig) (+1 more reused dependencies)
|     +- options cached
|     +- run exe compile-aggregate-loop (source.zig) (+1 more reused dependencies)
+- run test aggregate-loop-call-source 7 pass (7 total) 2ms MaxRSS:1M
|  +- compile test aggregate-loop-call-source debug native success 1s MaxRSS:253M
|     +- run exe compile-aggregate-loop (source.zig) success 9ms
|     |  +- compile exe compile-aggregate-loop debug native (+36 more reused dependencies)
|     +- options cached
|     +- run exe compile-aggregate-loop (source.zig) (+1 more reused dependencies)
+- run test aggregate-loop-call-library 7 pass (7 total) 2ms MaxRSS:1M
|  +- compile test aggregate-loop-call-library debug native success 1s MaxRSS:259M
|     +- run exe compile-aggregate-loop (source.zig) (+1 more reused dependencies)
|     +- options cached
|     +- run exe compile-aggregate-loop (source.zig) (+1 more reused dependencies)
+- run test aggregate-loop-escaping-source 5 pass (5 total) 3ms MaxRSS:1M
|  +- compile test aggregate-loop-escaping-source debug native success 1s MaxRSS:287M
|     +- run exe compile-aggregate-loop (source.zig) success 8ms
|     |  +- compile exe compile-aggregate-loop debug native (+36 more reused dependencies)
|     +- options cached
|     +- run exe compile-aggregate-loop (source.zig) (+1 more reused dependencies)
+- run test aggregate-loop-escaping-library 5 pass (5 total) 3ms MaxRSS:1M
|  +- compile test aggregate-loop-escaping-library debug native success 1s MaxRSS:246M
|     +- run exe compile-aggregate-loop (source.zig) (+1 more reused dependencies)
|     +- options cached
|     +- run exe compile-aggregate-loop (source.zig) (+1 more reused dependencies)
+- run test aggregate-loop-consumer-source 6 pass (6 total) 2ms MaxRSS:1M
|  +- compile test aggregate-loop-consumer-source debug native success 1s MaxRSS:273M
|     +- run exe compile-aggregate-loop (source.zig) success 8ms
|     |  +- compile exe compile-aggregate-loop debug native (+36 more reused dependencies)
|     +- options cached
|     +- run exe compile-aggregate-loop (source.zig) (+1 more reused dependencies)
+- run test aggregate-loop-consumer-library 6 pass (6 total) 3ms MaxRSS:1M
   +- compile test aggregate-loop-consumer-library debug native success 1s MaxRSS:247M
      +- run exe compile-aggregate-loop (source.zig) (+1 more reused dependencies)
      +- options cached
      +- run exe compile-aggregate-loop (source.zig) (+1 more reused dependencies)

