Build Summary: 35/35 steps succeeded
install success
+- compile exe dsl-rules safe native cached 44ms MaxRSS:21M
+- compile test safe native success 10s MaxRSS:521M
|  +- options cached
|  +- run exe generate-parser (parser.zig) success 2s
|  |  +- compile exe generate-parser safe native success 29s MaxRSS:826M
|  |     +- options cached
|  |     +- WriteFile interfaces/0.d.zx success
|  |     |  +- run exe standard-catalog (catalog.zig) success 2ms
|  |     |     +- compile exe standard-catalog fast native cached 7s MaxRSS:21M
|  |     |     +- WriteFile catalog.json cached
|  |     +- options cached
|  +- run exe generate-parser (parser.zig) (+1 more reused dependencies)
|  +- run exe generate-parser (parser.zig) (+1 more reused dependencies)
|  +- run exe generate-parser (parser.zig) (+1 more reused dependencies)
|  +- run exe generate-parser (parser.zig) (+1 more reused dependencies)
|  +- run exe generate-parser (parser.zig) (+1 more reused dependencies)
|  +- run exe generate-parser (parser.zig) (+1 more reused dependencies)
|  +- WriteFile interfaces/0.d.zx cached
|  |  +- run exe standard-catalog (catalog.zig) cached
|  |     +- compile exe standard-catalog fast native cached 46ms MaxRSS:21M
|  |     +- WriteFile catalog.json cached
|  +- options cached
|  +- run exe generate-parser (parser.zig) (+1 more reused dependencies)
|  +- run exe generate-parser (parser.zig) (+1 more reused dependencies)
|  +- run exe generate-parser (parser.zig) (+1 more reused dependencies)
|  +- run exe generate-parser (parser.zig) (+1 more reused dependencies)
|  +- run exe generate-parser (parser.zig) (+1 more reused dependencies)
|  +- run exe generate-parser (parser.zig) (+1 more reused dependencies)
|  +- run exe generate-parser (parser.zig) (+1 more reused dependencies)
|  +- run exe generate-parser (parser.zig) (+1 more reused dependencies)
|  +- run exe generate-parser (parser.zig) (+1 more reused dependencies)
|  +- run exe generate-parser (parser.zig) (+1 more reused dependencies)
|  +- run exe generate-parser (parser.zig) (+1 more reused dependencies)
|  +- run exe generate-parser (parser.zig) (+1 more reused dependencies)
|  +- run exe generate-parser (parser.zig) (+1 more reused dependencies)
|  +- run exe generate-parser (parser.zig) (+1 more reused dependencies)
|  +- run exe generate-parser (parser.zig) (+1 more reused dependencies)
|  +- run exe generate-parser (parser.zig) (+1 more reused dependencies)
|  +- run exe generate-parser (parser.zig) (+1 more reused dependencies)
|  +- run exe generate-parser (parser.zig) (+1 more reused dependencies)
|  +- run exe generate-parser (parser.zig) (+1 more reused dependencies)
|  +- run exe generate-lexer (lexer.zig) success 17ms
|  |  +- compile exe generate-lexer safe native success 24s MaxRSS:758M
|  |     +- WriteFile interfaces/0.d.zx cached
|  |     |  +- run exe standard-catalog (catalog.zig) cached
|  |     |     +- compile exe standard-catalog fast native success 7s MaxRSS:357M
|  |     |     +- WriteFile catalog.json cached
|  |     +- options cached
|  +- run exe generate-parser (parser.zig) (+1 more reused dependencies)
|  +- run exe generate-parser (parser.zig) (+1 more reused dependencies)
|  +- run exe generate-parser (parser.zig) (+1 more reused dependencies)
|  +- run exe generate-parser (parser.zig) (+1 more reused dependencies)
|  +- run exe generate-parser (parser.zig) (+1 more reused dependencies)
|  +- run exe generate-parser (parser.zig) (+1 more reused dependencies)
|  +- run exe generate-parser (parser.zig) (+1 more reused dependencies)
|  +- run exe generate-parser (parser.zig) (+1 more reused dependencies)
|  +- run exe generate-parser (parser.zig) (+1 more reused dependencies)
|  +- run exe generate-parser (parser.zig) (+1 more reused dependencies)
|  +- run exe generate-parser (parser.zig) (+1 more reused dependencies)
|  +- run exe generate-parser (parser.zig) (+1 more reused dependencies)
|  +- run exe generate-parser (parser.zig) (+1 more reused dependencies)
|  +- run exe generate-parser (parser.zig) (+1 more reused dependencies)
+- install zxc success
|  +- compile exe zxc safe native success 1m MaxRSS:3G
|     +- WriteFile cached
|     +- compile lib yaml safe native cached 43ms MaxRSS:20M
|     +- compile lib yaml safe native (reused)
|     +- translate-c cached 41ms MaxRSS:20M
|     +- options success
|     +- run exe bundle-zig (bundle) success 7s
|     |  +- compile exe bundle-zig fast native success 25s MaxRSS:948M
|     |  +- WriteFile bundle_manifest.json cached
|     +- options (reused)
|     +- run exe generate-parser (parser.zig) (+1 more reused dependencies)
|     +- run exe generate-parser (parser.zig) (+1 more reused dependencies)
|     +- run exe generate-parser (parser.zig) (+1 more reused dependencies)
|     +- run exe generate-parser (parser.zig) (+1 more reused dependencies)
|     +- run exe generate-parser (parser.zig) (+1 more reused dependencies)
|     +- run exe generate-parser (parser.zig) (+1 more reused dependencies)
|     +- run exe generate-parser (parser.zig) (+1 more reused dependencies)
|     +- WriteFile interfaces/0.d.zx (+1 more reused dependencies)
|     +- options (reused)
|     +- run exe generate-parser (parser.zig) (+1 more reused dependencies)
|     +- run exe generate-parser (parser.zig) (+1 more reused dependencies)
|     +- run exe generate-parser (parser.zig) (+1 more reused dependencies)
|     +- run exe generate-parser (parser.zig) (+1 more reused dependencies)
|     +- run exe generate-parser (parser.zig) (+1 more reused dependencies)
|     +- run exe generate-parser (parser.zig) (+1 more reused dependencies)
|     +- run exe generate-parser (parser.zig) (+1 more reused dependencies)
|     +- run exe generate-parser (parser.zig) (+1 more reused dependencies)
|     +- run exe generate-parser (parser.zig) (+1 more reused dependencies)
|     +- run exe generate-parser (parser.zig) (+1 more reused dependencies)
|     +- run exe generate-parser (parser.zig) (+1 more reused dependencies)
|     +- run exe generate-parser (parser.zig) (+1 more reused dependencies)
|     +- run exe generate-parser (parser.zig) (+1 more reused dependencies)
|     +- run exe generate-parser (parser.zig) (+1 more reused dependencies)
|     +- run exe generate-parser (parser.zig) (+1 more reused dependencies)
|     +- run exe generate-parser (parser.zig) (+1 more reused dependencies)
|     +- run exe generate-parser (parser.zig) (+1 more reused dependencies)
|     +- run exe generate-parser (parser.zig) (+1 more reused dependencies)
|     +- run exe generate-parser (parser.zig) (+1 more reused dependencies)
|     +- run exe generate-parser (parser.zig) (+1 more reused dependencies)
|     +- run exe generate-lexer (lexer.zig) (+1 more reused dependencies)
|     +- run exe generate-parser (parser.zig) (+1 more reused dependencies)
|     +- run exe generate-parser (parser.zig) (+1 more reused dependencies)
|     +- run exe generate-parser (parser.zig) (+1 more reused dependencies)
|     +- run exe generate-parser (parser.zig) (+1 more reused dependencies)
|     +- run exe generate-parser (parser.zig) (+1 more reused dependencies)
|     +- run exe generate-parser (parser.zig) (+1 more reused dependencies)
|     +- run exe generate-parser (parser.zig) (+1 more reused dependencies)
|     +- run exe generate-parser (parser.zig) (+1 more reused dependencies)
|     +- run exe generate-parser (parser.zig) (+1 more reused dependencies)
|     +- run exe generate-parser (parser.zig) (+1 more reused dependencies)
|     +- run exe generate-parser (parser.zig) (+1 more reused dependencies)
|     +- run exe generate-parser (parser.zig) (+1 more reused dependencies)
|     +- run exe generate-parser (parser.zig) (+1 more reused dependencies)
+- install dependency to share/zxc/licenses/libyaml.txt cached
+- install build/toolchain/license.txt to share/zxc/licenses/zig.txt cached

