Build Summary: 31/31 steps succeeded
measure-ownership success
+- install zxc success
   +- compile exe zxc debug native success 20s MaxRSS:3G
      +- WriteFile cached
      +- compile lib yaml debug native cached 44ms MaxRSS:20M
      +- compile lib yaml debug native (reused)
      +- translate-c cached 41ms MaxRSS:20M
      +- options success
      +- run exe bundle-zig (bundle) cached
      |  +- compile exe bundle-zig fast native cached 47ms MaxRSS:21M
      |  +- WriteFile bundle_manifest.json cached
      +- options cached
      +- run exe generate-parser (parser.zig) success 12s
      |  +- compile exe generate-parser debug native success 5s MaxRSS:636M
      |     +- options cached
      |     +- WriteFile interfaces/0.d.zx cached
      |     |  +- run exe standard-catalog (catalog.zig) cached
      |     |     +- compile exe standard-catalog fast native cached 45ms MaxRSS:21M
      |     |     +- WriteFile catalog.json cached
      |     +- options cached
      +- run exe generate-parser (parser.zig) (+1 more reused dependencies)
      +- run exe generate-parser (parser.zig) (+1 more reused dependencies)
      +- run exe generate-parser (parser.zig) (+1 more reused dependencies)
      +- run exe generate-parser (parser.zig) (+1 more reused dependencies)
      +- run exe generate-parser (parser.zig) (+1 more reused dependencies)
      +- run exe generate-parser (parser.zig) (+1 more reused dependencies)
      +- WriteFile interfaces/0.d.zx cached
      |  +- run exe standard-catalog (catalog.zig) cached
      |     +- compile exe standard-catalog fast native cached 53ms MaxRSS:21M
      |     +- WriteFile catalog.json cached
      +- options cached
      +- run exe generate-parser (parser.zig) (+1 more reused dependencies)
      +- run exe generate-parser (parser.zig) (+1 more reused dependencies)
      +- run exe generate-parser (parser.zig) (+1 more reused dependencies)
      +- run exe generate-parser (parser.zig) (+1 more reused dependencies)
      +- run exe generate-parser (parser.zig) (+1 more reused dependencies)
      +- run exe generate-parser (parser.zig) (+1 more reused dependencies)
      +- run exe generate-parser (parser.zig) (+1 more reused dependencies)
      +- run exe generate-parser (parser.zig) (+1 more reused dependencies)
      +- run exe generate-parser (parser.zig) (+1 more reused dependencies)
      +- run exe generate-parser (parser.zig) (+1 more reused dependencies)
      +- run exe generate-parser (parser.zig) (+1 more reused dependencies)
      +- run exe generate-parser (parser.zig) (+1 more reused dependencies)
      +- run exe generate-parser (parser.zig) (+1 more reused dependencies)
      +- run exe generate-parser (parser.zig) (+1 more reused dependencies)
      +- run exe generate-parser (parser.zig) (+1 more reused dependencies)
      +- run exe generate-parser (parser.zig) (+1 more reused dependencies)
      +- run exe generate-parser (parser.zig) (+1 more reused dependencies)
      +- run exe generate-parser (parser.zig) (+1 more reused dependencies)
      +- run exe generate-parser (parser.zig) (+1 more reused dependencies)
      +- run exe generate-parser (parser.zig) (+1 more reused dependencies)
      +- run exe generate-lexer (lexer.zig) success 87ms
      |  +- compile exe generate-lexer debug native success 4s MaxRSS:534M
      |     +- WriteFile interfaces/0.d.zx cached
      |     |  +- run exe standard-catalog (catalog.zig) cached
      |     |     +- compile exe standard-catalog fast native cached 49ms MaxRSS:21M
      |     |     +- WriteFile catalog.json cached
      |     +- options cached
      +- run exe generate-parser (parser.zig) (+1 more reused dependencies)
      +- run exe generate-parser (parser.zig) (+1 more reused dependencies)
      +- run exe generate-parser (parser.zig) (+1 more reused dependencies)
      +- run exe generate-parser (parser.zig) (+1 more reused dependencies)
      +- run exe generate-parser (parser.zig) (+1 more reused dependencies)
      +- run exe generate-parser (parser.zig) (+1 more reused dependencies)
      +- run exe generate-parser (parser.zig) (+1 more reused dependencies)
      +- run exe generate-parser (parser.zig) (+1 more reused dependencies)
      +- run exe generate-parser (parser.zig) (+1 more reused dependencies)
      +- run exe generate-parser (parser.zig) (+1 more reused dependencies)
      +- run exe generate-parser (parser.zig) (+1 more reused dependencies)
      +- run exe generate-parser (parser.zig) (+1 more reused dependencies)
      +- run exe generate-parser (parser.zig) (+1 more reused dependencies)

