✔ semantic lint / invalid options / lint main.zx --semantic --semantic (12.517758ms)
✔ semantic lint / invalid options / lint main.zx --project pkg.yaml (5.330484ms)
✔ semantic lint / invalid options / lint main.zx --semantic --kind manifest (4.573017ms)
✔ semantic lint / invalid options / fmt main.zx --semantic (4.963625ms)
✔ semantic lint / invalid options / lint main.zx --semantic --out output (4.764046ms)
ℹ tests 5
ℹ suites 0
ℹ pass 5
ℹ fail 0
ℹ cancelled 0
ℹ skipped 0
ℹ todo 0
ℹ duration_ms 35.82028
✔ semantic lint / RX valid / main.gateway.rx (18.303319ms)
✔ semantic lint / RX valid / empty.gateway.rx (7.434618ms)
✔ semantic lint / RX valid / state.store.rx (6.425292ms)
✔ semantic lint / RX valid / read.rx (6.953808ms)
✔ semantic lint / RX valid / pkg.yaml (7.187914ms)
✔ semantic lint / Store initial type / state.store.rx (11.011104ms)
✔ semantic lint / Store initial type / read.rx (11.369369ms)
✔ semantic lint / Store initial type / main.gateway.rx (11.476725ms)
✔ semantic lint / Store initial type / pkg.yaml (11.474832ms)
✔ semantic lint / Gateway rejects missing service (6.055145ms)
✔ semantic lint / Gateway rejects duplicate route (5.863495ms)
✔ semantic lint / Gateway rejects service type (6.739002ms)
✔ semantic lint / reachable Store formatting / state.store.rx (5.676757ms)
✔ semantic lint / reachable Store formatting / read.rx (6.31255ms)
✔ semantic lint / reachable Store formatting / main.gateway.rx (6.664704ms)
✔ semantic lint / reachable Store formatting / pkg.yaml (6.809924ms)
✔ semantic lint / dedicated manifest entry / state.store.rx (6.271425ms)
✔ semantic lint / dedicated manifest entry / empty.gateway.rx (6.213041ms)
ℹ tests 18
ℹ suites 0
ℹ pass 18
ℹ fail 0
ℹ cancelled 0
ℹ skipped 0
ℹ todo 0
ℹ duration_ms 152.037693
✔ semantic lint / valid main.zx ignores unreachable invalid source (14.067811ms)
✔ semantic lint / valid pkg.yaml ignores unreachable invalid source (7.594406ms)
✔ semantic lint / type failure and selection / nested/increment.zx (16.515148ms)
✔ semantic lint / type failure and selection / extra.zx (16.833128ms)
✔ semantic lint / entry fallback (7.032843ms)
✔ semantic lint / no public modules (5.706948ms)
✔ semantic lint / missing import (5.537992ms)
✔ semantic lint / reachable formatting (5.672928ms)
✔ semantic lint / import cycle (5.756571ms)
✔ semantic lint / explicit project path / pkg.yaml (6.42351ms)
✔ semantic lint / explicit project path / ./pkg.yaml (6.362664ms)
✔ semantic lint / explicit project path / nested/../pkg.yaml (6.273583ms)
✔ semantic lint / explicit project path / absolute (6.677531ms)
ℹ tests 13
ℹ suites 0
ℹ pass 13
ℹ fail 0
ℹ cancelled 0
ℹ skipped 0
ℹ todo 0
ℹ duration_ms 114.133552
Build Summary: 12/12 steps succeeded
test-semantic-lint success
+- run node success 175ms
|  +- compile exe zxc Debug native cached 45ms MaxRSS:21M
|     +- WriteFile cached
|     +- compile lib yaml Debug native cached 38ms MaxRSS:20M
|     +- compile lib yaml Debug native (reused)
|     +- options cached
|     +- run exe bundle-zig (bundle) cached
|     |  +- compile exe bundle-zig ReleaseFast native cached 41ms MaxRSS:21M
|     |  +- WriteFile bundle_manifest.json cached
|     +- WriteFile interfaces/0.d.zx cached
+- run node success 93ms
|  +- compile exe zxc Debug native (+6 more reused dependencies)
+- run node success 212ms
   +- compile exe zxc Debug native (+6 more reused dependencies)
