✔ semantic lint / valid main.zx ignores unreachable invalid source (11.592159ms)
✔ semantic lint / valid pkg.yaml ignores unreachable invalid source (5.136334ms)
✔ semantic lint / type failure and selection / nested/increment.zx (10.170685ms)
✔ semantic lint / type failure and selection / extra.zx (10.55877ms)
✔ semantic lint / entry fallback (4.467973ms)
✔ semantic lint / no public modules (4.156399ms)
✔ semantic lint / missing import (3.768814ms)
✔ semantic lint / reachable formatting (3.959517ms)
✔ semantic lint / import cycle (4.091361ms)
✔ semantic lint / explicit project path / pkg.yaml (4.099632ms)
✔ semantic lint / explicit project path / ./pkg.yaml (3.934164ms)
✔ semantic lint / explicit project path / nested/../pkg.yaml (4.014175ms)
✔ semantic lint / explicit project path / absolute (4.203911ms)
ℹ tests 13
ℹ suites 0
ℹ pass 13
ℹ fail 0
ℹ cancelled 0
ℹ skipped 0
ℹ todo 0
ℹ duration_ms 77.889588
✔ semantic lint / RX valid / main.gateway.rx (12.12313ms)
✔ semantic lint / RX valid / empty.gateway.rx (4.83799ms)
✔ semantic lint / RX valid / state.store.rx (4.229767ms)
✔ semantic lint / RX valid / read.rx (4.322324ms)
✔ semantic lint / RX valid / pkg.yaml (4.527734ms)
✔ semantic lint / Store initial type / state.store.rx (7.059973ms)
✔ semantic lint / Store initial type / read.rx (7.833208ms)
✔ semantic lint / Store initial type / main.gateway.rx (7.104443ms)
✔ semantic lint / Store initial type / pkg.yaml (7.301716ms)
✔ semantic lint / Gateway rejects missing service (4.068822ms)
✔ semantic lint / Gateway rejects duplicate route (3.969127ms)
✔ semantic lint / Gateway rejects service type (4.546006ms)
✔ semantic lint / reachable Store formatting / state.store.rx (4.173764ms)
✔ semantic lint / reachable Store formatting / read.rx (4.24486ms)
✔ semantic lint / reachable Store formatting / main.gateway.rx (4.209548ms)
✔ semantic lint / reachable Store formatting / pkg.yaml (4.135164ms)
✔ semantic lint / dedicated manifest entry / state.store.rx (4.14131ms)
✔ semantic lint / dedicated manifest entry / empty.gateway.rx (3.916158ms)
ℹ tests 18
ℹ suites 0
ℹ pass 18
ℹ fail 0
ℹ cancelled 0
ℹ skipped 0
ℹ todo 0
ℹ duration_ms 100.594652
✔ semantic lint / invalid options / lint main.zx --semantic --semantic (11.188623ms)
✔ semantic lint / invalid options / lint main.zx --project pkg.yaml (3.429365ms)
✔ semantic lint / invalid options / lint main.zx --semantic --kind manifest (3.373283ms)
✔ semantic lint / invalid options / fmt main.zx --semantic (4.096218ms)
✔ semantic lint / invalid options / lint main.zx --semantic --out output (3.19615ms)
ℹ tests 5
ℹ suites 0
ℹ pass 5
ℹ fail 0
ℹ cancelled 0
ℹ skipped 0
ℹ todo 0
ℹ duration_ms 28.742137
Build Summary: 12/12 steps succeeded
test-semantic-lint success
+- run node success 139ms
|  +- compile exe zxc ReleaseSafe native success 51s MaxRSS:2G
|     +- WriteFile cached
|     +- compile lib yaml ReleaseSafe native cached 40ms MaxRSS:20M
|     +- compile lib yaml ReleaseSafe native (reused)
|     +- options success
|     +- run exe bundle-zig (bundle) cached
|     |  +- compile exe bundle-zig ReleaseFast native cached 42ms MaxRSS:21M
|     |  +- WriteFile bundle_manifest.json cached
|     +- WriteFile interfaces/0.d.zx cached
+- run node success 88ms
|  +- compile exe zxc ReleaseSafe native (+6 more reused dependencies)
+- run node success 162ms
   +- compile exe zxc ReleaseSafe native (+6 more reused dependencies)
