✔ semantic lint / valid main.zx ignores unreachable invalid source (14.013495ms)
✔ semantic lint / valid pkg.yaml ignores unreachable invalid source (7.458939ms)
✔ semantic lint / type failure and selection / nested/increment.zx (15.380449ms)
✔ semantic lint / type failure and selection / extra.zx (16.082201ms)
✔ semantic lint / entry fallback (6.621326ms)
✔ semantic lint / no public modules (5.383517ms)
✔ semantic lint / missing import (5.358484ms)
✔ semantic lint / reachable formatting (5.353759ms)
✔ semantic lint / import cycle (5.603274ms)
✖ semantic lint / explicit project outside current selection (259.040278ms)
ℹ tests 10
ℹ suites 0
ℹ pass 9
ℹ fail 1
ℹ cancelled 0
ℹ skipped 0
ℹ todo 0
ℹ duration_ms 344.193688

✖ failing tests:

test at tests/semantic_lint/project_test.ts:106:1
✖ semantic lint / explicit project outside current selection (259.040278ms)
  AssertionError [ERR_ASSERTION]: thread 7004709 panic: attempt to use null value
  /Users/xiewendao/Documents/MatrixAges/zxc/packages/cli/src/cli/project.zig:43:47: 0x10cb9e366 in loadWithInputs (zxc)
      const root_dir = std.fs.path.dirname(path).?;
                                                ^
  /Users/xiewendao/Documents/MatrixAges/zxc/packages/cli/src/cli/project.zig:13:26: 0x10cb9e6e7 in load (zxc)
      return loadWithInputs(io, allocator, entry, config_path, null);
                           ^
  /Users/xiewendao/Documents/MatrixAges/zxc/packages/cli/src/cli/lint/semantic.zig:32:52: 0x10cbf52ca in execute (zxc)
      var loaded = try @import("../project.zig").load(context.io, context.allocator, path, context.options.project);
                                                     ^
  /Users/xiewendao/Documents/MatrixAges/zxc/packages/cli/src/cli/lint/semantic.zig:14:19: 0x10cbf6007 in run (zxc)
      return execute(scoped) catch |err| {
                    ^
  /Users/xiewendao/Documents/MatrixAges/zxc/packages/cli/src/cli/lint.zig:10:79: 0x10cbf783f in run (zxc)
      if (context.options.semantic_lint) return @import("lint/semantic.zig").run(context);
                                                                                ^
  /Users/xiewendao/Documents/MatrixAges/zxc/packages/cli/src/cli/compile.zig:18:64: 0x10cc018f7 in run (zxc)
      if (context.options.linting) return @import("lint.zig").run(context);
                                                                 ^
  /Users/xiewendao/Documents/MatrixAges/zxc/packages/cli/src/main.zig:51:50: 0x10cc0dc48 in main (zxc)
      } else if (try @import("cli/compile.zig").run(.{ .io = init.io, .allocator = allocator, .options = options, .environment = init.environ_map, .stdout = stdout, .stderr = stderr }) != .success) {
                                                   ^
  /Users/xiewendao/.local/share/zig/zig-x86_64-macos-0.16.0/lib/std/start.zig:737:30: 0x10cc0e590 in callMain (zxc)
      return wrapMain(root.main(.{
                               ^
  ???:?:?: 0x7ff80a2d9780 in start (/usr/lib/dyld)


  'SIGABRT' !== null

      at Object.run (file:///Users/xiewendao/Documents/MatrixAges/zxc/packages/test/tests/semantic_lint/fixture.ts:37:11)
      at TestContext.<anonymous> (file:///Users/xiewendao/Documents/MatrixAges/zxc/packages/test/tests/semantic_lint/project_test.ts:110:26)
      at Test.runInAsyncScope (node:async_hooks:226:14)
      at Test.run (node:internal/test_runner/test:1201:25)
      at Test.processPendingSubtests (node:internal/test_runner/test:831:18)
      at Test.postRun (node:internal/test_runner/test:1330:19)
      at Test.run (node:internal/test_runner/test:1258:12)
      at async Test.processPendingSubtests (node:internal/test_runner/test:831:7) {
    generatedMessage: false,
    code: 'ERR_ASSERTION',
    actual: 'SIGABRT',
    expected: null,
    operator: 'strictEqual',
    diff: 'simple'
  }
✔ semantic lint / invalid options / lint main.zx --semantic --semantic (11.748309ms)
✔ semantic lint / invalid options / lint main.zx --project pkg.yaml (4.653168ms)
✔ semantic lint / invalid options / lint main.zx --semantic --kind manifest (4.469885ms)
✔ semantic lint / invalid options / fmt main.zx --semantic (4.730078ms)
✔ semantic lint / invalid options / lint main.zx --semantic --out output (4.35536ms)
ℹ tests 5
ℹ suites 0
ℹ pass 5
ℹ fail 0
ℹ cancelled 0
ℹ skipped 0
ℹ todo 0
ℹ duration_ms 33.478503
test-semantic-lint
+- run node failure
error: process exited with error code 1
failed command: node /Users/xiewendao/Documents/MatrixAges/zxc/packages/test/tests/semantic_lint/project_test.ts ./.zig-cache/o/06db565e5a3e5e4892bdfde2dfac2e91/zxc

Build Summary: 9/11 steps succeeded (1 failed)
test-semantic-lint transitive failure
+- run node failure
|  +- compile exe zxc Debug native cached 43ms MaxRSS:21M
|     +- WriteFile cached
|     +- compile lib yaml Debug native cached 39ms MaxRSS:20M
|     +- compile lib yaml Debug native (reused)
|     +- options cached
|     +- run exe bundle-zig (bundle) cached
|     |  +- compile exe bundle-zig ReleaseFast native cached 43ms MaxRSS:21M
|     |  +- WriteFile bundle_manifest.json cached
|     +- WriteFile interfaces/0.d.zx cached
+- run node success 93ms
   +- compile exe zxc Debug native (+6 more reused dependencies)

error: the following build command failed with exit code 1:
.zig-cache/o/b6ac73bb944d71ffdb2961441d2e1740/build /Users/xiewendao/.local/share/zig/zig-x86_64-macos-0.16.0/zig /Users/xiewendao/.local/share/zig/zig-x86_64-macos-0.16.0/lib /Users/xiewendao/Documents/MatrixAges/zxc/packages/test .zig-cache /Users/xiewendao/.cache/zig --seed 0xf429c4b1 -Z570cef972c4656f7 test-semantic-lint --summary all
