Build Summary: 185/185 steps succeeded; 270/270 tests passed
test-object-construction success
+- run test object-construction-shorthand-duplicate 3 pass (3 total) 2ms MaxRSS:987K
|  +- compile test object-construction-shorthand-duplicate fast native success 10s MaxRSS:352M
|     +- run node (cases.zig) success 106ms
|     +- run exe zxc (program.zig) success 3ms
|        +- compile exe zxc fast native success 1m MaxRSS:3G
|           +- WriteFile cached
|           +- compile lib yaml fast native cached 66ms MaxRSS:20M
|           +- compile lib yaml fast native (reused)
|           +- translate-c cached 60ms MaxRSS:20M
|           +- options success
|           +- run exe bundle-zig (bundle) cached
|           |  +- compile exe bundle-zig fast native cached 69ms MaxRSS:21M
|           |  +- WriteFile bundle_manifest.json cached
|           +- options cached
|           +- run exe generate-parser (parser.zig) success 3s
|           |  +- compile exe generate-parser fast native success 31s MaxRSS:891M
|           |     +- options cached
|           |     +- WriteFile interfaces/0.d.zx cached
|           |     |  +- run exe standard-catalog (catalog.zig) cached
|           |     |     +- compile exe standard-catalog fast native cached 70ms MaxRSS:21M
|           |     |     +- WriteFile catalog.json cached
|           |     +- options cached
|           +- run exe generate-parser (parser.zig) (+1 more reused dependencies)
|           +- run exe generate-parser (parser.zig) (+1 more reused dependencies)
|           +- run exe generate-parser (parser.zig) (+1 more reused dependencies)
|           +- run exe generate-parser (parser.zig) (+1 more reused dependencies)
|           +- run exe generate-parser (parser.zig) (+1 more reused dependencies)
|           +- run exe generate-parser (parser.zig) (+1 more reused dependencies)
|           +- WriteFile interfaces/0.d.zx cached
|           |  +- run exe standard-catalog (catalog.zig) cached
|           |     +- compile exe standard-catalog fast native cached 78ms MaxRSS:21M
|           |     +- WriteFile catalog.json cached
|           +- options cached
|           +- run exe generate-parser (parser.zig) (+1 more reused dependencies)
|           +- run exe generate-parser (parser.zig) (+1 more reused dependencies)
|           +- run exe generate-parser (parser.zig) (+1 more reused dependencies)
|           +- run exe generate-parser (parser.zig) (+1 more reused dependencies)
|           +- run exe generate-parser (parser.zig) (+1 more reused dependencies)
|           +- run exe generate-parser (parser.zig) (+1 more reused dependencies)
|           +- run exe generate-parser (parser.zig) (+1 more reused dependencies)
|           +- run exe generate-parser (parser.zig) (+1 more reused dependencies)
|           +- run exe generate-parser (parser.zig) (+1 more reused dependencies)
|           +- run exe generate-parser (parser.zig) (+1 more reused dependencies)
|           +- run exe generate-parser (parser.zig) (+1 more reused dependencies)
|           +- run exe generate-parser (parser.zig) (+1 more reused dependencies)
|           +- run exe generate-parser (parser.zig) (+1 more reused dependencies)
|           +- run exe generate-parser (parser.zig) (+1 more reused dependencies)
|           +- run exe generate-parser (parser.zig) (+1 more reused dependencies)
|           +- run exe generate-parser (parser.zig) (+1 more reused dependencies)
|           +- run exe generate-parser (parser.zig) (+1 more reused dependencies)
|           +- run exe generate-parser (parser.zig) (+1 more reused dependencies)
|           +- run exe generate-parser (parser.zig) (+1 more reused dependencies)
|           +- run exe generate-parser (parser.zig) (+1 more reused dependencies)
|           +- run exe generate-lexer (lexer.zig) success 16ms
|           |  +- compile exe generate-lexer fast native success 26s MaxRSS:761M
|           |     +- WriteFile interfaces/0.d.zx cached
|           |     |  +- run exe standard-catalog (catalog.zig) cached
|           |     |     +- compile exe standard-catalog fast native cached 78ms MaxRSS:21M
|           |     |     +- WriteFile catalog.json cached
|           |     +- options cached
|           +- run exe generate-parser (parser.zig) (+1 more reused dependencies)
|           +- run exe generate-parser (parser.zig) (+1 more reused dependencies)
|           +- run exe generate-parser (parser.zig) (+1 more reused dependencies)
|           +- run exe generate-parser (parser.zig) (+1 more reused dependencies)
|           +- run exe generate-parser (parser.zig) (+1 more reused dependencies)
|           +- run exe generate-parser (parser.zig) (+1 more reused dependencies)
|           +- run exe generate-parser (parser.zig) (+1 more reused dependencies)
|           +- run exe generate-parser (parser.zig) (+1 more reused dependencies)
|           +- run exe generate-parser (parser.zig) (+1 more reused dependencies)
|           +- run exe generate-parser (parser.zig) (+1 more reused dependencies)
|           +- run exe generate-parser (parser.zig) (+1 more reused dependencies)
|           +- run exe generate-parser (parser.zig) (+1 more reused dependencies)
|           +- run exe generate-parser (parser.zig) (+1 more reused dependencies)
+- run test object-construction-fields-bool_explicit 2 pass (2 total) 3ms MaxRSS:987K
|  +- compile test object-construction-fields-bool_explicit fast native success 10s MaxRSS:346M
|     +- run node (cases.zig) success 107ms
|     +- run exe zxc (program.zig) success 6ms
|        +- compile exe zxc fast native (+50 more reused dependencies)
+- run test object-construction-fields-bool_shorthand 2 pass (2 total) 2ms MaxRSS:987K
|  +- compile test object-construction-fields-bool_shorthand fast native success 10s MaxRSS:337M
|     +- run node (cases.zig) success 110ms
|     +- run exe zxc (program.zig) success 4ms
|        +- compile exe zxc fast native (+50 more reused dependencies)
+- run test object-construction-fields-number_explicit 3 pass (3 total) 2ms MaxRSS:991K
|  +- compile test object-construction-fields-number_explicit fast native success 10s MaxRSS:352M
|     +- run node (cases.zig) success 104ms
|     +- run exe zxc (program.zig) success 3ms
|        +- compile exe zxc fast native (+50 more reused dependencies)
+- run test object-construction-fields-number_shorthand 3 pass (3 total) 2ms MaxRSS:995K
|  +- compile test object-construction-fields-number_shorthand fast native success 10s MaxRSS:354M
|     +- run node (cases.zig) success 110ms
|     +- run exe zxc (program.zig) success 3ms
|        +- compile exe zxc fast native (+50 more reused dependencies)
+- run test object-construction-fields-string_explicit 3 pass (3 total) 2ms MaxRSS:987K
|  +- compile test object-construction-fields-string_explicit fast native success 10s MaxRSS:355M
|     +- run node (cases.zig) success 110ms
|     +- run exe zxc (program.zig) success 3ms
|        +- compile exe zxc fast native (+50 more reused dependencies)
+- run test object-construction-fields-string_shorthand 3 pass (3 total) 2ms MaxRSS:987K
|  +- compile test object-construction-fields-string_shorthand fast native success 10s MaxRSS:366M
|     +- run node (cases.zig) success 104ms
|     +- run exe zxc (program.zig) success 4ms
|        +- compile exe zxc fast native (+50 more reused dependencies)
+- run test object-construction-fields-optional_explicit 3 pass (3 total) 1ms MaxRSS:987K
|  +- compile test object-construction-fields-optional_explicit fast native success 10s MaxRSS:357M
|     +- run node (cases.zig) success 107ms
|     +- run exe zxc (program.zig) success 4ms
|        +- compile exe zxc fast native (+50 more reused dependencies)
+- run test object-construction-fields-optional_shorthand 3 pass (3 total) 2ms MaxRSS:987K
|  +- compile test object-construction-fields-optional_shorthand fast native success 10s MaxRSS:357M
|     +- run node (cases.zig) success 110ms
|     +- run exe zxc (program.zig) success 4ms
|        +- compile exe zxc fast native (+50 more reused dependencies)
+- run test object-construction-fields-name_undefined 2 pass (2 total) 2ms MaxRSS:987K
|  +- compile test object-construction-fields-name_undefined fast native success 10s MaxRSS:345M
|     +- run node (cases.zig) success 102ms
|     +- run exe zxc (program.zig) success 6ms
|        +- compile exe zxc fast native (+50 more reused dependencies)
+- run test object-construction-copy-prefix 4 pass (4 total) 2ms MaxRSS:1M
|  +- compile test object-construction-copy-prefix fast native success 10s MaxRSS:352M
|     +- run node (cases.zig) success 103ms
|     +- run exe zxc (program.zig) success 8ms
|        +- compile exe zxc fast native (+50 more reused dependencies)
+- run test object-construction-copy 2 pass (2 total) 3ms MaxRSS:1M
|  +- compile test object-construction-copy fast native success 10s MaxRSS:354M
|     +- run node (cases.zig) success 102ms
|     +- run exe zxc (program.zig) success 5ms
|        +- compile exe zxc fast native (+50 more reused dependencies)
+- run test object-construction-duplicate 5 pass (5 total) 2ms MaxRSS:987K
|  +- compile test object-construction-duplicate fast native success 10s MaxRSS:345M
|     +- run node (cases.zig) success 109ms
|     +- run exe zxc (program.zig) success 5ms
|        +- compile exe zxc fast native (+50 more reused dependencies)
+- run test object-construction-merge 4 pass (4 total) 2ms MaxRSS:1M
|  +- compile test object-construction-merge fast native success 10s MaxRSS:340M
|     +- run node (cases.zig) success 96ms
|     +- run exe zxc (program.zig) success 4ms
|        +- compile exe zxc fast native (+50 more reused dependencies)
+- run test object-construction-override 2 pass (2 total) 2ms MaxRSS:1M
   +- compile test object-construction-override fast native success 10s MaxRSS:347M
      +- run node (cases.zig) success 109ms
      +- run exe zxc (program.zig) success 4ms
         +- compile exe zxc fast native (+50 more reused dependencies)
test-typed-try success
+- test-typed-try-native-contract success
|  +- run test 11 pass (11 total) 8ms MaxRSS:2M
|  |  +- compile test fast native success 41s MaxRSS:898M
|  |     +- WriteFile interfaces/0.d.zx (+1 more reused dependencies)
|  |     +- options (reused)
|  |     +- run exe generate-parser (parser.zig) (+1 more reused dependencies)
|  |     +- run exe generate-parser (parser.zig) (+1 more reused dependencies)
|  |     +- run exe generate-parser (parser.zig) (+1 more reused dependencies)
|  |     +- run exe generate-parser (parser.zig) (+1 more reused dependencies)
|  |     +- run exe generate-parser (parser.zig) (+1 more reused dependencies)
|  |     +- run exe generate-parser (parser.zig) (+1 more reused dependencies)
|  |     +- run exe generate-parser (parser.zig) (+1 more reused dependencies)
|  |     +- run exe generate-parser (parser.zig) (+1 more reused dependencies)
|  |     +- run exe generate-parser (parser.zig) (+1 more reused dependencies)
|  |     +- run exe generate-parser (parser.zig) (+1 more reused dependencies)
|  |     +- run exe generate-parser (parser.zig) (+1 more reused dependencies)
|  |     +- run exe generate-parser (parser.zig) (+1 more reused dependencies)
|  |     +- run exe generate-parser (parser.zig) (+1 more reused dependencies)
|  |     +- run exe generate-parser (parser.zig) (+1 more reused dependencies)
|  |     +- run exe generate-parser (parser.zig) (+1 more reused dependencies)
|  |     +- run exe generate-parser (parser.zig) (+1 more reused dependencies)
|  |     +- run exe generate-parser (parser.zig) (+1 more reused dependencies)
|  |     +- run exe generate-parser (parser.zig) (+1 more reused dependencies)
|  |     +- run exe generate-parser (parser.zig) (+1 more reused dependencies)
|  |     +- run exe generate-lexer (lexer.zig) (+1 more reused dependencies)
|  |     +- run exe generate-parser (parser.zig) (+1 more reused dependencies)
|  |     +- run exe generate-parser (parser.zig) (+1 more reused dependencies)
|  |     +- run exe generate-parser (parser.zig) (+1 more reused dependencies)
|  |     +- run exe generate-parser (parser.zig) (+1 more reused dependencies)
|  |     +- run exe generate-parser (parser.zig) (+1 more reused dependencies)
|  |     +- run exe generate-parser (parser.zig) (+1 more reused dependencies)
|  |     +- run exe generate-parser (parser.zig) (+1 more reused dependencies)
|  |     +- run exe generate-parser (parser.zig) (+1 more reused dependencies)
|  |     +- run exe generate-parser (parser.zig) (+1 more reused dependencies)
|  |     +- run exe generate-parser (parser.zig) (+1 more reused dependencies)
|  |     +- run exe generate-parser (parser.zig) (+1 more reused dependencies)
|  |     +- run exe generate-parser (parser.zig) (+1 more reused dependencies)
|  |     +- run exe generate-parser (parser.zig) (+1 more reused dependencies)
|  |     +- run exe generate-parser (parser.zig) (+1 more reused dependencies)
|  +- run test 7 pass (7 total) 5ms MaxRSS:1M
|     +- compile test fast native success 41s MaxRSS:921M
|        +- WriteFile interfaces/0.d.zx (+1 more reused dependencies)
|        +- options (reused)
|        +- run exe generate-parser (parser.zig) (+1 more reused dependencies)
|        +- run exe generate-parser (parser.zig) (+1 more reused dependencies)
|        +- run exe generate-parser (parser.zig) (+1 more reused dependencies)
|        +- run exe generate-parser (parser.zig) (+1 more reused dependencies)
|        +- run exe generate-parser (parser.zig) (+1 more reused dependencies)
|        +- run exe generate-parser (parser.zig) (+1 more reused dependencies)
|        +- run exe generate-parser (parser.zig) (+1 more reused dependencies)
|        +- run exe generate-parser (parser.zig) (+1 more reused dependencies)
|        +- run exe generate-parser (parser.zig) (+1 more reused dependencies)
|        +- run exe generate-parser (parser.zig) (+1 more reused dependencies)
|        +- run exe generate-parser (parser.zig) (+1 more reused dependencies)
|        +- run exe generate-parser (parser.zig) (+1 more reused dependencies)
|        +- run exe generate-parser (parser.zig) (+1 more reused dependencies)
|        +- run exe generate-parser (parser.zig) (+1 more reused dependencies)
|        +- run exe generate-parser (parser.zig) (+1 more reused dependencies)
|        +- run exe generate-parser (parser.zig) (+1 more reused dependencies)
|        +- run exe generate-parser (parser.zig) (+1 more reused dependencies)
|        +- run exe generate-parser (parser.zig) (+1 more reused dependencies)
|        +- run exe generate-parser (parser.zig) (+1 more reused dependencies)
|        +- run exe generate-lexer (lexer.zig) (+1 more reused dependencies)
|        +- run exe generate-parser (parser.zig) (+1 more reused dependencies)
|        +- run exe generate-parser (parser.zig) (+1 more reused dependencies)
|        +- run exe generate-parser (parser.zig) (+1 more reused dependencies)
|        +- run exe generate-parser (parser.zig) (+1 more reused dependencies)
|        +- run exe generate-parser (parser.zig) (+1 more reused dependencies)
|        +- run exe generate-parser (parser.zig) (+1 more reused dependencies)
|        +- run exe generate-parser (parser.zig) (+1 more reused dependencies)
|        +- run exe generate-parser (parser.zig) (+1 more reused dependencies)
|        +- run exe generate-parser (parser.zig) (+1 more reused dependencies)
|        +- run exe generate-parser (parser.zig) (+1 more reused dependencies)
|        +- run exe generate-parser (parser.zig) (+1 more reused dependencies)
|        +- run exe generate-parser (parser.zig) (+1 more reused dependencies)
|        +- run exe generate-parser (parser.zig) (+1 more reused dependencies)
|        +- run exe generate-parser (parser.zig) (+1 more reused dependencies)
+- test-typed-try-analysis success
|  +- run test 13 pass (13 total) 5ms MaxRSS:1M
|  |  +- compile test fast native success 40s MaxRSS:905M
|  |     +- WriteFile interfaces/0.d.zx (+1 more reused dependencies)
|  |     +- options (reused)
|  |     +- run exe generate-parser (parser.zig) (+1 more reused dependencies)
|  |     +- run exe generate-parser (parser.zig) (+1 more reused dependencies)
|  |     +- run exe generate-parser (parser.zig) (+1 more reused dependencies)
|  |     +- run exe generate-parser (parser.zig) (+1 more reused dependencies)
|  |     +- run exe generate-parser (parser.zig) (+1 more reused dependencies)
|  |     +- run exe generate-parser (parser.zig) (+1 more reused dependencies)
|  |     +- run exe generate-parser (parser.zig) (+1 more reused dependencies)
|  |     +- run exe generate-parser (parser.zig) (+1 more reused dependencies)
|  |     +- run exe generate-parser (parser.zig) (+1 more reused dependencies)
|  |     +- run exe generate-parser (parser.zig) (+1 more reused dependencies)
|  |     +- run exe generate-parser (parser.zig) (+1 more reused dependencies)
|  |     +- run exe generate-parser (parser.zig) (+1 more reused dependencies)
|  |     +- run exe generate-parser (parser.zig) (+1 more reused dependencies)
|  |     +- run exe generate-parser (parser.zig) (+1 more reused dependencies)
|  |     +- run exe generate-parser (parser.zig) (+1 more reused dependencies)
|  |     +- run exe generate-parser (parser.zig) (+1 more reused dependencies)
|  |     +- run exe generate-parser (parser.zig) (+1 more reused dependencies)
|  |     +- run exe generate-parser (parser.zig) (+1 more reused dependencies)
|  |     +- run exe generate-parser (parser.zig) (+1 more reused dependencies)
|  |     +- run exe generate-lexer (lexer.zig) (+1 more reused dependencies)
|  |     +- run exe generate-parser (parser.zig) (+1 more reused dependencies)
|  |     +- run exe generate-parser (parser.zig) (+1 more reused dependencies)
|  |     +- run exe generate-parser (parser.zig) (+1 more reused dependencies)
|  |     +- run exe generate-parser (parser.zig) (+1 more reused dependencies)
|  |     +- run exe generate-parser (parser.zig) (+1 more reused dependencies)
|  |     +- run exe generate-parser (parser.zig) (+1 more reused dependencies)
|  |     +- run exe generate-parser (parser.zig) (+1 more reused dependencies)
|  |     +- run exe generate-parser (parser.zig) (+1 more reused dependencies)
|  |     +- run exe generate-parser (parser.zig) (+1 more reused dependencies)
|  |     +- run exe generate-parser (parser.zig) (+1 more reused dependencies)
|  |     +- run exe generate-parser (parser.zig) (+1 more reused dependencies)
|  |     +- run exe generate-parser (parser.zig) (+1 more reused dependencies)
|  |     +- run exe generate-parser (parser.zig) (+1 more reused dependencies)
|  |     +- run exe generate-parser (parser.zig) (+1 more reused dependencies)
|  +- run test 13 pass (13 total) 5ms MaxRSS:2M
|  |  +- compile test fast native success 40s MaxRSS:902M
|  |     +- WriteFile interfaces/0.d.zx (+1 more reused dependencies)
|  |     +- options (reused)
|  |     +- run exe generate-parser (parser.zig) (+1 more reused dependencies)
|  |     +- run exe generate-parser (parser.zig) (+1 more reused dependencies)
|  |     +- run exe generate-parser (parser.zig) (+1 more reused dependencies)
|  |     +- run exe generate-parser (parser.zig) (+1 more reused dependencies)
|  |     +- run exe generate-parser (parser.zig) (+1 more reused dependencies)
|  |     +- run exe generate-parser (parser.zig) (+1 more reused dependencies)
|  |     +- run exe generate-parser (parser.zig) (+1 more reused dependencies)
|  |     +- run exe generate-parser (parser.zig) (+1 more reused dependencies)
|  |     +- run exe generate-parser (parser.zig) (+1 more reused dependencies)
|  |     +- run exe generate-parser (parser.zig) (+1 more reused dependencies)
|  |     +- run exe generate-parser (parser.zig) (+1 more reused dependencies)
|  |     +- run exe generate-parser (parser.zig) (+1 more reused dependencies)
|  |     +- run exe generate-parser (parser.zig) (+1 more reused dependencies)
|  |     +- run exe generate-parser (parser.zig) (+1 more reused dependencies)
|  |     +- run exe generate-parser (parser.zig) (+1 more reused dependencies)
|  |     +- run exe generate-parser (parser.zig) (+1 more reused dependencies)
|  |     +- run exe generate-parser (parser.zig) (+1 more reused dependencies)
|  |     +- run exe generate-parser (parser.zig) (+1 more reused dependencies)
|  |     +- run exe generate-parser (parser.zig) (+1 more reused dependencies)
|  |     +- run exe generate-lexer (lexer.zig) (+1 more reused dependencies)
|  |     +- run exe generate-parser (parser.zig) (+1 more reused dependencies)
|  |     +- run exe generate-parser (parser.zig) (+1 more reused dependencies)
|  |     +- run exe generate-parser (parser.zig) (+1 more reused dependencies)
|  |     +- run exe generate-parser (parser.zig) (+1 more reused dependencies)
|  |     +- run exe generate-parser (parser.zig) (+1 more reused dependencies)
|  |     +- run exe generate-parser (parser.zig) (+1 more reused dependencies)
|  |     +- run exe generate-parser (parser.zig) (+1 more reused dependencies)
|  |     +- run exe generate-parser (parser.zig) (+1 more reused dependencies)
|  |     +- run exe generate-parser (parser.zig) (+1 more reused dependencies)
|  |     +- run exe generate-parser (parser.zig) (+1 more reused dependencies)
|  |     +- run exe generate-parser (parser.zig) (+1 more reused dependencies)
|  |     +- run exe generate-parser (parser.zig) (+1 more reused dependencies)
|  |     +- run exe generate-parser (parser.zig) (+1 more reused dependencies)
|  |     +- run exe generate-parser (parser.zig) (+1 more reused dependencies)
|  +- run test 17 pass (17 total) 4ms MaxRSS:2M
|  |  +- compile test fast native success 41s MaxRSS:904M
|  |     +- WriteFile interfaces/0.d.zx (+1 more reused dependencies)
|  |     +- options (reused)
|  |     +- run exe generate-parser (parser.zig) (+1 more reused dependencies)
|  |     +- run exe generate-parser (parser.zig) (+1 more reused dependencies)
|  |     +- run exe generate-parser (parser.zig) (+1 more reused dependencies)
|  |     +- run exe generate-parser (parser.zig) (+1 more reused dependencies)
|  |     +- run exe generate-parser (parser.zig) (+1 more reused dependencies)
|  |     +- run exe generate-parser (parser.zig) (+1 more reused dependencies)
|  |     +- run exe generate-parser (parser.zig) (+1 more reused dependencies)
|  |     +- run exe generate-parser (parser.zig) (+1 more reused dependencies)
|  |     +- run exe generate-parser (parser.zig) (+1 more reused dependencies)
|  |     +- run exe generate-parser (parser.zig) (+1 more reused dependencies)
|  |     +- run exe generate-parser (parser.zig) (+1 more reused dependencies)
|  |     +- run exe generate-parser (parser.zig) (+1 more reused dependencies)
|  |     +- run exe generate-parser (parser.zig) (+1 more reused dependencies)
|  |     +- run exe generate-parser (parser.zig) (+1 more reused dependencies)
|  |     +- run exe generate-parser (parser.zig) (+1 more reused dependencies)
|  |     +- run exe generate-parser (parser.zig) (+1 more reused dependencies)
|  |     +- run exe generate-parser (parser.zig) (+1 more reused dependencies)
|  |     +- run exe generate-parser (parser.zig) (+1 more reused dependencies)
|  |     +- run exe generate-parser (parser.zig) (+1 more reused dependencies)
|  |     +- run exe generate-lexer (lexer.zig) (+1 more reused dependencies)
|  |     +- run exe generate-parser (parser.zig) (+1 more reused dependencies)
|  |     +- run exe generate-parser (parser.zig) (+1 more reused dependencies)
|  |     +- run exe generate-parser (parser.zig) (+1 more reused dependencies)
|  |     +- run exe generate-parser (parser.zig) (+1 more reused dependencies)
|  |     +- run exe generate-parser (parser.zig) (+1 more reused dependencies)
|  |     +- run exe generate-parser (parser.zig) (+1 more reused dependencies)
|  |     +- run exe generate-parser (parser.zig) (+1 more reused dependencies)
|  |     +- run exe generate-parser (parser.zig) (+1 more reused dependencies)
|  |     +- run exe generate-parser (parser.zig) (+1 more reused dependencies)
|  |     +- run exe generate-parser (parser.zig) (+1 more reused dependencies)
|  |     +- run exe generate-parser (parser.zig) (+1 more reused dependencies)
|  |     +- run exe generate-parser (parser.zig) (+1 more reused dependencies)
|  |     +- run exe generate-parser (parser.zig) (+1 more reused dependencies)
|  |     +- run exe generate-parser (parser.zig) (+1 more reused dependencies)
|  +- run test 2 pass (2 total) 12ms MaxRSS:2M
|     +- compile test fast native success 41s MaxRSS:912M
|        +- WriteFile interfaces/0.d.zx (+1 more reused dependencies)
|        +- options (reused)
|        +- run exe generate-parser (parser.zig) (+1 more reused dependencies)
|        +- run exe generate-parser (parser.zig) (+1 more reused dependencies)
|        +- run exe generate-parser (parser.zig) (+1 more reused dependencies)
|        +- run exe generate-parser (parser.zig) (+1 more reused dependencies)
|        +- run exe generate-parser (parser.zig) (+1 more reused dependencies)
|        +- run exe generate-parser (parser.zig) (+1 more reused dependencies)
|        +- run exe generate-parser (parser.zig) (+1 more reused dependencies)
|        +- run exe generate-parser (parser.zig) (+1 more reused dependencies)
|        +- run exe generate-parser (parser.zig) (+1 more reused dependencies)
|        +- run exe generate-parser (parser.zig) (+1 more reused dependencies)
|        +- run exe generate-parser (parser.zig) (+1 more reused dependencies)
|        +- run exe generate-parser (parser.zig) (+1 more reused dependencies)
|        +- run exe generate-parser (parser.zig) (+1 more reused dependencies)
|        +- run exe generate-parser (parser.zig) (+1 more reused dependencies)
|        +- run exe generate-parser (parser.zig) (+1 more reused dependencies)
|        +- run exe generate-parser (parser.zig) (+1 more reused dependencies)
|        +- run exe generate-parser (parser.zig) (+1 more reused dependencies)
|        +- run exe generate-parser (parser.zig) (+1 more reused dependencies)
|        +- run exe generate-parser (parser.zig) (+1 more reused dependencies)
|        +- run exe generate-lexer (lexer.zig) (+1 more reused dependencies)
|        +- run exe generate-parser (parser.zig) (+1 more reused dependencies)
|        +- run exe generate-parser (parser.zig) (+1 more reused dependencies)
|        +- run exe generate-parser (parser.zig) (+1 more reused dependencies)
|        +- run exe generate-parser (parser.zig) (+1 more reused dependencies)
|        +- run exe generate-parser (parser.zig) (+1 more reused dependencies)
|        +- run exe generate-parser (parser.zig) (+1 more reused dependencies)
|        +- run exe generate-parser (parser.zig) (+1 more reused dependencies)
|        +- run exe generate-parser (parser.zig) (+1 more reused dependencies)
|        +- run exe generate-parser (parser.zig) (+1 more reused dependencies)
|        +- run exe generate-parser (parser.zig) (+1 more reused dependencies)
|        +- run exe generate-parser (parser.zig) (+1 more reused dependencies)
|        +- run exe generate-parser (parser.zig) (+1 more reused dependencies)
|        +- run exe generate-parser (parser.zig) (+1 more reused dependencies)
|        +- run exe generate-parser (parser.zig) (+1 more reused dependencies)
+- test-typed-try-library success
|  +- run test 6 pass (6 total) 5ms MaxRSS:2M
|  |  +- compile test fast native success 44s MaxRSS:1G
|  |     +- WriteFile interfaces/0.d.zx (+1 more reused dependencies)
|  |     +- options (reused)
|  |     +- run exe generate-parser (parser.zig) (+1 more reused dependencies)
|  |     +- run exe generate-parser (parser.zig) (+1 more reused dependencies)
|  |     +- run exe generate-parser (parser.zig) (+1 more reused dependencies)
|  |     +- run exe generate-parser (parser.zig) (+1 more reused dependencies)
|  |     +- run exe generate-parser (parser.zig) (+1 more reused dependencies)
|  |     +- run exe generate-parser (parser.zig) (+1 more reused dependencies)
|  |     +- run exe generate-parser (parser.zig) (+1 more reused dependencies)
|  |     +- run exe generate-parser (parser.zig) (+1 more reused dependencies)
|  |     +- run exe generate-parser (parser.zig) (+1 more reused dependencies)
|  |     +- run exe generate-parser (parser.zig) (+1 more reused dependencies)
|  |     +- run exe generate-parser (parser.zig) (+1 more reused dependencies)
|  |     +- run exe generate-parser (parser.zig) (+1 more reused dependencies)
|  |     +- run exe generate-parser (parser.zig) (+1 more reused dependencies)
|  |     +- run exe generate-parser (parser.zig) (+1 more reused dependencies)
|  |     +- run exe generate-parser (parser.zig) (+1 more reused dependencies)
|  |     +- run exe generate-parser (parser.zig) (+1 more reused dependencies)
|  |     +- run exe generate-parser (parser.zig) (+1 more reused dependencies)
|  |     +- run exe generate-parser (parser.zig) (+1 more reused dependencies)
|  |     +- run exe generate-parser (parser.zig) (+1 more reused dependencies)
|  |     +- run exe generate-lexer (lexer.zig) (+1 more reused dependencies)
|  |     +- run exe generate-parser (parser.zig) (+1 more reused dependencies)
|  |     +- run exe generate-parser (parser.zig) (+1 more reused dependencies)
|  |     +- run exe generate-parser (parser.zig) (+1 more reused dependencies)
|  |     +- run exe generate-parser (parser.zig) (+1 more reused dependencies)
|  |     +- run exe generate-parser (parser.zig) (+1 more reused dependencies)
|  |     +- run exe generate-parser (parser.zig) (+1 more reused dependencies)
|  |     +- run exe generate-parser (parser.zig) (+1 more reused dependencies)
|  |     +- run exe generate-parser (parser.zig) (+1 more reused dependencies)
|  |     +- run exe generate-parser (parser.zig) (+1 more reused dependencies)
|  |     +- run exe generate-parser (parser.zig) (+1 more reused dependencies)
|  |     +- run exe generate-parser (parser.zig) (+1 more reused dependencies)
|  |     +- run exe generate-parser (parser.zig) (+1 more reused dependencies)
|  |     +- run exe generate-parser (parser.zig) (+1 more reused dependencies)
|  |     +- run exe generate-parser (parser.zig) (+1 more reused dependencies)
|  +- run test 4 pass (4 total) 3ms MaxRSS:2M
|  |  +- compile test fast native success 45s MaxRSS:974M
|  |     +- WriteFile interfaces/0.d.zx (+1 more reused dependencies)
|  |     +- options (reused)
|  |     +- run exe generate-parser (parser.zig) (+1 more reused dependencies)
|  |     +- run exe generate-parser (parser.zig) (+1 more reused dependencies)
|  |     +- run exe generate-parser (parser.zig) (+1 more reused dependencies)
|  |     +- run exe generate-parser (parser.zig) (+1 more reused dependencies)
|  |     +- run exe generate-parser (parser.zig) (+1 more reused dependencies)
|  |     +- run exe generate-parser (parser.zig) (+1 more reused dependencies)
|  |     +- run exe generate-parser (parser.zig) (+1 more reused dependencies)
|  |     +- run exe generate-parser (parser.zig) (+1 more reused dependencies)
|  |     +- run exe generate-parser (parser.zig) (+1 more reused dependencies)
|  |     +- run exe generate-parser (parser.zig) (+1 more reused dependencies)
|  |     +- run exe generate-parser (parser.zig) (+1 more reused dependencies)
|  |     +- run exe generate-parser (parser.zig) (+1 more reused dependencies)
|  |     +- run exe generate-parser (parser.zig) (+1 more reused dependencies)
|  |     +- run exe generate-parser (parser.zig) (+1 more reused dependencies)
|  |     +- run exe generate-parser (parser.zig) (+1 more reused dependencies)
|  |     +- run exe generate-parser (parser.zig) (+1 more reused dependencies)
|  |     +- run exe generate-parser (parser.zig) (+1 more reused dependencies)
|  |     +- run exe generate-parser (parser.zig) (+1 more reused dependencies)
|  |     +- run exe generate-parser (parser.zig) (+1 more reused dependencies)
|  |     +- run exe generate-lexer (lexer.zig) (+1 more reused dependencies)
|  |     +- run exe generate-parser (parser.zig) (+1 more reused dependencies)
|  |     +- run exe generate-parser (parser.zig) (+1 more reused dependencies)
|  |     +- run exe generate-parser (parser.zig) (+1 more reused dependencies)
|  |     +- run exe generate-parser (parser.zig) (+1 more reused dependencies)
|  |     +- run exe generate-parser (parser.zig) (+1 more reused dependencies)
|  |     +- run exe generate-parser (parser.zig) (+1 more reused dependencies)
|  |     +- run exe generate-parser (parser.zig) (+1 more reused dependencies)
|  |     +- run exe generate-parser (parser.zig) (+1 more reused dependencies)
|  |     +- run exe generate-parser (parser.zig) (+1 more reused dependencies)
|  |     +- run exe generate-parser (parser.zig) (+1 more reused dependencies)
|  |     +- run exe generate-parser (parser.zig) (+1 more reused dependencies)
|  |     +- run exe generate-parser (parser.zig) (+1 more reused dependencies)
|  |     +- run exe generate-parser (parser.zig) (+1 more reused dependencies)
|  |     +- run exe generate-parser (parser.zig) (+1 more reused dependencies)
|  +- run test 3 pass (3 total) 34ms MaxRSS:2M
|     +- compile test fast native success 44s MaxRSS:977M
|        +- WriteFile interfaces/0.d.zx (+1 more reused dependencies)
|        +- options (reused)
|        +- run exe generate-parser (parser.zig) (+1 more reused dependencies)
|        +- run exe generate-parser (parser.zig) (+1 more reused dependencies)
|        +- run exe generate-parser (parser.zig) (+1 more reused dependencies)
|        +- run exe generate-parser (parser.zig) (+1 more reused dependencies)
|        +- run exe generate-parser (parser.zig) (+1 more reused dependencies)
|        +- run exe generate-parser (parser.zig) (+1 more reused dependencies)
|        +- run exe generate-parser (parser.zig) (+1 more reused dependencies)
|        +- run exe generate-parser (parser.zig) (+1 more reused dependencies)
|        +- run exe generate-parser (parser.zig) (+1 more reused dependencies)
|        +- run exe generate-parser (parser.zig) (+1 more reused dependencies)
|        +- run exe generate-parser (parser.zig) (+1 more reused dependencies)
|        +- run exe generate-parser (parser.zig) (+1 more reused dependencies)
|        +- run exe generate-parser (parser.zig) (+1 more reused dependencies)
|        +- run exe generate-parser (parser.zig) (+1 more reused dependencies)
|        +- run exe generate-parser (parser.zig) (+1 more reused dependencies)
|        +- run exe generate-parser (parser.zig) (+1 more reused dependencies)
|        +- run exe generate-parser (parser.zig) (+1 more reused dependencies)
|        +- run exe generate-parser (parser.zig) (+1 more reused dependencies)
|        +- run exe generate-parser (parser.zig) (+1 more reused dependencies)
|        +- run exe generate-lexer (lexer.zig) (+1 more reused dependencies)
|        +- run exe generate-parser (parser.zig) (+1 more reused dependencies)
|        +- run exe generate-parser (parser.zig) (+1 more reused dependencies)
|        +- run exe generate-parser (parser.zig) (+1 more reused dependencies)
|        +- run exe generate-parser (parser.zig) (+1 more reused dependencies)
|        +- run exe generate-parser (parser.zig) (+1 more reused dependencies)
|        +- run exe generate-parser (parser.zig) (+1 more reused dependencies)
|        +- run exe generate-parser (parser.zig) (+1 more reused dependencies)
|        +- run exe generate-parser (parser.zig) (+1 more reused dependencies)
|        +- run exe generate-parser (parser.zig) (+1 more reused dependencies)
|        +- run exe generate-parser (parser.zig) (+1 more reused dependencies)
|        +- run exe generate-parser (parser.zig) (+1 more reused dependencies)
|        +- run exe generate-parser (parser.zig) (+1 more reused dependencies)
|        +- run exe generate-parser (parser.zig) (+1 more reused dependencies)
|        +- run exe generate-parser (parser.zig) (+1 more reused dependencies)
+- test-typed-try-native-abi success
|  +- compile test typed-try-abi-scalar fast native success 220ms MaxRSS:91M
|  |  +- run exe compile-typed-try-native-abi (program.zig) success 2ms
|  |  |  +- compile exe compile-typed-try-native-abi fast native success 49s MaxRSS:1G
|  |  |     +- WriteFile interfaces/0.d.zx (+1 more reused dependencies)
|  |  |     +- options (reused)
|  |  |     +- run exe generate-parser (parser.zig) (+1 more reused dependencies)
|  |  |     +- run exe generate-parser (parser.zig) (+1 more reused dependencies)
|  |  |     +- run exe generate-parser (parser.zig) (+1 more reused dependencies)
|  |  |     +- run exe generate-parser (parser.zig) (+1 more reused dependencies)
|  |  |     +- run exe generate-parser (parser.zig) (+1 more reused dependencies)
|  |  |     +- run exe generate-parser (parser.zig) (+1 more reused dependencies)
|  |  |     +- run exe generate-parser (parser.zig) (+1 more reused dependencies)
|  |  |     +- run exe generate-parser (parser.zig) (+1 more reused dependencies)
|  |  |     +- run exe generate-parser (parser.zig) (+1 more reused dependencies)
|  |  |     +- run exe generate-parser (parser.zig) (+1 more reused dependencies)
|  |  |     +- run exe generate-parser (parser.zig) (+1 more reused dependencies)
|  |  |     +- run exe generate-parser (parser.zig) (+1 more reused dependencies)
|  |  |     +- run exe generate-parser (parser.zig) (+1 more reused dependencies)
|  |  |     +- run exe generate-parser (parser.zig) (+1 more reused dependencies)
|  |  |     +- run exe generate-parser (parser.zig) (+1 more reused dependencies)
|  |  |     +- run exe generate-parser (parser.zig) (+1 more reused dependencies)
|  |  |     +- run exe generate-parser (parser.zig) (+1 more reused dependencies)
|  |  |     +- run exe generate-parser (parser.zig) (+1 more reused dependencies)
|  |  |     +- run exe generate-parser (parser.zig) (+1 more reused dependencies)
|  |  |     +- run exe generate-lexer (lexer.zig) (+1 more reused dependencies)
|  |  |     +- run exe generate-parser (parser.zig) (+1 more reused dependencies)
|  |  |     +- run exe generate-parser (parser.zig) (+1 more reused dependencies)
|  |  |     +- run exe generate-parser (parser.zig) (+1 more reused dependencies)
|  |  |     +- run exe generate-parser (parser.zig) (+1 more reused dependencies)
|  |  |     +- run exe generate-parser (parser.zig) (+1 more reused dependencies)
|  |  |     +- run exe generate-parser (parser.zig) (+1 more reused dependencies)
|  |  |     +- run exe generate-parser (parser.zig) (+1 more reused dependencies)
|  |  |     +- run exe generate-parser (parser.zig) (+1 more reused dependencies)
|  |  |     +- run exe generate-parser (parser.zig) (+1 more reused dependencies)
|  |  |     +- run exe generate-parser (parser.zig) (+1 more reused dependencies)
|  |  |     +- run exe generate-parser (parser.zig) (+1 more reused dependencies)
|  |  |     +- run exe generate-parser (parser.zig) (+1 more reused dependencies)
|  |  |     +- run exe generate-parser (parser.zig) (+1 more reused dependencies)
|  |  |     +- run exe generate-parser (parser.zig) (+1 more reused dependencies)
|  |  +- run exe compile-typed-try-native-abi (program.zig) (+1 more reused dependencies)
|  +- compile test typed-try-abi-optional fast native success 209ms MaxRSS:90M
|  |  +- run exe compile-typed-try-native-abi (program.zig) success 3ms
|  |  |  +- compile exe compile-typed-try-native-abi fast native (+36 more reused dependencies)
|  |  +- run exe compile-typed-try-native-abi (program.zig) (+1 more reused dependencies)
|  +- compile test typed-try-abi-void fast native success 215ms MaxRSS:90M
|  |  +- run exe compile-typed-try-native-abi (program.zig) success 3ms
|  |  |  +- compile exe compile-typed-try-native-abi fast native (+36 more reused dependencies)
|  |  +- run exe compile-typed-try-native-abi (program.zig) (+1 more reused dependencies)
|  +- compile test typed-try-abi-empty fast native success 200ms MaxRSS:89M
|  |  +- run exe compile-typed-try-native-abi (program.zig) success 3ms
|  |  |  +- compile exe compile-typed-try-native-abi fast native (+36 more reused dependencies)
|  |  +- run exe compile-typed-try-native-abi (program.zig) (+1 more reused dependencies)
|  +- compile test typed-try-abi-opaque fast native success 217ms MaxRSS:90M
|  |  +- run exe compile-typed-try-native-abi (program.zig) success 2ms
|  |  |  +- compile exe compile-typed-try-native-abi fast native (+36 more reused dependencies)
|  |  +- run exe compile-typed-try-native-abi (program.zig) (+1 more reused dependencies)
|  +- run test typed-try-abi-exact 1 pass (1 total) 2ms MaxRSS:983K
|  |  +- compile test typed-try-abi-exact fast native success 9s MaxRSS:355M
|  |     +- run exe compile-typed-try-native-abi (program.zig) success 3ms
|  |     |  +- compile exe compile-typed-try-native-abi fast native (+36 more reused dependencies)
|  |     +- run exe compile-typed-try-native-abi (program.zig) (+1 more reused dependencies)
|  +- run test typed-try-abi-subset 1 pass (1 total) 2ms MaxRSS:983K
|  |  +- compile test typed-try-abi-subset fast native success 9s MaxRSS:338M
|  |     +- run exe compile-typed-try-native-abi (program.zig) success 3ms
|  |     |  +- compile exe compile-typed-try-native-abi fast native (+36 more reused dependencies)
|  |     +- run exe compile-typed-try-native-abi (program.zig) (+1 more reused dependencies)
|  +- run test typed-try-abi-infallible 1 pass (1 total) 2ms MaxRSS:983K
|     +- compile test typed-try-abi-infallible fast native success 9s MaxRSS:342M
|        +- run exe compile-typed-try-native-abi (program.zig) success 3ms
|        |  +- compile exe compile-typed-try-native-abi fast native (+36 more reused dependencies)
|        +- run exe compile-typed-try-native-abi (program.zig) (+1 more reused dependencies)
+- test-typed-try-runtime success
   +- run test typed-try-scalar 4 pass (4 total) 2ms MaxRSS:991K
   |  +- compile test typed-try-scalar fast native success 10s MaxRSS:334M
   |     +- run exe compile-typed-try-runtime (program.zig) success 2ms
   |     |  +- compile exe compile-typed-try-runtime fast native success 49s MaxRSS:1G
   |     |     +- WriteFile interfaces/0.d.zx (+1 more reused dependencies)
   |     |     +- options (reused)
   |     |     +- run exe generate-parser (parser.zig) (+1 more reused dependencies)
   |     |     +- run exe generate-parser (parser.zig) (+1 more reused dependencies)
   |     |     +- run exe generate-parser (parser.zig) (+1 more reused dependencies)
   |     |     +- run exe generate-parser (parser.zig) (+1 more reused dependencies)
   |     |     +- run exe generate-parser (parser.zig) (+1 more reused dependencies)
   |     |     +- run exe generate-parser (parser.zig) (+1 more reused dependencies)
   |     |     +- run exe generate-parser (parser.zig) (+1 more reused dependencies)
   |     |     +- run exe generate-parser (parser.zig) (+1 more reused dependencies)
   |     |     +- run exe generate-parser (parser.zig) (+1 more reused dependencies)
   |     |     +- run exe generate-parser (parser.zig) (+1 more reused dependencies)
   |     |     +- run exe generate-parser (parser.zig) (+1 more reused dependencies)
   |     |     +- run exe generate-parser (parser.zig) (+1 more reused dependencies)
   |     |     +- run exe generate-parser (parser.zig) (+1 more reused dependencies)
   |     |     +- run exe generate-parser (parser.zig) (+1 more reused dependencies)
   |     |     +- run exe generate-parser (parser.zig) (+1 more reused dependencies)
   |     |     +- run exe generate-parser (parser.zig) (+1 more reused dependencies)
   |     |     +- run exe generate-parser (parser.zig) (+1 more reused dependencies)
   |     |     +- run exe generate-parser (parser.zig) (+1 more reused dependencies)
   |     |     +- run exe generate-parser (parser.zig) (+1 more reused dependencies)
   |     |     +- run exe generate-lexer (lexer.zig) (+1 more reused dependencies)
   |     |     +- run exe generate-parser (parser.zig) (+1 more reused dependencies)
   |     |     +- run exe generate-parser (parser.zig) (+1 more reused dependencies)
   |     |     +- run exe generate-parser (parser.zig) (+1 more reused dependencies)
   |     |     +- run exe generate-parser (parser.zig) (+1 more reused dependencies)
   |     |     +- run exe generate-parser (parser.zig) (+1 more reused dependencies)
   |     |     +- run exe generate-parser (parser.zig) (+1 more reused dependencies)
   |     |     +- run exe generate-parser (parser.zig) (+1 more reused dependencies)
   |     |     +- run exe generate-parser (parser.zig) (+1 more reused dependencies)
   |     |     +- run exe generate-parser (parser.zig) (+1 more reused dependencies)
   |     |     +- run exe generate-parser (parser.zig) (+1 more reused dependencies)
   |     |     +- run exe generate-parser (parser.zig) (+1 more reused dependencies)
   |     |     +- run exe generate-parser (parser.zig) (+1 more reused dependencies)
   |     |     +- run exe generate-parser (parser.zig) (+1 more reused dependencies)
   |     |     +- run exe generate-parser (parser.zig) (+1 more reused dependencies)
   |     +- run exe compile-typed-try-runtime (program.zig) (+1 more reused dependencies)
   +- run test typed-try-optional 3 pass (3 total) 2ms MaxRSS:983K
   |  +- compile test typed-try-optional fast native success 10s MaxRSS:352M
   |     +- run exe compile-typed-try-runtime (program.zig) success 3ms
   |     |  +- compile exe compile-typed-try-runtime fast native (+36 more reused dependencies)
   |     +- run exe compile-typed-try-runtime (program.zig) (+1 more reused dependencies)
   +- run test typed-try-void 2 pass (2 total) 2ms MaxRSS:978K
   |  +- compile test typed-try-void fast native success 10s MaxRSS:345M
   |     +- run exe compile-typed-try-runtime (program.zig) success 4ms
   |     |  +- compile exe compile-typed-try-runtime fast native (+36 more reused dependencies)
   |     +- run exe compile-typed-try-runtime (program.zig) (+1 more reused dependencies)
   +- run test typed-try-infallible 2 pass (2 total) 2ms MaxRSS:978K
   |  +- compile test typed-try-infallible fast native success 10s MaxRSS:342M
   |     +- run exe compile-typed-try-runtime (program.zig) success 3ms
   |     |  +- compile exe compile-typed-try-runtime fast native (+36 more reused dependencies)
   |     +- run exe compile-typed-try-runtime (program.zig) (+1 more reused dependencies)
   +- run test typed-try-empty 2 pass (2 total) 2ms MaxRSS:978K
   |  +- compile test typed-try-empty fast native success 10s MaxRSS:343M
   |     +- run exe compile-typed-try-runtime (program.zig) success 3ms
   |     |  +- compile exe compile-typed-try-runtime fast native (+36 more reused dependencies)
   |     +- run exe compile-typed-try-runtime (program.zig) (+1 more reused dependencies)
   +- run test typed-try-before 3 pass (3 total) 2ms MaxRSS:974K
   |  +- compile test typed-try-before fast native success 10s MaxRSS:340M
   |     +- run exe compile-typed-try-runtime (program.zig) success 3ms
   |     |  +- compile exe compile-typed-try-runtime fast native (+36 more reused dependencies)
   |     +- run exe compile-typed-try-runtime (program.zig) (+1 more reused dependencies)
   +- run test typed-try-after 4 pass (4 total) 2ms MaxRSS:974K
   |  +- compile test typed-try-after fast native success 10s MaxRSS:346M
   |     +- run exe compile-typed-try-runtime (program.zig) success 3ms
   |     |  +- compile exe compile-typed-try-runtime fast native (+36 more reused dependencies)
   |     +- run exe compile-typed-try-runtime (program.zig) (+1 more reused dependencies)
   +- run test typed-try-nested 4 pass (4 total) 2ms MaxRSS:1M
   |  +- compile test typed-try-nested fast native success 10s MaxRSS:334M
   |     +- run exe compile-typed-try-runtime (program.zig) success 3ms
   |     |  +- compile exe compile-typed-try-runtime fast native (+36 more reused dependencies)
   |     +- run exe compile-typed-try-runtime (program.zig) (+1 more reused dependencies)
   +- run test typed-try-index 3 pass (3 total) 1ms MaxRSS:983K
   |  +- compile test typed-try-index fast native success 10s MaxRSS:344M
   |     +- run exe compile-typed-try-runtime (program.zig) success 3ms
   |     |  +- compile exe compile-typed-try-runtime fast native (+36 more reused dependencies)
   |     +- run exe compile-typed-try-runtime (program.zig) (+1 more reused dependencies)
   +- run test typed-try-compound 3 pass (3 total) 2ms MaxRSS:983K
      +- compile test typed-try-compound fast native success 10s MaxRSS:340M
         +- run exe compile-typed-try-runtime (program.zig) success 3ms
         |  +- compile exe compile-typed-try-runtime fast native (+36 more reused dependencies)
         +- run exe compile-typed-try-runtime (program.zig) (+1 more reused dependencies)
test-zx-tasks-analysis success
+- run test 12 pass (12 total) 4ms MaxRSS:2M
|  +- compile test fast native success 41s MaxRSS:891M
|     +- WriteFile interfaces/0.d.zx (+1 more reused dependencies)
|     +- options (reused)
|     +- run exe generate-parser (parser.zig) (+1 more reused dependencies)
|     +- run exe generate-parser (parser.zig) (+1 more reused dependencies)
|     +- run exe generate-parser (parser.zig) (+1 more reused dependencies)
|     +- run exe generate-parser (parser.zig) (+1 more reused dependencies)
|     +- run exe generate-parser (parser.zig) (+1 more reused dependencies)
|     +- run exe generate-parser (parser.zig) (+1 more reused dependencies)
|     +- run exe generate-parser (parser.zig) (+1 more reused dependencies)
|     +- run exe generate-parser (parser.zig) (+1 more reused dependencies)
|     +- run exe generate-parser (parser.zig) (+1 more reused dependencies)
|     +- run exe generate-parser (parser.zig) (+1 more reused dependencies)
|     +- run exe generate-parser (parser.zig) (+1 more reused dependencies)
|     +- run exe generate-parser (parser.zig) (+1 more reused dependencies)
|     +- run exe generate-parser (parser.zig) (+1 more reused dependencies)
|     +- run exe generate-parser (parser.zig) (+1 more reused dependencies)
|     +- run exe generate-parser (parser.zig) (+1 more reused dependencies)
|     +- run exe generate-parser (parser.zig) (+1 more reused dependencies)
|     +- run exe generate-parser (parser.zig) (+1 more reused dependencies)
|     +- run exe generate-parser (parser.zig) (+1 more reused dependencies)
|     +- run exe generate-parser (parser.zig) (+1 more reused dependencies)
|     +- run exe generate-lexer (lexer.zig) (+1 more reused dependencies)
|     +- run exe generate-parser (parser.zig) (+1 more reused dependencies)
|     +- run exe generate-parser (parser.zig) (+1 more reused dependencies)
|     +- run exe generate-parser (parser.zig) (+1 more reused dependencies)
|     +- run exe generate-parser (parser.zig) (+1 more reused dependencies)
|     +- run exe generate-parser (parser.zig) (+1 more reused dependencies)
|     +- run exe generate-parser (parser.zig) (+1 more reused dependencies)
|     +- run exe generate-parser (parser.zig) (+1 more reused dependencies)
|     +- run exe generate-parser (parser.zig) (+1 more reused dependencies)
|     +- run exe generate-parser (parser.zig) (+1 more reused dependencies)
|     +- run exe generate-parser (parser.zig) (+1 more reused dependencies)
|     +- run exe generate-parser (parser.zig) (+1 more reused dependencies)
|     +- run exe generate-parser (parser.zig) (+1 more reused dependencies)
|     +- run exe generate-parser (parser.zig) (+1 more reused dependencies)
|     +- run exe generate-parser (parser.zig) (+1 more reused dependencies)
+- run test 15 pass (15 total) 9ms MaxRSS:2M
|  +- compile test fast native success 40s MaxRSS:895M
|     +- WriteFile interfaces/0.d.zx (+1 more reused dependencies)
|     +- options (reused)
|     +- run exe generate-parser (parser.zig) (+1 more reused dependencies)
|     +- run exe generate-parser (parser.zig) (+1 more reused dependencies)
|     +- run exe generate-parser (parser.zig) (+1 more reused dependencies)
|     +- run exe generate-parser (parser.zig) (+1 more reused dependencies)
|     +- run exe generate-parser (parser.zig) (+1 more reused dependencies)
|     +- run exe generate-parser (parser.zig) (+1 more reused dependencies)
|     +- run exe generate-parser (parser.zig) (+1 more reused dependencies)
|     +- run exe generate-parser (parser.zig) (+1 more reused dependencies)
|     +- run exe generate-parser (parser.zig) (+1 more reused dependencies)
|     +- run exe generate-parser (parser.zig) (+1 more reused dependencies)
|     +- run exe generate-parser (parser.zig) (+1 more reused dependencies)
|     +- run exe generate-parser (parser.zig) (+1 more reused dependencies)
|     +- run exe generate-parser (parser.zig) (+1 more reused dependencies)
|     +- run exe generate-parser (parser.zig) (+1 more reused dependencies)
|     +- run exe generate-parser (parser.zig) (+1 more reused dependencies)
|     +- run exe generate-parser (parser.zig) (+1 more reused dependencies)
|     +- run exe generate-parser (parser.zig) (+1 more reused dependencies)
|     +- run exe generate-parser (parser.zig) (+1 more reused dependencies)
|     +- run exe generate-parser (parser.zig) (+1 more reused dependencies)
|     +- run exe generate-lexer (lexer.zig) (+1 more reused dependencies)
|     +- run exe generate-parser (parser.zig) (+1 more reused dependencies)
|     +- run exe generate-parser (parser.zig) (+1 more reused dependencies)
|     +- run exe generate-parser (parser.zig) (+1 more reused dependencies)
|     +- run exe generate-parser (parser.zig) (+1 more reused dependencies)
|     +- run exe generate-parser (parser.zig) (+1 more reused dependencies)
|     +- run exe generate-parser (parser.zig) (+1 more reused dependencies)
|     +- run exe generate-parser (parser.zig) (+1 more reused dependencies)
|     +- run exe generate-parser (parser.zig) (+1 more reused dependencies)
|     +- run exe generate-parser (parser.zig) (+1 more reused dependencies)
|     +- run exe generate-parser (parser.zig) (+1 more reused dependencies)
|     +- run exe generate-parser (parser.zig) (+1 more reused dependencies)
|     +- run exe generate-parser (parser.zig) (+1 more reused dependencies)
|     +- run exe generate-parser (parser.zig) (+1 more reused dependencies)
|     +- run exe generate-parser (parser.zig) (+1 more reused dependencies)
+- run test 24 pass (24 total) 7ms MaxRSS:2M
|  +- compile test fast native success 41s MaxRSS:913M
|     +- WriteFile interfaces/0.d.zx (+1 more reused dependencies)
|     +- options (reused)
|     +- run exe generate-parser (parser.zig) (+1 more reused dependencies)
|     +- run exe generate-parser (parser.zig) (+1 more reused dependencies)
|     +- run exe generate-parser (parser.zig) (+1 more reused dependencies)
|     +- run exe generate-parser (parser.zig) (+1 more reused dependencies)
|     +- run exe generate-parser (parser.zig) (+1 more reused dependencies)
|     +- run exe generate-parser (parser.zig) (+1 more reused dependencies)
|     +- run exe generate-parser (parser.zig) (+1 more reused dependencies)
|     +- run exe generate-parser (parser.zig) (+1 more reused dependencies)
|     +- run exe generate-parser (parser.zig) (+1 more reused dependencies)
|     +- run exe generate-parser (parser.zig) (+1 more reused dependencies)
|     +- run exe generate-parser (parser.zig) (+1 more reused dependencies)
|     +- run exe generate-parser (parser.zig) (+1 more reused dependencies)
|     +- run exe generate-parser (parser.zig) (+1 more reused dependencies)
|     +- run exe generate-parser (parser.zig) (+1 more reused dependencies)
|     +- run exe generate-parser (parser.zig) (+1 more reused dependencies)
|     +- run exe generate-parser (parser.zig) (+1 more reused dependencies)
|     +- run exe generate-parser (parser.zig) (+1 more reused dependencies)
|     +- run exe generate-parser (parser.zig) (+1 more reused dependencies)
|     +- run exe generate-parser (parser.zig) (+1 more reused dependencies)
|     +- run exe generate-lexer (lexer.zig) (+1 more reused dependencies)
|     +- run exe generate-parser (parser.zig) (+1 more reused dependencies)
|     +- run exe generate-parser (parser.zig) (+1 more reused dependencies)
|     +- run exe generate-parser (parser.zig) (+1 more reused dependencies)
|     +- run exe generate-parser (parser.zig) (+1 more reused dependencies)
|     +- run exe generate-parser (parser.zig) (+1 more reused dependencies)
|     +- run exe generate-parser (parser.zig) (+1 more reused dependencies)
|     +- run exe generate-parser (parser.zig) (+1 more reused dependencies)
|     +- run exe generate-parser (parser.zig) (+1 more reused dependencies)
|     +- run exe generate-parser (parser.zig) (+1 more reused dependencies)
|     +- run exe generate-parser (parser.zig) (+1 more reused dependencies)
|     +- run exe generate-parser (parser.zig) (+1 more reused dependencies)
|     +- run exe generate-parser (parser.zig) (+1 more reused dependencies)
|     +- run exe generate-parser (parser.zig) (+1 more reused dependencies)
|     +- run exe generate-parser (parser.zig) (+1 more reused dependencies)
+- run test 3 pass (3 total) 23ms MaxRSS:2M
   +- compile test fast native success 41s MaxRSS:909M
      +- WriteFile interfaces/0.d.zx (+1 more reused dependencies)
      +- options (reused)
      +- run exe generate-parser (parser.zig) (+1 more reused dependencies)
      +- run exe generate-parser (parser.zig) (+1 more reused dependencies)
      +- run exe generate-parser (parser.zig) (+1 more reused dependencies)
      +- run exe generate-parser (parser.zig) (+1 more reused dependencies)
      +- run exe generate-parser (parser.zig) (+1 more reused dependencies)
      +- run exe generate-parser (parser.zig) (+1 more reused dependencies)
      +- run exe generate-parser (parser.zig) (+1 more reused dependencies)
      +- run exe generate-parser (parser.zig) (+1 more reused dependencies)
      +- run exe generate-parser (parser.zig) (+1 more reused dependencies)
      +- run exe generate-parser (parser.zig) (+1 more reused dependencies)
      +- run exe generate-parser (parser.zig) (+1 more reused dependencies)
      +- run exe generate-parser (parser.zig) (+1 more reused dependencies)
      +- run exe generate-parser (parser.zig) (+1 more reused dependencies)
      +- run exe generate-parser (parser.zig) (+1 more reused dependencies)
      +- run exe generate-parser (parser.zig) (+1 more reused dependencies)
      +- run exe generate-parser (parser.zig) (+1 more reused dependencies)
      +- run exe generate-parser (parser.zig) (+1 more reused dependencies)
      +- run exe generate-parser (parser.zig) (+1 more reused dependencies)
      +- run exe generate-parser (parser.zig) (+1 more reused dependencies)
      +- run exe generate-lexer (lexer.zig) (+1 more reused dependencies)
      +- run exe generate-parser (parser.zig) (+1 more reused dependencies)
      +- run exe generate-parser (parser.zig) (+1 more reused dependencies)
      +- run exe generate-parser (parser.zig) (+1 more reused dependencies)
      +- run exe generate-parser (parser.zig) (+1 more reused dependencies)
      +- run exe generate-parser (parser.zig) (+1 more reused dependencies)
      +- run exe generate-parser (parser.zig) (+1 more reused dependencies)
      +- run exe generate-parser (parser.zig) (+1 more reused dependencies)
      +- run exe generate-parser (parser.zig) (+1 more reused dependencies)
      +- run exe generate-parser (parser.zig) (+1 more reused dependencies)
      +- run exe generate-parser (parser.zig) (+1 more reused dependencies)
      +- run exe generate-parser (parser.zig) (+1 more reused dependencies)
      +- run exe generate-parser (parser.zig) (+1 more reused dependencies)
      +- run exe generate-parser (parser.zig) (+1 more reused dependencies)
      +- run exe generate-parser (parser.zig) (+1 more reused dependencies)
test-type-resolution success
+- run test type-resolution-initialization 10 pass (10 total) 3ms MaxRSS:1M
|  +- compile test type-resolution-initialization fast native success 14s MaxRSS:463M
|     +- WriteFile interfaces/0.d.zx (+1 more reused dependencies)
|     +- options (reused)
|     +- run exe generate-parser (parser.zig) (+1 more reused dependencies)
|     +- run exe generate-parser (parser.zig) (+1 more reused dependencies)
|     +- run exe generate-parser (parser.zig) (+1 more reused dependencies)
|     +- run exe generate-parser (parser.zig) (+1 more reused dependencies)
|     +- run exe generate-parser (parser.zig) (+1 more reused dependencies)
|     +- run exe generate-parser (parser.zig) (+1 more reused dependencies)
|     +- run exe generate-parser (parser.zig) (+1 more reused dependencies)
|     +- run exe generate-parser (parser.zig) (+1 more reused dependencies)
|     +- run exe generate-parser (parser.zig) (+1 more reused dependencies)
|     +- run exe generate-parser (parser.zig) (+1 more reused dependencies)
|     +- run exe generate-parser (parser.zig) (+1 more reused dependencies)
|     +- run exe generate-parser (parser.zig) (+1 more reused dependencies)
|     +- run exe generate-parser (parser.zig) (+1 more reused dependencies)
|     +- run exe generate-parser (parser.zig) (+1 more reused dependencies)
|     +- run exe generate-parser (parser.zig) (+1 more reused dependencies)
|     +- run exe generate-parser (parser.zig) (+1 more reused dependencies)
|     +- run exe generate-parser (parser.zig) (+1 more reused dependencies)
|     +- run exe generate-parser (parser.zig) (+1 more reused dependencies)
|     +- run exe generate-parser (parser.zig) (+1 more reused dependencies)
|     +- run exe generate-lexer (lexer.zig) (+1 more reused dependencies)
|     +- run exe generate-parser (parser.zig) (+1 more reused dependencies)
|     +- run exe generate-parser (parser.zig) (+1 more reused dependencies)
|     +- run exe generate-parser (parser.zig) (+1 more reused dependencies)
|     +- run exe generate-parser (parser.zig) (+1 more reused dependencies)
|     +- run exe generate-parser (parser.zig) (+1 more reused dependencies)
|     +- run exe generate-parser (parser.zig) (+1 more reused dependencies)
|     +- run exe generate-parser (parser.zig) (+1 more reused dependencies)
|     +- run exe generate-parser (parser.zig) (+1 more reused dependencies)
|     +- run exe generate-parser (parser.zig) (+1 more reused dependencies)
|     +- run exe generate-parser (parser.zig) (+1 more reused dependencies)
|     +- run exe generate-parser (parser.zig) (+1 more reused dependencies)
|     +- run exe generate-parser (parser.zig) (+1 more reused dependencies)
|     +- run exe generate-parser (parser.zig) (+1 more reused dependencies)
|     +- run exe generate-parser (parser.zig) (+1 more reused dependencies)
+- run test type-resolution-names 19 pass (19 total) 6ms MaxRSS:1M
|  +- compile test type-resolution-names fast native success 14s MaxRSS:442M
|     +- WriteFile interfaces/0.d.zx (+1 more reused dependencies)
|     +- options (reused)
|     +- run exe generate-parser (parser.zig) (+1 more reused dependencies)
|     +- run exe generate-parser (parser.zig) (+1 more reused dependencies)
|     +- run exe generate-parser (parser.zig) (+1 more reused dependencies)
|     +- run exe generate-parser (parser.zig) (+1 more reused dependencies)
|     +- run exe generate-parser (parser.zig) (+1 more reused dependencies)
|     +- run exe generate-parser (parser.zig) (+1 more reused dependencies)
|     +- run exe generate-parser (parser.zig) (+1 more reused dependencies)
|     +- run exe generate-parser (parser.zig) (+1 more reused dependencies)
|     +- run exe generate-parser (parser.zig) (+1 more reused dependencies)
|     +- run exe generate-parser (parser.zig) (+1 more reused dependencies)
|     +- run exe generate-parser (parser.zig) (+1 more reused dependencies)
|     +- run exe generate-parser (parser.zig) (+1 more reused dependencies)
|     +- run exe generate-parser (parser.zig) (+1 more reused dependencies)
|     +- run exe generate-parser (parser.zig) (+1 more reused dependencies)
|     +- run exe generate-parser (parser.zig) (+1 more reused dependencies)
|     +- run exe generate-parser (parser.zig) (+1 more reused dependencies)
|     +- run exe generate-parser (parser.zig) (+1 more reused dependencies)
|     +- run exe generate-parser (parser.zig) (+1 more reused dependencies)
|     +- run exe generate-parser (parser.zig) (+1 more reused dependencies)
|     +- run exe generate-lexer (lexer.zig) (+1 more reused dependencies)
|     +- run exe generate-parser (parser.zig) (+1 more reused dependencies)
|     +- run exe generate-parser (parser.zig) (+1 more reused dependencies)
|     +- run exe generate-parser (parser.zig) (+1 more reused dependencies)
|     +- run exe generate-parser (parser.zig) (+1 more reused dependencies)
|     +- run exe generate-parser (parser.zig) (+1 more reused dependencies)
|     +- run exe generate-parser (parser.zig) (+1 more reused dependencies)
|     +- run exe generate-parser (parser.zig) (+1 more reused dependencies)
|     +- run exe generate-parser (parser.zig) (+1 more reused dependencies)
|     +- run exe generate-parser (parser.zig) (+1 more reused dependencies)
|     +- run exe generate-parser (parser.zig) (+1 more reused dependencies)
|     +- run exe generate-parser (parser.zig) (+1 more reused dependencies)
|     +- run exe generate-parser (parser.zig) (+1 more reused dependencies)
|     +- run exe generate-parser (parser.zig) (+1 more reused dependencies)
|     +- run exe generate-parser (parser.zig) (+1 more reused dependencies)
+- run test type-resolution-nodes 20 pass (20 total) 3ms MaxRSS:1M
|  +- compile test type-resolution-nodes fast native success 14s MaxRSS:461M
|     +- WriteFile interfaces/0.d.zx (+1 more reused dependencies)
|     +- options (reused)
|     +- run exe generate-parser (parser.zig) (+1 more reused dependencies)
|     +- run exe generate-parser (parser.zig) (+1 more reused dependencies)
|     +- run exe generate-parser (parser.zig) (+1 more reused dependencies)
|     +- run exe generate-parser (parser.zig) (+1 more reused dependencies)
|     +- run exe generate-parser (parser.zig) (+1 more reused dependencies)
|     +- run exe generate-parser (parser.zig) (+1 more reused dependencies)
|     +- run exe generate-parser (parser.zig) (+1 more reused dependencies)
|     +- run exe generate-parser (parser.zig) (+1 more reused dependencies)
|     +- run exe generate-parser (parser.zig) (+1 more reused dependencies)
|     +- run exe generate-parser (parser.zig) (+1 more reused dependencies)
|     +- run exe generate-parser (parser.zig) (+1 more reused dependencies)
|     +- run exe generate-parser (parser.zig) (+1 more reused dependencies)
|     +- run exe generate-parser (parser.zig) (+1 more reused dependencies)
|     +- run exe generate-parser (parser.zig) (+1 more reused dependencies)
|     +- run exe generate-parser (parser.zig) (+1 more reused dependencies)
|     +- run exe generate-parser (parser.zig) (+1 more reused dependencies)
|     +- run exe generate-parser (parser.zig) (+1 more reused dependencies)
|     +- run exe generate-parser (parser.zig) (+1 more reused dependencies)
|     +- run exe generate-parser (parser.zig) (+1 more reused dependencies)
|     +- run exe generate-lexer (lexer.zig) (+1 more reused dependencies)
|     +- run exe generate-parser (parser.zig) (+1 more reused dependencies)
|     +- run exe generate-parser (parser.zig) (+1 more reused dependencies)
|     +- run exe generate-parser (parser.zig) (+1 more reused dependencies)
|     +- run exe generate-parser (parser.zig) (+1 more reused dependencies)
|     +- run exe generate-parser (parser.zig) (+1 more reused dependencies)
|     +- run exe generate-parser (parser.zig) (+1 more reused dependencies)
|     +- run exe generate-parser (parser.zig) (+1 more reused dependencies)
|     +- run exe generate-parser (parser.zig) (+1 more reused dependencies)
|     +- run exe generate-parser (parser.zig) (+1 more reused dependencies)
|     +- run exe generate-parser (parser.zig) (+1 more reused dependencies)
|     +- run exe generate-parser (parser.zig) (+1 more reused dependencies)
|     +- run exe generate-parser (parser.zig) (+1 more reused dependencies)
|     +- run exe generate-parser (parser.zig) (+1 more reused dependencies)
|     +- run exe generate-parser (parser.zig) (+1 more reused dependencies)
+- run test type-resolution-views 9 pass (9 total) 7ms MaxRSS:4M
|  +- compile test type-resolution-views fast native success 46s MaxRSS:1G
|     +- WriteFile interfaces/0.d.zx (+1 more reused dependencies)
|     +- options (reused)
|     +- run exe generate-parser (parser.zig) (+1 more reused dependencies)
|     +- run exe generate-parser (parser.zig) (+1 more reused dependencies)
|     +- run exe generate-parser (parser.zig) (+1 more reused dependencies)
|     +- run exe generate-parser (parser.zig) (+1 more reused dependencies)
|     +- run exe generate-parser (parser.zig) (+1 more reused dependencies)
|     +- run exe generate-parser (parser.zig) (+1 more reused dependencies)
|     +- run exe generate-parser (parser.zig) (+1 more reused dependencies)
|     +- run exe generate-parser (parser.zig) (+1 more reused dependencies)
|     +- run exe generate-parser (parser.zig) (+1 more reused dependencies)
|     +- run exe generate-parser (parser.zig) (+1 more reused dependencies)
|     +- run exe generate-parser (parser.zig) (+1 more reused dependencies)
|     +- run exe generate-parser (parser.zig) (+1 more reused dependencies)
|     +- run exe generate-parser (parser.zig) (+1 more reused dependencies)
|     +- run exe generate-parser (parser.zig) (+1 more reused dependencies)
|     +- run exe generate-parser (parser.zig) (+1 more reused dependencies)
|     +- run exe generate-parser (parser.zig) (+1 more reused dependencies)
|     +- run exe generate-parser (parser.zig) (+1 more reused dependencies)
|     +- run exe generate-parser (parser.zig) (+1 more reused dependencies)
|     +- run exe generate-parser (parser.zig) (+1 more reused dependencies)
|     +- run exe generate-lexer (lexer.zig) (+1 more reused dependencies)
|     +- run exe generate-parser (parser.zig) (+1 more reused dependencies)
|     +- run exe generate-parser (parser.zig) (+1 more reused dependencies)
|     +- run exe generate-parser (parser.zig) (+1 more reused dependencies)
|     +- run exe generate-parser (parser.zig) (+1 more reused dependencies)
|     +- run exe generate-parser (parser.zig) (+1 more reused dependencies)
|     +- run exe generate-parser (parser.zig) (+1 more reused dependencies)
|     +- run exe generate-parser (parser.zig) (+1 more reused dependencies)
|     +- run exe generate-parser (parser.zig) (+1 more reused dependencies)
|     +- run exe generate-parser (parser.zig) (+1 more reused dependencies)
|     +- run exe generate-parser (parser.zig) (+1 more reused dependencies)
|     +- run exe generate-parser (parser.zig) (+1 more reused dependencies)
|     +- run exe generate-parser (parser.zig) (+1 more reused dependencies)
|     +- run exe generate-parser (parser.zig) (+1 more reused dependencies)
|     +- run exe generate-parser (parser.zig) (+1 more reused dependencies)
+- run test type-resolution-resources 5 pass (5 total) 8ms MaxRSS:1M
   +- compile test type-resolution-resources fast native success 26s MaxRSS:735M
      +- WriteFile interfaces/0.d.zx (+1 more reused dependencies)
      +- options (reused)
      +- run exe generate-parser (parser.zig) (+1 more reused dependencies)
      +- run exe generate-parser (parser.zig) (+1 more reused dependencies)
      +- run exe generate-parser (parser.zig) (+1 more reused dependencies)
      +- run exe generate-parser (parser.zig) (+1 more reused dependencies)
      +- run exe generate-parser (parser.zig) (+1 more reused dependencies)
      +- run exe generate-parser (parser.zig) (+1 more reused dependencies)
      +- run exe generate-parser (parser.zig) (+1 more reused dependencies)
      +- run exe generate-parser (parser.zig) (+1 more reused dependencies)
      +- run exe generate-parser (parser.zig) (+1 more reused dependencies)
      +- run exe generate-parser (parser.zig) (+1 more reused dependencies)
      +- run exe generate-parser (parser.zig) (+1 more reused dependencies)
      +- run exe generate-parser (parser.zig) (+1 more reused dependencies)
      +- run exe generate-parser (parser.zig) (+1 more reused dependencies)
      +- run exe generate-parser (parser.zig) (+1 more reused dependencies)
      +- run exe generate-parser (parser.zig) (+1 more reused dependencies)
      +- run exe generate-parser (parser.zig) (+1 more reused dependencies)
      +- run exe generate-parser (parser.zig) (+1 more reused dependencies)
      +- run exe generate-parser (parser.zig) (+1 more reused dependencies)
      +- run exe generate-parser (parser.zig) (+1 more reused dependencies)
      +- run exe generate-lexer (lexer.zig) (+1 more reused dependencies)
      +- run exe generate-parser (parser.zig) (+1 more reused dependencies)
      +- run exe generate-parser (parser.zig) (+1 more reused dependencies)
      +- run exe generate-parser (parser.zig) (+1 more reused dependencies)
      +- run exe generate-parser (parser.zig) (+1 more reused dependencies)
      +- run exe generate-parser (parser.zig) (+1 more reused dependencies)
      +- run exe generate-parser (parser.zig) (+1 more reused dependencies)
      +- run exe generate-parser (parser.zig) (+1 more reused dependencies)
      +- run exe generate-parser (parser.zig) (+1 more reused dependencies)
      +- run exe generate-parser (parser.zig) (+1 more reused dependencies)
      +- run exe generate-parser (parser.zig) (+1 more reused dependencies)
      +- run exe generate-parser (parser.zig) (+1 more reused dependencies)
      +- run exe generate-parser (parser.zig) (+1 more reused dependencies)
      +- run exe generate-parser (parser.zig) (+1 more reused dependencies)
      +- run exe generate-parser (parser.zig) (+1 more reused dependencies)
