Build Summary: 58/58 steps succeeded; 8/8 tests passed
test-type-parser success
+- test-type-parser-resources success
|  +- run test 3 pass (3 total) 4ms MaxRSS:2M
|  |  +- compile test debug native success 2s MaxRSS:340M
|  |     +- run exe zxc (type_parser_plain.zig) success 3s
|  |        +- compile exe zxc debug native cached 49ms MaxRSS:21M
|  |           +- WriteFile cached
|  |           +- compile lib yaml debug native cached 41ms MaxRSS:20M
|  |           +- compile lib yaml debug native (reused)
|  |           +- translate-c cached 41ms MaxRSS:20M
|  |           +- options cached
|  |           +- run exe bundle-zig (bundle) cached
|  |           |  +- compile exe bundle-zig fast native cached 46ms MaxRSS:21M
|  |           |  +- WriteFile bundle_manifest.json cached
|  |           +- options cached
|  |           +- run exe generate-parser (parser.zig) cached
|  |           |  +- compile exe generate-parser debug native cached 46ms MaxRSS:21M
|  |           |     +- options cached
|  |           |     +- WriteFile interfaces/0.d.zx cached
|  |           |     |  +- run exe standard-catalog (catalog.zig) cached
|  |           |     |     +- compile exe standard-catalog fast native cached 47ms MaxRSS:21M
|  |           |     |     +- WriteFile catalog.json cached
|  |           |     +- options cached
|  |           +- run exe generate-parser (parser.zig) (+1 more reused dependencies)
|  |           +- run exe generate-parser (parser.zig) (+1 more reused dependencies)
|  |           +- run exe generate-parser (parser.zig) (+1 more reused dependencies)
|  |           +- run exe generate-parser (parser.zig) (+1 more reused dependencies)
|  |           +- run exe generate-parser (parser.zig) (+1 more reused dependencies)
|  |           +- run exe generate-parser (parser.zig) (+1 more reused dependencies)
|  |           +- WriteFile interfaces/0.d.zx cached
|  |           |  +- run exe standard-catalog (catalog.zig) cached
|  |           |     +- compile exe standard-catalog fast native cached 46ms MaxRSS:21M
|  |           |     +- WriteFile catalog.json cached
|  |           +- options cached
|  |           +- run exe generate-parser (parser.zig) (+1 more reused dependencies)
|  |           +- run exe generate-parser (parser.zig) (+1 more reused dependencies)
|  |           +- run exe generate-parser (parser.zig) (+1 more reused dependencies)
|  |           +- run exe generate-parser (parser.zig) (+1 more reused dependencies)
|  |           +- run exe generate-parser (parser.zig) (+1 more reused dependencies)
|  |           +- run exe generate-parser (parser.zig) (+1 more reused dependencies)
|  |           +- run exe generate-parser (parser.zig) (+1 more reused dependencies)
|  |           +- run exe generate-parser (parser.zig) (+1 more reused dependencies)
|  |           +- run exe generate-parser (parser.zig) (+1 more reused dependencies)
|  |           +- run exe generate-parser (parser.zig) (+1 more reused dependencies)
|  |           +- run exe generate-parser (parser.zig) (+1 more reused dependencies)
|  |           +- run exe generate-parser (parser.zig) (+1 more reused dependencies)
|  |           +- run exe generate-parser (parser.zig) (+1 more reused dependencies)
|  |           +- run exe generate-parser (parser.zig) (+1 more reused dependencies)
|  |           +- run exe generate-parser (parser.zig) (+1 more reused dependencies)
|  |           +- run exe generate-parser (parser.zig) (+1 more reused dependencies)
|  |           +- run exe generate-parser (parser.zig) (+1 more reused dependencies)
|  |           +- run exe generate-parser (parser.zig) (+1 more reused dependencies)
|  |           +- run exe generate-parser (parser.zig) (+1 more reused dependencies)
|  |           +- run exe generate-parser (parser.zig) (+1 more reused dependencies)
|  |           +- run exe generate-parser (parser.zig) (+1 more reused dependencies)
|  |           +- run exe generate-parser (parser.zig) (+1 more reused dependencies)
|  |           +- run exe generate-parser (parser.zig) (+1 more reused dependencies)
|  |           +- run exe generate-parser (parser.zig) (+1 more reused dependencies)
|  |           +- run exe generate-parser (parser.zig) (+1 more reused dependencies)
|  |           +- run exe generate-parser (parser.zig) (+1 more reused dependencies)
|  |           +- run exe generate-parser (parser.zig) (+1 more reused dependencies)
|  |           +- run exe generate-parser (parser.zig) (+1 more reused dependencies)
|  |           +- run exe generate-parser (parser.zig) (+1 more reused dependencies)
|  |           +- run exe generate-parser (parser.zig) (+1 more reused dependencies)
|  |           +- run exe generate-parser (parser.zig) (+1 more reused dependencies)
|  |           +- run exe generate-parser (parser.zig) (+1 more reused dependencies)
|  |           +- run exe generate-parser (parser.zig) (+1 more reused dependencies)
|  |           +- run exe generate-parser (parser.zig) (+1 more reused dependencies)
|  |           +- run exe generate-parser (parser.zig) (+1 more reused dependencies)
|  |           +- run exe generate-parser (parser.zig) (+1 more reused dependencies)
|  |           +- run exe generate-parser (parser.zig) (+1 more reused dependencies)
|  |           +- run exe generate-lexer (lexer.zig) cached
|  |           |  +- compile exe generate-lexer debug native cached 48ms MaxRSS:21M
|  |           |     +- options cached
|  |           |     +- WriteFile interfaces/0.d.zx cached
|  |           |     |  +- run exe standard-catalog (catalog.zig) cached
|  |           |     |     +- compile exe standard-catalog fast native cached 45ms MaxRSS:21M
|  |           |     |     +- WriteFile catalog.json cached
|  |           |     +- options cached
|  |           +- run exe generate-parser (parser.zig) (+1 more reused dependencies)
|  |           +- run exe generate-parser (parser.zig) (+1 more reused dependencies)
|  |           +- run exe generate-parser (parser.zig) (+1 more reused dependencies)
|  |           +- run exe generate-parser (parser.zig) (+1 more reused dependencies)
|  |           +- run exe generate-parser (parser.zig) (+1 more reused dependencies)
|  |           +- run exe generate-parser (parser.zig) (+1 more reused dependencies)
|  |           +- run exe generate-parser (parser.zig) (+1 more reused dependencies)
|  |           +- run exe generate-parser (parser.zig) (+1 more reused dependencies)
|  |           +- run exe generate-parser (parser.zig) (+1 more reused dependencies)
|  |           +- run exe generate-parser (parser.zig) (+1 more reused dependencies)
|  |           +- run exe generate-parser (parser.zig) (+1 more reused dependencies)
|  |           +- run exe generate-parser (parser.zig) (+1 more reused dependencies)
|  |           +- run exe generate-parser (parser.zig) (+1 more reused dependencies)
|  |           +- run exe generate-parser (parser.zig) (+1 more reused dependencies)
|  |           +- run exe generate-parser (parser.zig) (+1 more reused dependencies)
|  |           +- run exe generate-parser (parser.zig) (+1 more reused dependencies)
|  |           +- run exe generate-parser (parser.zig) (+1 more reused dependencies)
|  |           +- run exe generate-parser (parser.zig) (+1 more reused dependencies)
|  |           +- run exe generate-parser (parser.zig) (+1 more reused dependencies)
|  |           +- run exe generate-parser (parser.zig) (+1 more reused dependencies)
|  |           +- run exe generate-parser (parser.zig) (+1 more reused dependencies)
|  |           +- run exe generate-parser (parser.zig) (+1 more reused dependencies)
|  |           +- run exe generate-parser (parser.zig) (+1 more reused dependencies)
|  |           +- run exe generate-parser (parser.zig) (+1 more reused dependencies)
|  |           +- run exe generate-parser (parser.zig) (+1 more reused dependencies)
|  |           +- run exe generate-parser (parser.zig) (+1 more reused dependencies)
|  |           +- run exe generate-parser (parser.zig) (+1 more reused dependencies)
|  |           +- run exe generate-parser (parser.zig) (+1 more reused dependencies)
|  |           +- run exe generate-parser (parser.zig) (+1 more reused dependencies)
|  |           +- run exe generate-parser (parser.zig) (+1 more reused dependencies)
|  +- run test cached
|     +- compile test debug native cached 45ms MaxRSS:21M
|        +- run exe zxc (type_parser_template.zig) cached
|           +- compile exe zxc debug native (+84 more reused dependencies)
+- test-type-parser-parity success
   +- run test 3 pass (3 total) 448ms MaxRSS:5M
   |  +- compile test debug native success 2s MaxRSS:436M
   |     +- run exe zxc (type_parser_plain.zig) (+1 more reused dependencies)
   |     +- WriteFile interfaces/0.d.zx (+1 more reused dependencies)
   |     +- options (reused)
   |     +- run exe generate-parser (parser.zig) (+1 more reused dependencies)
   |     +- run exe generate-parser (parser.zig) (+1 more reused dependencies)
   |     +- run exe generate-parser (parser.zig) (+1 more reused dependencies)
   |     +- run exe generate-parser (parser.zig) (+1 more reused dependencies)
   |     +- run exe generate-parser (parser.zig) (+1 more reused dependencies)
   |     +- run exe generate-parser (parser.zig) (+1 more reused dependencies)
   |     +- run exe generate-parser (parser.zig) (+1 more reused dependencies)
   |     +- run exe generate-parser (parser.zig) (+1 more reused dependencies)
   |     +- run exe generate-parser (parser.zig) (+1 more reused dependencies)
   |     +- run exe generate-parser (parser.zig) (+1 more reused dependencies)
   |     +- run exe generate-parser (parser.zig) (+1 more reused dependencies)
   |     +- run exe generate-parser (parser.zig) (+1 more reused dependencies)
   |     +- run exe generate-parser (parser.zig) (+1 more reused dependencies)
   |     +- run exe generate-parser (parser.zig) (+1 more reused dependencies)
   |     +- run exe generate-parser (parser.zig) (+1 more reused dependencies)
   |     +- run exe generate-parser (parser.zig) (+1 more reused dependencies)
   |     +- run exe generate-parser (parser.zig) (+1 more reused dependencies)
   |     +- run exe generate-parser (parser.zig) (+1 more reused dependencies)
   |     +- run exe generate-parser (parser.zig) (+1 more reused dependencies)
   |     +- run exe generate-parser (parser.zig) (+1 more reused dependencies)
   |     +- run exe generate-parser (parser.zig) (+1 more reused dependencies)
   |     +- run exe generate-parser (parser.zig) (+1 more reused dependencies)
   |     +- run exe generate-parser (parser.zig) (+1 more reused dependencies)
   |     +- run exe generate-parser (parser.zig) (+1 more reused dependencies)
   |     +- run exe generate-parser (parser.zig) (+1 more reused dependencies)
   |     +- run exe generate-parser (parser.zig) (+1 more reused dependencies)
   |     +- run exe generate-parser (parser.zig) (+1 more reused dependencies)
   |     +- run exe generate-parser (parser.zig) (+1 more reused dependencies)
   |     +- run exe generate-parser (parser.zig) (+1 more reused dependencies)
   |     +- run exe generate-parser (parser.zig) (+1 more reused dependencies)
   |     +- run exe generate-parser (parser.zig) (+1 more reused dependencies)
   |     +- run exe generate-parser (parser.zig) (+1 more reused dependencies)
   |     +- run exe generate-parser (parser.zig) (+1 more reused dependencies)
   |     +- run exe generate-parser (parser.zig) (+1 more reused dependencies)
   |     +- run exe generate-parser (parser.zig) (+1 more reused dependencies)
   |     +- run exe generate-parser (parser.zig) (+1 more reused dependencies)
   |     +- run exe generate-lexer (lexer.zig) (+1 more reused dependencies)
   |     +- run exe generate-parser (parser.zig) (+1 more reused dependencies)
   |     +- run exe generate-parser (parser.zig) (+1 more reused dependencies)
   |     +- run exe generate-parser (parser.zig) (+1 more reused dependencies)
   |     +- run exe generate-parser (parser.zig) (+1 more reused dependencies)
   |     +- run exe generate-parser (parser.zig) (+1 more reused dependencies)
   |     +- run exe generate-parser (parser.zig) (+1 more reused dependencies)
   |     +- run exe generate-parser (parser.zig) (+1 more reused dependencies)
   |     +- run exe generate-parser (parser.zig) (+1 more reused dependencies)
   |     +- run exe generate-parser (parser.zig) (+1 more reused dependencies)
   |     +- run exe generate-parser (parser.zig) (+1 more reused dependencies)
   |     +- run exe generate-parser (parser.zig) (+1 more reused dependencies)
   |     +- run exe generate-parser (parser.zig) (+1 more reused dependencies)
   |     +- run exe generate-parser (parser.zig) (+1 more reused dependencies)
   |     +- run exe generate-parser (parser.zig) (+1 more reused dependencies)
   |     +- run exe generate-parser (parser.zig) (+1 more reused dependencies)
   |     +- run exe generate-parser (parser.zig) (+1 more reused dependencies)
   |     +- run exe generate-parser (parser.zig) (+1 more reused dependencies)
   |     +- run exe generate-parser (parser.zig) (+1 more reused dependencies)
   |     +- run exe generate-parser (parser.zig) (+1 more reused dependencies)
   |     +- run exe generate-parser (parser.zig) (+1 more reused dependencies)
   |     +- run exe generate-parser (parser.zig) (+1 more reused dependencies)
   |     +- run exe generate-parser (parser.zig) (+1 more reused dependencies)
   |     +- run exe generate-parser (parser.zig) (+1 more reused dependencies)
   |     +- run exe generate-parser (parser.zig) (+1 more reused dependencies)
   |     +- run exe generate-parser (parser.zig) (+1 more reused dependencies)
   |     +- run exe generate-parser (parser.zig) (+1 more reused dependencies)
   |     +- run exe generate-parser (parser.zig) (+1 more reused dependencies)
   |     +- run exe generate-parser (parser.zig) (+1 more reused dependencies)
   |     +- run exe generate-parser (parser.zig) (+1 more reused dependencies)
   |     +- run exe generate-parser (parser.zig) (+1 more reused dependencies)
   |     +- run exe generate-parser (parser.zig) (+1 more reused dependencies)
   +- run test 2 pass (2 total) 2s MaxRSS:2M
   |  +- compile test debug native success 2s MaxRSS:426M
   |     +- run exe zxc (type_parser_plain.zig) (+1 more reused dependencies)
   |     +- WriteFile interfaces/0.d.zx (+1 more reused dependencies)
   |     +- options (reused)
   |     +- run exe generate-parser (parser.zig) (+1 more reused dependencies)
   |     +- run exe generate-parser (parser.zig) (+1 more reused dependencies)
   |     +- run exe generate-parser (parser.zig) (+1 more reused dependencies)
   |     +- run exe generate-parser (parser.zig) (+1 more reused dependencies)
   |     +- run exe generate-parser (parser.zig) (+1 more reused dependencies)
   |     +- run exe generate-parser (parser.zig) (+1 more reused dependencies)
   |     +- run exe generate-parser (parser.zig) (+1 more reused dependencies)
   |     +- run exe generate-parser (parser.zig) (+1 more reused dependencies)
   |     +- run exe generate-parser (parser.zig) (+1 more reused dependencies)
   |     +- run exe generate-parser (parser.zig) (+1 more reused dependencies)
   |     +- run exe generate-parser (parser.zig) (+1 more reused dependencies)
   |     +- run exe generate-parser (parser.zig) (+1 more reused dependencies)
   |     +- run exe generate-parser (parser.zig) (+1 more reused dependencies)
   |     +- run exe generate-parser (parser.zig) (+1 more reused dependencies)
   |     +- run exe generate-parser (parser.zig) (+1 more reused dependencies)
   |     +- run exe generate-parser (parser.zig) (+1 more reused dependencies)
   |     +- run exe generate-parser (parser.zig) (+1 more reused dependencies)
   |     +- run exe generate-parser (parser.zig) (+1 more reused dependencies)
   |     +- run exe generate-parser (parser.zig) (+1 more reused dependencies)
   |     +- run exe generate-parser (parser.zig) (+1 more reused dependencies)
   |     +- run exe generate-parser (parser.zig) (+1 more reused dependencies)
   |     +- run exe generate-parser (parser.zig) (+1 more reused dependencies)
   |     +- run exe generate-parser (parser.zig) (+1 more reused dependencies)
   |     +- run exe generate-parser (parser.zig) (+1 more reused dependencies)
   |     +- run exe generate-parser (parser.zig) (+1 more reused dependencies)
   |     +- run exe generate-parser (parser.zig) (+1 more reused dependencies)
   |     +- run exe generate-parser (parser.zig) (+1 more reused dependencies)
   |     +- run exe generate-parser (parser.zig) (+1 more reused dependencies)
   |     +- run exe generate-parser (parser.zig) (+1 more reused dependencies)
   |     +- run exe generate-parser (parser.zig) (+1 more reused dependencies)
   |     +- run exe generate-parser (parser.zig) (+1 more reused dependencies)
   |     +- run exe generate-parser (parser.zig) (+1 more reused dependencies)
   |     +- run exe generate-parser (parser.zig) (+1 more reused dependencies)
   |     +- run exe generate-parser (parser.zig) (+1 more reused dependencies)
   |     +- run exe generate-parser (parser.zig) (+1 more reused dependencies)
   |     +- run exe generate-parser (parser.zig) (+1 more reused dependencies)
   |     +- run exe generate-lexer (lexer.zig) (+1 more reused dependencies)
   |     +- run exe generate-parser (parser.zig) (+1 more reused dependencies)
   |     +- run exe generate-parser (parser.zig) (+1 more reused dependencies)
   |     +- run exe generate-parser (parser.zig) (+1 more reused dependencies)
   |     +- run exe generate-parser (parser.zig) (+1 more reused dependencies)
   |     +- run exe generate-parser (parser.zig) (+1 more reused dependencies)
   |     +- run exe generate-parser (parser.zig) (+1 more reused dependencies)
   |     +- run exe generate-parser (parser.zig) (+1 more reused dependencies)
   |     +- run exe generate-parser (parser.zig) (+1 more reused dependencies)
   |     +- run exe generate-parser (parser.zig) (+1 more reused dependencies)
   |     +- run exe generate-parser (parser.zig) (+1 more reused dependencies)
   |     +- run exe generate-parser (parser.zig) (+1 more reused dependencies)
   |     +- run exe generate-parser (parser.zig) (+1 more reused dependencies)
   |     +- run exe generate-parser (parser.zig) (+1 more reused dependencies)
   |     +- run exe generate-parser (parser.zig) (+1 more reused dependencies)
   |     +- run exe generate-parser (parser.zig) (+1 more reused dependencies)
   |     +- run exe generate-parser (parser.zig) (+1 more reused dependencies)
   |     +- run exe generate-parser (parser.zig) (+1 more reused dependencies)
   |     +- run exe generate-parser (parser.zig) (+1 more reused dependencies)
   |     +- run exe generate-parser (parser.zig) (+1 more reused dependencies)
   |     +- run exe generate-parser (parser.zig) (+1 more reused dependencies)
   |     +- run exe generate-parser (parser.zig) (+1 more reused dependencies)
   |     +- run exe generate-parser (parser.zig) (+1 more reused dependencies)
   |     +- run exe generate-parser (parser.zig) (+1 more reused dependencies)
   |     +- run exe generate-parser (parser.zig) (+1 more reused dependencies)
   |     +- run exe generate-parser (parser.zig) (+1 more reused dependencies)
   |     +- run exe generate-parser (parser.zig) (+1 more reused dependencies)
   |     +- run exe generate-parser (parser.zig) (+1 more reused dependencies)
   |     +- run exe generate-parser (parser.zig) (+1 more reused dependencies)
   |     +- run exe generate-parser (parser.zig) (+1 more reused dependencies)
   |     +- run exe generate-parser (parser.zig) (+1 more reused dependencies)
   |     +- run exe generate-parser (parser.zig) (+1 more reused dependencies)
   +- run test cached
   |  +- compile test debug native cached 50ms MaxRSS:21M
   |     +- run exe zxc (type_parser_template.zig) (+1 more reused dependencies)
   |     +- WriteFile interfaces/0.d.zx (+1 more reused dependencies)
   |     +- options (reused)
   |     +- run exe generate-parser (parser.zig) (+1 more reused dependencies)
   |     +- run exe generate-parser (parser.zig) (+1 more reused dependencies)
   |     +- run exe generate-parser (parser.zig) (+1 more reused dependencies)
   |     +- run exe generate-parser (parser.zig) (+1 more reused dependencies)
   |     +- run exe generate-parser (parser.zig) (+1 more reused dependencies)
   |     +- run exe generate-parser (parser.zig) (+1 more reused dependencies)
   |     +- run exe generate-parser (parser.zig) (+1 more reused dependencies)
   |     +- run exe generate-parser (parser.zig) (+1 more reused dependencies)
   |     +- run exe generate-parser (parser.zig) (+1 more reused dependencies)
   |     +- run exe generate-parser (parser.zig) (+1 more reused dependencies)
   |     +- run exe generate-parser (parser.zig) (+1 more reused dependencies)
   |     +- run exe generate-parser (parser.zig) (+1 more reused dependencies)
   |     +- run exe generate-parser (parser.zig) (+1 more reused dependencies)
   |     +- run exe generate-parser (parser.zig) (+1 more reused dependencies)
   |     +- run exe generate-parser (parser.zig) (+1 more reused dependencies)
   |     +- run exe generate-parser (parser.zig) (+1 more reused dependencies)
   |     +- run exe generate-parser (parser.zig) (+1 more reused dependencies)
   |     +- run exe generate-parser (parser.zig) (+1 more reused dependencies)
   |     +- run exe generate-parser (parser.zig) (+1 more reused dependencies)
   |     +- run exe generate-parser (parser.zig) (+1 more reused dependencies)
   |     +- run exe generate-parser (parser.zig) (+1 more reused dependencies)
   |     +- run exe generate-parser (parser.zig) (+1 more reused dependencies)
   |     +- run exe generate-parser (parser.zig) (+1 more reused dependencies)
   |     +- run exe generate-parser (parser.zig) (+1 more reused dependencies)
   |     +- run exe generate-parser (parser.zig) (+1 more reused dependencies)
   |     +- run exe generate-parser (parser.zig) (+1 more reused dependencies)
   |     +- run exe generate-parser (parser.zig) (+1 more reused dependencies)
   |     +- run exe generate-parser (parser.zig) (+1 more reused dependencies)
   |     +- run exe generate-parser (parser.zig) (+1 more reused dependencies)
   |     +- run exe generate-parser (parser.zig) (+1 more reused dependencies)
   |     +- run exe generate-parser (parser.zig) (+1 more reused dependencies)
   |     +- run exe generate-parser (parser.zig) (+1 more reused dependencies)
   |     +- run exe generate-parser (parser.zig) (+1 more reused dependencies)
   |     +- run exe generate-parser (parser.zig) (+1 more reused dependencies)
   |     +- run exe generate-parser (parser.zig) (+1 more reused dependencies)
   |     +- run exe generate-parser (parser.zig) (+1 more reused dependencies)
   |     +- run exe generate-lexer (lexer.zig) (+1 more reused dependencies)
   |     +- run exe generate-parser (parser.zig) (+1 more reused dependencies)
   |     +- run exe generate-parser (parser.zig) (+1 more reused dependencies)
   |     +- run exe generate-parser (parser.zig) (+1 more reused dependencies)
   |     +- run exe generate-parser (parser.zig) (+1 more reused dependencies)
   |     +- run exe generate-parser (parser.zig) (+1 more reused dependencies)
   |     +- run exe generate-parser (parser.zig) (+1 more reused dependencies)
   |     +- run exe generate-parser (parser.zig) (+1 more reused dependencies)
   |     +- run exe generate-parser (parser.zig) (+1 more reused dependencies)
   |     +- run exe generate-parser (parser.zig) (+1 more reused dependencies)
   |     +- run exe generate-parser (parser.zig) (+1 more reused dependencies)
   |     +- run exe generate-parser (parser.zig) (+1 more reused dependencies)
   |     +- run exe generate-parser (parser.zig) (+1 more reused dependencies)
   |     +- run exe generate-parser (parser.zig) (+1 more reused dependencies)
   |     +- run exe generate-parser (parser.zig) (+1 more reused dependencies)
   |     +- run exe generate-parser (parser.zig) (+1 more reused dependencies)
   |     +- run exe generate-parser (parser.zig) (+1 more reused dependencies)
   |     +- run exe generate-parser (parser.zig) (+1 more reused dependencies)
   |     +- run exe generate-parser (parser.zig) (+1 more reused dependencies)
   |     +- run exe generate-parser (parser.zig) (+1 more reused dependencies)
   |     +- run exe generate-parser (parser.zig) (+1 more reused dependencies)
   |     +- run exe generate-parser (parser.zig) (+1 more reused dependencies)
   |     +- run exe generate-parser (parser.zig) (+1 more reused dependencies)
   |     +- run exe generate-parser (parser.zig) (+1 more reused dependencies)
   |     +- run exe generate-parser (parser.zig) (+1 more reused dependencies)
   |     +- run exe generate-parser (parser.zig) (+1 more reused dependencies)
   |     +- run exe generate-parser (parser.zig) (+1 more reused dependencies)
   |     +- run exe generate-parser (parser.zig) (+1 more reused dependencies)
   |     +- run exe generate-parser (parser.zig) (+1 more reused dependencies)
   |     +- run exe generate-parser (parser.zig) (+1 more reused dependencies)
   |     +- run exe generate-parser (parser.zig) (+1 more reused dependencies)
   |     +- run exe generate-parser (parser.zig) (+1 more reused dependencies)
   +- run test cached
      +- compile test debug native cached 50ms MaxRSS:21M
         +- run exe zxc (type_parser_template.zig) (+1 more reused dependencies)
         +- WriteFile interfaces/0.d.zx (+1 more reused dependencies)
         +- options (reused)
         +- run exe generate-parser (parser.zig) (+1 more reused dependencies)
         +- run exe generate-parser (parser.zig) (+1 more reused dependencies)
         +- run exe generate-parser (parser.zig) (+1 more reused dependencies)
         +- run exe generate-parser (parser.zig) (+1 more reused dependencies)
         +- run exe generate-parser (parser.zig) (+1 more reused dependencies)
         +- run exe generate-parser (parser.zig) (+1 more reused dependencies)
         +- run exe generate-parser (parser.zig) (+1 more reused dependencies)
         +- run exe generate-parser (parser.zig) (+1 more reused dependencies)
         +- run exe generate-parser (parser.zig) (+1 more reused dependencies)
         +- run exe generate-parser (parser.zig) (+1 more reused dependencies)
         +- run exe generate-parser (parser.zig) (+1 more reused dependencies)
         +- run exe generate-parser (parser.zig) (+1 more reused dependencies)
         +- run exe generate-parser (parser.zig) (+1 more reused dependencies)
         +- run exe generate-parser (parser.zig) (+1 more reused dependencies)
         +- run exe generate-parser (parser.zig) (+1 more reused dependencies)
         +- run exe generate-parser (parser.zig) (+1 more reused dependencies)
         +- run exe generate-parser (parser.zig) (+1 more reused dependencies)
         +- run exe generate-parser (parser.zig) (+1 more reused dependencies)
         +- run exe generate-parser (parser.zig) (+1 more reused dependencies)
         +- run exe generate-parser (parser.zig) (+1 more reused dependencies)
         +- run exe generate-parser (parser.zig) (+1 more reused dependencies)
         +- run exe generate-parser (parser.zig) (+1 more reused dependencies)
         +- run exe generate-parser (parser.zig) (+1 more reused dependencies)
         +- run exe generate-parser (parser.zig) (+1 more reused dependencies)
         +- run exe generate-parser (parser.zig) (+1 more reused dependencies)
         +- run exe generate-parser (parser.zig) (+1 more reused dependencies)
         +- run exe generate-parser (parser.zig) (+1 more reused dependencies)
         +- run exe generate-parser (parser.zig) (+1 more reused dependencies)
         +- run exe generate-parser (parser.zig) (+1 more reused dependencies)
         +- run exe generate-parser (parser.zig) (+1 more reused dependencies)
         +- run exe generate-parser (parser.zig) (+1 more reused dependencies)
         +- run exe generate-parser (parser.zig) (+1 more reused dependencies)
         +- run exe generate-parser (parser.zig) (+1 more reused dependencies)
         +- run exe generate-parser (parser.zig) (+1 more reused dependencies)
         +- run exe generate-parser (parser.zig) (+1 more reused dependencies)
         +- run exe generate-parser (parser.zig) (+1 more reused dependencies)
         +- run exe generate-lexer (lexer.zig) (+1 more reused dependencies)
         +- run exe generate-parser (parser.zig) (+1 more reused dependencies)
         +- run exe generate-parser (parser.zig) (+1 more reused dependencies)
         +- run exe generate-parser (parser.zig) (+1 more reused dependencies)
         +- run exe generate-parser (parser.zig) (+1 more reused dependencies)
         +- run exe generate-parser (parser.zig) (+1 more reused dependencies)
         +- run exe generate-parser (parser.zig) (+1 more reused dependencies)
         +- run exe generate-parser (parser.zig) (+1 more reused dependencies)
         +- run exe generate-parser (parser.zig) (+1 more reused dependencies)
         +- run exe generate-parser (parser.zig) (+1 more reused dependencies)
         +- run exe generate-parser (parser.zig) (+1 more reused dependencies)
         +- run exe generate-parser (parser.zig) (+1 more reused dependencies)
         +- run exe generate-parser (parser.zig) (+1 more reused dependencies)
         +- run exe generate-parser (parser.zig) (+1 more reused dependencies)
         +- run exe generate-parser (parser.zig) (+1 more reused dependencies)
         +- run exe generate-parser (parser.zig) (+1 more reused dependencies)
         +- run exe generate-parser (parser.zig) (+1 more reused dependencies)
         +- run exe generate-parser (parser.zig) (+1 more reused dependencies)
         +- run exe generate-parser (parser.zig) (+1 more reused dependencies)
         +- run exe generate-parser (parser.zig) (+1 more reused dependencies)
         +- run exe generate-parser (parser.zig) (+1 more reused dependencies)
         +- run exe generate-parser (parser.zig) (+1 more reused dependencies)
         +- run exe generate-parser (parser.zig) (+1 more reused dependencies)
         +- run exe generate-parser (parser.zig) (+1 more reused dependencies)
         +- run exe generate-parser (parser.zig) (+1 more reused dependencies)
         +- run exe generate-parser (parser.zig) (+1 more reused dependencies)
         +- run exe generate-parser (parser.zig) (+1 more reused dependencies)
         +- run exe generate-parser (parser.zig) (+1 more reused dependencies)
         +- run exe generate-parser (parser.zig) (+1 more reused dependencies)
         +- run exe generate-parser (parser.zig) (+1 more reused dependencies)
         +- run exe generate-parser (parser.zig) (+1 more reused dependencies)
         +- run exe generate-parser (parser.zig) (+1 more reused dependencies)
test-scanner-metadata success
+- run test cached
|  +- compile test debug native cached 44ms MaxRSS:20M
|     +- run exe generate-lexer (lexer.zig) (+1 more reused dependencies)
+- run test cached
|  +- compile test debug native cached 41ms MaxRSS:21M
|     +- run exe generate-lexer (lexer.zig) (+1 more reused dependencies)
+- run test cached
|  +- compile test debug native cached 42ms MaxRSS:21M
|     +- run exe generate-lexer (lexer.zig) (+1 more reused dependencies)
+- run test cached
|  +- compile test debug native cached 43ms MaxRSS:21M
|     +- run exe generate-lexer (lexer.zig) (+1 more reused dependencies)
+- run test cached
   +- compile test debug native cached 44ms MaxRSS:21M
      +- run exe generate-lexer (lexer.zig) (+1 more reused dependencies)
