test-type-parser
+- test-type-parser-parity
   +- run test
      +- compile test debug native
         +- run exe zxc (type_parser_plain.zig) failure
tests/bootstrap/type_parser/source.rx:2:19: module reference escapes the project root or is invalid
error: process exited with code 1
failed command: ./.zig-cache/o/a6fb7ce6496ef575abae8b5e003e0c67/zxc ./tests/bootstrap/type_parser/source.rx --out ./.zig-cache/o/a55fb7b5bd1c2acaa3860eee254a80c8/type_parser_plain.zig --no-cache

Build Summary: 48/58 steps succeeded (1 failed); 19/19 tests passed
test-type-parser transitive failure
+- test-type-parser-resources transitive failure
|  +- run test transitive failure
|  |  +- compile test debug native transitive failure
|  |     +- run exe zxc (type_parser_plain.zig) failure
|  |        +- compile exe zxc debug native success 25s MaxRSS:3G
|  |           +- WriteFile cached
|  |           +- compile lib yaml debug native cached 44ms MaxRSS:20M
|  |           +- compile lib yaml debug native (reused)
|  |           +- translate-c cached 44ms MaxRSS:20M
|  |           +- options success
|  |           +- run exe bundle-zig (bundle) success 6s
|  |           |  +- compile exe bundle-zig fast native success 26s MaxRSS:928M
|  |           |  +- WriteFile bundle_manifest.json cached
|  |           +- options cached
|  |           +- run exe generate-parser (parser.zig) success 1m
|  |           |  +- compile exe generate-parser debug native success 6s MaxRSS:788M
|  |           |     +- options cached
|  |           |     +- WriteFile interfaces/0.d.zx cached
|  |           |     |  +- run exe standard-catalog (catalog.zig) cached
|  |           |     |     +- compile exe standard-catalog fast native cached 48ms MaxRSS:21M
|  |           |     |     +- WriteFile catalog.json cached
|  |           |     +- options cached
|  |           +- run exe generate-parser (parser.zig) (+1 more reused dependencies)
|  |           +- run exe generate-parser (parser.zig) (+1 more reused dependencies)
|  |           +- run exe generate-parser (parser.zig) (+1 more reused dependencies)
|  |           +- run exe generate-parser (parser.zig) (+1 more reused dependencies)
|  |           +- run exe generate-parser (parser.zig) (+1 more reused dependencies)
|  |           +- run exe generate-parser (parser.zig) (+1 more reused dependencies)
|  |           +- WriteFile interfaces/0.d.zx cached
|  |           |  +- run exe standard-catalog (catalog.zig) cached
|  |           |     +- compile exe standard-catalog fast native cached 47ms MaxRSS:21M
|  |           |     +- WriteFile catalog.json cached
|  |           +- options cached
|  |           +- run exe generate-parser (parser.zig) (+1 more reused dependencies)
|  |           +- run exe generate-parser (parser.zig) (+1 more reused dependencies)
|  |           +- run exe generate-parser (parser.zig) (+1 more reused dependencies)
|  |           +- run exe generate-parser (parser.zig) (+1 more reused dependencies)
|  |           +- run exe generate-parser (parser.zig) (+1 more reused dependencies)
|  |           +- run exe generate-parser (parser.zig) (+1 more reused dependencies)
|  |           +- run exe generate-parser (parser.zig) (+1 more reused dependencies)
|  |           +- run exe generate-parser (parser.zig) (+1 more reused dependencies)
|  |           +- run exe generate-parser (parser.zig) (+1 more reused dependencies)
|  |           +- run exe generate-parser (parser.zig) (+1 more reused dependencies)
|  |           +- run exe generate-parser (parser.zig) (+1 more reused dependencies)
|  |           +- run exe generate-parser (parser.zig) (+1 more reused dependencies)
|  |           +- run exe generate-parser (parser.zig) (+1 more reused dependencies)
|  |           +- run exe generate-parser (parser.zig) (+1 more reused dependencies)
|  |           +- run exe generate-parser (parser.zig) (+1 more reused dependencies)
|  |           +- run exe generate-parser (parser.zig) (+1 more reused dependencies)
|  |           +- run exe generate-parser (parser.zig) (+1 more reused dependencies)
|  |           +- run exe generate-parser (parser.zig) (+1 more reused dependencies)
|  |           +- run exe generate-parser (parser.zig) (+1 more reused dependencies)
|  |           +- run exe generate-parser (parser.zig) (+1 more reused dependencies)
|  |           +- run exe generate-parser (parser.zig) (+1 more reused dependencies)
|  |           +- run exe generate-parser (parser.zig) (+1 more reused dependencies)
|  |           +- run exe generate-parser (parser.zig) (+1 more reused dependencies)
|  |           +- run exe generate-parser (parser.zig) (+1 more reused dependencies)
|  |           +- run exe generate-parser (parser.zig) (+1 more reused dependencies)
|  |           +- run exe generate-parser (parser.zig) (+1 more reused dependencies)
|  |           +- run exe generate-parser (parser.zig) (+1 more reused dependencies)
|  |           +- run exe generate-parser (parser.zig) (+1 more reused dependencies)
|  |           +- run exe generate-parser (parser.zig) (+1 more reused dependencies)
|  |           +- run exe generate-parser (parser.zig) (+1 more reused dependencies)
|  |           +- run exe generate-parser (parser.zig) (+1 more reused dependencies)
|  |           +- run exe generate-parser (parser.zig) (+1 more reused dependencies)
|  |           +- run exe generate-parser (parser.zig) (+1 more reused dependencies)
|  |           +- run exe generate-parser (parser.zig) (+1 more reused dependencies)
|  |           +- run exe generate-parser (parser.zig) (+1 more reused dependencies)
|  |           +- run exe generate-parser (parser.zig) (+1 more reused dependencies)
|  |           +- run exe generate-parser (parser.zig) (+1 more reused dependencies)
|  |           +- run exe generate-lexer (lexer.zig) success 436ms
|  |           |  +- compile exe generate-lexer debug native success 6s MaxRSS:695M
|  |           |     +- options cached
|  |           |     +- WriteFile interfaces/0.d.zx cached
|  |           |     |  +- run exe standard-catalog (catalog.zig) cached
|  |           |     |     +- compile exe standard-catalog fast native cached 44ms MaxRSS:21M
|  |           |     |     +- WriteFile catalog.json cached
|  |           |     +- options cached
|  |           +- run exe generate-parser (parser.zig) (+1 more reused dependencies)
|  |           +- run exe generate-parser (parser.zig) (+1 more reused dependencies)
|  |           +- run exe generate-parser (parser.zig) (+1 more reused dependencies)
|  |           +- run exe generate-parser (parser.zig) (+1 more reused dependencies)
|  |           +- run exe generate-parser (parser.zig) (+1 more reused dependencies)
|  |           +- run exe generate-parser (parser.zig) (+1 more reused dependencies)
|  |           +- run exe generate-parser (parser.zig) (+1 more reused dependencies)
|  |           +- run exe generate-parser (parser.zig) (+1 more reused dependencies)
|  |           +- run exe generate-parser (parser.zig) (+1 more reused dependencies)
|  |           +- run exe generate-parser (parser.zig) (+1 more reused dependencies)
|  |           +- run exe generate-parser (parser.zig) (+1 more reused dependencies)
|  |           +- run exe generate-parser (parser.zig) (+1 more reused dependencies)
|  |           +- run exe generate-parser (parser.zig) (+1 more reused dependencies)
|  |           +- run exe generate-parser (parser.zig) (+1 more reused dependencies)
|  |           +- run exe generate-parser (parser.zig) (+1 more reused dependencies)
|  |           +- run exe generate-parser (parser.zig) (+1 more reused dependencies)
|  |           +- run exe generate-parser (parser.zig) (+1 more reused dependencies)
|  |           +- run exe generate-parser (parser.zig) (+1 more reused dependencies)
|  |           +- run exe generate-parser (parser.zig) (+1 more reused dependencies)
|  |           +- run exe generate-parser (parser.zig) (+1 more reused dependencies)
|  |           +- run exe generate-parser (parser.zig) (+1 more reused dependencies)
|  |           +- run exe generate-parser (parser.zig) (+1 more reused dependencies)
|  |           +- run exe generate-parser (parser.zig) (+1 more reused dependencies)
|  |           +- run exe generate-parser (parser.zig) (+1 more reused dependencies)
|  |           +- run exe generate-parser (parser.zig) (+1 more reused dependencies)
|  |           +- run exe generate-parser (parser.zig) (+1 more reused dependencies)
|  |           +- run exe generate-parser (parser.zig) (+1 more reused dependencies)
|  |           +- run exe generate-parser (parser.zig) (+1 more reused dependencies)
|  |           +- run exe generate-parser (parser.zig) (+1 more reused dependencies)
|  |           +- run exe generate-parser (parser.zig) (+1 more reused dependencies)
|  +- run test 3 pass (3 total) 4ms MaxRSS:2M
|     +- compile test debug native success 2s MaxRSS:343M
|        +- run exe zxc (type_parser_template.zig) success 2s
|           +- compile exe zxc debug native (+84 more reused dependencies)
+- test-type-parser-parity transitive failure
   +- run test transitive failure
   |  +- compile test debug native transitive failure
   |     +- run exe zxc (type_parser_plain.zig) (+1 more reused dependencies)
   |     +- WriteFile interfaces/0.d.zx (+1 more reused dependencies)
   |     +- options (reused)
   |     +- run exe generate-parser (parser.zig) (+1 more reused dependencies)
   |     +- run exe generate-parser (parser.zig) (+1 more reused dependencies)
   |     +- run exe generate-parser (parser.zig) (+1 more reused dependencies)
   |     +- run exe generate-parser (parser.zig) (+1 more reused dependencies)
   |     +- run exe generate-parser (parser.zig) (+1 more reused dependencies)
   |     +- run exe generate-parser (parser.zig) (+1 more reused dependencies)
   |     +- run exe generate-parser (parser.zig) (+1 more reused dependencies)
   |     +- run exe generate-parser (parser.zig) (+1 more reused dependencies)
   |     +- run exe generate-parser (parser.zig) (+1 more reused dependencies)
   |     +- run exe generate-parser (parser.zig) (+1 more reused dependencies)
   |     +- run exe generate-parser (parser.zig) (+1 more reused dependencies)
   |     +- run exe generate-parser (parser.zig) (+1 more reused dependencies)
   |     +- run exe generate-parser (parser.zig) (+1 more reused dependencies)
   |     +- run exe generate-parser (parser.zig) (+1 more reused dependencies)
   |     +- run exe generate-parser (parser.zig) (+1 more reused dependencies)
   |     +- run exe generate-parser (parser.zig) (+1 more reused dependencies)
   |     +- run exe generate-parser (parser.zig) (+1 more reused dependencies)
   |     +- run exe generate-parser (parser.zig) (+1 more reused dependencies)
   |     +- run exe generate-parser (parser.zig) (+1 more reused dependencies)
   |     +- run exe generate-parser (parser.zig) (+1 more reused dependencies)
   |     +- run exe generate-parser (parser.zig) (+1 more reused dependencies)
   |     +- run exe generate-parser (parser.zig) (+1 more reused dependencies)
   |     +- run exe generate-parser (parser.zig) (+1 more reused dependencies)
   |     +- run exe generate-parser (parser.zig) (+1 more reused dependencies)
   |     +- run exe generate-parser (parser.zig) (+1 more reused dependencies)
   |     +- run exe generate-parser (parser.zig) (+1 more reused dependencies)
   |     +- run exe generate-parser (parser.zig) (+1 more reused dependencies)
   |     +- run exe generate-parser (parser.zig) (+1 more reused dependencies)
   |     +- run exe generate-parser (parser.zig) (+1 more reused dependencies)
   |     +- run exe generate-parser (parser.zig) (+1 more reused dependencies)
   |     +- run exe generate-parser (parser.zig) (+1 more reused dependencies)
   |     +- run exe generate-parser (parser.zig) (+1 more reused dependencies)
   |     +- run exe generate-parser (parser.zig) (+1 more reused dependencies)
   |     +- run exe generate-parser (parser.zig) (+1 more reused dependencies)
   |     +- run exe generate-parser (parser.zig) (+1 more reused dependencies)
   |     +- run exe generate-parser (parser.zig) (+1 more reused dependencies)
   |     +- run exe generate-lexer (lexer.zig) (+1 more reused dependencies)
   |     +- run exe generate-parser (parser.zig) (+1 more reused dependencies)
   |     +- run exe generate-parser (parser.zig) (+1 more reused dependencies)
   |     +- run exe generate-parser (parser.zig) (+1 more reused dependencies)
   |     +- run exe generate-parser (parser.zig) (+1 more reused dependencies)
   |     +- run exe generate-parser (parser.zig) (+1 more reused dependencies)
   |     +- run exe generate-parser (parser.zig) (+1 more reused dependencies)
   |     +- run exe generate-parser (parser.zig) (+1 more reused dependencies)
   |     +- run exe generate-parser (parser.zig) (+1 more reused dependencies)
   |     +- run exe generate-parser (parser.zig) (+1 more reused dependencies)
   |     +- run exe generate-parser (parser.zig) (+1 more reused dependencies)
   |     +- run exe generate-parser (parser.zig) (+1 more reused dependencies)
   |     +- run exe generate-parser (parser.zig) (+1 more reused dependencies)
   |     +- run exe generate-parser (parser.zig) (+1 more reused dependencies)
   |     +- run exe generate-parser (parser.zig) (+1 more reused dependencies)
   |     +- run exe generate-parser (parser.zig) (+1 more reused dependencies)
   |     +- run exe generate-parser (parser.zig) (+1 more reused dependencies)
   |     +- run exe generate-parser (parser.zig) (+1 more reused dependencies)
   |     +- run exe generate-parser (parser.zig) (+1 more reused dependencies)
   |     +- run exe generate-parser (parser.zig) (+1 more reused dependencies)
   |     +- run exe generate-parser (parser.zig) (+1 more reused dependencies)
   |     +- run exe generate-parser (parser.zig) (+1 more reused dependencies)
   |     +- run exe generate-parser (parser.zig) (+1 more reused dependencies)
   |     +- run exe generate-parser (parser.zig) (+1 more reused dependencies)
   |     +- run exe generate-parser (parser.zig) (+1 more reused dependencies)
   |     +- run exe generate-parser (parser.zig) (+1 more reused dependencies)
   |     +- run exe generate-parser (parser.zig) (+1 more reused dependencies)
   |     +- run exe generate-parser (parser.zig) (+1 more reused dependencies)
   |     +- run exe generate-parser (parser.zig) (+1 more reused dependencies)
   |     +- run exe generate-parser (parser.zig) (+1 more reused dependencies)
   |     +- run exe generate-parser (parser.zig) (+1 more reused dependencies)
   |     +- run exe generate-parser (parser.zig) (+1 more reused dependencies)
   +- run test transitive failure
   |  +- compile test debug native transitive failure
   |     +- run exe zxc (type_parser_plain.zig) (+1 more reused dependencies)
   |     +- WriteFile interfaces/0.d.zx (+1 more reused dependencies)
   |     +- options (reused)
   |     +- run exe generate-parser (parser.zig) (+1 more reused dependencies)
   |     +- run exe generate-parser (parser.zig) (+1 more reused dependencies)
   |     +- run exe generate-parser (parser.zig) (+1 more reused dependencies)
   |     +- run exe generate-parser (parser.zig) (+1 more reused dependencies)
   |     +- run exe generate-parser (parser.zig) (+1 more reused dependencies)
   |     +- run exe generate-parser (parser.zig) (+1 more reused dependencies)
   |     +- run exe generate-parser (parser.zig) (+1 more reused dependencies)
   |     +- run exe generate-parser (parser.zig) (+1 more reused dependencies)
   |     +- run exe generate-parser (parser.zig) (+1 more reused dependencies)
   |     +- run exe generate-parser (parser.zig) (+1 more reused dependencies)
   |     +- run exe generate-parser (parser.zig) (+1 more reused dependencies)
   |     +- run exe generate-parser (parser.zig) (+1 more reused dependencies)
   |     +- run exe generate-parser (parser.zig) (+1 more reused dependencies)
   |     +- run exe generate-parser (parser.zig) (+1 more reused dependencies)
   |     +- run exe generate-parser (parser.zig) (+1 more reused dependencies)
   |     +- run exe generate-parser (parser.zig) (+1 more reused dependencies)
   |     +- run exe generate-parser (parser.zig) (+1 more reused dependencies)
   |     +- run exe generate-parser (parser.zig) (+1 more reused dependencies)
   |     +- run exe generate-parser (parser.zig) (+1 more reused dependencies)
   |     +- run exe generate-parser (parser.zig) (+1 more reused dependencies)
   |     +- run exe generate-parser (parser.zig) (+1 more reused dependencies)
   |     +- run exe generate-parser (parser.zig) (+1 more reused dependencies)
   |     +- run exe generate-parser (parser.zig) (+1 more reused dependencies)
   |     +- run exe generate-parser (parser.zig) (+1 more reused dependencies)
   |     +- run exe generate-parser (parser.zig) (+1 more reused dependencies)
   |     +- run exe generate-parser (parser.zig) (+1 more reused dependencies)
   |     +- run exe generate-parser (parser.zig) (+1 more reused dependencies)
   |     +- run exe generate-parser (parser.zig) (+1 more reused dependencies)
   |     +- run exe generate-parser (parser.zig) (+1 more reused dependencies)
   |     +- run exe generate-parser (parser.zig) (+1 more reused dependencies)
   |     +- run exe generate-parser (parser.zig) (+1 more reused dependencies)
   |     +- run exe generate-parser (parser.zig) (+1 more reused dependencies)
   |     +- run exe generate-parser (parser.zig) (+1 more reused dependencies)
   |     +- run exe generate-parser (parser.zig) (+1 more reused dependencies)
   |     +- run exe generate-parser (parser.zig) (+1 more reused dependencies)
   |     +- run exe generate-parser (parser.zig) (+1 more reused dependencies)
   |     +- run exe generate-lexer (lexer.zig) (+1 more reused dependencies)
   |     +- run exe generate-parser (parser.zig) (+1 more reused dependencies)
   |     +- run exe generate-parser (parser.zig) (+1 more reused dependencies)
   |     +- run exe generate-parser (parser.zig) (+1 more reused dependencies)
   |     +- run exe generate-parser (parser.zig) (+1 more reused dependencies)
   |     +- run exe generate-parser (parser.zig) (+1 more reused dependencies)
   |     +- run exe generate-parser (parser.zig) (+1 more reused dependencies)
   |     +- run exe generate-parser (parser.zig) (+1 more reused dependencies)
   |     +- run exe generate-parser (parser.zig) (+1 more reused dependencies)
   |     +- run exe generate-parser (parser.zig) (+1 more reused dependencies)
   |     +- run exe generate-parser (parser.zig) (+1 more reused dependencies)
   |     +- run exe generate-parser (parser.zig) (+1 more reused dependencies)
   |     +- run exe generate-parser (parser.zig) (+1 more reused dependencies)
   |     +- run exe generate-parser (parser.zig) (+1 more reused dependencies)
   |     +- run exe generate-parser (parser.zig) (+1 more reused dependencies)
   |     +- run exe generate-parser (parser.zig) (+1 more reused dependencies)
   |     +- run exe generate-parser (parser.zig) (+1 more reused dependencies)
   |     +- run exe generate-parser (parser.zig) (+1 more reused dependencies)
   |     +- run exe generate-parser (parser.zig) (+1 more reused dependencies)
   |     +- run exe generate-parser (parser.zig) (+1 more reused dependencies)
   |     +- run exe generate-parser (parser.zig) (+1 more reused dependencies)
   |     +- run exe generate-parser (parser.zig) (+1 more reused dependencies)
   |     +- run exe generate-parser (parser.zig) (+1 more reused dependencies)
   |     +- run exe generate-parser (parser.zig) (+1 more reused dependencies)
   |     +- run exe generate-parser (parser.zig) (+1 more reused dependencies)
   |     +- run exe generate-parser (parser.zig) (+1 more reused dependencies)
   |     +- run exe generate-parser (parser.zig) (+1 more reused dependencies)
   |     +- run exe generate-parser (parser.zig) (+1 more reused dependencies)
   |     +- run exe generate-parser (parser.zig) (+1 more reused dependencies)
   |     +- run exe generate-parser (parser.zig) (+1 more reused dependencies)
   |     +- run exe generate-parser (parser.zig) (+1 more reused dependencies)
   |     +- run exe generate-parser (parser.zig) (+1 more reused dependencies)
   +- run test 3 pass (3 total) 574ms MaxRSS:5M
   |  +- compile test debug native success 2s MaxRSS:449M
   |     +- run exe zxc (type_parser_template.zig) (+1 more reused dependencies)
   |     +- WriteFile interfaces/0.d.zx (+1 more reused dependencies)
   |     +- options (reused)
   |     +- run exe generate-parser (parser.zig) (+1 more reused dependencies)
   |     +- run exe generate-parser (parser.zig) (+1 more reused dependencies)
   |     +- run exe generate-parser (parser.zig) (+1 more reused dependencies)
   |     +- run exe generate-parser (parser.zig) (+1 more reused dependencies)
   |     +- run exe generate-parser (parser.zig) (+1 more reused dependencies)
   |     +- run exe generate-parser (parser.zig) (+1 more reused dependencies)
   |     +- run exe generate-parser (parser.zig) (+1 more reused dependencies)
   |     +- run exe generate-parser (parser.zig) (+1 more reused dependencies)
   |     +- run exe generate-parser (parser.zig) (+1 more reused dependencies)
   |     +- run exe generate-parser (parser.zig) (+1 more reused dependencies)
   |     +- run exe generate-parser (parser.zig) (+1 more reused dependencies)
   |     +- run exe generate-parser (parser.zig) (+1 more reused dependencies)
   |     +- run exe generate-parser (parser.zig) (+1 more reused dependencies)
   |     +- run exe generate-parser (parser.zig) (+1 more reused dependencies)
   |     +- run exe generate-parser (parser.zig) (+1 more reused dependencies)
   |     +- run exe generate-parser (parser.zig) (+1 more reused dependencies)
   |     +- run exe generate-parser (parser.zig) (+1 more reused dependencies)
   |     +- run exe generate-parser (parser.zig) (+1 more reused dependencies)
   |     +- run exe generate-parser (parser.zig) (+1 more reused dependencies)
   |     +- run exe generate-parser (parser.zig) (+1 more reused dependencies)
   |     +- run exe generate-parser (parser.zig) (+1 more reused dependencies)
   |     +- run exe generate-parser (parser.zig) (+1 more reused dependencies)
   |     +- run exe generate-parser (parser.zig) (+1 more reused dependencies)
   |     +- run exe generate-parser (parser.zig) (+1 more reused dependencies)
   |     +- run exe generate-parser (parser.zig) (+1 more reused dependencies)
   |     +- run exe generate-parser (parser.zig) (+1 more reused dependencies)
   |     +- run exe generate-parser (parser.zig) (+1 more reused dependencies)
   |     +- run exe generate-parser (parser.zig) (+1 more reused dependencies)
   |     +- run exe generate-parser (parser.zig) (+1 more reused dependencies)
   |     +- run exe generate-parser (parser.zig) (+1 more reused dependencies)
   |     +- run exe generate-parser (parser.zig) (+1 more reused dependencies)
   |     +- run exe generate-parser (parser.zig) (+1 more reused dependencies)
   |     +- run exe generate-parser (parser.zig) (+1 more reused dependencies)
   |     +- run exe generate-parser (parser.zig) (+1 more reused dependencies)
   |     +- run exe generate-parser (parser.zig) (+1 more reused dependencies)
   |     +- run exe generate-parser (parser.zig) (+1 more reused dependencies)
   |     +- run exe generate-lexer (lexer.zig) (+1 more reused dependencies)
   |     +- run exe generate-parser (parser.zig) (+1 more reused dependencies)
   |     +- run exe generate-parser (parser.zig) (+1 more reused dependencies)
   |     +- run exe generate-parser (parser.zig) (+1 more reused dependencies)
   |     +- run exe generate-parser (parser.zig) (+1 more reused dependencies)
   |     +- run exe generate-parser (parser.zig) (+1 more reused dependencies)
   |     +- run exe generate-parser (parser.zig) (+1 more reused dependencies)
   |     +- run exe generate-parser (parser.zig) (+1 more reused dependencies)
   |     +- run exe generate-parser (parser.zig) (+1 more reused dependencies)
   |     +- run exe generate-parser (parser.zig) (+1 more reused dependencies)
   |     +- run exe generate-parser (parser.zig) (+1 more reused dependencies)
   |     +- run exe generate-parser (parser.zig) (+1 more reused dependencies)
   |     +- run exe generate-parser (parser.zig) (+1 more reused dependencies)
   |     +- run exe generate-parser (parser.zig) (+1 more reused dependencies)
   |     +- run exe generate-parser (parser.zig) (+1 more reused dependencies)
   |     +- run exe generate-parser (parser.zig) (+1 more reused dependencies)
   |     +- run exe generate-parser (parser.zig) (+1 more reused dependencies)
   |     +- run exe generate-parser (parser.zig) (+1 more reused dependencies)
   |     +- run exe generate-parser (parser.zig) (+1 more reused dependencies)
   |     +- run exe generate-parser (parser.zig) (+1 more reused dependencies)
   |     +- run exe generate-parser (parser.zig) (+1 more reused dependencies)
   |     +- run exe generate-parser (parser.zig) (+1 more reused dependencies)
   |     +- run exe generate-parser (parser.zig) (+1 more reused dependencies)
   |     +- run exe generate-parser (parser.zig) (+1 more reused dependencies)
   |     +- run exe generate-parser (parser.zig) (+1 more reused dependencies)
   |     +- run exe generate-parser (parser.zig) (+1 more reused dependencies)
   |     +- run exe generate-parser (parser.zig) (+1 more reused dependencies)
   |     +- run exe generate-parser (parser.zig) (+1 more reused dependencies)
   |     +- run exe generate-parser (parser.zig) (+1 more reused dependencies)
   |     +- run exe generate-parser (parser.zig) (+1 more reused dependencies)
   |     +- run exe generate-parser (parser.zig) (+1 more reused dependencies)
   |     +- run exe generate-parser (parser.zig) (+1 more reused dependencies)
   +- run test 2 pass (2 total) 2s MaxRSS:2M
      +- compile test debug native success 2s MaxRSS:448M
         +- run exe zxc (type_parser_template.zig) (+1 more reused dependencies)
         +- WriteFile interfaces/0.d.zx (+1 more reused dependencies)
         +- options (reused)
         +- run exe generate-parser (parser.zig) (+1 more reused dependencies)
         +- run exe generate-parser (parser.zig) (+1 more reused dependencies)
         +- run exe generate-parser (parser.zig) (+1 more reused dependencies)
         +- run exe generate-parser (parser.zig) (+1 more reused dependencies)
         +- run exe generate-parser (parser.zig) (+1 more reused dependencies)
         +- run exe generate-parser (parser.zig) (+1 more reused dependencies)
         +- run exe generate-parser (parser.zig) (+1 more reused dependencies)
         +- run exe generate-parser (parser.zig) (+1 more reused dependencies)
         +- run exe generate-parser (parser.zig) (+1 more reused dependencies)
         +- run exe generate-parser (parser.zig) (+1 more reused dependencies)
         +- run exe generate-parser (parser.zig) (+1 more reused dependencies)
         +- run exe generate-parser (parser.zig) (+1 more reused dependencies)
         +- run exe generate-parser (parser.zig) (+1 more reused dependencies)
         +- run exe generate-parser (parser.zig) (+1 more reused dependencies)
         +- run exe generate-parser (parser.zig) (+1 more reused dependencies)
         +- run exe generate-parser (parser.zig) (+1 more reused dependencies)
         +- run exe generate-parser (parser.zig) (+1 more reused dependencies)
         +- run exe generate-parser (parser.zig) (+1 more reused dependencies)
         +- run exe generate-parser (parser.zig) (+1 more reused dependencies)
         +- run exe generate-parser (parser.zig) (+1 more reused dependencies)
         +- run exe generate-parser (parser.zig) (+1 more reused dependencies)
         +- run exe generate-parser (parser.zig) (+1 more reused dependencies)
         +- run exe generate-parser (parser.zig) (+1 more reused dependencies)
         +- run exe generate-parser (parser.zig) (+1 more reused dependencies)
         +- run exe generate-parser (parser.zig) (+1 more reused dependencies)
         +- run exe generate-parser (parser.zig) (+1 more reused dependencies)
         +- run exe generate-parser (parser.zig) (+1 more reused dependencies)
         +- run exe generate-parser (parser.zig) (+1 more reused dependencies)
         +- run exe generate-parser (parser.zig) (+1 more reused dependencies)
         +- run exe generate-parser (parser.zig) (+1 more reused dependencies)
         +- run exe generate-parser (parser.zig) (+1 more reused dependencies)
         +- run exe generate-parser (parser.zig) (+1 more reused dependencies)
         +- run exe generate-parser (parser.zig) (+1 more reused dependencies)
         +- run exe generate-parser (parser.zig) (+1 more reused dependencies)
         +- run exe generate-parser (parser.zig) (+1 more reused dependencies)
         +- run exe generate-parser (parser.zig) (+1 more reused dependencies)
         +- run exe generate-lexer (lexer.zig) (+1 more reused dependencies)
         +- run exe generate-parser (parser.zig) (+1 more reused dependencies)
         +- run exe generate-parser (parser.zig) (+1 more reused dependencies)
         +- run exe generate-parser (parser.zig) (+1 more reused dependencies)
         +- run exe generate-parser (parser.zig) (+1 more reused dependencies)
         +- run exe generate-parser (parser.zig) (+1 more reused dependencies)
         +- run exe generate-parser (parser.zig) (+1 more reused dependencies)
         +- run exe generate-parser (parser.zig) (+1 more reused dependencies)
         +- run exe generate-parser (parser.zig) (+1 more reused dependencies)
         +- run exe generate-parser (parser.zig) (+1 more reused dependencies)
         +- run exe generate-parser (parser.zig) (+1 more reused dependencies)
         +- run exe generate-parser (parser.zig) (+1 more reused dependencies)
         +- run exe generate-parser (parser.zig) (+1 more reused dependencies)
         +- run exe generate-parser (parser.zig) (+1 more reused dependencies)
         +- run exe generate-parser (parser.zig) (+1 more reused dependencies)
         +- run exe generate-parser (parser.zig) (+1 more reused dependencies)
         +- run exe generate-parser (parser.zig) (+1 more reused dependencies)
         +- run exe generate-parser (parser.zig) (+1 more reused dependencies)
         +- run exe generate-parser (parser.zig) (+1 more reused dependencies)
         +- run exe generate-parser (parser.zig) (+1 more reused dependencies)
         +- run exe generate-parser (parser.zig) (+1 more reused dependencies)
         +- run exe generate-parser (parser.zig) (+1 more reused dependencies)
         +- run exe generate-parser (parser.zig) (+1 more reused dependencies)
         +- run exe generate-parser (parser.zig) (+1 more reused dependencies)
         +- run exe generate-parser (parser.zig) (+1 more reused dependencies)
         +- run exe generate-parser (parser.zig) (+1 more reused dependencies)
         +- run exe generate-parser (parser.zig) (+1 more reused dependencies)
         +- run exe generate-parser (parser.zig) (+1 more reused dependencies)
         +- run exe generate-parser (parser.zig) (+1 more reused dependencies)
         +- run exe generate-parser (parser.zig) (+1 more reused dependencies)
         +- run exe generate-parser (parser.zig) (+1 more reused dependencies)
         +- run exe generate-parser (parser.zig) (+1 more reused dependencies)
test-scanner-metadata success
+- run test 3 pass (3 total) 132ms MaxRSS:1M
|  +- compile test debug native success 1s MaxRSS:289M
|     +- run exe generate-lexer (lexer.zig) (+1 more reused dependencies)
+- run test 4 pass (4 total) 50ms MaxRSS:1M
|  +- compile test debug native success 1s MaxRSS:300M
|     +- run exe generate-lexer (lexer.zig) (+1 more reused dependencies)
+- run test 1 pass (1 total) 86ms MaxRSS:1M
|  +- compile test debug native success 1s MaxRSS:291M
|     +- run exe generate-lexer (lexer.zig) (+1 more reused dependencies)
+- run test 1 pass (1 total) 19ms MaxRSS:1M
|  +- compile test debug native success 1s MaxRSS:296M
|     +- run exe generate-lexer (lexer.zig) (+1 more reused dependencies)
+- run test 2 pass (2 total) 2ms MaxRSS:1M
   +- compile test debug native success 1s MaxRSS:304M
      +- run exe generate-lexer (lexer.zig) (+1 more reused dependencies)
