Build Summary: 31/31 steps succeeded; 63/63 tests passed
test-type-resolution success
+- run test type-resolution-initialization 10 pass (10 total) 2ms MaxRSS:1M
|  +- compile test type-resolution-initialization safe native success 10s MaxRSS:406M
|     +- WriteFile interfaces/0.d.zx cached
|     |  +- run exe standard-catalog (catalog.zig) cached
|     |     +- compile exe standard-catalog fast native cached 49ms MaxRSS:21M
|     |     +- WriteFile catalog.json cached
|     +- options cached
|     +- run exe generate-parser (parser.zig) success 24s
|     |  +- compile exe generate-parser safe native success 29s MaxRSS:780M
|     |     +- options cached
|     |     +- WriteFile interfaces/0.d.zx cached
|     |     |  +- run exe standard-catalog (catalog.zig) cached
|     |     |     +- compile exe standard-catalog fast native cached 49ms MaxRSS:21M
|     |     |     +- WriteFile catalog.json cached
|     |     +- options cached
|     +- run exe generate-parser (parser.zig) (+1 more reused dependencies)
|     +- run exe generate-parser (parser.zig) (+1 more reused dependencies)
|     +- run exe generate-parser (parser.zig) (+1 more reused dependencies)
|     +- run exe generate-parser (parser.zig) (+1 more reused dependencies)
|     +- run exe generate-parser (parser.zig) (+1 more reused dependencies)
|     +- run exe generate-parser (parser.zig) (+1 more reused dependencies)
|     +- run exe generate-parser (parser.zig) (+1 more reused dependencies)
|     +- run exe generate-parser (parser.zig) (+1 more reused dependencies)
|     +- run exe generate-parser (parser.zig) (+1 more reused dependencies)
|     +- run exe generate-parser (parser.zig) (+1 more reused dependencies)
|     +- run exe generate-parser (parser.zig) (+1 more reused dependencies)
|     +- run exe generate-parser (parser.zig) (+1 more reused dependencies)
|     +- run exe generate-parser (parser.zig) (+1 more reused dependencies)
|     +- run exe generate-parser (parser.zig) (+1 more reused dependencies)
|     +- run exe generate-parser (parser.zig) (+1 more reused dependencies)
|     +- run exe generate-parser (parser.zig) (+1 more reused dependencies)
|     +- run exe generate-parser (parser.zig) (+1 more reused dependencies)
|     +- run exe generate-parser (parser.zig) (+1 more reused dependencies)
|     +- run exe generate-lexer (lexer.zig) success 19ms
|     |  +- compile exe generate-lexer safe native success 24s MaxRSS:709M
|     |     +- WriteFile interfaces/0.d.zx cached
|     |     |  +- run exe standard-catalog (catalog.zig) cached
|     |     |     +- compile exe standard-catalog fast native cached 43ms MaxRSS:21M
|     |     |     +- WriteFile catalog.json cached
|     |     +- options cached
|     +- run exe generate-parser (parser.zig) (+1 more reused dependencies)
|     +- run exe generate-parser (parser.zig) (+1 more reused dependencies)
|     +- run exe generate-parser (parser.zig) (+1 more reused dependencies)
|     +- run exe generate-parser (parser.zig) (+1 more reused dependencies)
|     +- run exe generate-parser (parser.zig) (+1 more reused dependencies)
|     +- run exe generate-parser (parser.zig) (+1 more reused dependencies)
|     +- run exe generate-parser (parser.zig) (+1 more reused dependencies)
|     +- run exe generate-parser (parser.zig) (+1 more reused dependencies)
|     +- run exe generate-parser (parser.zig) (+1 more reused dependencies)
|     +- run exe generate-parser (parser.zig) (+1 more reused dependencies)
|     +- run exe generate-parser (parser.zig) (+1 more reused dependencies)
|     +- run exe generate-parser (parser.zig) (+1 more reused dependencies)
|     +- run exe generate-parser (parser.zig) (+1 more reused dependencies)
|     +- run exe generate-parser (parser.zig) (+1 more reused dependencies)
+- run test type-resolution-names 19 pass (19 total) 12ms MaxRSS:4M
|  +- compile test type-resolution-names safe native success 10s MaxRSS:413M
|     +- WriteFile interfaces/0.d.zx (+1 more reused dependencies)
|     +- options (reused)
|     +- run exe generate-parser (parser.zig) (+1 more reused dependencies)
|     +- run exe generate-parser (parser.zig) (+1 more reused dependencies)
|     +- run exe generate-parser (parser.zig) (+1 more reused dependencies)
|     +- run exe generate-parser (parser.zig) (+1 more reused dependencies)
|     +- run exe generate-parser (parser.zig) (+1 more reused dependencies)
|     +- run exe generate-parser (parser.zig) (+1 more reused dependencies)
|     +- run exe generate-parser (parser.zig) (+1 more reused dependencies)
|     +- run exe generate-parser (parser.zig) (+1 more reused dependencies)
|     +- run exe generate-parser (parser.zig) (+1 more reused dependencies)
|     +- run exe generate-parser (parser.zig) (+1 more reused dependencies)
|     +- run exe generate-parser (parser.zig) (+1 more reused dependencies)
|     +- run exe generate-parser (parser.zig) (+1 more reused dependencies)
|     +- run exe generate-parser (parser.zig) (+1 more reused dependencies)
|     +- run exe generate-parser (parser.zig) (+1 more reused dependencies)
|     +- run exe generate-parser (parser.zig) (+1 more reused dependencies)
|     +- run exe generate-parser (parser.zig) (+1 more reused dependencies)
|     +- run exe generate-parser (parser.zig) (+1 more reused dependencies)
|     +- run exe generate-parser (parser.zig) (+1 more reused dependencies)
|     +- run exe generate-parser (parser.zig) (+1 more reused dependencies)
|     +- run exe generate-lexer (lexer.zig) (+1 more reused dependencies)
|     +- run exe generate-parser (parser.zig) (+1 more reused dependencies)
|     +- run exe generate-parser (parser.zig) (+1 more reused dependencies)
|     +- run exe generate-parser (parser.zig) (+1 more reused dependencies)
|     +- run exe generate-parser (parser.zig) (+1 more reused dependencies)
|     +- run exe generate-parser (parser.zig) (+1 more reused dependencies)
|     +- run exe generate-parser (parser.zig) (+1 more reused dependencies)
|     +- run exe generate-parser (parser.zig) (+1 more reused dependencies)
|     +- run exe generate-parser (parser.zig) (+1 more reused dependencies)
|     +- run exe generate-parser (parser.zig) (+1 more reused dependencies)
|     +- run exe generate-parser (parser.zig) (+1 more reused dependencies)
|     +- run exe generate-parser (parser.zig) (+1 more reused dependencies)
|     +- run exe generate-parser (parser.zig) (+1 more reused dependencies)
|     +- run exe generate-parser (parser.zig) (+1 more reused dependencies)
|     +- run exe generate-parser (parser.zig) (+1 more reused dependencies)
+- run test type-resolution-nodes 20 pass (20 total) 2ms MaxRSS:1M
|  +- compile test type-resolution-nodes safe native success 11s MaxRSS:467M
|     +- WriteFile interfaces/0.d.zx (+1 more reused dependencies)
|     +- options (reused)
|     +- run exe generate-parser (parser.zig) (+1 more reused dependencies)
|     +- run exe generate-parser (parser.zig) (+1 more reused dependencies)
|     +- run exe generate-parser (parser.zig) (+1 more reused dependencies)
|     +- run exe generate-parser (parser.zig) (+1 more reused dependencies)
|     +- run exe generate-parser (parser.zig) (+1 more reused dependencies)
|     +- run exe generate-parser (parser.zig) (+1 more reused dependencies)
|     +- run exe generate-parser (parser.zig) (+1 more reused dependencies)
|     +- run exe generate-parser (parser.zig) (+1 more reused dependencies)
|     +- run exe generate-parser (parser.zig) (+1 more reused dependencies)
|     +- run exe generate-parser (parser.zig) (+1 more reused dependencies)
|     +- run exe generate-parser (parser.zig) (+1 more reused dependencies)
|     +- run exe generate-parser (parser.zig) (+1 more reused dependencies)
|     +- run exe generate-parser (parser.zig) (+1 more reused dependencies)
|     +- run exe generate-parser (parser.zig) (+1 more reused dependencies)
|     +- run exe generate-parser (parser.zig) (+1 more reused dependencies)
|     +- run exe generate-parser (parser.zig) (+1 more reused dependencies)
|     +- run exe generate-parser (parser.zig) (+1 more reused dependencies)
|     +- run exe generate-parser (parser.zig) (+1 more reused dependencies)
|     +- run exe generate-parser (parser.zig) (+1 more reused dependencies)
|     +- run exe generate-lexer (lexer.zig) (+1 more reused dependencies)
|     +- run exe generate-parser (parser.zig) (+1 more reused dependencies)
|     +- run exe generate-parser (parser.zig) (+1 more reused dependencies)
|     +- run exe generate-parser (parser.zig) (+1 more reused dependencies)
|     +- run exe generate-parser (parser.zig) (+1 more reused dependencies)
|     +- run exe generate-parser (parser.zig) (+1 more reused dependencies)
|     +- run exe generate-parser (parser.zig) (+1 more reused dependencies)
|     +- run exe generate-parser (parser.zig) (+1 more reused dependencies)
|     +- run exe generate-parser (parser.zig) (+1 more reused dependencies)
|     +- run exe generate-parser (parser.zig) (+1 more reused dependencies)
|     +- run exe generate-parser (parser.zig) (+1 more reused dependencies)
|     +- run exe generate-parser (parser.zig) (+1 more reused dependencies)
|     +- run exe generate-parser (parser.zig) (+1 more reused dependencies)
|     +- run exe generate-parser (parser.zig) (+1 more reused dependencies)
|     +- run exe generate-parser (parser.zig) (+1 more reused dependencies)
+- run test type-resolution-views 9 pass (9 total) 40ms MaxRSS:22M
|  +- compile test type-resolution-views safe native success 36s MaxRSS:1G
|     +- WriteFile interfaces/0.d.zx (+1 more reused dependencies)
|     +- options (reused)
|     +- run exe generate-parser (parser.zig) (+1 more reused dependencies)
|     +- run exe generate-parser (parser.zig) (+1 more reused dependencies)
|     +- run exe generate-parser (parser.zig) (+1 more reused dependencies)
|     +- run exe generate-parser (parser.zig) (+1 more reused dependencies)
|     +- run exe generate-parser (parser.zig) (+1 more reused dependencies)
|     +- run exe generate-parser (parser.zig) (+1 more reused dependencies)
|     +- run exe generate-parser (parser.zig) (+1 more reused dependencies)
|     +- run exe generate-parser (parser.zig) (+1 more reused dependencies)
|     +- run exe generate-parser (parser.zig) (+1 more reused dependencies)
|     +- run exe generate-parser (parser.zig) (+1 more reused dependencies)
|     +- run exe generate-parser (parser.zig) (+1 more reused dependencies)
|     +- run exe generate-parser (parser.zig) (+1 more reused dependencies)
|     +- run exe generate-parser (parser.zig) (+1 more reused dependencies)
|     +- run exe generate-parser (parser.zig) (+1 more reused dependencies)
|     +- run exe generate-parser (parser.zig) (+1 more reused dependencies)
|     +- run exe generate-parser (parser.zig) (+1 more reused dependencies)
|     +- run exe generate-parser (parser.zig) (+1 more reused dependencies)
|     +- run exe generate-parser (parser.zig) (+1 more reused dependencies)
|     +- run exe generate-parser (parser.zig) (+1 more reused dependencies)
|     +- run exe generate-lexer (lexer.zig) (+1 more reused dependencies)
|     +- run exe generate-parser (parser.zig) (+1 more reused dependencies)
|     +- run exe generate-parser (parser.zig) (+1 more reused dependencies)
|     +- run exe generate-parser (parser.zig) (+1 more reused dependencies)
|     +- run exe generate-parser (parser.zig) (+1 more reused dependencies)
|     +- run exe generate-parser (parser.zig) (+1 more reused dependencies)
|     +- run exe generate-parser (parser.zig) (+1 more reused dependencies)
|     +- run exe generate-parser (parser.zig) (+1 more reused dependencies)
|     +- run exe generate-parser (parser.zig) (+1 more reused dependencies)
|     +- run exe generate-parser (parser.zig) (+1 more reused dependencies)
|     +- run exe generate-parser (parser.zig) (+1 more reused dependencies)
|     +- run exe generate-parser (parser.zig) (+1 more reused dependencies)
|     +- run exe generate-parser (parser.zig) (+1 more reused dependencies)
|     +- run exe generate-parser (parser.zig) (+1 more reused dependencies)
|     +- run exe generate-parser (parser.zig) (+1 more reused dependencies)
+- run test type-resolution-resources 5 pass (5 total) 8ms MaxRSS:1M
   +- compile test type-resolution-resources safe native success 20s MaxRSS:791M
      +- WriteFile interfaces/0.d.zx (+1 more reused dependencies)
      +- options (reused)
      +- run exe generate-parser (parser.zig) (+1 more reused dependencies)
      +- run exe generate-parser (parser.zig) (+1 more reused dependencies)
      +- run exe generate-parser (parser.zig) (+1 more reused dependencies)
      +- run exe generate-parser (parser.zig) (+1 more reused dependencies)
      +- run exe generate-parser (parser.zig) (+1 more reused dependencies)
      +- run exe generate-parser (parser.zig) (+1 more reused dependencies)
      +- run exe generate-parser (parser.zig) (+1 more reused dependencies)
      +- run exe generate-parser (parser.zig) (+1 more reused dependencies)
      +- run exe generate-parser (parser.zig) (+1 more reused dependencies)
      +- run exe generate-parser (parser.zig) (+1 more reused dependencies)
      +- run exe generate-parser (parser.zig) (+1 more reused dependencies)
      +- run exe generate-parser (parser.zig) (+1 more reused dependencies)
      +- run exe generate-parser (parser.zig) (+1 more reused dependencies)
      +- run exe generate-parser (parser.zig) (+1 more reused dependencies)
      +- run exe generate-parser (parser.zig) (+1 more reused dependencies)
      +- run exe generate-parser (parser.zig) (+1 more reused dependencies)
      +- run exe generate-parser (parser.zig) (+1 more reused dependencies)
      +- run exe generate-parser (parser.zig) (+1 more reused dependencies)
      +- run exe generate-parser (parser.zig) (+1 more reused dependencies)
      +- run exe generate-lexer (lexer.zig) (+1 more reused dependencies)
      +- run exe generate-parser (parser.zig) (+1 more reused dependencies)
      +- run exe generate-parser (parser.zig) (+1 more reused dependencies)
      +- run exe generate-parser (parser.zig) (+1 more reused dependencies)
      +- run exe generate-parser (parser.zig) (+1 more reused dependencies)
      +- run exe generate-parser (parser.zig) (+1 more reused dependencies)
      +- run exe generate-parser (parser.zig) (+1 more reused dependencies)
      +- run exe generate-parser (parser.zig) (+1 more reused dependencies)
      +- run exe generate-parser (parser.zig) (+1 more reused dependencies)
      +- run exe generate-parser (parser.zig) (+1 more reused dependencies)
      +- run exe generate-parser (parser.zig) (+1 more reused dependencies)
      +- run exe generate-parser (parser.zig) (+1 more reused dependencies)
      +- run exe generate-parser (parser.zig) (+1 more reused dependencies)
      +- run exe generate-parser (parser.zig) (+1 more reused dependencies)
      +- run exe generate-parser (parser.zig) (+1 more reused dependencies)
