Build Summary: 22/22 steps succeeded; 896/896 tests passed
test-url-parser success
+- run test 100 pass (100 total) 17ms MaxRSS:2M
|  +- compile test Debug native success 1s MaxRSS:335M
|     +- run exe standard-types (standard_abi.zig) success 11ms
|        +- compile exe standard-types Debug native success 2s MaxRSS:430M
|           +- WriteFile interfaces/0.d.zx success
+- run test 100 pass (100 total) 16ms MaxRSS:2M
|  +- compile test Debug native success 1s MaxRSS:333M
|     +- run exe standard-types (standard_abi.zig) (+1 more reused dependencies)
+- run test 100 pass (100 total) 15ms MaxRSS:2M
|  +- compile test Debug native success 1s MaxRSS:319M
|     +- run exe standard-types (standard_abi.zig) (+1 more reused dependencies)
+- run test 100 pass (100 total) 15ms MaxRSS:2M
|  +- compile test Debug native success 1s MaxRSS:335M
|     +- run exe standard-types (standard_abi.zig) (+1 more reused dependencies)
+- run test 100 pass (100 total) 12ms MaxRSS:2M
|  +- compile test Debug native success 1s MaxRSS:336M
|     +- run exe standard-types (standard_abi.zig) (+1 more reused dependencies)
+- run test 100 pass (100 total) 15ms MaxRSS:2M
|  +- compile test Debug native success 1s MaxRSS:337M
|     +- run exe standard-types (standard_abi.zig) (+1 more reused dependencies)
+- run test 100 pass (100 total) 15ms MaxRSS:2M
|  +- compile test Debug native success 1s MaxRSS:338M
|     +- run exe standard-types (standard_abi.zig) (+1 more reused dependencies)
+- run test 100 pass (100 total) 14ms MaxRSS:2M
|  +- compile test Debug native success 1s MaxRSS:340M
|     +- run exe standard-types (standard_abi.zig) (+1 more reused dependencies)
+- run test 96 pass (96 total) 15ms MaxRSS:2M
   +- compile test Debug native success 1s MaxRSS:324M
      +- run exe standard-types (standard_abi.zig) (+1 more reused dependencies)
