Build Summary: 22/22 steps succeeded; 896/896 tests passed
test-url-parser success
+- run test 100 pass (100 total) 8ms MaxRSS:1M
|  +- compile test ReleaseSafe native success 8s MaxRSS:398M
|     +- run exe standard-types (standard_abi.zig) success 3ms
|        +- compile exe standard-types ReleaseSafe native success 15s MaxRSS:538M
|           +- WriteFile interfaces/0.d.zx cached
+- run test 100 pass (100 total) 9ms MaxRSS:1M
|  +- compile test ReleaseSafe native success 8s MaxRSS:400M
|     +- run exe standard-types (standard_abi.zig) (+1 more reused dependencies)
+- run test 100 pass (100 total) 8ms MaxRSS:1M
|  +- compile test ReleaseSafe native success 7s MaxRSS:411M
|     +- run exe standard-types (standard_abi.zig) (+1 more reused dependencies)
+- run test 100 pass (100 total) 8ms MaxRSS:1M
|  +- compile test ReleaseSafe native success 8s MaxRSS:371M
|     +- run exe standard-types (standard_abi.zig) (+1 more reused dependencies)
+- run test 100 pass (100 total) 7ms MaxRSS:1M
|  +- compile test ReleaseSafe native success 8s MaxRSS:404M
|     +- run exe standard-types (standard_abi.zig) (+1 more reused dependencies)
+- run test 100 pass (100 total) 7ms MaxRSS:1M
|  +- compile test ReleaseSafe native success 8s MaxRSS:377M
|     +- run exe standard-types (standard_abi.zig) (+1 more reused dependencies)
+- run test 100 pass (100 total) 7ms MaxRSS:1M
|  +- compile test ReleaseSafe native success 8s MaxRSS:414M
|     +- run exe standard-types (standard_abi.zig) (+1 more reused dependencies)
+- run test 100 pass (100 total) 8ms MaxRSS:1M
|  +- compile test ReleaseSafe native success 8s MaxRSS:350M
|     +- run exe standard-types (standard_abi.zig) (+1 more reused dependencies)
+- run test 96 pass (96 total) 7ms MaxRSS:1M
   +- compile test ReleaseSafe native success 8s MaxRSS:433M
      +- run exe standard-types (standard_abi.zig) (+1 more reused dependencies)
