✔ semantic lint / valid main.zx ignores unreachable invalid source (12.162963ms)
✔ semantic lint / valid pkg.yaml ignores unreachable invalid source (5.16271ms)
✔ semantic lint / type failure and selection / nested/increment.zx (10.589177ms)
✔ semantic lint / type failure and selection / extra.zx (10.140352ms)
✔ semantic lint / entry fallback (4.467265ms)
✔ semantic lint / no public modules (4.096473ms)
✔ semantic lint / missing import (3.896043ms)
✔ semantic lint / reachable formatting (3.775851ms)
✔ semantic lint / import cycle (3.885803ms)
✔ semantic lint / explicit project path / pkg.yaml (4.122802ms)
✔ semantic lint / explicit project path / ./pkg.yaml (3.962492ms)
✔ semantic lint / explicit project path / nested/../pkg.yaml (3.928002ms)
✔ semantic lint / explicit project path / absolute (4.268629ms)
ℹ tests 13
ℹ suites 0
ℹ pass 13
ℹ fail 0
ℹ cancelled 0
ℹ skipped 0
ℹ todo 0
ℹ duration_ms 78.149758
✔ semantic lint / invalid options / lint main.zx --semantic --semantic (11.554099ms)
✔ semantic lint / invalid options / lint main.zx --project pkg.yaml (3.607955ms)
✔ semantic lint / invalid options / lint main.zx --semantic --kind manifest (3.312248ms)
✔ semantic lint / invalid options / fmt main.zx --semantic (3.549699ms)
✔ semantic lint / invalid options / lint main.zx --semantic --out output (3.006058ms)
ℹ tests 5
ℹ suites 0
ℹ pass 5
ℹ fail 0
ℹ cancelled 0
ℹ skipped 0
ℹ todo 0
ℹ duration_ms 28.579878
✔ workspace lint / declared scope / explicit semantic false (14.378327ms)
✔ workspace lint / declared scope / explicit semantic true (7.227517ms)
✔ workspace lint / independent member errors accumulate (6.7425ms)
✔ workspace lint / rejects duplicate package name (5.083883ms)
✔ workspace lint / rejects missing workspace dependency (5.322346ms)
✔ workspace lint / rejects dependency cycle (5.407195ms)
✔ workspace lint / rejects missing entry (6.342517ms)
✔ workspace lint / rejects uninstalled external (5.487133ms)
✔ workspace lint / rejects organization formatting (6.84305ms)
✔ workspace lint / root manifest directory symlink (23.735717ms)
✔ workspace lint / invalid options / lint pkg.yaml --workspace --workspace (4.968536ms)
✔ workspace lint / invalid options / lint pkg.yaml --workspace --project pkg.yaml (4.674339ms)
✔ workspace lint / invalid options / lint pkg.yaml --workspace --kind manifest (4.605742ms)
✔ workspace lint / invalid options / fmt pkg.yaml --workspace (4.618455ms)
✔ workspace lint / source input rejected (4.528386ms)
ℹ tests 15
ℹ suites 0
ℹ pass 15
ℹ fail 0
ℹ cancelled 0
ℹ skipped 0
ℹ todo 0
ℹ duration_ms 113.621781
✔ compiled semantic lint / no original sources / lint main.zx --semantic (11.734715ms)
✔ compiled semantic lint / no original sources / lint main.rx --semantic (5.14857ms)
✔ compiled semantic lint / no original sources / lint pkg.yaml --semantic (6.055075ms)
✔ compiled semantic lint / no original sources / lint pkgs/bundle/pkg.yaml --semantic (4.533246ms)
✔ compiled semantic lint / no original sources / lint pkg.yaml --workspace (5.184229ms)
✔ compiled semantic lint / dependency input type / main.zx (4.375305ms)
✔ compiled semantic lint / dependency input type / pkg.yaml (4.240239ms)
✔ compiled semantic lint / damaged digest / main.zx (4.219486ms)
✔ compiled semantic lint / damaged digest / pkgs/bundle/pkg.yaml (4.150529ms)
✔ compiled semantic lint / damaged digest / workspace (4.45936ms)
✔ compiled semantic lint / missing public module / main.zx (8.314213ms)
✔ compiled semantic lint / missing public module / pkgs/bundle/pkg.yaml (4.787475ms)
✔ compiled semantic lint / missing public module / workspace (5.046348ms)
✔ compiled semantic lint / explicit source has independent status / true (7.892847ms)
✔ compiled semantic lint / explicit source has independent status / false (7.922756ms)
✔ compiled semantic lint / explicit source does not consume its package archive (7.980761ms)
ℹ tests 16
ℹ suites 0
ℹ pass 16
ℹ fail 0
ℹ cancelled 0
ℹ skipped 0
ℹ todo 0
ℹ duration_ms 99.735505
✔ semantic lint / RX valid / main.gateway.rx (12.125672ms)
✔ semantic lint / RX valid / empty.gateway.rx (4.643047ms)
✔ semantic lint / RX valid / state.store.rx (4.053285ms)
✔ semantic lint / RX valid / read.rx (4.436434ms)
✔ semantic lint / RX valid / pkg.yaml (4.613653ms)
✔ semantic lint / Store initial type / state.store.rx (6.841112ms)
✔ semantic lint / Store initial type / read.rx (7.434795ms)
✔ semantic lint / Store initial type / main.gateway.rx (6.8447ms)
✔ semantic lint / Store initial type / pkg.yaml (7.18645ms)
✔ semantic lint / Gateway rejects missing service (4.06341ms)
✔ semantic lint / Gateway rejects duplicate route (3.978654ms)
✔ semantic lint / Gateway rejects service type (4.419702ms)
✔ semantic lint / reachable Store formatting / state.store.rx (3.791366ms)
✔ semantic lint / reachable Store formatting / read.rx (4.139395ms)
✔ semantic lint / reachable Store formatting / main.gateway.rx (4.252698ms)
✔ semantic lint / reachable Store formatting / pkg.yaml (4.151081ms)
✔ semantic lint / dedicated manifest entry / state.store.rx (4.107965ms)
✔ semantic lint / dedicated manifest entry / empty.gateway.rx (3.935904ms)
ℹ tests 18
ℹ suites 0
ℹ pass 18
ℹ fail 0
ℹ cancelled 0
ℹ skipped 0
ℹ todo 0
ℹ duration_ms 98.831361
Build Summary: 14/14 steps succeeded
test-semantic-lint success
+- run node success 143ms
|  +- compile exe zxc ReleaseSafe native success 51s MaxRSS:2G
|     +- WriteFile cached
|     +- compile lib yaml ReleaseSafe native cached 41ms MaxRSS:20M
|     +- compile lib yaml ReleaseSafe native (reused)
|     +- options success
|     +- run exe bundle-zig (bundle) cached
|     |  +- compile exe bundle-zig ReleaseFast native cached 45ms MaxRSS:21M
|     |  +- WriteFile bundle_manifest.json cached
|     +- WriteFile interfaces/0.d.zx cached
+- run node success 94ms
|  +- compile exe zxc ReleaseSafe native (+6 more reused dependencies)
+- run node success 160ms
|  +- compile exe zxc ReleaseSafe native (+6 more reused dependencies)
+- run node success 174ms
|  +- compile exe zxc ReleaseSafe native (+6 more reused dependencies)
+- run node success 5s
   +- compile exe zxc ReleaseSafe native (+6 more reused dependencies)
