✔ RX fmt same shape compacts adjacent calls / LF (20.591285ms)
✔ RX fmt same shape compacts adjacent calls / CRLF (18.410016ms)
✔ RX fmt different tags separate / LF (18.509638ms)
✔ RX fmt different tags separate / CRLF (18.68154ms)
✔ RX fmt different attribute names separate / LF (18.565136ms)
✔ RX fmt different attribute names separate / CRLF (18.697699ms)
✔ RX fmt attribute order is preserved and part of shape / LF (18.651565ms)
✔ RX fmt attribute order is preserved and part of shape / CRLF (18.381102ms)
✔ RX fmt nested multiline blocks separate and trim edges / LF (18.380957ms)
✔ RX fmt nested multiline blocks separate and trim edges / CRLF (18.560323ms)
✔ RX fmt same physical line remains unchanged / LF (18.749699ms)
✔ RX fmt same physical line remains unchanged / CRLF (18.959238ms)
✔ RX fmt standalone comment stays with following group / LF (18.591875ms)
✔ RX fmt standalone comment stays with following group / CRLF (18.513782ms)
✔ RX fmt trailing comment stays with previous group / LF (18.507655ms)
✔ RX fmt trailing comment stays with previous group / CRLF (18.405271ms)
✔ RX fmt quotes entities and angle brackets remain verbatim / LF (18.84531ms)
✔ RX fmt quotes entities and angle brackets remain verbatim / CRLF (18.938945ms)
✔ RX fmt CDATA retains tags and internal blank lines / LF (19.169721ms)
✔ RX fmt CDATA retains tags and internal blank lines / CRLF (18.482997ms)
✔ RX fmt mixed text retains parent gaps / LF (18.990116ms)
✔ RX fmt mixed text retains parent gaps / CRLF (19.270775ms)
✔ RX fmt multiline attribute remains unchanged inside its tag / LF (19.671228ms)
✔ RX fmt multiline attribute remains unchanged inside its tag / CRLF (18.865358ms)
✔ RX fmt empty paired root trims interior blank lines / LF (18.420088ms)
✔ RX fmt empty paired root trims interior blank lines / CRLF (18.449201ms)
✔ RX fmt self closing root is stable / LF (18.957113ms)
✔ RX fmt self closing root is stable / CRLF (18.775532ms)
✔ RX fmt Store suffix does not trigger orchestration build / LF (18.702833ms)
✔ RX fmt Store suffix does not trigger orchestration build / CRLF (18.469189ms)
✔ RX fmt Gateway suffix and nonexistent services remain formatable / LF (18.787319ms)
✔ RX fmt Gateway suffix and nonexistent services remain formatable / CRLF (18.656841ms)
✔ RX fmt malformed XML / "" /  (3.95476ms)
✔ RX fmt malformed XML / "" / --check (3.679788ms)
✔ RX fmt malformed XML / "" / --write (3.689106ms)
✔ RX fmt malformed XML / "<Module><Call></Module>" /  (3.719967ms)
✔ RX fmt malformed XML / "<Module><Call></Module>" / --check (3.670873ms)
✔ RX fmt malformed XML / "<Module><Call></Module>" / --write (3.924274ms)
✔ RX fmt malformed XML / "<Module value=\"unterminated>" /  (3.65289ms)
✔ RX fmt malformed XML / "<Module value=\"unterminated>" / --check (3.629664ms)
✔ RX fmt malformed XML / "<Module value=\"unterminated>" / --write (3.684047ms)
✔ RX fmt malformed XML / "<Module><!-- unfinished</Module>" /  (3.649037ms)
✔ RX fmt malformed XML / "<Module><!-- unfinished</Module>" / --check (3.751688ms)
✔ RX fmt malformed XML / "<Module><!-- unfinished</Module>" / --write (3.636186ms)
✔ RX fmt malformed XML / "<Module>\n</Other>" /  (3.748897ms)
✔ RX fmt malformed XML / "<Module>\n</Other>" / --check (3.660862ms)
✔ RX fmt malformed XML / "<Module>\n</Other>" / --write (3.732327ms)
✔ RX fmt rejects incompatible options / --write,--check (3.723345ms)
✔ RX fmt rejects incompatible options / --write,--write (3.602458ms)
✔ RX fmt rejects incompatible options / --out,saved.rx (3.697571ms)
✔ RX fmt rejects incompatible options / --project,pkg.yaml (3.598972ms)
✔ RX fmt rejects incompatible options / --watch (3.668539ms)
ℹ tests 52
ℹ suites 0
ℹ pass 52
ℹ fail 0
ℹ cancelled 0
ℹ skipped 0
ℹ todo 0
ℹ duration_ms 680.147117
✔ RX formatting preserves execution before and after writing through the real CLI (27017.061624ms)
ℹ tests 1
ℹ suites 0
ℹ pass 1
ℹ fail 0
ℹ cancelled 0
ℹ skipped 0
ℹ todo 0
ℹ duration_ms 27019.736081
