Build Summary: 23/23 steps succeeded; 20/20 tests passed
install success
+- run test 20 pass (20 total) 7ms MaxRSS:1M
   +- compile test fast native success 27s MaxRSS:860M
      +- WriteFile interfaces/0.d.zx cached
      |  +- run exe standard-catalog (catalog.zig) cached
      |     +- compile exe standard-catalog fast native cached 51ms MaxRSS:21M
      |     +- WriteFile catalog.json cached
      +- options cached
      +- run exe generate-parser (parser.zig) success 3s
      |  +- compile exe generate-parser fast native cached 46ms MaxRSS:21M
      |     +- options cached
      |     +- WriteFile interfaces/0.d.zx cached
      |     |  +- run exe standard-catalog (catalog.zig) cached
      |     |     +- compile exe standard-catalog fast native cached 51ms MaxRSS:21M
      |     |     +- WriteFile catalog.json cached
      |     +- options cached
      +- run exe generate-parser (parser.zig) (+1 more reused dependencies)
      +- run exe generate-parser (parser.zig) (+1 more reused dependencies)
      +- run exe generate-parser (parser.zig) (+1 more reused dependencies)
      +- run exe generate-parser (parser.zig) (+1 more reused dependencies)
      +- run exe generate-parser (parser.zig) (+1 more reused dependencies)
      +- run exe generate-parser (parser.zig) (+1 more reused dependencies)
      +- run exe generate-parser (parser.zig) (+1 more reused dependencies)
      +- run exe generate-parser (parser.zig) (+1 more reused dependencies)
      +- run exe generate-parser (parser.zig) (+1 more reused dependencies)
      +- run exe generate-parser (parser.zig) (+1 more reused dependencies)
      +- run exe generate-parser (parser.zig) (+1 more reused dependencies)
      +- run exe generate-parser (parser.zig) (+1 more reused dependencies)
      +- run exe generate-parser (parser.zig) (+1 more reused dependencies)
      +- run exe generate-parser (parser.zig) (+1 more reused dependencies)
      +- run exe generate-parser (parser.zig) (+1 more reused dependencies)
      +- run exe generate-parser (parser.zig) (+1 more reused dependencies)
      +- run exe generate-parser (parser.zig) (+1 more reused dependencies)
      +- run exe generate-parser (parser.zig) (+1 more reused dependencies)
      +- run exe generate-lexer (lexer.zig) cached
      |  +- compile exe generate-lexer fast native cached 49ms MaxRSS:21M
      |     +- WriteFile interfaces/0.d.zx cached
      |     |  +- run exe standard-catalog (catalog.zig) cached
      |     |     +- compile exe standard-catalog fast native cached 45ms MaxRSS:21M
      |     |     +- WriteFile catalog.json cached
      |     +- options cached
      +- run exe generate-parser (parser.zig) (+1 more reused dependencies)
      +- run exe generate-parser (parser.zig) (+1 more reused dependencies)
      +- run exe generate-parser (parser.zig) (+1 more reused dependencies)
      +- run exe generate-parser (parser.zig) (+1 more reused dependencies)
      +- run exe generate-parser (parser.zig) (+1 more reused dependencies)
      +- run exe generate-parser (parser.zig) (+1 more reused dependencies)
      +- run exe generate-parser (parser.zig) (+1 more reused dependencies)
      +- run exe generate-parser (parser.zig) (+1 more reused dependencies)
      +- run exe generate-parser (parser.zig) (+1 more reused dependencies)
      +- run exe generate-parser (parser.zig) (+1 more reused dependencies)
      +- run exe generate-parser (parser.zig) (+1 more reused dependencies)
      +- run exe generate-parser (parser.zig) (+1 more reused dependencies)
      +- run exe generate-parser (parser.zig) (+1 more reused dependencies)
