can_parse: 896 native library cases passed
domain_to_ascii: 14 native library cases passed
domain_to_unicode: 14 native library cases passed
file_url_to_bytes: 551 native library cases passed
file_url_to_path: 551 native library cases passed
origin: 414 native library cases passed
parse: 628 native library cases passed
path_to_file_url: 347 native library cases passed
pathname: 627 native library cases passed
resolve: 628 native library cases passed
stringify: 627 native library cases passed
try_parse: 896 native library cases passed
6193 URL cases passed through standalone Zig library consumers (ReleaseSafe)
Build Summary: 10/10 steps succeeded
test-url-api-native success
+- run node success 2m
   +- compile exe zxc ReleaseSafe native cached 44ms MaxRSS:21M
      +- WriteFile cached
      +- compile lib yaml ReleaseSafe native cached 39ms MaxRSS:20M
      +- compile lib yaml ReleaseSafe native (reused)
      +- options cached
      +- run exe bundle-zig (bundle) cached
      |  +- compile exe bundle-zig ReleaseFast native cached 46ms MaxRSS:21M
      |  +- WriteFile bundle_manifest.json cached
      +- WriteFile interfaces/0.d.zx cached
