can_parse: 896 published library cases passed
domain_to_ascii: 14 published library cases passed
domain_to_unicode: 14 published library cases passed
file_url_to_bytes: 551 published library cases passed
file_url_to_path: 551 published library cases passed
origin: 414 published library cases passed
parse: 628 published library cases passed
path_to_file_url: 347 published library cases passed
pathname: 627 published library cases passed
resolve: 628 published library cases passed
stringify: 627 published library cases passed
try_parse: 896 published library cases passed
6193 URL cases passed through published native dependencies and ZX consumers (ReleaseSafe)
Build Summary: 10/10 steps succeeded
test-url-api-library success
+- run node success 1m
   +- compile exe zxc ReleaseSafe native success 51s MaxRSS:2G
      +- WriteFile cached
      +- compile lib yaml ReleaseSafe native cached 42ms MaxRSS:20M
      +- compile lib yaml ReleaseSafe native (reused)
      +- options success
      +- run exe bundle-zig (bundle) cached
      |  +- compile exe bundle-zig ReleaseFast native cached 42ms MaxRSS:21M
      |  +- WriteFile bundle_manifest.json cached
      +- WriteFile interfaces/0.d.zx cached
