Build Summary: 57/57 steps succeeded; 6193/6193 tests passed
test-url-api success
+- run test url-api-parse 628 pass (628 total) 30ms MaxRSS:2M
|  +- compile test url-api-parse Debug native success 1s MaxRSS:314M
|     +- run node (cases.zig) cached
|     +- run exe zxc (program.zig) success 7ms
|     |  +- compile exe zxc Debug native cached 44ms MaxRSS:21M
|     |     +- WriteFile cached
|     |     +- compile lib yaml Debug native cached 42ms MaxRSS:20M
|     |     +- compile lib yaml Debug native (reused)
|     |     +- options cached
|     |     +- run exe bundle-zig (bundle) cached
|     |     |  +- compile exe bundle-zig ReleaseFast native cached 42ms MaxRSS:21M
|     |     |  +- WriteFile bundle_manifest.json cached
|     |     +- WriteFile interfaces/0.d.zx cached
|     +- run exe zxc (program.zig) (+1 more reused dependencies)
+- run test url-api-resolve 628 pass (628 total) 32ms MaxRSS:2M
|  +- compile test url-api-resolve Debug native success 1s MaxRSS:340M
|     +- run node (cases.zig) cached
|     +- run exe zxc (program.zig) success 8ms
|     |  +- compile exe zxc Debug native (+6 more reused dependencies)
|     +- run exe zxc (program.zig) (+1 more reused dependencies)
+- run test url-api-try-parse 896 pass (896 total) 45ms MaxRSS:2M
|  +- compile test url-api-try-parse Debug native success 1s MaxRSS:330M
|     +- run node (cases.zig) cached
|     +- run exe zxc (program.zig) success 7ms
|     |  +- compile exe zxc Debug native (+6 more reused dependencies)
|     +- run exe zxc (program.zig) (+1 more reused dependencies)
+- run test url-api-can-parse 896 pass (896 total) 40ms MaxRSS:2M
|  +- compile test url-api-can-parse Debug native success 1s MaxRSS:338M
|     +- run node (cases.zig) cached
|     +- run exe zxc (program.zig) success 7ms
|     |  +- compile exe zxc Debug native (+6 more reused dependencies)
|     +- run exe zxc (program.zig) (+1 more reused dependencies)
+- run test url-api-stringify 627 pass (627 total) 23ms MaxRSS:1M
|  +- compile test url-api-stringify Debug native success 1s MaxRSS:276M
|     +- run node (cases.zig) cached
|     +- run exe zxc (program.zig) success 7ms
|     |  +- compile exe zxc Debug native (+6 more reused dependencies)
|     +- run exe zxc (program.zig) (+1 more reused dependencies)
+- run test url-api-pathname 627 pass (627 total) 26ms MaxRSS:1M
|  +- compile test url-api-pathname Debug native success 1s MaxRSS:279M
|     +- run node (cases.zig) cached
|     +- run exe zxc (program.zig) success 8ms
|     |  +- compile exe zxc Debug native (+6 more reused dependencies)
|     +- run exe zxc (program.zig) (+1 more reused dependencies)
+- run test url-api-origin 414 pass (414 total) 20ms MaxRSS:2M
|  +- compile test url-api-origin Debug native success 1s MaxRSS:322M
|     +- run node (cases.zig) cached
|     +- run exe zxc (program.zig) success 8ms
|     |  +- compile exe zxc Debug native (+6 more reused dependencies)
|     +- run exe zxc (program.zig) (+1 more reused dependencies)
+- run test url-api-domain-to-ascii 14 pass (14 total) 4ms MaxRSS:2M
|  +- compile test url-api-domain-to-ascii Debug native success 1s MaxRSS:302M
|     +- run node (cases.zig) cached
|     +- run exe zxc (program.zig) success 8ms
|     |  +- compile exe zxc Debug native (+6 more reused dependencies)
|     +- run exe zxc (program.zig) (+1 more reused dependencies)
+- run test url-api-domain-to-unicode 14 pass (14 total) 4ms MaxRSS:2M
|  +- compile test url-api-domain-to-unicode Debug native success 1s MaxRSS:309M
|     +- run node (cases.zig) cached
|     +- run exe zxc (program.zig) success 8ms
|     |  +- compile exe zxc Debug native (+6 more reused dependencies)
|     +- run exe zxc (program.zig) (+1 more reused dependencies)
+- run test url-api-path-to-file-url 347 pass (347 total) 26ms MaxRSS:2M
|  +- compile test url-api-path-to-file-url Debug native success 1s MaxRSS:320M
|     +- run node (cases.zig) cached
|     +- run exe zxc (program.zig) success 8ms
|     |  +- compile exe zxc Debug native (+6 more reused dependencies)
|     +- run exe zxc (program.zig) (+1 more reused dependencies)
+- run test url-api-file-url-to-path 551 pass (551 total) 33ms MaxRSS:2M
|  +- compile test url-api-file-url-to-path Debug native success 1s MaxRSS:324M
|     +- run node (cases.zig) cached
|     +- run exe zxc (program.zig) success 8ms
|     |  +- compile exe zxc Debug native (+6 more reused dependencies)
|     +- run exe zxc (program.zig) (+1 more reused dependencies)
+- run test url-api-file-url-to-bytes 551 pass (551 total) 34ms MaxRSS:2M
   +- compile test url-api-file-url-to-bytes Debug native success 1s MaxRSS:338M
      +- run node (cases.zig) cached
      +- run exe zxc (program.zig) success 8ms
      |  +- compile exe zxc Debug native (+6 more reused dependencies)
      +- run exe zxc (program.zig) (+1 more reused dependencies)
