Build Summary: 57/57 steps succeeded; 6193/6193 tests passed
test-url-api success
+- run test url-api-parse 628 pass (628 total) 18ms MaxRSS:1M
|  +- compile test url-api-parse ReleaseSafe native success 8s MaxRSS:411M
|     +- run node (cases.zig) cached
|     +- run exe zxc (program.zig) success 5ms
|     |  +- compile exe zxc ReleaseSafe native success 52s MaxRSS:2G
|     |     +- WriteFile cached
|     |     +- compile lib yaml ReleaseSafe native success 864ms MaxRSS:91M
|     |     +- compile lib yaml ReleaseSafe native (reused)
|     |     +- options success
|     |     +- run exe bundle-zig (bundle) cached
|     |     |  +- compile exe bundle-zig ReleaseFast native cached 46ms MaxRSS:21M
|     |     |  +- WriteFile bundle_manifest.json cached
|     |     +- WriteFile interfaces/0.d.zx cached
|     +- run exe zxc (program.zig) (+1 more reused dependencies)
+- run test url-api-resolve 628 pass (628 total) 19ms MaxRSS:1M
|  +- compile test url-api-resolve ReleaseSafe native success 7s MaxRSS:412M
|     +- run node (cases.zig) cached
|     +- run exe zxc (program.zig) success 5ms
|     |  +- compile exe zxc ReleaseSafe native (+6 more reused dependencies)
|     +- run exe zxc (program.zig) (+1 more reused dependencies)
+- run test url-api-try-parse 896 pass (896 total) 25ms MaxRSS:1M
|  +- compile test url-api-try-parse ReleaseSafe native success 8s MaxRSS:429M
|     +- run node (cases.zig) cached
|     +- run exe zxc (program.zig) success 5ms
|     |  +- compile exe zxc ReleaseSafe native (+6 more reused dependencies)
|     +- run exe zxc (program.zig) (+1 more reused dependencies)
+- run test url-api-can-parse 896 pass (896 total) 24ms MaxRSS:1M
|  +- compile test url-api-can-parse ReleaseSafe native success 7s MaxRSS:393M
|     +- run node (cases.zig) cached
|     +- run exe zxc (program.zig) success 5ms
|     |  +- compile exe zxc ReleaseSafe native (+6 more reused dependencies)
|     +- run exe zxc (program.zig) (+1 more reused dependencies)
+- run test url-api-stringify 627 pass (627 total) 14ms MaxRSS:1M
|  +- compile test url-api-stringify ReleaseSafe native success 6s MaxRSS:343M
|     +- run node (cases.zig) cached
|     +- run exe zxc (program.zig) success 5ms
|     |  +- compile exe zxc ReleaseSafe native (+6 more reused dependencies)
|     +- run exe zxc (program.zig) (+1 more reused dependencies)
+- run test url-api-pathname 627 pass (627 total) 16ms MaxRSS:1M
|  +- compile test url-api-pathname ReleaseSafe native success 6s MaxRSS:343M
|     +- run node (cases.zig) cached
|     +- run exe zxc (program.zig) success 5ms
|     |  +- compile exe zxc ReleaseSafe native (+6 more reused dependencies)
|     +- run exe zxc (program.zig) (+1 more reused dependencies)
+- run test url-api-origin 414 pass (414 total) 13ms MaxRSS:1M
|  +- compile test url-api-origin ReleaseSafe native success 7s MaxRSS:382M
|     +- run node (cases.zig) cached
|     +- run exe zxc (program.zig) success 5ms
|     |  +- compile exe zxc ReleaseSafe native (+6 more reused dependencies)
|     +- run exe zxc (program.zig) (+1 more reused dependencies)
+- run test url-api-domain-to-ascii 14 pass (14 total) 3ms MaxRSS:1M
|  +- compile test url-api-domain-to-ascii ReleaseSafe native success 7s MaxRSS:378M
|     +- run node (cases.zig) success 66ms
|     +- run exe zxc (program.zig) success 5ms
|     |  +- compile exe zxc ReleaseSafe native (+6 more reused dependencies)
|     +- run exe zxc (program.zig) (+1 more reused dependencies)
+- run test url-api-domain-to-unicode 14 pass (14 total) 3ms MaxRSS:1M
|  +- compile test url-api-domain-to-unicode ReleaseSafe native success 7s MaxRSS:376M
|     +- run node (cases.zig) cached
|     +- run exe zxc (program.zig) success 5ms
|     |  +- compile exe zxc ReleaseSafe native (+6 more reused dependencies)
|     +- run exe zxc (program.zig) (+1 more reused dependencies)
+- run test url-api-path-to-file-url 347 pass (347 total) 13ms MaxRSS:1M
|  +- compile test url-api-path-to-file-url ReleaseSafe native success 7s MaxRSS:376M
|     +- run node (cases.zig) success 84ms
|     +- run exe zxc (program.zig) success 5ms
|     |  +- compile exe zxc ReleaseSafe native (+6 more reused dependencies)
|     +- run exe zxc (program.zig) (+1 more reused dependencies)
+- run test url-api-file-url-to-path 551 pass (551 total) 18ms MaxRSS:1M
|  +- compile test url-api-file-url-to-path ReleaseSafe native success 7s MaxRSS:364M
|     +- run node (cases.zig) success 80ms
|     +- run exe zxc (program.zig) success 5ms
|     |  +- compile exe zxc ReleaseSafe native (+6 more reused dependencies)
|     +- run exe zxc (program.zig) (+1 more reused dependencies)
+- run test url-api-file-url-to-bytes 551 pass (551 total) 18ms MaxRSS:1M
   +- compile test url-api-file-url-to-bytes ReleaseSafe native success 7s MaxRSS:381M
      +- run node (cases.zig) success 86ms
      +- run exe zxc (program.zig) success 5ms
      |  +- compile exe zxc ReleaseSafe native (+6 more reused dependencies)
      +- run exe zxc (program.zig) (+1 more reused dependencies)
