info(verbose): /Users/xiewendao/.local/share/zig/zig-x86_64-macos-0.17.0/zig build-exe --cache-dir /tmp/zxc-borrowed-native-debug-96f2a442 --global-cache-dir /Users/xiewendao/.cache/zig --build-root . --zig-lib-dir /Users/xiewendao/.local/share/zig/zig-x86_64-macos-0.17.0/lib --name configurer -fsingle-threaded --dep @build --dep @dependencies -Mroot=/Users/xiewendao/.local/share/zig/zig-x86_64-macos-0.17.0/lib/compiler/configurer.zig --dep compiler=../compiler --dep core=../core --dep lint=../lint --dep pkgs=../pkgs --dep dsl=../dsl --dep genz=../genz --dep napi=../napi -M../cli=../cli/build.zig --dep dsl=../dsl --dep core=../core --dep genz=../genz --dep lint=../lint -M../compiler=../compiler/build.zig -M../core=../core/build.zig -M../dsl=../dsl/build.zig --dep core=../core -M../genz=../genz/build.zig --dep dsl=../dsl --dep core=../core -M../lint=../lint/build.zig --dep core=../core -M../napi=../napi/build.zig -M../pkgs=../pkgs/build.zig --dep ../cli --dep ../compiler --dep ../core --dep ../dsl --dep ../genz --dep ../lint --dep ../napi --dep ../pkgs -M@dependencies=/tmp/zxc-borrowed-native-debug-96f2a442/o/664cc024bcb41b8d2365c77c6ca93203/dependencies.zig --dep cli=../cli --dep compiler=../compiler --dep pkgs=../pkgs -M@build=build.zig --listen=-
info(verbose): /Users/xiewendao/.local/share/zig/zig-x86_64-macos-0.17.0/zig build-exe -Ofast --dep genz -Mroot=../compiler/build/generate_catalog.zig -Ofast --dep zx -Mgenz=../genz/src/root.zig -Ofast -Mzx=../core/src/root.zig --cache-dir /tmp/zxc-borrowed-native-debug-96f2a442 --global-cache-dir /Users/xiewendao/.cache/zig --build-root . --name standard-catalog --zig-lib-dir /Users/xiewendao/.local/share/zig/zig-x86_64-macos-0.17.0/lib/ --listen=-
info(verbose): /Users/xiewendao/.local/share/zig/zig-x86_64-macos-0.17.0/zig build-exe -Ofast --dep genz -Mroot=../compiler/build/generate_catalog.zig -Ofast --dep zx -Mgenz=../genz/src/root.zig -Ofast -Mzx=../core/src/root.zig --cache-dir /tmp/zxc-borrowed-native-debug-96f2a442 --global-cache-dir /Users/xiewendao/.cache/zig --build-root . --name standard-catalog --zig-lib-dir /Users/xiewendao/.local/share/zig/zig-x86_64-macos-0.17.0/lib/ --listen=-
info(verbose): /tmp/zxc-borrowed-native-debug-96f2a442/o/b8d1a7353a3ebd67cfc59199a923602a/standard-catalog /tmp/zxc-borrowed-native-debug-96f2a442/o/38164407d913b30e25d086ef8d5a9b1e/catalog.json /tmp/zxc-borrowed-native-debug-96f2a442/o/5b853b049a06d852ec163cfc17b6e6fb/catalog.zig
info(verbose): /Users/xiewendao/.local/share/zig/zig-x86_64-macos-0.17.0/zig build-exe -Ofast --dep genz -Mroot=../compiler/build/generate_catalog.zig -Ofast --dep zx -Mgenz=../genz/src/root.zig -Ofast -Mzx=../core/src/root.zig --cache-dir /tmp/zxc-borrowed-native-debug-96f2a442 --global-cache-dir /Users/xiewendao/.cache/zig --build-root . --name standard-catalog --zig-lib-dir /Users/xiewendao/.local/share/zig/zig-x86_64-macos-0.17.0/lib/ --listen=-
info(verbose): /Users/xiewendao/.local/share/zig/zig-x86_64-macos-0.17.0/zig build-exe -Odebug --dep compiler --dep rx --dep rx_analysis --dep merge_writer_interface --dep extract_workspace_interface --dep merge_workspace_interface --dep references_interface --dep origin_writer_interface --dep named_columns_interface --dep semantic_integers -Mroot=../compiler/build/generate_parser.zig -Odebug --dep frontend --dep dsl --dep zx --dep genz --dep lint -Mcompiler=../compiler/src/root.zig -Odebug --dep dsl --dep frontend --dep rx_options -Mrx=../compiler/src/rx/root.zig -Odebug --dep rx --dep dsl --dep zx --dep frontend --dep lint -Mrx_analysis=../compiler/src/rx/analysis/root.zig -Mmerge_writer_interface=../compiler/src/zx/analysis/semantic/native/merge_writer.d.zx -Mextract_workspace_interface=../compiler/src/zx/analysis/semantic/native/extract_workspace.d.zx -Mmerge_workspace_interface=../compiler/src/zx/analysis/semantic/native/merge_workspace.d.zx -Mreferences_interface=../compiler/src/zx/analysis/semantic/native/references.d.zx -Morigin_writer_interface=../compiler/src/zx/analysis/semantic/native/origin_writer.d.zx -Mnamed_columns_interface=../compiler/src/zx/analysis/semantic/ordering/columns.d.zx -Msemantic_integers=../compiler/src/zx/analysis/semantic/native/integers.d.zx -Odebug --dep lexer --dep zx --dep dsl --dep lint --dep standard_interfaces --dep parser_options --dep type_views --dep merge_workspace_view --dep reference_view --dep nominal_data --dep named_view --dep xml_adapter -Mfrontend=../compiler/src/zx/frontend.zig -Odebug -Mdsl=../dsl/src/root.zig -Odebug -Mzx=../core/src/root.zig -Odebug --dep zx -Mgenz=../genz/src/root.zig -Odebug --dep naming --dep dsl --dep zx -Mlint=../lint/src/root.zig -Mrx_options=/tmp/zxc-borrowed-native-debug-96f2a442/o/77c1f5e6d2a04327be93efeeeb45b750/options.zig -Odebug --dep zx -Mlexer=../compiler/bootstrap/lexer/lex.zig -Mstandard_interfaces=/tmp/zxc-borrowed-native-debug-96f2a442/o/bfa8f832e8f0150c5d8c789fddfa4e47/catalog.zig -Mparser_options=/tmp/zxc-borrowed-native-debug-96f2a442/o/bc1a5fc18923b6d1c1d8e02b958a5e71/options.zig -Odebug --dep zx -Mtype_views=../compiler/src/zx/analysis/types/view.zig -Odebug --dep zx -Mmerge_workspace_view=../compiler/src/zx/analysis/semantic/merging/workspace.zig -Odebug --dep zx -Mreference_view=../compiler/src/zx/analysis/semantic/remapping/view.zig -Odebug --dep zx -Mnominal_data=../compiler/src/zx/modules/nominal_origins/root.zig -Odebug -Mnamed_view=../compiler/src/zx/analysis/semantic/ordering/view.zig -Odebug --dep dsl -Mxml_adapter=../compiler/src/rx/syntax_adapter/root.zig -Odebug -Mnaming=../lint/bootstrap/naming.zig --cache-dir /tmp/zxc-borrowed-native-debug-96f2a442 --global-cache-dir /Users/xiewendao/.cache/zig --build-root . --name generate-parser --zig-lib-dir /Users/xiewendao/.local/share/zig/zig-x86_64-macos-0.17.0/lib/ --listen=-
info(verbose): /Users/xiewendao/.local/share/zig/zig-x86_64-macos-0.17.0/zig build-exe -Odebug --dep compiler -Mroot=../compiler/build/generate_lexer.zig -Odebug --dep frontend --dep dsl --dep zx --dep genz --dep lint -Mcompiler=../compiler/src/root.zig -Odebug --dep lexer --dep zx --dep dsl --dep lint --dep standard_interfaces --dep parser_options --dep type_views --dep merge_workspace_view --dep reference_view --dep nominal_data --dep named_view --dep xml_adapter -Mfrontend=../compiler/src/zx/frontend.zig -Odebug -Mdsl=../dsl/src/root.zig -Odebug -Mzx=../core/src/root.zig -Odebug --dep zx -Mgenz=../genz/src/root.zig -Odebug --dep naming --dep dsl --dep zx -Mlint=../lint/src/root.zig -Odebug --dep zx -Mlexer=../compiler/bootstrap/lexer/lex.zig -Mstandard_interfaces=/tmp/zxc-borrowed-native-debug-96f2a442/o/bfa8f832e8f0150c5d8c789fddfa4e47/catalog.zig -Mparser_options=/tmp/zxc-borrowed-native-debug-96f2a442/o/bc1a5fc18923b6d1c1d8e02b958a5e71/options.zig -Odebug --dep zx -Mtype_views=../compiler/src/zx/analysis/types/view.zig -Odebug --dep zx -Mmerge_workspace_view=../compiler/src/zx/analysis/semantic/merging/workspace.zig -Odebug --dep zx -Mreference_view=../compiler/src/zx/analysis/semantic/remapping/view.zig -Odebug --dep zx -Mnominal_data=../compiler/src/zx/modules/nominal_origins/root.zig -Odebug -Mnamed_view=../compiler/src/zx/analysis/semantic/ordering/view.zig -Odebug --dep dsl -Mxml_adapter=../compiler/src/rx/syntax_adapter/root.zig -Odebug -Mnaming=../lint/bootstrap/naming.zig --cache-dir /tmp/zxc-borrowed-native-debug-96f2a442 --global-cache-dir /Users/xiewendao/.cache/zig --build-root . --name generate-lexer --zig-lib-dir /Users/xiewendao/.local/share/zig/zig-x86_64-macos-0.17.0/lib/ --listen=-
info(verbose): /tmp/zxc-borrowed-native-debug-96f2a442/o/7b1563c55ea5d9287b7c71120072dd65/generate-lexer ./../compiler/src/zx/frontend/lexer /tmp/zxc-borrowed-native-debug-96f2a442/o/418dd55edcd1ad26d8ae7f5e6604ce68/lexer.zig
info(verbose): /tmp/zxc-borrowed-native-debug-96f2a442/o/5e4d83993081fb9a944ae43fe641d40c/generate-parser ./../compiler/src /tmp/zxc-borrowed-native-debug-96f2a442/o/f7a45af4d43d4ed6675aa362182b450d/parser.zig /tmp/zxc-borrowed-native-debug-96f2a442/o/f7a45af4d43d4ed6675aa362182b450d/expression.zig /tmp/zxc-borrowed-native-debug-96f2a442/o/f7a45af4d43d4ed6675aa362182b450d/xml.zig /tmp/zxc-borrowed-native-debug-96f2a442/o/f7a45af4d43d4ed6675aa362182b450d/paths.zig /tmp/zxc-borrowed-native-debug-96f2a442/o/f7a45af4d43d4ed6675aa362182b450d/graph.zig /tmp/zxc-borrowed-native-debug-96f2a442/o/f7a45af4d43d4ed6675aa362182b450d/attribute_role.zig /tmp/zxc-borrowed-native-debug-96f2a442/o/f7a45af4d43d4ed6675aa362182b450d/attribute_content.zig /tmp/zxc-borrowed-native-debug-96f2a442/o/f7a45af4d43d4ed6675aa362182b450d/call_rule.zig /tmp/zxc-borrowed-native-debug-96f2a442/o/f7a45af4d43d4ed6675aa362182b450d/path_kind.zig /tmp/zxc-borrowed-native-debug-96f2a442/o/f7a45af4d43d4ed6675aa362182b450d/file_kind.zig /tmp/zxc-borrowed-native-debug-96f2a442/o/f7a45af4d43d4ed6675aa362182b450d/specifier.zig /tmp/zxc-borrowed-native-debug-96f2a442/o/f7a45af4d43d4ed6675aa362182b450d/integer.zig /tmp/zxc-borrowed-native-debug-96f2a442/o/f7a45af4d43d4ed6675aa362182b450d/native.zig /tmp/zxc-borrowed-native-debug-96f2a442/o/f7a45af4d43d4ed6675aa362182b450d/type_lookup.zig /tmp/zxc-borrowed-native-debug-96f2a442/o/f7a45af4d43d4ed6675aa362182b450d/semantic_abi.zig /tmp/zxc-borrowed-native-debug-96f2a442/o/f7a45af4d43d4ed6675aa362182b450d/nominal_lookup.zig /tmp/zxc-borrowed-native-debug-96f2a442/o/f7a45af4d43d4ed6675aa362182b450d/nominal_abi.zig /tmp/zxc-borrowed-native-debug-96f2a442/o/f7a45af4d43d4ed6675aa362182b450d/name_sort.zig /tmp/zxc-borrowed-native-debug-96f2a442/o/f7a45af4d43d4ed6675aa362182b450d/ordering_abi.zig /tmp/zxc-borrowed-native-debug-96f2a442/o/f7a45af4d43d4ed6675aa362182b450d/origin_validation.zig /tmp/zxc-borrowed-native-debug-96f2a442/o/f7a45af4d43d4ed6675aa362182b450d/origins_abi.zig /tmp/zxc-borrowed-native-debug-96f2a442/o/f7a45af4d43d4ed6675aa362182b450d/origin_production.zig /tmp/zxc-borrowed-native-debug-96f2a442/o/f7a45af4d43d4ed6675aa362182b450d/production_abi.zig /tmp/zxc-borrowed-native-debug-96f2a442/o/f7a45af4d43d4ed6675aa362182b450d/type_remap.zig /tmp/zxc-borrowed-native-debug-96f2a442/o/f7a45af4d43d4ed6675aa362182b450d/remap_abi.zig /tmp/zxc-borrowed-native-debug-96f2a442/o/f7a45af4d43d4ed6675aa362182b450d/merge_preflight.zig /tmp/zxc-borrowed-native-debug-96f2a442/o/f7a45af4d43d4ed6675aa362182b450d/preflight_abi.zig /tmp/zxc-borrowed-native-debug-96f2a442/o/f7a45af4d43d4ed6675aa362182b450d/type_extract.zig /tmp/zxc-borrowed-native-debug-96f2a442/o/f7a45af4d43d4ed6675aa362182b450d/extract_abi.zig /tmp/zxc-borrowed-native-debug-96f2a442/o/f7a45af4d43d4ed6675aa362182b450d/type_merge.zig /tmp/zxc-borrowed-native-debug-96f2a442/o/f7a45af4d43d4ed6675aa362182b450d/merge_abi.zig /tmp/zxc-borrowed-native-debug-96f2a442/o/f7a45af4d43d4ed6675aa362182b450d/type_validation.zig /tmp/zxc-borrowed-native-debug-96f2a442/o/f7a45af4d43d4ed6675aa362182b450d/validation_abi.zig /tmp/zxc-borrowed-native-debug-96f2a442/o/f7a45af4d43d4ed6675aa362182b450d/type_resolution.zig /tmp/zxc-borrowed-native-debug-96f2a442/o/f7a45af4d43d4ed6675aa362182b450d/resolution_abi.zig /tmp/zxc-borrowed-native-debug-96f2a442/o/f7a45af4d43d4ed6675aa362182b450d/type_construction.zig /tmp/zxc-borrowed-native-debug-96f2a442/o/f7a45af4d43d4ed6675aa362182b450d/construction_abi.zig /tmp/zxc-borrowed-native-debug-96f2a442/o/f7a45af4d43d4ed6675aa362182b450d/type_query.zig /tmp/zxc-borrowed-native-debug-96f2a442/o/f7a45af4d43d4ed6675aa362182b450d/query_abi.zig /tmp/zxc-borrowed-native-debug-96f2a442/o/f7a45af4d43d4ed6675aa362182b450d/naming.zig ./../lint/src/naming
info(verbose): /Users/xiewendao/.local/share/zig/zig-x86_64-macos-0.17.0/zig build-exe -Odebug --dep compiler --dep library_output -Mroot=tests/native/borrowed_runtime/compile.zig -Odebug --dep frontend --dep dsl --dep zx --dep genz --dep lint -Mcompiler=../compiler/src/root.zig -Odebug -Mlibrary_output=tests/library/runtime/save.zig -Odebug --dep lexer --dep zx --dep dsl --dep lint --dep standard_interfaces --dep parser_options --dep type_views --dep merge_workspace_view --dep reference_view --dep nominal_data --dep named_view --dep xml_adapter --dep generated_type_resolution --dep generated_type_construction --dep generated_type_query --dep generated_parser --dep generated_expression --dep generated_xml --dep generated_specifier --dep generated_integer --dep generated_native --dep generated_type_lookup --dep generated_nominal_lookup --dep generated_origin_validation --dep generated_origin_production --dep origin_writer --dep generated_name_sort --dep generated_type_remap --dep generated_merge_preflight --dep generated_type_extract --dep generated_type_merge --dep generated_type_validation --dep merge_writer_view --dep extract_workspace_view -Mfrontend=../compiler/src/zx/frontend.zig -Odebug -Mdsl=../dsl/src/root.zig -Odebug -Mzx=../core/src/root.zig -Odebug --dep zx -Mgenz=../genz/src/root.zig -Odebug --dep naming --dep dsl --dep zx -Mlint=../lint/src/root.zig -Odebug --dep zx --dep generated -Mlexer=../compiler/src/zx/frontend/lex.zig -Mstandard_interfaces=/tmp/zxc-borrowed-native-debug-96f2a442/o/bfa8f832e8f0150c5d8c789fddfa4e47/catalog.zig -Mparser_options=/tmp/zxc-borrowed-native-debug-96f2a442/o/9be4782c6bcf1fb6c77178a4cbdd2528/options.zig -Odebug --dep zx -Mtype_views=../compiler/src/zx/analysis/types/view.zig -Odebug --dep zx -Mmerge_workspace_view=../compiler/src/zx/analysis/semantic/merging/workspace.zig -Odebug --dep zx -Mreference_view=../compiler/src/zx/analysis/semantic/remapping/view.zig -Odebug --dep zx -Mnominal_data=../compiler/src/zx/modules/nominal_origins/root.zig -Odebug -Mnamed_view=../compiler/src/zx/analysis/semantic/ordering/view.zig -Odebug --dep dsl -Mxml_adapter=../compiler/src/rx/syntax_adapter/root.zig -Odebug --dep zxc_standard --dep zxc_abi --dep integers -Mgenerated_type_resolution=/tmp/zxc-borrowed-native-debug-96f2a442/o/f7a45af4d43d4ed6675aa362182b450d/type_resolution.zig -Odebug --dep zxc_abi=zxc_abi0 --dep integers -Mgenerated_type_construction=/tmp/zxc-borrowed-native-debug-96f2a442/o/f7a45af4d43d4ed6675aa362182b450d/type_construction.zig -Odebug --dep zxc_abi=zxc_abi1 --dep integers -Mgenerated_type_query=/tmp/zxc-borrowed-native-debug-96f2a442/o/f7a45af4d43d4ed6675aa362182b450d/type_query.zig -Odebug -Mgenerated_parser=/tmp/zxc-borrowed-native-debug-96f2a442/o/f7a45af4d43d4ed6675aa362182b450d/parser.zig -Odebug -Mgenerated_expression=/tmp/zxc-borrowed-native-debug-96f2a442/o/f7a45af4d43d4ed6675aa362182b450d/expression.zig -Odebug -Mgenerated_xml=/tmp/zxc-borrowed-native-debug-96f2a442/o/f7a45af4d43d4ed6675aa362182b450d/xml.zig -Odebug -Mgenerated_specifier=/tmp/zxc-borrowed-native-debug-96f2a442/o/f7a45af4d43d4ed6675aa362182b450d/specifier.zig -Odebug -Mgenerated_integer=/tmp/zxc-borrowed-native-debug-96f2a442/o/f7a45af4d43d4ed6675aa362182b450d/integer.zig -Odebug -Mgenerated_native=/tmp/zxc-borrowed-native-debug-96f2a442/o/f7a45af4d43d4ed6675aa362182b450d/native.zig -Odebug --dep integers --dep zxc_abi=zxc_abi2 -Mgenerated_type_lookup=/tmp/zxc-borrowed-native-debug-96f2a442/o/f7a45af4d43d4ed6675aa362182b450d/type_lookup.zig -Odebug --dep integers --dep zxc_abi=zxc_abi3 -Mgenerated_nominal_lookup=/tmp/zxc-borrowed-native-debug-96f2a442/o/f7a45af4d43d4ed6675aa362182b450d/nominal_lookup.zig -Odebug --dep integers --dep zxc_abi=zxc_abi4 -Mgenerated_origin_validation=/tmp/zxc-borrowed-native-debug-96f2a442/o/f7a45af4d43d4ed6675aa362182b450d/origin_validation.zig -Odebug --dep origin_writer --dep zxc_abi=zxc_abi5 -Mgenerated_origin_production=/tmp/zxc-borrowed-native-debug-96f2a442/o/f7a45af4d43d4ed6675aa362182b450d/origin_production.zig -Odebug --dep nominal_data --dep zxc_abi=zxc_abi5 -Morigin_writer=../compiler/src/zx/analysis/semantic/native/origin_writer.zig -Odebug --dep zxc_abi=zxc_abi6 --dep named_columns -Mgenerated_name_sort=/tmp/zxc-borrowed-native-debug-96f2a442/o/f7a45af4d43d4ed6675aa362182b450d/name_sort.zig -Odebug --dep references --dep integers --dep zxc_abi=zxc_abi7 -Mgenerated_type_remap=/tmp/zxc-borrowed-native-debug-96f2a442/o/f7a45af4d43d4ed6675aa362182b450d/type_remap.zig -Odebug --dep merge_workspace --dep integers --dep zxc_abi=zxc_abi8 -Mgenerated_merge_preflight=/tmp/zxc-borrowed-native-debug-96f2a442/o/f7a45af4d43d4ed6675aa362182b450d/merge_preflight.zig -Odebug --dep extract_workspace --dep references --dep integers --dep zxc_abi=zxc_abi9 -Mgenerated_type_extract=/tmp/zxc-borrowed-native-debug-96f2a442/o/f7a45af4d43d4ed6675aa362182b450d/type_extract.zig -Odebug --dep merge_writer --dep references --dep integers --dep zxc_abi=zxc_abi10 -Mgenerated_type_merge=/tmp/zxc-borrowed-native-debug-96f2a442/o/f7a45af4d43d4ed6675aa362182b450d/type_merge.zig -Odebug --dep integers --dep zxc_abi=zxc_abi11 -Mgenerated_type_validation=/tmp/zxc-borrowed-native-debug-96f2a442/o/f7a45af4d43d4ed6675aa362182b450d/type_validation.zig -Odebug --dep zx --dep reference_view --dep nominal_data -Mmerge_writer_view=../compiler/src/zx/analysis/semantic/merging/writer.zig -Odebug --dep zx --dep reference_view --dep nominal_data -Mextract_workspace_view=../compiler/src/zx/analysis/semantic/extracting/workspace.zig -Odebug --dep generated=generated0 -Mnaming=../lint/src/naming/root.zig -Odebug -Mgenerated=/tmp/zxc-borrowed-native-debug-96f2a442/o/418dd55edcd1ad26d8ae7f5e6604ce68/lexer.zig -Odebug --dep zxc_abi -Mzxc_standard=../compiler/standard/src/root.zig -Odebug -Mzxc_abi=/tmp/zxc-borrowed-native-debug-96f2a442/o/f7a45af4d43d4ed6675aa362182b450d/resolution_abi.zig -Odebug -Mintegers=../compiler/src/zx/analysis/semantic/native/integers.zig -Odebug -Mzxc_abi0=/tmp/zxc-borrowed-native-debug-96f2a442/o/f7a45af4d43d4ed6675aa362182b450d/construction_abi.zig -Odebug -Mzxc_abi1=/tmp/zxc-borrowed-native-debug-96f2a442/o/f7a45af4d43d4ed6675aa362182b450d/query_abi.zig -Odebug -Mzxc_abi2=/tmp/zxc-borrowed-native-debug-96f2a442/o/f7a45af4d43d4ed6675aa362182b450d/semantic_abi.zig -Odebug -Mzxc_abi3=/tmp/zxc-borrowed-native-debug-96f2a442/o/f7a45af4d43d4ed6675aa362182b450d/nominal_abi.zig -Odebug -Mzxc_abi4=/tmp/zxc-borrowed-native-debug-96f2a442/o/f7a45af4d43d4ed6675aa362182b450d/origins_abi.zig -Odebug -Mzxc_abi5=/tmp/zxc-borrowed-native-debug-96f2a442/o/f7a45af4d43d4ed6675aa362182b450d/production_abi.zig -Odebug -Mzxc_abi6=/tmp/zxc-borrowed-native-debug-96f2a442/o/f7a45af4d43d4ed6675aa362182b450d/ordering_abi.zig -Odebug --dep zxc_abi=zxc_abi6 --dep named_view -Mnamed_columns=../compiler/src/zx/analysis/semantic/ordering/columns.zig -Odebug --dep reference_view -Mreferences=../compiler/src/zx/analysis/semantic/native/references.zig -Odebug -Mzxc_abi7=/tmp/zxc-borrowed-native-debug-96f2a442/o/f7a45af4d43d4ed6675aa362182b450d/remap_abi.zig -Odebug --dep merge_workspace_view --dep zx --dep zxc_abi=zxc_abi8 -Mmerge_workspace=../compiler/src/zx/analysis/semantic/native/merge_workspace.zig -Odebug -Mzxc_abi8=/tmp/zxc-borrowed-native-debug-96f2a442/o/f7a45af4d43d4ed6675aa362182b450d/preflight_abi.zig -Odebug --dep extract_workspace_view --dep reference_view --dep nominal_data --dep zx --dep zxc_abi=zxc_abi9 -Mextract_workspace=../compiler/src/zx/analysis/semantic/native/extract_workspace.zig -Odebug -Mzxc_abi9=/tmp/zxc-borrowed-native-debug-96f2a442/o/f7a45af4d43d4ed6675aa362182b450d/extract_abi.zig -Odebug --dep merge_writer_view --dep reference_view --dep nominal_data --dep zxc_abi=zxc_abi10 -Mmerge_writer=../compiler/src/zx/analysis/semantic/native/merge_writer.zig -Odebug -Mzxc_abi10=/tmp/zxc-borrowed-native-debug-96f2a442/o/f7a45af4d43d4ed6675aa362182b450d/merge_abi.zig -Odebug -Mzxc_abi11=/tmp/zxc-borrowed-native-debug-96f2a442/o/f7a45af4d43d4ed6675aa362182b450d/validation_abi.zig -Odebug -Mgenerated0=/tmp/zxc-borrowed-native-debug-96f2a442/o/f7a45af4d43d4ed6675aa362182b450d/naming.zig --cache-dir /tmp/zxc-borrowed-native-debug-96f2a442 --global-cache-dir /Users/xiewendao/.cache/zig --build-root . --name compile-native-borrowed-runtime --zig-lib-dir /Users/xiewendao/.local/share/zig/zig-x86_64-macos-0.17.0/lib/ --listen=-
info(verbose): /tmp/zxc-borrowed-native-debug-96f2a442/o/7b6eee324d7cc96717d17d5e1010609c/compile-native-borrowed-runtime ./tests/native/borrowed_runtime/fixtures/main.zx ./tests/native/borrowed_runtime/payloads/string/host.d.zx source /tmp/zxc-borrowed-native-debug-96f2a442/o/8befb1fc6d86e72081f28a4e3a50416e/string-source ./tests/native/borrowed_runtime/fixtures/model.zx ./tests/native/borrowed_runtime/fixtures/read.zx ./tests/native/borrowed_runtime/fixtures/step.zx
info(verbose): /tmp/zxc-borrowed-native-debug-96f2a442/o/7b6eee324d7cc96717d17d5e1010609c/compile-native-borrowed-runtime ./tests/native/borrowed_runtime/fixtures/main.zx ./tests/native/borrowed_runtime/payloads/optional/host.d.zx library /tmp/zxc-borrowed-native-debug-96f2a442/o/1771a3c0218c3b81fc16cdb9b22a4cb7/optional-library ./tests/native/borrowed_runtime/fixtures/model.zx ./tests/native/borrowed_runtime/fixtures/read.zx ./tests/native/borrowed_runtime/fixtures/step.zx
info(verbose): node ./tests/native/borrowed_runtime/run_test.ts /Users/xiewendao/.local/share/zig/zig-x86_64-macos-0.17.0/zig /tmp/zxc-borrowed-native-debug-96f2a442/o/8befb1fc6d86e72081f28a4e3a50416e/string-source ./tests/native/borrowed_runtime/root.zig debug ./tests/native/borrowed_runtime/payloads/string/host.zig ./tests/support/allocation_testing.zig string
info(verbose): node ./tests/native/borrowed_runtime/run_test.ts /Users/xiewendao/.local/share/zig/zig-x86_64-macos-0.17.0/zig /tmp/zxc-borrowed-native-debug-96f2a442/o/1771a3c0218c3b81fc16cdb9b22a4cb7/optional-library ./tests/native/borrowed_runtime/root.zig debug ./tests/native/borrowed_runtime/payloads/optional/host.zig ./tests/support/allocation_testing.zig optional
1/8 root.test.borrowed payload variants preserve values and caller storage...OK
2/8 root.test.empty reduce does not call the native host...OK
3/8 root.test.borrowed payload calls preserve every seed and dynamic step...OK
4/8 root.test.later calls preserve the earlier product and appended scores...OK
5/8 root.test.borrowed payload growth preserves values through repeated execution...OK
6/8 root.test.native failure stops at each call in the first and retained later execution...OK
7/8 root.test.generated and native allocation failures preserve caller storage...OK
8/8 root.test.later allocation failures preserve the first escaped result...OK
All 8 tests passed.
✔ borrowed native payload runtime ./tests/native/borrowed_runtime/root.zig (debug) (1584.243377ms)
ℹ tests 1
ℹ suites 0
ℹ pass 1
ℹ fail 0
ℹ cancelled 0
ℹ skipped 0
ℹ todo 0
ℹ duration_ms 1587.234515
1/8 root.test.borrowed payload variants preserve values and caller storage...OK
2/8 root.test.empty reduce does not call the native host...OK
3/8 root.test.borrowed payload calls preserve every seed and dynamic step...OK
4/8 root.test.later calls preserve the earlier product and appended scores...OK
5/8 root.test.borrowed payload growth preserves values through repeated execution...OK
6/8 root.test.native failure stops at each call in the first and retained later execution...OK
7/8 root.test.generated and native allocation failures preserve caller storage...OK
8/8 root.test.later allocation failures preserve the first escaped result...OK
All 8 tests passed.
✔ borrowed native payload runtime ./tests/native/borrowed_runtime/root.zig (debug) (1599.314106ms)
ℹ tests 1
ℹ suites 0
ℹ pass 1
ℹ fail 0
ℹ cancelled 0
ℹ skipped 0
ℹ todo 0
ℹ duration_ms 1602.57034
info(verbose): /tmp/zxc-borrowed-native-debug-96f2a442/o/7b6eee324d7cc96717d17d5e1010609c/compile-native-borrowed-runtime ./tests/native/borrowed_runtime/fixtures/main.zx ./tests/native/borrowed_runtime/payloads/nested/host.d.zx library /tmp/zxc-borrowed-native-debug-96f2a442/o/80fd063ed0580b59e529e2145054cc46/nested-library ./tests/native/borrowed_runtime/fixtures/model.zx ./tests/native/borrowed_runtime/fixtures/read.zx ./tests/native/borrowed_runtime/fixtures/step.zx
info(verbose): /tmp/zxc-borrowed-native-debug-96f2a442/o/7b6eee324d7cc96717d17d5e1010609c/compile-native-borrowed-runtime ./tests/native/borrowed_runtime/fixtures/main.zx ./tests/native/borrowed_runtime/payloads/list/host.d.zx library /tmp/zxc-borrowed-native-debug-96f2a442/o/6b0f1651fc21eea1fcf60a75436e2021/list-library ./tests/native/borrowed_runtime/fixtures/model.zx ./tests/native/borrowed_runtime/fixtures/read.zx ./tests/native/borrowed_runtime/fixtures/step.zx
info(verbose): node ./tests/native/borrowed_runtime/run_test.ts /Users/xiewendao/.local/share/zig/zig-x86_64-macos-0.17.0/zig /tmp/zxc-borrowed-native-debug-96f2a442/o/80fd063ed0580b59e529e2145054cc46/nested-library ./tests/native/borrowed_runtime/root.zig debug ./tests/native/borrowed_runtime/payloads/nested/host.zig ./tests/support/allocation_testing.zig nested
info(verbose): node ./tests/native/borrowed_runtime/run_test.ts /Users/xiewendao/.local/share/zig/zig-x86_64-macos-0.17.0/zig /tmp/zxc-borrowed-native-debug-96f2a442/o/6b0f1651fc21eea1fcf60a75436e2021/list-library ./tests/native/borrowed_runtime/root.zig debug ./tests/native/borrowed_runtime/payloads/list/host.zig ./tests/support/allocation_testing.zig list
1/8 root.test.borrowed payload variants preserve values and caller storage...OK
2/8 root.test.empty reduce does not call the native host...OK
3/8 root.test.borrowed payload calls preserve every seed and dynamic step...OK
4/8 root.test.later calls preserve the earlier product and appended scores...OK
5/8 root.test.borrowed payload growth preserves values through repeated execution...OK
6/8 root.test.native failure stops at each call in the first and retained later execution...OK
7/8 root.test.generated and native allocation failures preserve caller storage...OK
8/8 root.test.later allocation failures preserve the first escaped result...OK
All 8 tests passed.
✔ borrowed native payload runtime ./tests/native/borrowed_runtime/root.zig (debug) (1581.746144ms)
ℹ tests 1
ℹ suites 0
ℹ pass 1
ℹ fail 0
ℹ cancelled 0
ℹ skipped 0
ℹ todo 0
ℹ duration_ms 1584.773561
1/8 root.test.borrowed payload variants preserve values and caller storage...OK
2/8 root.test.empty reduce does not call the native host...OK
3/8 root.test.borrowed payload calls preserve every seed and dynamic step...OK
4/8 root.test.later calls preserve the earlier product and appended scores...OK
5/8 root.test.borrowed payload growth preserves values through repeated execution...OK
6/8 root.test.native failure stops at each call in the first and retained later execution...OK
7/8 root.test.generated and native allocation failures preserve caller storage...OK
8/8 root.test.later allocation failures preserve the first escaped result...OK
All 8 tests passed.
✔ borrowed native payload runtime ./tests/native/borrowed_runtime/root.zig (debug) (1583.26923ms)
ℹ tests 1
ℹ suites 0
ℹ pass 1
ℹ fail 0
ℹ cancelled 0
ℹ skipped 0
ℹ todo 0
ℹ duration_ms 1586.309698
info(verbose): /tmp/zxc-borrowed-native-debug-96f2a442/o/7b6eee324d7cc96717d17d5e1010609c/compile-native-borrowed-runtime ./tests/native/borrowed_runtime/fixtures/main.zx ./tests/native/borrowed_runtime/payloads/list/host.d.zx source /tmp/zxc-borrowed-native-debug-96f2a442/o/7a9b01f33de93ee855863136c0680568/list-source ./tests/native/borrowed_runtime/fixtures/model.zx ./tests/native/borrowed_runtime/fixtures/read.zx ./tests/native/borrowed_runtime/fixtures/step.zx
info(verbose): /tmp/zxc-borrowed-native-debug-96f2a442/o/7b6eee324d7cc96717d17d5e1010609c/compile-native-borrowed-runtime ./tests/native/borrowed_runtime/fixtures/main.zx ./tests/native/borrowed_runtime/payloads/optional/host.d.zx source /tmp/zxc-borrowed-native-debug-96f2a442/o/63b2792786bfb4f700a4219533f22821/optional-source ./tests/native/borrowed_runtime/fixtures/model.zx ./tests/native/borrowed_runtime/fixtures/read.zx ./tests/native/borrowed_runtime/fixtures/step.zx
info(verbose): node ./tests/native/borrowed_runtime/run_test.ts /Users/xiewendao/.local/share/zig/zig-x86_64-macos-0.17.0/zig /tmp/zxc-borrowed-native-debug-96f2a442/o/63b2792786bfb4f700a4219533f22821/optional-source ./tests/native/borrowed_runtime/root.zig debug ./tests/native/borrowed_runtime/payloads/optional/host.zig ./tests/support/allocation_testing.zig optional
info(verbose): node ./tests/native/borrowed_runtime/run_test.ts /Users/xiewendao/.local/share/zig/zig-x86_64-macos-0.17.0/zig /tmp/zxc-borrowed-native-debug-96f2a442/o/7a9b01f33de93ee855863136c0680568/list-source ./tests/native/borrowed_runtime/root.zig debug ./tests/native/borrowed_runtime/payloads/list/host.zig ./tests/support/allocation_testing.zig list
1/8 root.test.borrowed payload variants preserve values and caller storage...OK
2/8 root.test.empty reduce does not call the native host...OK
3/8 root.test.borrowed payload calls preserve every seed and dynamic step...OK
4/8 root.test.later calls preserve the earlier product and appended scores...OK
5/8 root.test.borrowed payload growth preserves values through repeated execution...OK
6/8 root.test.native failure stops at each call in the first and retained later execution...OK
7/8 root.test.generated and native allocation failures preserve caller storage...OK
8/8 root.test.later allocation failures preserve the first escaped result...OK
All 8 tests passed.
✔ borrowed native payload runtime ./tests/native/borrowed_runtime/root.zig (debug) (1560.988657ms)
ℹ tests 1
ℹ suites 0
ℹ pass 1
ℹ fail 0
ℹ cancelled 0
ℹ skipped 0
ℹ todo 0
ℹ duration_ms 1564.00302
1/8 root.test.borrowed payload variants preserve values and caller storage...OK
2/8 root.test.empty reduce does not call the native host...OK
3/8 root.test.borrowed payload calls preserve every seed and dynamic step...OK
4/8 root.test.later calls preserve the earlier product and appended scores...OK
5/8 root.test.borrowed payload growth preserves values through repeated execution...OK
6/8 root.test.native failure stops at each call in the first and retained later execution...OK
7/8 root.test.generated and native allocation failures preserve caller storage...OK
8/8 root.test.later allocation failures preserve the first escaped result...OK
All 8 tests passed.
✔ borrowed native payload runtime ./tests/native/borrowed_runtime/root.zig (debug) (1587.921349ms)
ℹ tests 1
ℹ suites 0
ℹ pass 1
ℹ fail 0
ℹ cancelled 0
ℹ skipped 0
ℹ todo 0
ℹ duration_ms 1590.988659
info(verbose): /tmp/zxc-borrowed-native-debug-96f2a442/o/7b6eee324d7cc96717d17d5e1010609c/compile-native-borrowed-runtime ./tests/native/borrowed_runtime/fixtures/main.zx ./tests/native/borrowed_runtime/payloads/string/host.d.zx library /tmp/zxc-borrowed-native-debug-96f2a442/o/35f60b3ddc58b5c3f1c8ecf768c1f763/string-library ./tests/native/borrowed_runtime/fixtures/model.zx ./tests/native/borrowed_runtime/fixtures/read.zx ./tests/native/borrowed_runtime/fixtures/step.zx
info(verbose): /tmp/zxc-borrowed-native-debug-96f2a442/o/7b6eee324d7cc96717d17d5e1010609c/compile-native-borrowed-runtime ./tests/native/borrowed_runtime/fixtures/main.zx ./tests/native/borrowed_runtime/payloads/nested/host.d.zx source /tmp/zxc-borrowed-native-debug-96f2a442/o/8a2fc4f1e5e5b1bfd9af674fe59e6d36/nested-source ./tests/native/borrowed_runtime/fixtures/model.zx ./tests/native/borrowed_runtime/fixtures/read.zx ./tests/native/borrowed_runtime/fixtures/step.zx
info(verbose): node ./tests/native/borrowed_runtime/run_test.ts /Users/xiewendao/.local/share/zig/zig-x86_64-macos-0.17.0/zig /tmp/zxc-borrowed-native-debug-96f2a442/o/8a2fc4f1e5e5b1bfd9af674fe59e6d36/nested-source ./tests/native/borrowed_runtime/root.zig debug ./tests/native/borrowed_runtime/payloads/nested/host.zig ./tests/support/allocation_testing.zig nested
info(verbose): node ./tests/native/borrowed_runtime/run_test.ts /Users/xiewendao/.local/share/zig/zig-x86_64-macos-0.17.0/zig /tmp/zxc-borrowed-native-debug-96f2a442/o/35f60b3ddc58b5c3f1c8ecf768c1f763/string-library ./tests/native/borrowed_runtime/root.zig debug ./tests/native/borrowed_runtime/payloads/string/host.zig ./tests/support/allocation_testing.zig string
1/8 root.test.borrowed payload variants preserve values and caller storage...OK
2/8 root.test.empty reduce does not call the native host...OK
3/8 root.test.borrowed payload calls preserve every seed and dynamic step...OK
4/8 root.test.later calls preserve the earlier product and appended scores...OK
5/8 root.test.borrowed payload growth preserves values through repeated execution...OK
6/8 root.test.native failure stops at each call in the first and retained later execution...OK
7/8 root.test.generated and native allocation failures preserve caller storage...OK
8/8 root.test.later allocation failures preserve the first escaped result...OK
All 8 tests passed.
✔ borrowed native payload runtime ./tests/native/borrowed_runtime/root.zig (debug) (1579.373225ms)
ℹ tests 1
ℹ suites 0
ℹ pass 1
ℹ fail 0
ℹ cancelled 0
ℹ skipped 0
ℹ todo 0
ℹ duration_ms 1582.843714
1/8 root.test.borrowed payload variants preserve values and caller storage...OK
2/8 root.test.empty reduce does not call the native host...OK
3/8 root.test.borrowed payload calls preserve every seed and dynamic step...OK
4/8 root.test.later calls preserve the earlier product and appended scores...OK
5/8 root.test.borrowed payload growth preserves values through repeated execution...OK
6/8 root.test.native failure stops at each call in the first and retained later execution...OK
7/8 root.test.generated and native allocation failures preserve caller storage...OK
8/8 root.test.later allocation failures preserve the first escaped result...OK
All 8 tests passed.
✔ borrowed native payload runtime ./tests/native/borrowed_runtime/root.zig (debug) (1581.859252ms)
ℹ tests 1
ℹ suites 0
ℹ pass 1
ℹ fail 0
ℹ cancelled 0
ℹ skipped 0
ℹ todo 0
ℹ duration_ms 1584.90082
Build Summary: 38/38 steps succeeded
test-native-borrowed-runtime success
+- run node success 1s
|  +- run exe compile-native-borrowed-runtime (string-source) success 10ms
|     +- compile exe compile-native-borrowed-runtime debug native success 10s MaxRSS:1G
|        +- WriteFile interfaces/0.d.zx cached
|        |  +- run exe standard-catalog (catalog.zig) cached
|        |     +- compile exe standard-catalog fast native success 7s MaxRSS:355M
|        |     +- WriteFile catalog.json cached
|        +- options success
|        +- run exe generate-parser (parser.zig) success 11s
|        |  +- compile exe generate-parser debug native success 5s MaxRSS:632M
|        |     +- options success
|        |     +- WriteFile interfaces/0.d.zx success
|        |     |  +- run exe standard-catalog (catalog.zig) success 2ms
|        |     |     +- compile exe standard-catalog fast native cached 7s MaxRSS:21M
|        |     |     +- WriteFile catalog.json success
|        |     +- options success
|        +- run exe generate-parser (parser.zig) (+1 more reused dependencies)
|        +- run exe generate-parser (parser.zig) (+1 more reused dependencies)
|        +- run exe generate-parser (parser.zig) (+1 more reused dependencies)
|        +- run exe generate-parser (parser.zig) (+1 more reused dependencies)
|        +- run exe generate-parser (parser.zig) (+1 more reused dependencies)
|        +- run exe generate-parser (parser.zig) (+1 more reused dependencies)
|        +- run exe generate-parser (parser.zig) (+1 more reused dependencies)
|        +- run exe generate-parser (parser.zig) (+1 more reused dependencies)
|        +- run exe generate-parser (parser.zig) (+1 more reused dependencies)
|        +- run exe generate-parser (parser.zig) (+1 more reused dependencies)
|        +- run exe generate-parser (parser.zig) (+1 more reused dependencies)
|        +- run exe generate-parser (parser.zig) (+1 more reused dependencies)
|        +- run exe generate-parser (parser.zig) (+1 more reused dependencies)
|        +- run exe generate-parser (parser.zig) (+1 more reused dependencies)
|        +- run exe generate-parser (parser.zig) (+1 more reused dependencies)
|        +- run exe generate-parser (parser.zig) (+1 more reused dependencies)
|        +- run exe generate-parser (parser.zig) (+1 more reused dependencies)
|        +- run exe generate-parser (parser.zig) (+1 more reused dependencies)
|        +- run exe generate-lexer (lexer.zig) success 90ms
|        |  +- compile exe generate-lexer debug native success 4s MaxRSS:545M
|        |     +- WriteFile interfaces/0.d.zx cached
|        |     |  +- run exe standard-catalog (catalog.zig) cached
|        |     |     +- compile exe standard-catalog fast native cached 42ms MaxRSS:21M
|        |     |     +- WriteFile catalog.json cached
|        |     +- options cached
|        +- run exe generate-parser (parser.zig) (+1 more reused dependencies)
|        +- run exe generate-parser (parser.zig) (+1 more reused dependencies)
|        +- run exe generate-parser (parser.zig) (+1 more reused dependencies)
|        +- run exe generate-parser (parser.zig) (+1 more reused dependencies)
|        +- run exe generate-parser (parser.zig) (+1 more reused dependencies)
|        +- run exe generate-parser (parser.zig) (+1 more reused dependencies)
|        +- run exe generate-parser (parser.zig) (+1 more reused dependencies)
|        +- run exe generate-parser (parser.zig) (+1 more reused dependencies)
|        +- run exe generate-parser (parser.zig) (+1 more reused dependencies)
|        +- run exe generate-parser (parser.zig) (+1 more reused dependencies)
|        +- run exe generate-parser (parser.zig) (+1 more reused dependencies)
|        +- run exe generate-parser (parser.zig) (+1 more reused dependencies)
|        +- run exe generate-parser (parser.zig) (+1 more reused dependencies)
|        +- run exe generate-parser (parser.zig) (+1 more reused dependencies)
+- run node success 1s
|  +- run exe compile-native-borrowed-runtime (string-library) success 12ms
|     +- compile exe compile-native-borrowed-runtime debug native (+36 more reused dependencies)
+- run node success 1s
|  +- run exe compile-native-borrowed-runtime (list-source) success 10ms
|     +- compile exe compile-native-borrowed-runtime debug native (+36 more reused dependencies)
+- run node success 1s
|  +- run exe compile-native-borrowed-runtime (list-library) success 12ms
|     +- compile exe compile-native-borrowed-runtime debug native (+36 more reused dependencies)
+- run node success 1s
|  +- run exe compile-native-borrowed-runtime (nested-source) success 9ms
|     +- compile exe compile-native-borrowed-runtime debug native (+36 more reused dependencies)
+- run node success 1s
|  +- run exe compile-native-borrowed-runtime (nested-library) success 12ms
|     +- compile exe compile-native-borrowed-runtime debug native (+36 more reused dependencies)
+- run node success 1s
|  +- run exe compile-native-borrowed-runtime (optional-source) success 10ms
|     +- compile exe compile-native-borrowed-runtime debug native (+36 more reused dependencies)
+- run node success 1s
   +- run exe compile-native-borrowed-runtime (optional-library) success 12ms
      +- compile exe compile-native-borrowed-runtime debug native (+36 more reused dependencies)

