info(verbose): /Users/xiewendao/.local/share/zig/zig-x86_64-macos-0.17.0/zig build-exe --cache-dir /tmp/zxc-borrowed-native-releasesafe-96f2a442 --global-cache-dir /Users/xiewendao/.cache/zig --build-root . --zig-lib-dir /Users/xiewendao/.local/share/zig/zig-x86_64-macos-0.17.0/lib --name configurer -fsingle-threaded --dep @build --dep @dependencies -Mroot=/Users/xiewendao/.local/share/zig/zig-x86_64-macos-0.17.0/lib/compiler/configurer.zig --dep compiler=../compiler --dep core=../core --dep lint=../lint --dep pkgs=../pkgs --dep dsl=../dsl --dep genz=../genz --dep napi=../napi -M../cli=../cli/build.zig --dep dsl=../dsl --dep core=../core --dep genz=../genz --dep lint=../lint -M../compiler=../compiler/build.zig -M../core=../core/build.zig -M../dsl=../dsl/build.zig --dep core=../core -M../genz=../genz/build.zig --dep dsl=../dsl --dep core=../core -M../lint=../lint/build.zig --dep core=../core -M../napi=../napi/build.zig -M../pkgs=../pkgs/build.zig --dep ../cli --dep ../compiler --dep ../core --dep ../dsl --dep ../genz --dep ../lint --dep ../napi --dep ../pkgs -M@dependencies=/tmp/zxc-borrowed-native-releasesafe-96f2a442/o/664cc024bcb41b8d2365c77c6ca93203/dependencies.zig --dep cli=../cli --dep compiler=../compiler --dep pkgs=../pkgs -M@build=build.zig --listen=-
info(verbose): /Users/xiewendao/.local/share/zig/zig-x86_64-macos-0.17.0/zig build-exe -Ofast --dep genz -Mroot=../compiler/build/generate_catalog.zig -Ofast --dep zx -Mgenz=../genz/src/root.zig -Ofast -Mzx=../core/src/root.zig --cache-dir /tmp/zxc-borrowed-native-releasesafe-96f2a442 --global-cache-dir /Users/xiewendao/.cache/zig --build-root . --name standard-catalog --zig-lib-dir /Users/xiewendao/.local/share/zig/zig-x86_64-macos-0.17.0/lib/ --listen=-
info(verbose): /Users/xiewendao/.local/share/zig/zig-x86_64-macos-0.17.0/zig build-exe -Ofast --dep genz -Mroot=../compiler/build/generate_catalog.zig -Ofast --dep zx -Mgenz=../genz/src/root.zig -Ofast -Mzx=../core/src/root.zig --cache-dir /tmp/zxc-borrowed-native-releasesafe-96f2a442 --global-cache-dir /Users/xiewendao/.cache/zig --build-root . --name standard-catalog --zig-lib-dir /Users/xiewendao/.local/share/zig/zig-x86_64-macos-0.17.0/lib/ --listen=-
info(verbose): /tmp/zxc-borrowed-native-releasesafe-96f2a442/o/bc03e007a049723472a2837a13734e8d/standard-catalog /tmp/zxc-borrowed-native-releasesafe-96f2a442/o/38164407d913b30e25d086ef8d5a9b1e/catalog.json /tmp/zxc-borrowed-native-releasesafe-96f2a442/o/81d4ebee71b30b0a34a982e278d5db81/catalog.zig
info(verbose): /Users/xiewendao/.local/share/zig/zig-x86_64-macos-0.17.0/zig build-exe -Ofast --dep genz -Mroot=../compiler/build/generate_catalog.zig -Ofast --dep zx -Mgenz=../genz/src/root.zig -Ofast -Mzx=../core/src/root.zig --cache-dir /tmp/zxc-borrowed-native-releasesafe-96f2a442 --global-cache-dir /Users/xiewendao/.cache/zig --build-root . --name standard-catalog --zig-lib-dir /Users/xiewendao/.local/share/zig/zig-x86_64-macos-0.17.0/lib/ --listen=-
info(verbose): /Users/xiewendao/.local/share/zig/zig-x86_64-macos-0.17.0/zig build-exe -Osafe --dep compiler --dep rx --dep rx_analysis --dep merge_writer_interface --dep extract_workspace_interface --dep merge_workspace_interface --dep references_interface --dep origin_writer_interface --dep named_columns_interface --dep semantic_integers -Mroot=../compiler/build/generate_parser.zig -Osafe --dep frontend --dep dsl --dep zx --dep genz --dep lint -Mcompiler=../compiler/src/root.zig -Osafe --dep dsl --dep frontend --dep rx_options -Mrx=../compiler/src/rx/root.zig -Osafe --dep rx --dep dsl --dep zx --dep frontend --dep lint -Mrx_analysis=../compiler/src/rx/analysis/root.zig -Mmerge_writer_interface=../compiler/src/zx/analysis/semantic/native/merge_writer.d.zx -Mextract_workspace_interface=../compiler/src/zx/analysis/semantic/native/extract_workspace.d.zx -Mmerge_workspace_interface=../compiler/src/zx/analysis/semantic/native/merge_workspace.d.zx -Mreferences_interface=../compiler/src/zx/analysis/semantic/native/references.d.zx -Morigin_writer_interface=../compiler/src/zx/analysis/semantic/native/origin_writer.d.zx -Mnamed_columns_interface=../compiler/src/zx/analysis/semantic/ordering/columns.d.zx -Msemantic_integers=../compiler/src/zx/analysis/semantic/native/integers.d.zx -Osafe --dep lexer --dep zx --dep dsl --dep lint --dep standard_interfaces --dep parser_options --dep type_views --dep merge_workspace_view --dep reference_view --dep nominal_data --dep named_view --dep xml_adapter -Mfrontend=../compiler/src/zx/frontend.zig -Osafe -Mdsl=../dsl/src/root.zig -Osafe -Mzx=../core/src/root.zig -Osafe --dep zx -Mgenz=../genz/src/root.zig -Osafe --dep naming --dep dsl --dep zx -Mlint=../lint/src/root.zig -Mrx_options=/tmp/zxc-borrowed-native-releasesafe-96f2a442/o/77c1f5e6d2a04327be93efeeeb45b750/options.zig -Osafe --dep zx -Mlexer=../compiler/bootstrap/lexer/lex.zig -Mstandard_interfaces=/tmp/zxc-borrowed-native-releasesafe-96f2a442/o/f499a3f38e4db5082e0b61b477c4401f/catalog.zig -Mparser_options=/tmp/zxc-borrowed-native-releasesafe-96f2a442/o/bc1a5fc18923b6d1c1d8e02b958a5e71/options.zig -Osafe --dep zx -Mtype_views=../compiler/src/zx/analysis/types/view.zig -Osafe --dep zx -Mmerge_workspace_view=../compiler/src/zx/analysis/semantic/merging/workspace.zig -Osafe --dep zx -Mreference_view=../compiler/src/zx/analysis/semantic/remapping/view.zig -Osafe --dep zx -Mnominal_data=../compiler/src/zx/modules/nominal_origins/root.zig -Osafe -Mnamed_view=../compiler/src/zx/analysis/semantic/ordering/view.zig -Osafe --dep dsl -Mxml_adapter=../compiler/src/rx/syntax_adapter/root.zig -Osafe -Mnaming=../lint/bootstrap/naming.zig --cache-dir /tmp/zxc-borrowed-native-releasesafe-96f2a442 --global-cache-dir /Users/xiewendao/.cache/zig --build-root . --name generate-parser --zig-lib-dir /Users/xiewendao/.local/share/zig/zig-x86_64-macos-0.17.0/lib/ --listen=-
info(verbose): /Users/xiewendao/.local/share/zig/zig-x86_64-macos-0.17.0/zig build-exe -Osafe --dep compiler -Mroot=../compiler/build/generate_lexer.zig -Osafe --dep frontend --dep dsl --dep zx --dep genz --dep lint -Mcompiler=../compiler/src/root.zig -Osafe --dep lexer --dep zx --dep dsl --dep lint --dep standard_interfaces --dep parser_options --dep type_views --dep merge_workspace_view --dep reference_view --dep nominal_data --dep named_view --dep xml_adapter -Mfrontend=../compiler/src/zx/frontend.zig -Osafe -Mdsl=../dsl/src/root.zig -Osafe -Mzx=../core/src/root.zig -Osafe --dep zx -Mgenz=../genz/src/root.zig -Osafe --dep naming --dep dsl --dep zx -Mlint=../lint/src/root.zig -Osafe --dep zx -Mlexer=../compiler/bootstrap/lexer/lex.zig -Mstandard_interfaces=/tmp/zxc-borrowed-native-releasesafe-96f2a442/o/f499a3f38e4db5082e0b61b477c4401f/catalog.zig -Mparser_options=/tmp/zxc-borrowed-native-releasesafe-96f2a442/o/bc1a5fc18923b6d1c1d8e02b958a5e71/options.zig -Osafe --dep zx -Mtype_views=../compiler/src/zx/analysis/types/view.zig -Osafe --dep zx -Mmerge_workspace_view=../compiler/src/zx/analysis/semantic/merging/workspace.zig -Osafe --dep zx -Mreference_view=../compiler/src/zx/analysis/semantic/remapping/view.zig -Osafe --dep zx -Mnominal_data=../compiler/src/zx/modules/nominal_origins/root.zig -Osafe -Mnamed_view=../compiler/src/zx/analysis/semantic/ordering/view.zig -Osafe --dep dsl -Mxml_adapter=../compiler/src/rx/syntax_adapter/root.zig -Osafe -Mnaming=../lint/bootstrap/naming.zig --cache-dir /tmp/zxc-borrowed-native-releasesafe-96f2a442 --global-cache-dir /Users/xiewendao/.cache/zig --build-root . --name generate-lexer --zig-lib-dir /Users/xiewendao/.local/share/zig/zig-x86_64-macos-0.17.0/lib/ --listen=-
info(verbose): /tmp/zxc-borrowed-native-releasesafe-96f2a442/o/d904ed58f14b9adcd5aad5d7d5bab95e/generate-lexer ./../compiler/src/zx/frontend/lexer /tmp/zxc-borrowed-native-releasesafe-96f2a442/o/39cf6fa09f1a0afda1b4f693b1707fa7/lexer.zig
info(verbose): /tmp/zxc-borrowed-native-releasesafe-96f2a442/o/2e2a729dcfbb41be2d6b48b3266928c1/generate-parser ./../compiler/src /tmp/zxc-borrowed-native-releasesafe-96f2a442/o/7af6fa64d719a2f8ab61c44c214a681d/parser.zig /tmp/zxc-borrowed-native-releasesafe-96f2a442/o/7af6fa64d719a2f8ab61c44c214a681d/expression.zig /tmp/zxc-borrowed-native-releasesafe-96f2a442/o/7af6fa64d719a2f8ab61c44c214a681d/xml.zig /tmp/zxc-borrowed-native-releasesafe-96f2a442/o/7af6fa64d719a2f8ab61c44c214a681d/paths.zig /tmp/zxc-borrowed-native-releasesafe-96f2a442/o/7af6fa64d719a2f8ab61c44c214a681d/graph.zig /tmp/zxc-borrowed-native-releasesafe-96f2a442/o/7af6fa64d719a2f8ab61c44c214a681d/attribute_role.zig /tmp/zxc-borrowed-native-releasesafe-96f2a442/o/7af6fa64d719a2f8ab61c44c214a681d/attribute_content.zig /tmp/zxc-borrowed-native-releasesafe-96f2a442/o/7af6fa64d719a2f8ab61c44c214a681d/call_rule.zig /tmp/zxc-borrowed-native-releasesafe-96f2a442/o/7af6fa64d719a2f8ab61c44c214a681d/path_kind.zig /tmp/zxc-borrowed-native-releasesafe-96f2a442/o/7af6fa64d719a2f8ab61c44c214a681d/file_kind.zig /tmp/zxc-borrowed-native-releasesafe-96f2a442/o/7af6fa64d719a2f8ab61c44c214a681d/specifier.zig /tmp/zxc-borrowed-native-releasesafe-96f2a442/o/7af6fa64d719a2f8ab61c44c214a681d/integer.zig /tmp/zxc-borrowed-native-releasesafe-96f2a442/o/7af6fa64d719a2f8ab61c44c214a681d/native.zig /tmp/zxc-borrowed-native-releasesafe-96f2a442/o/7af6fa64d719a2f8ab61c44c214a681d/type_lookup.zig /tmp/zxc-borrowed-native-releasesafe-96f2a442/o/7af6fa64d719a2f8ab61c44c214a681d/semantic_abi.zig /tmp/zxc-borrowed-native-releasesafe-96f2a442/o/7af6fa64d719a2f8ab61c44c214a681d/nominal_lookup.zig /tmp/zxc-borrowed-native-releasesafe-96f2a442/o/7af6fa64d719a2f8ab61c44c214a681d/nominal_abi.zig /tmp/zxc-borrowed-native-releasesafe-96f2a442/o/7af6fa64d719a2f8ab61c44c214a681d/name_sort.zig /tmp/zxc-borrowed-native-releasesafe-96f2a442/o/7af6fa64d719a2f8ab61c44c214a681d/ordering_abi.zig /tmp/zxc-borrowed-native-releasesafe-96f2a442/o/7af6fa64d719a2f8ab61c44c214a681d/origin_validation.zig /tmp/zxc-borrowed-native-releasesafe-96f2a442/o/7af6fa64d719a2f8ab61c44c214a681d/origins_abi.zig /tmp/zxc-borrowed-native-releasesafe-96f2a442/o/7af6fa64d719a2f8ab61c44c214a681d/origin_production.zig /tmp/zxc-borrowed-native-releasesafe-96f2a442/o/7af6fa64d719a2f8ab61c44c214a681d/production_abi.zig /tmp/zxc-borrowed-native-releasesafe-96f2a442/o/7af6fa64d719a2f8ab61c44c214a681d/type_remap.zig /tmp/zxc-borrowed-native-releasesafe-96f2a442/o/7af6fa64d719a2f8ab61c44c214a681d/remap_abi.zig /tmp/zxc-borrowed-native-releasesafe-96f2a442/o/7af6fa64d719a2f8ab61c44c214a681d/merge_preflight.zig /tmp/zxc-borrowed-native-releasesafe-96f2a442/o/7af6fa64d719a2f8ab61c44c214a681d/preflight_abi.zig /tmp/zxc-borrowed-native-releasesafe-96f2a442/o/7af6fa64d719a2f8ab61c44c214a681d/type_extract.zig /tmp/zxc-borrowed-native-releasesafe-96f2a442/o/7af6fa64d719a2f8ab61c44c214a681d/extract_abi.zig /tmp/zxc-borrowed-native-releasesafe-96f2a442/o/7af6fa64d719a2f8ab61c44c214a681d/type_merge.zig /tmp/zxc-borrowed-native-releasesafe-96f2a442/o/7af6fa64d719a2f8ab61c44c214a681d/merge_abi.zig /tmp/zxc-borrowed-native-releasesafe-96f2a442/o/7af6fa64d719a2f8ab61c44c214a681d/type_validation.zig /tmp/zxc-borrowed-native-releasesafe-96f2a442/o/7af6fa64d719a2f8ab61c44c214a681d/validation_abi.zig /tmp/zxc-borrowed-native-releasesafe-96f2a442/o/7af6fa64d719a2f8ab61c44c214a681d/type_resolution.zig /tmp/zxc-borrowed-native-releasesafe-96f2a442/o/7af6fa64d719a2f8ab61c44c214a681d/resolution_abi.zig /tmp/zxc-borrowed-native-releasesafe-96f2a442/o/7af6fa64d719a2f8ab61c44c214a681d/type_construction.zig /tmp/zxc-borrowed-native-releasesafe-96f2a442/o/7af6fa64d719a2f8ab61c44c214a681d/construction_abi.zig /tmp/zxc-borrowed-native-releasesafe-96f2a442/o/7af6fa64d719a2f8ab61c44c214a681d/type_query.zig /tmp/zxc-borrowed-native-releasesafe-96f2a442/o/7af6fa64d719a2f8ab61c44c214a681d/query_abi.zig /tmp/zxc-borrowed-native-releasesafe-96f2a442/o/7af6fa64d719a2f8ab61c44c214a681d/naming.zig ./../lint/src/naming
info(verbose): /Users/xiewendao/.local/share/zig/zig-x86_64-macos-0.17.0/zig build-exe -Osafe --dep compiler --dep library_output -Mroot=tests/native/borrowed_runtime/compile.zig -Osafe --dep frontend --dep dsl --dep zx --dep genz --dep lint -Mcompiler=../compiler/src/root.zig -Osafe -Mlibrary_output=tests/library/runtime/save.zig -Osafe --dep lexer --dep zx --dep dsl --dep lint --dep standard_interfaces --dep parser_options --dep type_views --dep merge_workspace_view --dep reference_view --dep nominal_data --dep named_view --dep xml_adapter --dep generated_type_resolution --dep generated_type_construction --dep generated_type_query --dep generated_parser --dep generated_expression --dep generated_xml --dep generated_specifier --dep generated_integer --dep generated_native --dep generated_type_lookup --dep generated_nominal_lookup --dep generated_origin_validation --dep generated_origin_production --dep origin_writer --dep generated_name_sort --dep generated_type_remap --dep generated_merge_preflight --dep generated_type_extract --dep generated_type_merge --dep generated_type_validation --dep merge_writer_view --dep extract_workspace_view -Mfrontend=../compiler/src/zx/frontend.zig -Osafe -Mdsl=../dsl/src/root.zig -Osafe -Mzx=../core/src/root.zig -Osafe --dep zx -Mgenz=../genz/src/root.zig -Osafe --dep naming --dep dsl --dep zx -Mlint=../lint/src/root.zig -Osafe --dep zx --dep generated -Mlexer=../compiler/src/zx/frontend/lex.zig -Mstandard_interfaces=/tmp/zxc-borrowed-native-releasesafe-96f2a442/o/f499a3f38e4db5082e0b61b477c4401f/catalog.zig -Mparser_options=/tmp/zxc-borrowed-native-releasesafe-96f2a442/o/9be4782c6bcf1fb6c77178a4cbdd2528/options.zig -Osafe --dep zx -Mtype_views=../compiler/src/zx/analysis/types/view.zig -Osafe --dep zx -Mmerge_workspace_view=../compiler/src/zx/analysis/semantic/merging/workspace.zig -Osafe --dep zx -Mreference_view=../compiler/src/zx/analysis/semantic/remapping/view.zig -Osafe --dep zx -Mnominal_data=../compiler/src/zx/modules/nominal_origins/root.zig -Osafe -Mnamed_view=../compiler/src/zx/analysis/semantic/ordering/view.zig -Osafe --dep dsl -Mxml_adapter=../compiler/src/rx/syntax_adapter/root.zig -Osafe --dep zxc_standard --dep zxc_abi --dep integers -Mgenerated_type_resolution=/tmp/zxc-borrowed-native-releasesafe-96f2a442/o/7af6fa64d719a2f8ab61c44c214a681d/type_resolution.zig -Osafe --dep zxc_abi=zxc_abi0 --dep integers -Mgenerated_type_construction=/tmp/zxc-borrowed-native-releasesafe-96f2a442/o/7af6fa64d719a2f8ab61c44c214a681d/type_construction.zig -Osafe --dep zxc_abi=zxc_abi1 --dep integers -Mgenerated_type_query=/tmp/zxc-borrowed-native-releasesafe-96f2a442/o/7af6fa64d719a2f8ab61c44c214a681d/type_query.zig -Osafe -Mgenerated_parser=/tmp/zxc-borrowed-native-releasesafe-96f2a442/o/7af6fa64d719a2f8ab61c44c214a681d/parser.zig -Osafe -Mgenerated_expression=/tmp/zxc-borrowed-native-releasesafe-96f2a442/o/7af6fa64d719a2f8ab61c44c214a681d/expression.zig -Osafe -Mgenerated_xml=/tmp/zxc-borrowed-native-releasesafe-96f2a442/o/7af6fa64d719a2f8ab61c44c214a681d/xml.zig -Osafe -Mgenerated_specifier=/tmp/zxc-borrowed-native-releasesafe-96f2a442/o/7af6fa64d719a2f8ab61c44c214a681d/specifier.zig -Osafe -Mgenerated_integer=/tmp/zxc-borrowed-native-releasesafe-96f2a442/o/7af6fa64d719a2f8ab61c44c214a681d/integer.zig -Osafe -Mgenerated_native=/tmp/zxc-borrowed-native-releasesafe-96f2a442/o/7af6fa64d719a2f8ab61c44c214a681d/native.zig -Osafe --dep integers --dep zxc_abi=zxc_abi2 -Mgenerated_type_lookup=/tmp/zxc-borrowed-native-releasesafe-96f2a442/o/7af6fa64d719a2f8ab61c44c214a681d/type_lookup.zig -Osafe --dep integers --dep zxc_abi=zxc_abi3 -Mgenerated_nominal_lookup=/tmp/zxc-borrowed-native-releasesafe-96f2a442/o/7af6fa64d719a2f8ab61c44c214a681d/nominal_lookup.zig -Osafe --dep integers --dep zxc_abi=zxc_abi4 -Mgenerated_origin_validation=/tmp/zxc-borrowed-native-releasesafe-96f2a442/o/7af6fa64d719a2f8ab61c44c214a681d/origin_validation.zig -Osafe --dep origin_writer --dep zxc_abi=zxc_abi5 -Mgenerated_origin_production=/tmp/zxc-borrowed-native-releasesafe-96f2a442/o/7af6fa64d719a2f8ab61c44c214a681d/origin_production.zig -Osafe --dep nominal_data --dep zxc_abi=zxc_abi5 -Morigin_writer=../compiler/src/zx/analysis/semantic/native/origin_writer.zig -Osafe --dep zxc_abi=zxc_abi6 --dep named_columns -Mgenerated_name_sort=/tmp/zxc-borrowed-native-releasesafe-96f2a442/o/7af6fa64d719a2f8ab61c44c214a681d/name_sort.zig -Osafe --dep references --dep integers --dep zxc_abi=zxc_abi7 -Mgenerated_type_remap=/tmp/zxc-borrowed-native-releasesafe-96f2a442/o/7af6fa64d719a2f8ab61c44c214a681d/type_remap.zig -Osafe --dep merge_workspace --dep integers --dep zxc_abi=zxc_abi8 -Mgenerated_merge_preflight=/tmp/zxc-borrowed-native-releasesafe-96f2a442/o/7af6fa64d719a2f8ab61c44c214a681d/merge_preflight.zig -Osafe --dep extract_workspace --dep references --dep integers --dep zxc_abi=zxc_abi9 -Mgenerated_type_extract=/tmp/zxc-borrowed-native-releasesafe-96f2a442/o/7af6fa64d719a2f8ab61c44c214a681d/type_extract.zig -Osafe --dep merge_writer --dep references --dep integers --dep zxc_abi=zxc_abi10 -Mgenerated_type_merge=/tmp/zxc-borrowed-native-releasesafe-96f2a442/o/7af6fa64d719a2f8ab61c44c214a681d/type_merge.zig -Osafe --dep integers --dep zxc_abi=zxc_abi11 -Mgenerated_type_validation=/tmp/zxc-borrowed-native-releasesafe-96f2a442/o/7af6fa64d719a2f8ab61c44c214a681d/type_validation.zig -Osafe --dep zx --dep reference_view --dep nominal_data -Mmerge_writer_view=../compiler/src/zx/analysis/semantic/merging/writer.zig -Osafe --dep zx --dep reference_view --dep nominal_data -Mextract_workspace_view=../compiler/src/zx/analysis/semantic/extracting/workspace.zig -Osafe --dep generated=generated0 -Mnaming=../lint/src/naming/root.zig -Osafe -Mgenerated=/tmp/zxc-borrowed-native-releasesafe-96f2a442/o/39cf6fa09f1a0afda1b4f693b1707fa7/lexer.zig -Osafe --dep zxc_abi -Mzxc_standard=../compiler/standard/src/root.zig -Osafe -Mzxc_abi=/tmp/zxc-borrowed-native-releasesafe-96f2a442/o/7af6fa64d719a2f8ab61c44c214a681d/resolution_abi.zig -Osafe -Mintegers=../compiler/src/zx/analysis/semantic/native/integers.zig -Osafe -Mzxc_abi0=/tmp/zxc-borrowed-native-releasesafe-96f2a442/o/7af6fa64d719a2f8ab61c44c214a681d/construction_abi.zig -Osafe -Mzxc_abi1=/tmp/zxc-borrowed-native-releasesafe-96f2a442/o/7af6fa64d719a2f8ab61c44c214a681d/query_abi.zig -Osafe -Mzxc_abi2=/tmp/zxc-borrowed-native-releasesafe-96f2a442/o/7af6fa64d719a2f8ab61c44c214a681d/semantic_abi.zig -Osafe -Mzxc_abi3=/tmp/zxc-borrowed-native-releasesafe-96f2a442/o/7af6fa64d719a2f8ab61c44c214a681d/nominal_abi.zig -Osafe -Mzxc_abi4=/tmp/zxc-borrowed-native-releasesafe-96f2a442/o/7af6fa64d719a2f8ab61c44c214a681d/origins_abi.zig -Osafe -Mzxc_abi5=/tmp/zxc-borrowed-native-releasesafe-96f2a442/o/7af6fa64d719a2f8ab61c44c214a681d/production_abi.zig -Osafe -Mzxc_abi6=/tmp/zxc-borrowed-native-releasesafe-96f2a442/o/7af6fa64d719a2f8ab61c44c214a681d/ordering_abi.zig -Osafe --dep zxc_abi=zxc_abi6 --dep named_view -Mnamed_columns=../compiler/src/zx/analysis/semantic/ordering/columns.zig -Osafe --dep reference_view -Mreferences=../compiler/src/zx/analysis/semantic/native/references.zig -Osafe -Mzxc_abi7=/tmp/zxc-borrowed-native-releasesafe-96f2a442/o/7af6fa64d719a2f8ab61c44c214a681d/remap_abi.zig -Osafe --dep merge_workspace_view --dep zx --dep zxc_abi=zxc_abi8 -Mmerge_workspace=../compiler/src/zx/analysis/semantic/native/merge_workspace.zig -Osafe -Mzxc_abi8=/tmp/zxc-borrowed-native-releasesafe-96f2a442/o/7af6fa64d719a2f8ab61c44c214a681d/preflight_abi.zig -Osafe --dep extract_workspace_view --dep reference_view --dep nominal_data --dep zx --dep zxc_abi=zxc_abi9 -Mextract_workspace=../compiler/src/zx/analysis/semantic/native/extract_workspace.zig -Osafe -Mzxc_abi9=/tmp/zxc-borrowed-native-releasesafe-96f2a442/o/7af6fa64d719a2f8ab61c44c214a681d/extract_abi.zig -Osafe --dep merge_writer_view --dep reference_view --dep nominal_data --dep zxc_abi=zxc_abi10 -Mmerge_writer=../compiler/src/zx/analysis/semantic/native/merge_writer.zig -Osafe -Mzxc_abi10=/tmp/zxc-borrowed-native-releasesafe-96f2a442/o/7af6fa64d719a2f8ab61c44c214a681d/merge_abi.zig -Osafe -Mzxc_abi11=/tmp/zxc-borrowed-native-releasesafe-96f2a442/o/7af6fa64d719a2f8ab61c44c214a681d/validation_abi.zig -Osafe -Mgenerated0=/tmp/zxc-borrowed-native-releasesafe-96f2a442/o/7af6fa64d719a2f8ab61c44c214a681d/naming.zig --cache-dir /tmp/zxc-borrowed-native-releasesafe-96f2a442 --global-cache-dir /Users/xiewendao/.cache/zig --build-root . --name compile-native-borrowed-runtime --zig-lib-dir /Users/xiewendao/.local/share/zig/zig-x86_64-macos-0.17.0/lib/ --listen=-
info(verbose): /tmp/zxc-borrowed-native-releasesafe-96f2a442/o/8ef74c7fcd4b5066497885dda3af447e/compile-native-borrowed-runtime ./tests/native/borrowed_runtime/fixtures/main.zx ./tests/native/borrowed_runtime/payloads/string/host.d.zx library /tmp/zxc-borrowed-native-releasesafe-96f2a442/o/7bd1e6fe30a492278ef8003ac329073b/string-library ./tests/native/borrowed_runtime/fixtures/model.zx ./tests/native/borrowed_runtime/fixtures/read.zx ./tests/native/borrowed_runtime/fixtures/step.zx
info(verbose): /tmp/zxc-borrowed-native-releasesafe-96f2a442/o/8ef74c7fcd4b5066497885dda3af447e/compile-native-borrowed-runtime ./tests/native/borrowed_runtime/fixtures/main.zx ./tests/native/borrowed_runtime/payloads/nested/host.d.zx library /tmp/zxc-borrowed-native-releasesafe-96f2a442/o/4daabf6293b13a7caba63c9e10ea2890/nested-library ./tests/native/borrowed_runtime/fixtures/model.zx ./tests/native/borrowed_runtime/fixtures/read.zx ./tests/native/borrowed_runtime/fixtures/step.zx
info(verbose): node ./tests/native/borrowed_runtime/run_test.ts /Users/xiewendao/.local/share/zig/zig-x86_64-macos-0.17.0/zig /tmp/zxc-borrowed-native-releasesafe-96f2a442/o/7bd1e6fe30a492278ef8003ac329073b/string-library ./tests/native/borrowed_runtime/root.zig safe ./tests/native/borrowed_runtime/payloads/string/host.zig ./tests/support/allocation_testing.zig string
info(verbose): node ./tests/native/borrowed_runtime/run_test.ts /Users/xiewendao/.local/share/zig/zig-x86_64-macos-0.17.0/zig /tmp/zxc-borrowed-native-releasesafe-96f2a442/o/4daabf6293b13a7caba63c9e10ea2890/nested-library ./tests/native/borrowed_runtime/root.zig safe ./tests/native/borrowed_runtime/payloads/nested/host.zig ./tests/support/allocation_testing.zig nested
1/8 root.test.borrowed payload variants preserve values and caller storage...OK
2/8 root.test.empty reduce does not call the native host...OK
3/8 root.test.borrowed payload calls preserve every seed and dynamic step...OK
4/8 root.test.later calls preserve the earlier product and appended scores...OK
5/8 root.test.borrowed payload growth preserves values through repeated execution...OK
6/8 root.test.native failure stops at each call in the first and retained later execution...OK
7/8 root.test.generated and native allocation failures preserve caller storage...OK
8/8 root.test.later allocation failures preserve the first escaped result...OK
All 8 tests passed.
✔ borrowed native payload runtime ./tests/native/borrowed_runtime/root.zig (safe) (7663.495688ms)
ℹ tests 1
ℹ suites 0
ℹ pass 1
ℹ fail 0
ℹ cancelled 0
ℹ skipped 0
ℹ todo 0
ℹ duration_ms 7666.504036
1/8 root.test.borrowed payload variants preserve values and caller storage...OK
2/8 root.test.empty reduce does not call the native host...OK
3/8 root.test.borrowed payload calls preserve every seed and dynamic step...OK
4/8 root.test.later calls preserve the earlier product and appended scores...OK
5/8 root.test.borrowed payload growth preserves values through repeated execution...OK
6/8 root.test.native failure stops at each call in the first and retained later execution...OK
7/8 root.test.generated and native allocation failures preserve caller storage...OK
8/8 root.test.later allocation failures preserve the first escaped result...OK
All 8 tests passed.
✔ borrowed native payload runtime ./tests/native/borrowed_runtime/root.zig (safe) (7652.047726ms)
ℹ tests 1
ℹ suites 0
ℹ pass 1
ℹ fail 0
ℹ cancelled 0
ℹ skipped 0
ℹ todo 0
ℹ duration_ms 7655.014945
info(verbose): /tmp/zxc-borrowed-native-releasesafe-96f2a442/o/8ef74c7fcd4b5066497885dda3af447e/compile-native-borrowed-runtime ./tests/native/borrowed_runtime/fixtures/main.zx ./tests/native/borrowed_runtime/payloads/list/host.d.zx source /tmp/zxc-borrowed-native-releasesafe-96f2a442/o/64c404286ec71b4984e2cd6da6e5e3a7/list-source ./tests/native/borrowed_runtime/fixtures/model.zx ./tests/native/borrowed_runtime/fixtures/read.zx ./tests/native/borrowed_runtime/fixtures/step.zx
info(verbose): /tmp/zxc-borrowed-native-releasesafe-96f2a442/o/8ef74c7fcd4b5066497885dda3af447e/compile-native-borrowed-runtime ./tests/native/borrowed_runtime/fixtures/main.zx ./tests/native/borrowed_runtime/payloads/optional/host.d.zx source /tmp/zxc-borrowed-native-releasesafe-96f2a442/o/f42c2c6f3aa6e9bfc94f4781d4fd9ea4/optional-source ./tests/native/borrowed_runtime/fixtures/model.zx ./tests/native/borrowed_runtime/fixtures/read.zx ./tests/native/borrowed_runtime/fixtures/step.zx
info(verbose): node ./tests/native/borrowed_runtime/run_test.ts /Users/xiewendao/.local/share/zig/zig-x86_64-macos-0.17.0/zig /tmp/zxc-borrowed-native-releasesafe-96f2a442/o/64c404286ec71b4984e2cd6da6e5e3a7/list-source ./tests/native/borrowed_runtime/root.zig safe ./tests/native/borrowed_runtime/payloads/list/host.zig ./tests/support/allocation_testing.zig list
info(verbose): node ./tests/native/borrowed_runtime/run_test.ts /Users/xiewendao/.local/share/zig/zig-x86_64-macos-0.17.0/zig /tmp/zxc-borrowed-native-releasesafe-96f2a442/o/f42c2c6f3aa6e9bfc94f4781d4fd9ea4/optional-source ./tests/native/borrowed_runtime/root.zig safe ./tests/native/borrowed_runtime/payloads/optional/host.zig ./tests/support/allocation_testing.zig optional
1/8 root.test.borrowed payload variants preserve values and caller storage...OK
2/8 root.test.empty reduce does not call the native host...OK
3/8 root.test.borrowed payload calls preserve every seed and dynamic step...OK
4/8 root.test.later calls preserve the earlier product and appended scores...OK
5/8 root.test.borrowed payload growth preserves values through repeated execution...OK
6/8 root.test.native failure stops at each call in the first and retained later execution...OK
7/8 root.test.generated and native allocation failures preserve caller storage...OK
8/8 root.test.later allocation failures preserve the first escaped result...OK
All 8 tests passed.
✔ borrowed native payload runtime ./tests/native/borrowed_runtime/root.zig (safe) (7666.032781ms)
ℹ tests 1
ℹ suites 0
ℹ pass 1
ℹ fail 0
ℹ cancelled 0
ℹ skipped 0
ℹ todo 0
ℹ duration_ms 7668.999348
info(verbose): /tmp/zxc-borrowed-native-releasesafe-96f2a442/o/8ef74c7fcd4b5066497885dda3af447e/compile-native-borrowed-runtime ./tests/native/borrowed_runtime/fixtures/main.zx ./tests/native/borrowed_runtime/payloads/string/host.d.zx source /tmp/zxc-borrowed-native-releasesafe-96f2a442/o/1f37c13384793e07409a976e345b50bd/string-source ./tests/native/borrowed_runtime/fixtures/model.zx ./tests/native/borrowed_runtime/fixtures/read.zx ./tests/native/borrowed_runtime/fixtures/step.zx
info(verbose): node ./tests/native/borrowed_runtime/run_test.ts /Users/xiewendao/.local/share/zig/zig-x86_64-macos-0.17.0/zig /tmp/zxc-borrowed-native-releasesafe-96f2a442/o/1f37c13384793e07409a976e345b50bd/string-source ./tests/native/borrowed_runtime/root.zig safe ./tests/native/borrowed_runtime/payloads/string/host.zig ./tests/support/allocation_testing.zig string
1/8 root.test.borrowed payload variants preserve values and caller storage...OK
2/8 root.test.empty reduce does not call the native host...OK
3/8 root.test.borrowed payload calls preserve every seed and dynamic step...OK
4/8 root.test.later calls preserve the earlier product and appended scores...OK
5/8 root.test.borrowed payload growth preserves values through repeated execution...OK
6/8 root.test.native failure stops at each call in the first and retained later execution...OK
7/8 root.test.generated and native allocation failures preserve caller storage...OK
8/8 root.test.later allocation failures preserve the first escaped result...OK
All 8 tests passed.
✔ borrowed native payload runtime ./tests/native/borrowed_runtime/root.zig (safe) (7533.727026ms)
ℹ tests 1
ℹ suites 0
ℹ pass 1
ℹ fail 0
ℹ cancelled 0
ℹ skipped 0
ℹ todo 0
ℹ duration_ms 7536.598007
1/8 root.test.borrowed payload variants preserve values and caller storage...OK
2/8 root.test.empty reduce does not call the native host...OK
3/8 root.test.borrowed payload calls preserve every seed and dynamic step...OK
4/8 root.test.later calls preserve the earlier product and appended scores...OK
5/8 root.test.borrowed payload growth preserves values through repeated execution...OK
6/8 root.test.native failure stops at each call in the first and retained later execution...OK
7/8 root.test.generated and native allocation failures preserve caller storage...OK
8/8 root.test.later allocation failures preserve the first escaped result...OK
All 8 tests passed.
✔ borrowed native payload runtime ./tests/native/borrowed_runtime/root.zig (safe) (7652.878642ms)
ℹ tests 1
ℹ suites 0
ℹ pass 1
ℹ fail 0
ℹ cancelled 0
ℹ skipped 0
ℹ todo 0
ℹ duration_ms 7655.916124
info(verbose): /tmp/zxc-borrowed-native-releasesafe-96f2a442/o/8ef74c7fcd4b5066497885dda3af447e/compile-native-borrowed-runtime ./tests/native/borrowed_runtime/fixtures/main.zx ./tests/native/borrowed_runtime/payloads/list/host.d.zx library /tmp/zxc-borrowed-native-releasesafe-96f2a442/o/dfab35728e7cbf7d436b1f9962ad6be2/list-library ./tests/native/borrowed_runtime/fixtures/model.zx ./tests/native/borrowed_runtime/fixtures/read.zx ./tests/native/borrowed_runtime/fixtures/step.zx
info(verbose): /tmp/zxc-borrowed-native-releasesafe-96f2a442/o/8ef74c7fcd4b5066497885dda3af447e/compile-native-borrowed-runtime ./tests/native/borrowed_runtime/fixtures/main.zx ./tests/native/borrowed_runtime/payloads/optional/host.d.zx library /tmp/zxc-borrowed-native-releasesafe-96f2a442/o/5af983cc43853870d07c8b5e3ce53809/optional-library ./tests/native/borrowed_runtime/fixtures/model.zx ./tests/native/borrowed_runtime/fixtures/read.zx ./tests/native/borrowed_runtime/fixtures/step.zx
info(verbose): node ./tests/native/borrowed_runtime/run_test.ts /Users/xiewendao/.local/share/zig/zig-x86_64-macos-0.17.0/zig /tmp/zxc-borrowed-native-releasesafe-96f2a442/o/5af983cc43853870d07c8b5e3ce53809/optional-library ./tests/native/borrowed_runtime/root.zig safe ./tests/native/borrowed_runtime/payloads/optional/host.zig ./tests/support/allocation_testing.zig optional
info(verbose): node ./tests/native/borrowed_runtime/run_test.ts /Users/xiewendao/.local/share/zig/zig-x86_64-macos-0.17.0/zig /tmp/zxc-borrowed-native-releasesafe-96f2a442/o/dfab35728e7cbf7d436b1f9962ad6be2/list-library ./tests/native/borrowed_runtime/root.zig safe ./tests/native/borrowed_runtime/payloads/list/host.zig ./tests/support/allocation_testing.zig list
1/8 root.test.borrowed payload variants preserve values and caller storage...OK
2/8 root.test.empty reduce does not call the native host...OK
3/8 root.test.borrowed payload calls preserve every seed and dynamic step...OK
4/8 root.test.later calls preserve the earlier product and appended scores...OK
5/8 root.test.borrowed payload growth preserves values through repeated execution...OK
6/8 root.test.native failure stops at each call in the first and retained later execution...OK
7/8 root.test.generated and native allocation failures preserve caller storage...OK
8/8 root.test.later allocation failures preserve the first escaped result...OK
All 8 tests passed.
✔ borrowed native payload runtime ./tests/native/borrowed_runtime/root.zig (safe) (7617.504939ms)
ℹ tests 1
ℹ suites 0
ℹ pass 1
ℹ fail 0
ℹ cancelled 0
ℹ skipped 0
ℹ todo 0
ℹ duration_ms 7620.439032
1/8 root.test.borrowed payload variants preserve values and caller storage...OK
2/8 root.test.empty reduce does not call the native host...OK
3/8 root.test.borrowed payload calls preserve every seed and dynamic step...OK
4/8 root.test.later calls preserve the earlier product and appended scores...OK
5/8 root.test.borrowed payload growth preserves values through repeated execution...OK
6/8 root.test.native failure stops at each call in the first and retained later execution...OK
7/8 root.test.generated and native allocation failures preserve caller storage...OK
8/8 root.test.later allocation failures preserve the first escaped result...OK
All 8 tests passed.
✔ borrowed native payload runtime ./tests/native/borrowed_runtime/root.zig (safe) (7536.724766ms)
ℹ tests 1
ℹ suites 0
ℹ pass 1
ℹ fail 0
ℹ cancelled 0
ℹ skipped 0
ℹ todo 0
ℹ duration_ms 7540.098111
info(verbose): /tmp/zxc-borrowed-native-releasesafe-96f2a442/o/8ef74c7fcd4b5066497885dda3af447e/compile-native-borrowed-runtime ./tests/native/borrowed_runtime/fixtures/main.zx ./tests/native/borrowed_runtime/payloads/nested/host.d.zx source /tmp/zxc-borrowed-native-releasesafe-96f2a442/o/244bc7f8b2671f47638282e26d53c697/nested-source ./tests/native/borrowed_runtime/fixtures/model.zx ./tests/native/borrowed_runtime/fixtures/read.zx ./tests/native/borrowed_runtime/fixtures/step.zx
info(verbose): node ./tests/native/borrowed_runtime/run_test.ts /Users/xiewendao/.local/share/zig/zig-x86_64-macos-0.17.0/zig /tmp/zxc-borrowed-native-releasesafe-96f2a442/o/244bc7f8b2671f47638282e26d53c697/nested-source ./tests/native/borrowed_runtime/root.zig safe ./tests/native/borrowed_runtime/payloads/nested/host.zig ./tests/support/allocation_testing.zig nested
1/8 root.test.borrowed payload variants preserve values and caller storage...OK
2/8 root.test.empty reduce does not call the native host...OK
3/8 root.test.borrowed payload calls preserve every seed and dynamic step...OK
4/8 root.test.later calls preserve the earlier product and appended scores...OK
5/8 root.test.borrowed payload growth preserves values through repeated execution...OK
6/8 root.test.native failure stops at each call in the first and retained later execution...OK
7/8 root.test.generated and native allocation failures preserve caller storage...OK
8/8 root.test.later allocation failures preserve the first escaped result...OK
All 8 tests passed.
✔ borrowed native payload runtime ./tests/native/borrowed_runtime/root.zig (safe) (7598.338364ms)
ℹ tests 1
ℹ suites 0
ℹ pass 1
ℹ fail 0
ℹ cancelled 0
ℹ skipped 0
ℹ todo 0
ℹ duration_ms 7601.278594
Build Summary: 38/38 steps succeeded
test-native-borrowed-runtime success
+- run node success 7s
|  +- run exe compile-native-borrowed-runtime (string-source) success 4ms
|     +- compile exe compile-native-borrowed-runtime safe native success 42s MaxRSS:1G
|        +- WriteFile interfaces/0.d.zx cached
|        |  +- run exe standard-catalog (catalog.zig) cached
|        |     +- compile exe standard-catalog fast native cached 53ms MaxRSS:21M
|        |     +- WriteFile catalog.json cached
|        +- options success
|        +- run exe generate-parser (parser.zig) success 1s
|        |  +- compile exe generate-parser safe native success 28s MaxRSS:821M
|        |     +- options success
|        |     +- WriteFile interfaces/0.d.zx success
|        |     |  +- run exe standard-catalog (catalog.zig) success 2ms
|        |     |     +- compile exe standard-catalog fast native cached 7s MaxRSS:21M
|        |     |     +- WriteFile catalog.json success
|        |     +- options success
|        +- run exe generate-parser (parser.zig) (+1 more reused dependencies)
|        +- run exe generate-parser (parser.zig) (+1 more reused dependencies)
|        +- run exe generate-parser (parser.zig) (+1 more reused dependencies)
|        +- run exe generate-parser (parser.zig) (+1 more reused dependencies)
|        +- run exe generate-parser (parser.zig) (+1 more reused dependencies)
|        +- run exe generate-parser (parser.zig) (+1 more reused dependencies)
|        +- run exe generate-parser (parser.zig) (+1 more reused dependencies)
|        +- run exe generate-parser (parser.zig) (+1 more reused dependencies)
|        +- run exe generate-parser (parser.zig) (+1 more reused dependencies)
|        +- run exe generate-parser (parser.zig) (+1 more reused dependencies)
|        +- run exe generate-parser (parser.zig) (+1 more reused dependencies)
|        +- run exe generate-parser (parser.zig) (+1 more reused dependencies)
|        +- run exe generate-parser (parser.zig) (+1 more reused dependencies)
|        +- run exe generate-parser (parser.zig) (+1 more reused dependencies)
|        +- run exe generate-parser (parser.zig) (+1 more reused dependencies)
|        +- run exe generate-parser (parser.zig) (+1 more reused dependencies)
|        +- run exe generate-parser (parser.zig) (+1 more reused dependencies)
|        +- run exe generate-parser (parser.zig) (+1 more reused dependencies)
|        +- run exe generate-lexer (lexer.zig) success 16ms
|        |  +- compile exe generate-lexer safe native success 24s MaxRSS:755M
|        |     +- WriteFile interfaces/0.d.zx cached
|        |     |  +- run exe standard-catalog (catalog.zig) cached
|        |     |     +- compile exe standard-catalog fast native success 7s MaxRSS:377M
|        |     |     +- WriteFile catalog.json cached
|        |     +- options cached
|        +- run exe generate-parser (parser.zig) (+1 more reused dependencies)
|        +- run exe generate-parser (parser.zig) (+1 more reused dependencies)
|        +- run exe generate-parser (parser.zig) (+1 more reused dependencies)
|        +- run exe generate-parser (parser.zig) (+1 more reused dependencies)
|        +- run exe generate-parser (parser.zig) (+1 more reused dependencies)
|        +- run exe generate-parser (parser.zig) (+1 more reused dependencies)
|        +- run exe generate-parser (parser.zig) (+1 more reused dependencies)
|        +- run exe generate-parser (parser.zig) (+1 more reused dependencies)
|        +- run exe generate-parser (parser.zig) (+1 more reused dependencies)
|        +- run exe generate-parser (parser.zig) (+1 more reused dependencies)
|        +- run exe generate-parser (parser.zig) (+1 more reused dependencies)
|        +- run exe generate-parser (parser.zig) (+1 more reused dependencies)
|        +- run exe generate-parser (parser.zig) (+1 more reused dependencies)
|        +- run exe generate-parser (parser.zig) (+1 more reused dependencies)
+- run node success 7s
|  +- run exe compile-native-borrowed-runtime (string-library) success 5ms
|     +- compile exe compile-native-borrowed-runtime safe native (+36 more reused dependencies)
+- run node success 7s
|  +- run exe compile-native-borrowed-runtime (list-source) success 4ms
|     +- compile exe compile-native-borrowed-runtime safe native (+36 more reused dependencies)
+- run node success 7s
|  +- run exe compile-native-borrowed-runtime (list-library) success 5ms
|     +- compile exe compile-native-borrowed-runtime safe native (+36 more reused dependencies)
+- run node success 7s
|  +- run exe compile-native-borrowed-runtime (nested-source) success 4ms
|     +- compile exe compile-native-borrowed-runtime safe native (+36 more reused dependencies)
+- run node success 7s
|  +- run exe compile-native-borrowed-runtime (nested-library) success 5ms
|     +- compile exe compile-native-borrowed-runtime safe native (+36 more reused dependencies)
+- run node success 7s
|  +- run exe compile-native-borrowed-runtime (optional-source) success 4ms
|     +- compile exe compile-native-borrowed-runtime safe native (+36 more reused dependencies)
+- run node success 7s
   +- run exe compile-native-borrowed-runtime (optional-library) success 5ms
      +- compile exe compile-native-borrowed-runtime safe native (+36 more reused dependencies)

