info(verbose): /Users/xiewendao/.local/share/zig/zig-x86_64-macos-0.17.0/zig build-exe --cache-dir /tmp/zxc-borrowed-native-debug-22e08d36 --global-cache-dir /Users/xiewendao/.cache/zig --build-root . --zig-lib-dir /Users/xiewendao/.local/share/zig/zig-x86_64-macos-0.17.0/lib --name configurer -fsingle-threaded --dep @build --dep @dependencies -Mroot=/Users/xiewendao/.local/share/zig/zig-x86_64-macos-0.17.0/lib/compiler/configurer.zig --dep compiler=../compiler --dep core=../core --dep lint=../lint --dep pkgs=../pkgs --dep dsl=../dsl --dep genz=../genz --dep napi=../napi -M../cli=../cli/build.zig --dep dsl=../dsl --dep core=../core --dep genz=../genz --dep lint=../lint -M../compiler=../compiler/build.zig -M../core=../core/build.zig -M../dsl=../dsl/build.zig --dep core=../core -M../genz=../genz/build.zig --dep dsl=../dsl --dep core=../core -M../lint=../lint/build.zig --dep core=../core -M../napi=../napi/build.zig -M../pkgs=../pkgs/build.zig --dep ../cli --dep ../compiler --dep ../core --dep ../dsl --dep ../genz --dep ../lint --dep ../napi --dep ../pkgs -M@dependencies=/tmp/zxc-borrowed-native-debug-22e08d36/o/664cc024bcb41b8d2365c77c6ca93203/dependencies.zig --dep cli=../cli --dep compiler=../compiler --dep pkgs=../pkgs -M@build=build.zig --listen=-
info(verbose): /Users/xiewendao/.local/share/zig/zig-x86_64-macos-0.17.0/zig build-exe -Ofast --dep genz -Mroot=../compiler/build/generate_catalog.zig -Ofast --dep zx -Mgenz=../genz/src/root.zig -Ofast -Mzx=../core/src/root.zig --cache-dir /tmp/zxc-borrowed-native-debug-22e08d36 --global-cache-dir /Users/xiewendao/.cache/zig --build-root . --name standard-catalog --zig-lib-dir /Users/xiewendao/.local/share/zig/zig-x86_64-macos-0.17.0/lib/ --listen=-
info(verbose): /Users/xiewendao/.local/share/zig/zig-x86_64-macos-0.17.0/zig build-exe -Ofast --dep genz -Mroot=../compiler/build/generate_catalog.zig -Ofast --dep zx -Mgenz=../genz/src/root.zig -Ofast -Mzx=../core/src/root.zig --cache-dir /tmp/zxc-borrowed-native-debug-22e08d36 --global-cache-dir /Users/xiewendao/.cache/zig --build-root . --name standard-catalog --zig-lib-dir /Users/xiewendao/.local/share/zig/zig-x86_64-macos-0.17.0/lib/ --listen=-
info(verbose): /tmp/zxc-borrowed-native-debug-22e08d36/o/eeb9df34d6a46614e963f3421dfcd3d6/standard-catalog /tmp/zxc-borrowed-native-debug-22e08d36/o/38164407d913b30e25d086ef8d5a9b1e/catalog.json /tmp/zxc-borrowed-native-debug-22e08d36/o/4624e8fd8e925e79c6ce6202def8c6f2/catalog.zig
info(verbose): /Users/xiewendao/.local/share/zig/zig-x86_64-macos-0.17.0/zig build-exe -Ofast --dep genz -Mroot=../compiler/build/generate_catalog.zig -Ofast --dep zx -Mgenz=../genz/src/root.zig -Ofast -Mzx=../core/src/root.zig --cache-dir /tmp/zxc-borrowed-native-debug-22e08d36 --global-cache-dir /Users/xiewendao/.cache/zig --build-root . --name standard-catalog --zig-lib-dir /Users/xiewendao/.local/share/zig/zig-x86_64-macos-0.17.0/lib/ --listen=-
info(verbose): /Users/xiewendao/.local/share/zig/zig-x86_64-macos-0.17.0/zig build-exe -Odebug --dep compiler --dep rx --dep rx_analysis --dep merge_writer_interface --dep extract_workspace_interface --dep merge_workspace_interface --dep references_interface --dep origin_writer_interface --dep named_columns_interface --dep semantic_integers -Mroot=../compiler/build/generate_parser.zig -Odebug --dep frontend --dep dsl --dep zx --dep genz --dep lint -Mcompiler=../compiler/src/root.zig -Odebug --dep dsl --dep frontend --dep rx_options -Mrx=../compiler/src/rx/root.zig -Odebug --dep rx --dep dsl --dep zx --dep frontend --dep lint -Mrx_analysis=../compiler/src/rx/analysis/root.zig -Mmerge_writer_interface=../compiler/src/zx/analysis/semantic/native/merge_writer.d.zx -Mextract_workspace_interface=../compiler/src/zx/analysis/semantic/native/extract_workspace.d.zx -Mmerge_workspace_interface=../compiler/src/zx/analysis/semantic/native/merge_workspace.d.zx -Mreferences_interface=../compiler/src/zx/analysis/semantic/native/references.d.zx -Morigin_writer_interface=../compiler/src/zx/analysis/semantic/native/origin_writer.d.zx -Mnamed_columns_interface=../compiler/src/zx/analysis/semantic/ordering/columns.d.zx -Msemantic_integers=../compiler/src/zx/analysis/semantic/native/integers.d.zx -Odebug --dep lexer --dep zx --dep dsl --dep lint --dep standard_interfaces --dep parser_options --dep type_views --dep merge_workspace_view --dep reference_view --dep nominal_data --dep named_view --dep xml_adapter -Mfrontend=../compiler/src/zx/frontend.zig -Odebug -Mdsl=../dsl/src/root.zig -Odebug -Mzx=../core/src/root.zig -Odebug --dep zx -Mgenz=../genz/src/root.zig -Odebug --dep naming --dep dsl --dep zx -Mlint=../lint/src/root.zig -Mrx_options=/tmp/zxc-borrowed-native-debug-22e08d36/o/77c1f5e6d2a04327be93efeeeb45b750/options.zig -Odebug --dep zx -Mlexer=../compiler/bootstrap/lexer/lex.zig -Mstandard_interfaces=/tmp/zxc-borrowed-native-debug-22e08d36/o/c5c36c9e617543a1d34829ff80b27c60/catalog.zig -Mparser_options=/tmp/zxc-borrowed-native-debug-22e08d36/o/bc1a5fc18923b6d1c1d8e02b958a5e71/options.zig -Odebug --dep zx -Mtype_views=../compiler/src/zx/analysis/types/view.zig -Odebug --dep zx -Mmerge_workspace_view=../compiler/src/zx/analysis/semantic/merging/workspace.zig -Odebug --dep zx -Mreference_view=../compiler/src/zx/analysis/semantic/remapping/view.zig -Odebug --dep zx -Mnominal_data=../compiler/src/zx/modules/nominal_origins/root.zig -Odebug -Mnamed_view=../compiler/src/zx/analysis/semantic/ordering/view.zig -Odebug --dep dsl -Mxml_adapter=../compiler/src/rx/syntax_adapter/root.zig -Odebug -Mnaming=../lint/bootstrap/naming.zig --cache-dir /tmp/zxc-borrowed-native-debug-22e08d36 --global-cache-dir /Users/xiewendao/.cache/zig --build-root . --name generate-parser --zig-lib-dir /Users/xiewendao/.local/share/zig/zig-x86_64-macos-0.17.0/lib/ --listen=-
info(verbose): /Users/xiewendao/.local/share/zig/zig-x86_64-macos-0.17.0/zig build-exe -Odebug --dep compiler -Mroot=../compiler/build/generate_lexer.zig -Odebug --dep frontend --dep dsl --dep zx --dep genz --dep lint -Mcompiler=../compiler/src/root.zig -Odebug --dep lexer --dep zx --dep dsl --dep lint --dep standard_interfaces --dep parser_options --dep type_views --dep merge_workspace_view --dep reference_view --dep nominal_data --dep named_view --dep xml_adapter -Mfrontend=../compiler/src/zx/frontend.zig -Odebug -Mdsl=../dsl/src/root.zig -Odebug -Mzx=../core/src/root.zig -Odebug --dep zx -Mgenz=../genz/src/root.zig -Odebug --dep naming --dep dsl --dep zx -Mlint=../lint/src/root.zig -Odebug --dep zx -Mlexer=../compiler/bootstrap/lexer/lex.zig -Mstandard_interfaces=/tmp/zxc-borrowed-native-debug-22e08d36/o/c5c36c9e617543a1d34829ff80b27c60/catalog.zig -Mparser_options=/tmp/zxc-borrowed-native-debug-22e08d36/o/bc1a5fc18923b6d1c1d8e02b958a5e71/options.zig -Odebug --dep zx -Mtype_views=../compiler/src/zx/analysis/types/view.zig -Odebug --dep zx -Mmerge_workspace_view=../compiler/src/zx/analysis/semantic/merging/workspace.zig -Odebug --dep zx -Mreference_view=../compiler/src/zx/analysis/semantic/remapping/view.zig -Odebug --dep zx -Mnominal_data=../compiler/src/zx/modules/nominal_origins/root.zig -Odebug -Mnamed_view=../compiler/src/zx/analysis/semantic/ordering/view.zig -Odebug --dep dsl -Mxml_adapter=../compiler/src/rx/syntax_adapter/root.zig -Odebug -Mnaming=../lint/bootstrap/naming.zig --cache-dir /tmp/zxc-borrowed-native-debug-22e08d36 --global-cache-dir /Users/xiewendao/.cache/zig --build-root . --name generate-lexer --zig-lib-dir /Users/xiewendao/.local/share/zig/zig-x86_64-macos-0.17.0/lib/ --listen=-
info(verbose): /tmp/zxc-borrowed-native-debug-22e08d36/o/5a8f61ceb40b1d7726edfb6e1c41d7e7/generate-lexer ./../compiler/src/zx/frontend/lexer /tmp/zxc-borrowed-native-debug-22e08d36/o/31cd800d60edd5c08103024403e88f7b/lexer.zig
info(verbose): /tmp/zxc-borrowed-native-debug-22e08d36/o/5dd239a003140a8577650b0858e63c38/generate-parser ./../compiler/src /tmp/zxc-borrowed-native-debug-22e08d36/o/f92bc1c6cd2830a64efd34c62ae16958/parser.zig /tmp/zxc-borrowed-native-debug-22e08d36/o/f92bc1c6cd2830a64efd34c62ae16958/expression.zig /tmp/zxc-borrowed-native-debug-22e08d36/o/f92bc1c6cd2830a64efd34c62ae16958/xml.zig /tmp/zxc-borrowed-native-debug-22e08d36/o/f92bc1c6cd2830a64efd34c62ae16958/paths.zig /tmp/zxc-borrowed-native-debug-22e08d36/o/f92bc1c6cd2830a64efd34c62ae16958/graph.zig /tmp/zxc-borrowed-native-debug-22e08d36/o/f92bc1c6cd2830a64efd34c62ae16958/attribute_role.zig /tmp/zxc-borrowed-native-debug-22e08d36/o/f92bc1c6cd2830a64efd34c62ae16958/attribute_content.zig /tmp/zxc-borrowed-native-debug-22e08d36/o/f92bc1c6cd2830a64efd34c62ae16958/call_rule.zig /tmp/zxc-borrowed-native-debug-22e08d36/o/f92bc1c6cd2830a64efd34c62ae16958/path_kind.zig /tmp/zxc-borrowed-native-debug-22e08d36/o/f92bc1c6cd2830a64efd34c62ae16958/file_kind.zig /tmp/zxc-borrowed-native-debug-22e08d36/o/f92bc1c6cd2830a64efd34c62ae16958/specifier.zig /tmp/zxc-borrowed-native-debug-22e08d36/o/f92bc1c6cd2830a64efd34c62ae16958/integer.zig /tmp/zxc-borrowed-native-debug-22e08d36/o/f92bc1c6cd2830a64efd34c62ae16958/native.zig /tmp/zxc-borrowed-native-debug-22e08d36/o/f92bc1c6cd2830a64efd34c62ae16958/type_lookup.zig /tmp/zxc-borrowed-native-debug-22e08d36/o/f92bc1c6cd2830a64efd34c62ae16958/semantic_abi.zig /tmp/zxc-borrowed-native-debug-22e08d36/o/f92bc1c6cd2830a64efd34c62ae16958/nominal_lookup.zig /tmp/zxc-borrowed-native-debug-22e08d36/o/f92bc1c6cd2830a64efd34c62ae16958/nominal_abi.zig /tmp/zxc-borrowed-native-debug-22e08d36/o/f92bc1c6cd2830a64efd34c62ae16958/name_sort.zig /tmp/zxc-borrowed-native-debug-22e08d36/o/f92bc1c6cd2830a64efd34c62ae16958/ordering_abi.zig /tmp/zxc-borrowed-native-debug-22e08d36/o/f92bc1c6cd2830a64efd34c62ae16958/origin_validation.zig /tmp/zxc-borrowed-native-debug-22e08d36/o/f92bc1c6cd2830a64efd34c62ae16958/origins_abi.zig /tmp/zxc-borrowed-native-debug-22e08d36/o/f92bc1c6cd2830a64efd34c62ae16958/origin_production.zig /tmp/zxc-borrowed-native-debug-22e08d36/o/f92bc1c6cd2830a64efd34c62ae16958/production_abi.zig /tmp/zxc-borrowed-native-debug-22e08d36/o/f92bc1c6cd2830a64efd34c62ae16958/type_remap.zig /tmp/zxc-borrowed-native-debug-22e08d36/o/f92bc1c6cd2830a64efd34c62ae16958/remap_abi.zig /tmp/zxc-borrowed-native-debug-22e08d36/o/f92bc1c6cd2830a64efd34c62ae16958/merge_preflight.zig /tmp/zxc-borrowed-native-debug-22e08d36/o/f92bc1c6cd2830a64efd34c62ae16958/preflight_abi.zig /tmp/zxc-borrowed-native-debug-22e08d36/o/f92bc1c6cd2830a64efd34c62ae16958/type_extract.zig /tmp/zxc-borrowed-native-debug-22e08d36/o/f92bc1c6cd2830a64efd34c62ae16958/extract_abi.zig /tmp/zxc-borrowed-native-debug-22e08d36/o/f92bc1c6cd2830a64efd34c62ae16958/type_merge.zig /tmp/zxc-borrowed-native-debug-22e08d36/o/f92bc1c6cd2830a64efd34c62ae16958/merge_abi.zig /tmp/zxc-borrowed-native-debug-22e08d36/o/f92bc1c6cd2830a64efd34c62ae16958/type_validation.zig /tmp/zxc-borrowed-native-debug-22e08d36/o/f92bc1c6cd2830a64efd34c62ae16958/validation_abi.zig /tmp/zxc-borrowed-native-debug-22e08d36/o/f92bc1c6cd2830a64efd34c62ae16958/type_resolution.zig /tmp/zxc-borrowed-native-debug-22e08d36/o/f92bc1c6cd2830a64efd34c62ae16958/resolution_abi.zig /tmp/zxc-borrowed-native-debug-22e08d36/o/f92bc1c6cd2830a64efd34c62ae16958/type_construction.zig /tmp/zxc-borrowed-native-debug-22e08d36/o/f92bc1c6cd2830a64efd34c62ae16958/construction_abi.zig /tmp/zxc-borrowed-native-debug-22e08d36/o/f92bc1c6cd2830a64efd34c62ae16958/type_query.zig /tmp/zxc-borrowed-native-debug-22e08d36/o/f92bc1c6cd2830a64efd34c62ae16958/query_abi.zig /tmp/zxc-borrowed-native-debug-22e08d36/o/f92bc1c6cd2830a64efd34c62ae16958/naming.zig ./../lint/src/naming
info(verbose): /Users/xiewendao/.local/share/zig/zig-x86_64-macos-0.17.0/zig build-exe -Odebug --dep compiler --dep library_output -Mroot=tests/native/borrowed_runtime/compile.zig -Odebug --dep frontend --dep dsl --dep zx --dep genz --dep lint -Mcompiler=../compiler/src/root.zig -Odebug -Mlibrary_output=tests/library/runtime/save.zig -Odebug --dep lexer --dep zx --dep dsl --dep lint --dep standard_interfaces --dep parser_options --dep type_views --dep merge_workspace_view --dep reference_view --dep nominal_data --dep named_view --dep xml_adapter --dep generated_type_resolution --dep generated_type_construction --dep generated_type_query --dep generated_parser --dep generated_expression --dep generated_xml --dep generated_specifier --dep generated_integer --dep generated_native --dep generated_type_lookup --dep generated_nominal_lookup --dep generated_origin_validation --dep generated_origin_production --dep origin_writer --dep generated_name_sort --dep generated_type_remap --dep generated_merge_preflight --dep generated_type_extract --dep generated_type_merge --dep generated_type_validation --dep merge_writer_view --dep extract_workspace_view -Mfrontend=../compiler/src/zx/frontend.zig -Odebug -Mdsl=../dsl/src/root.zig -Odebug -Mzx=../core/src/root.zig -Odebug --dep zx -Mgenz=../genz/src/root.zig -Odebug --dep naming --dep dsl --dep zx -Mlint=../lint/src/root.zig -Odebug --dep zx --dep generated -Mlexer=../compiler/src/zx/frontend/lex.zig -Mstandard_interfaces=/tmp/zxc-borrowed-native-debug-22e08d36/o/c5c36c9e617543a1d34829ff80b27c60/catalog.zig -Mparser_options=/tmp/zxc-borrowed-native-debug-22e08d36/o/9be4782c6bcf1fb6c77178a4cbdd2528/options.zig -Odebug --dep zx -Mtype_views=../compiler/src/zx/analysis/types/view.zig -Odebug --dep zx -Mmerge_workspace_view=../compiler/src/zx/analysis/semantic/merging/workspace.zig -Odebug --dep zx -Mreference_view=../compiler/src/zx/analysis/semantic/remapping/view.zig -Odebug --dep zx -Mnominal_data=../compiler/src/zx/modules/nominal_origins/root.zig -Odebug -Mnamed_view=../compiler/src/zx/analysis/semantic/ordering/view.zig -Odebug --dep dsl -Mxml_adapter=../compiler/src/rx/syntax_adapter/root.zig -Odebug --dep zxc_standard --dep zxc_abi --dep integers -Mgenerated_type_resolution=/tmp/zxc-borrowed-native-debug-22e08d36/o/f92bc1c6cd2830a64efd34c62ae16958/type_resolution.zig -Odebug --dep zxc_abi=zxc_abi0 --dep integers -Mgenerated_type_construction=/tmp/zxc-borrowed-native-debug-22e08d36/o/f92bc1c6cd2830a64efd34c62ae16958/type_construction.zig -Odebug --dep zxc_abi=zxc_abi1 --dep integers -Mgenerated_type_query=/tmp/zxc-borrowed-native-debug-22e08d36/o/f92bc1c6cd2830a64efd34c62ae16958/type_query.zig -Odebug -Mgenerated_parser=/tmp/zxc-borrowed-native-debug-22e08d36/o/f92bc1c6cd2830a64efd34c62ae16958/parser.zig -Odebug -Mgenerated_expression=/tmp/zxc-borrowed-native-debug-22e08d36/o/f92bc1c6cd2830a64efd34c62ae16958/expression.zig -Odebug -Mgenerated_xml=/tmp/zxc-borrowed-native-debug-22e08d36/o/f92bc1c6cd2830a64efd34c62ae16958/xml.zig -Odebug -Mgenerated_specifier=/tmp/zxc-borrowed-native-debug-22e08d36/o/f92bc1c6cd2830a64efd34c62ae16958/specifier.zig -Odebug -Mgenerated_integer=/tmp/zxc-borrowed-native-debug-22e08d36/o/f92bc1c6cd2830a64efd34c62ae16958/integer.zig -Odebug -Mgenerated_native=/tmp/zxc-borrowed-native-debug-22e08d36/o/f92bc1c6cd2830a64efd34c62ae16958/native.zig -Odebug --dep integers --dep zxc_abi=zxc_abi2 -Mgenerated_type_lookup=/tmp/zxc-borrowed-native-debug-22e08d36/o/f92bc1c6cd2830a64efd34c62ae16958/type_lookup.zig -Odebug --dep integers --dep zxc_abi=zxc_abi3 -Mgenerated_nominal_lookup=/tmp/zxc-borrowed-native-debug-22e08d36/o/f92bc1c6cd2830a64efd34c62ae16958/nominal_lookup.zig -Odebug --dep integers --dep zxc_abi=zxc_abi4 -Mgenerated_origin_validation=/tmp/zxc-borrowed-native-debug-22e08d36/o/f92bc1c6cd2830a64efd34c62ae16958/origin_validation.zig -Odebug --dep origin_writer --dep zxc_abi=zxc_abi5 -Mgenerated_origin_production=/tmp/zxc-borrowed-native-debug-22e08d36/o/f92bc1c6cd2830a64efd34c62ae16958/origin_production.zig -Odebug --dep nominal_data --dep zxc_abi=zxc_abi5 -Morigin_writer=../compiler/src/zx/analysis/semantic/native/origin_writer.zig -Odebug --dep zxc_abi=zxc_abi6 --dep named_columns -Mgenerated_name_sort=/tmp/zxc-borrowed-native-debug-22e08d36/o/f92bc1c6cd2830a64efd34c62ae16958/name_sort.zig -Odebug --dep references --dep integers --dep zxc_abi=zxc_abi7 -Mgenerated_type_remap=/tmp/zxc-borrowed-native-debug-22e08d36/o/f92bc1c6cd2830a64efd34c62ae16958/type_remap.zig -Odebug --dep merge_workspace --dep integers --dep zxc_abi=zxc_abi8 -Mgenerated_merge_preflight=/tmp/zxc-borrowed-native-debug-22e08d36/o/f92bc1c6cd2830a64efd34c62ae16958/merge_preflight.zig -Odebug --dep extract_workspace --dep references --dep integers --dep zxc_abi=zxc_abi9 -Mgenerated_type_extract=/tmp/zxc-borrowed-native-debug-22e08d36/o/f92bc1c6cd2830a64efd34c62ae16958/type_extract.zig -Odebug --dep merge_writer --dep references --dep integers --dep zxc_abi=zxc_abi10 -Mgenerated_type_merge=/tmp/zxc-borrowed-native-debug-22e08d36/o/f92bc1c6cd2830a64efd34c62ae16958/type_merge.zig -Odebug --dep integers --dep zxc_abi=zxc_abi11 -Mgenerated_type_validation=/tmp/zxc-borrowed-native-debug-22e08d36/o/f92bc1c6cd2830a64efd34c62ae16958/type_validation.zig -Odebug --dep zx --dep reference_view --dep nominal_data -Mmerge_writer_view=../compiler/src/zx/analysis/semantic/merging/writer.zig -Odebug --dep zx --dep reference_view --dep nominal_data -Mextract_workspace_view=../compiler/src/zx/analysis/semantic/extracting/workspace.zig -Odebug --dep generated=generated0 -Mnaming=../lint/src/naming/root.zig -Odebug -Mgenerated=/tmp/zxc-borrowed-native-debug-22e08d36/o/31cd800d60edd5c08103024403e88f7b/lexer.zig -Odebug --dep zxc_abi -Mzxc_standard=../compiler/standard/src/root.zig -Odebug -Mzxc_abi=/tmp/zxc-borrowed-native-debug-22e08d36/o/f92bc1c6cd2830a64efd34c62ae16958/resolution_abi.zig -Odebug -Mintegers=../compiler/src/zx/analysis/semantic/native/integers.zig -Odebug -Mzxc_abi0=/tmp/zxc-borrowed-native-debug-22e08d36/o/f92bc1c6cd2830a64efd34c62ae16958/construction_abi.zig -Odebug -Mzxc_abi1=/tmp/zxc-borrowed-native-debug-22e08d36/o/f92bc1c6cd2830a64efd34c62ae16958/query_abi.zig -Odebug -Mzxc_abi2=/tmp/zxc-borrowed-native-debug-22e08d36/o/f92bc1c6cd2830a64efd34c62ae16958/semantic_abi.zig -Odebug -Mzxc_abi3=/tmp/zxc-borrowed-native-debug-22e08d36/o/f92bc1c6cd2830a64efd34c62ae16958/nominal_abi.zig -Odebug -Mzxc_abi4=/tmp/zxc-borrowed-native-debug-22e08d36/o/f92bc1c6cd2830a64efd34c62ae16958/origins_abi.zig -Odebug -Mzxc_abi5=/tmp/zxc-borrowed-native-debug-22e08d36/o/f92bc1c6cd2830a64efd34c62ae16958/production_abi.zig -Odebug -Mzxc_abi6=/tmp/zxc-borrowed-native-debug-22e08d36/o/f92bc1c6cd2830a64efd34c62ae16958/ordering_abi.zig -Odebug --dep zxc_abi=zxc_abi6 --dep named_view -Mnamed_columns=../compiler/src/zx/analysis/semantic/ordering/columns.zig -Odebug --dep reference_view -Mreferences=../compiler/src/zx/analysis/semantic/native/references.zig -Odebug -Mzxc_abi7=/tmp/zxc-borrowed-native-debug-22e08d36/o/f92bc1c6cd2830a64efd34c62ae16958/remap_abi.zig -Odebug --dep merge_workspace_view --dep zx --dep zxc_abi=zxc_abi8 -Mmerge_workspace=../compiler/src/zx/analysis/semantic/native/merge_workspace.zig -Odebug -Mzxc_abi8=/tmp/zxc-borrowed-native-debug-22e08d36/o/f92bc1c6cd2830a64efd34c62ae16958/preflight_abi.zig -Odebug --dep extract_workspace_view --dep reference_view --dep nominal_data --dep zx --dep zxc_abi=zxc_abi9 -Mextract_workspace=../compiler/src/zx/analysis/semantic/native/extract_workspace.zig -Odebug -Mzxc_abi9=/tmp/zxc-borrowed-native-debug-22e08d36/o/f92bc1c6cd2830a64efd34c62ae16958/extract_abi.zig -Odebug --dep merge_writer_view --dep reference_view --dep nominal_data --dep zxc_abi=zxc_abi10 -Mmerge_writer=../compiler/src/zx/analysis/semantic/native/merge_writer.zig -Odebug -Mzxc_abi10=/tmp/zxc-borrowed-native-debug-22e08d36/o/f92bc1c6cd2830a64efd34c62ae16958/merge_abi.zig -Odebug -Mzxc_abi11=/tmp/zxc-borrowed-native-debug-22e08d36/o/f92bc1c6cd2830a64efd34c62ae16958/validation_abi.zig -Odebug -Mgenerated0=/tmp/zxc-borrowed-native-debug-22e08d36/o/f92bc1c6cd2830a64efd34c62ae16958/naming.zig --cache-dir /tmp/zxc-borrowed-native-debug-22e08d36 --global-cache-dir /Users/xiewendao/.cache/zig --build-root . --name compile-native-borrowed-runtime --zig-lib-dir /Users/xiewendao/.local/share/zig/zig-x86_64-macos-0.17.0/lib/ --listen=-
info(verbose): /tmp/zxc-borrowed-native-debug-22e08d36/o/ceff9a5bdf607eebc053998b8ded14b5/compile-native-borrowed-runtime ./tests/native/borrowed_runtime/fixtures/main.zx ./tests/native/borrowed_runtime/payloads/optional/host.d.zx library /tmp/zxc-borrowed-native-debug-22e08d36/o/f3e4590f0bc61008d2fc8fb242b5703a/optional-library ./tests/native/borrowed_runtime/fixtures/model.zx ./tests/native/borrowed_runtime/fixtures/read.zx ./tests/native/borrowed_runtime/fixtures/step.zx
info(verbose): /tmp/zxc-borrowed-native-debug-22e08d36/o/ceff9a5bdf607eebc053998b8ded14b5/compile-native-borrowed-runtime ./tests/native/borrowed_runtime/fixtures/main.zx ./tests/native/borrowed_runtime/payloads/list/host.d.zx library /tmp/zxc-borrowed-native-debug-22e08d36/o/1beca86e3954e7b8885a0e0d14132a2c/list-library ./tests/native/borrowed_runtime/fixtures/model.zx ./tests/native/borrowed_runtime/fixtures/read.zx ./tests/native/borrowed_runtime/fixtures/step.zx
info(verbose): node ./tests/native/borrowed_runtime/run_test.ts /Users/xiewendao/.local/share/zig/zig-x86_64-macos-0.17.0/zig /tmp/zxc-borrowed-native-debug-22e08d36/o/1beca86e3954e7b8885a0e0d14132a2c/list-library ./tests/native/borrowed_runtime/root.zig debug ./tests/native/borrowed_runtime/payloads/list/host.zig ./tests/support/allocation_testing.zig list
info(verbose): node ./tests/native/borrowed_runtime/run_test.ts /Users/xiewendao/.local/share/zig/zig-x86_64-macos-0.17.0/zig /tmp/zxc-borrowed-native-debug-22e08d36/o/f3e4590f0bc61008d2fc8fb242b5703a/optional-library ./tests/native/borrowed_runtime/root.zig debug ./tests/native/borrowed_runtime/payloads/optional/host.zig ./tests/support/allocation_testing.zig optional
1/8 root.test.borrowed payload variants preserve values and caller storage...OK
2/8 root.test.empty reduce does not call the native host...OK
3/8 root.test.borrowed payload calls preserve every seed and dynamic step...OK
4/8 root.test.later calls preserve the earlier product and appended scores...OK
5/8 root.test.borrowed payload growth preserves values through repeated execution...OK
6/8 root.test.native failure stops at each call in the first and retained later execution...OK
7/8 root.test.generated and native allocation failures preserve caller storage...OK
8/8 root.test.later allocation failures preserve the first escaped result...OK
All 8 tests passed.
✔ borrowed native payload runtime ./tests/native/borrowed_runtime/root.zig (debug) (1635.450693ms)
ℹ tests 1
ℹ suites 0
ℹ pass 1
ℹ fail 0
ℹ cancelled 0
ℹ skipped 0
ℹ todo 0
ℹ duration_ms 1638.425239
info(verbose): /tmp/zxc-borrowed-native-debug-22e08d36/o/ceff9a5bdf607eebc053998b8ded14b5/compile-native-borrowed-runtime ./tests/native/borrowed_runtime/fixtures/main.zx ./tests/native/borrowed_runtime/payloads/string/host.d.zx source /tmp/zxc-borrowed-native-debug-22e08d36/o/55caa7466915ae4f6d1a8e4ba88a4fc9/string-source ./tests/native/borrowed_runtime/fixtures/model.zx ./tests/native/borrowed_runtime/fixtures/read.zx ./tests/native/borrowed_runtime/fixtures/step.zx
info(verbose): node ./tests/native/borrowed_runtime/run_test.ts /Users/xiewendao/.local/share/zig/zig-x86_64-macos-0.17.0/zig /tmp/zxc-borrowed-native-debug-22e08d36/o/55caa7466915ae4f6d1a8e4ba88a4fc9/string-source ./tests/native/borrowed_runtime/root.zig debug ./tests/native/borrowed_runtime/payloads/string/host.zig ./tests/support/allocation_testing.zig string
1/8 root.test.borrowed payload variants preserve values and caller storage...OK
2/8 root.test.empty reduce does not call the native host...OK
3/8 root.test.borrowed payload calls preserve every seed and dynamic step...OK
4/8 root.test.later calls preserve the earlier product and appended scores...OK
5/8 root.test.borrowed payload growth preserves values through repeated execution...OK
6/8 root.test.native failure stops at each call in the first and retained later execution...OK
7/8 root.test.generated and native allocation failures preserve caller storage...OK
8/8 root.test.later allocation failures preserve the first escaped result...OK
All 8 tests passed.
✔ borrowed native payload runtime ./tests/native/borrowed_runtime/root.zig (debug) (1628.698496ms)
ℹ tests 1
ℹ suites 0
ℹ pass 1
ℹ fail 0
ℹ cancelled 0
ℹ skipped 0
ℹ todo 0
ℹ duration_ms 1631.767244
1/8 root.test.borrowed payload variants preserve values and caller storage...OK
2/8 root.test.empty reduce does not call the native host...OK
3/8 root.test.borrowed payload calls preserve every seed and dynamic step...OK
4/8 root.test.later calls preserve the earlier product and appended scores...OK
5/8 root.test.borrowed payload growth preserves values through repeated execution...OK
6/8 root.test.native failure stops at each call in the first and retained later execution...OK
7/8 root.test.generated and native allocation failures preserve caller storage...OK
8/8 root.test.later allocation failures preserve the first escaped result...OK
All 8 tests passed.
✔ borrowed native payload runtime ./tests/native/borrowed_runtime/root.zig (debug) (1609.809457ms)
ℹ tests 1
ℹ suites 0
ℹ pass 1
ℹ fail 0
ℹ cancelled 0
ℹ skipped 0
ℹ todo 0
ℹ duration_ms 1613.256308
info(verbose): /tmp/zxc-borrowed-native-debug-22e08d36/o/ceff9a5bdf607eebc053998b8ded14b5/compile-native-borrowed-runtime ./tests/native/borrowed_runtime/fixtures/main.zx ./tests/native/borrowed_runtime/payloads/string/host.d.zx library /tmp/zxc-borrowed-native-debug-22e08d36/o/622484c90f6b423a1534ac5a1d670d70/string-library ./tests/native/borrowed_runtime/fixtures/model.zx ./tests/native/borrowed_runtime/fixtures/read.zx ./tests/native/borrowed_runtime/fixtures/step.zx
info(verbose): /tmp/zxc-borrowed-native-debug-22e08d36/o/ceff9a5bdf607eebc053998b8ded14b5/compile-native-borrowed-runtime ./tests/native/borrowed_runtime/fixtures/main.zx ./tests/native/borrowed_runtime/payloads/nested/host.d.zx library /tmp/zxc-borrowed-native-debug-22e08d36/o/eaf739c3057c8f1c3f6bfa94c4f295e1/nested-library ./tests/native/borrowed_runtime/fixtures/model.zx ./tests/native/borrowed_runtime/fixtures/read.zx ./tests/native/borrowed_runtime/fixtures/step.zx
info(verbose): node ./tests/native/borrowed_runtime/run_test.ts /Users/xiewendao/.local/share/zig/zig-x86_64-macos-0.17.0/zig /tmp/zxc-borrowed-native-debug-22e08d36/o/eaf739c3057c8f1c3f6bfa94c4f295e1/nested-library ./tests/native/borrowed_runtime/root.zig debug ./tests/native/borrowed_runtime/payloads/nested/host.zig ./tests/support/allocation_testing.zig nested
info(verbose): node ./tests/native/borrowed_runtime/run_test.ts /Users/xiewendao/.local/share/zig/zig-x86_64-macos-0.17.0/zig /tmp/zxc-borrowed-native-debug-22e08d36/o/622484c90f6b423a1534ac5a1d670d70/string-library ./tests/native/borrowed_runtime/root.zig debug ./tests/native/borrowed_runtime/payloads/string/host.zig ./tests/support/allocation_testing.zig string
1/8 root.test.borrowed payload variants preserve values and caller storage...OK
2/8 root.test.empty reduce does not call the native host...OK
3/8 root.test.borrowed payload calls preserve every seed and dynamic step...OK
4/8 root.test.later calls preserve the earlier product and appended scores...OK
5/8 root.test.borrowed payload growth preserves values through repeated execution...OK
6/8 root.test.native failure stops at each call in the first and retained later execution...OK
7/8 root.test.generated and native allocation failures preserve caller storage...OK
8/8 root.test.later allocation failures preserve the first escaped result...OK
All 8 tests passed.
✔ borrowed native payload runtime ./tests/native/borrowed_runtime/root.zig (debug) (1628.048747ms)
ℹ tests 1
ℹ suites 0
ℹ pass 1
ℹ fail 0
ℹ cancelled 0
ℹ skipped 0
ℹ todo 0
ℹ duration_ms 1631.113836
info(verbose): /tmp/zxc-borrowed-native-debug-22e08d36/o/ceff9a5bdf607eebc053998b8ded14b5/compile-native-borrowed-runtime ./tests/native/borrowed_runtime/fixtures/main.zx ./tests/native/borrowed_runtime/payloads/list/host.d.zx source /tmp/zxc-borrowed-native-debug-22e08d36/o/e79a481434741437c394be716f4614c9/list-source ./tests/native/borrowed_runtime/fixtures/model.zx ./tests/native/borrowed_runtime/fixtures/read.zx ./tests/native/borrowed_runtime/fixtures/step.zx
info(verbose): node ./tests/native/borrowed_runtime/run_test.ts /Users/xiewendao/.local/share/zig/zig-x86_64-macos-0.17.0/zig /tmp/zxc-borrowed-native-debug-22e08d36/o/e79a481434741437c394be716f4614c9/list-source ./tests/native/borrowed_runtime/root.zig debug ./tests/native/borrowed_runtime/payloads/list/host.zig ./tests/support/allocation_testing.zig list
1/8 root.test.borrowed payload variants preserve values and caller storage...OK
2/8 root.test.empty reduce does not call the native host...OK
3/8 root.test.borrowed payload calls preserve every seed and dynamic step...OK
4/8 root.test.later calls preserve the earlier product and appended scores...OK
5/8 root.test.borrowed payload growth preserves values through repeated execution...OK
6/8 root.test.native failure stops at each call in the first and retained later execution...OK
7/8 root.test.generated and native allocation failures preserve caller storage...OK
8/8 root.test.later allocation failures preserve the first escaped result...OK
All 8 tests passed.
✔ borrowed native payload runtime ./tests/native/borrowed_runtime/root.zig (debug) (1598.141128ms)
ℹ tests 1
ℹ suites 0
ℹ pass 1
ℹ fail 0
ℹ cancelled 0
ℹ skipped 0
ℹ todo 0
ℹ duration_ms 1601.702962
1/8 root.test.borrowed payload variants preserve values and caller storage...OK
2/8 root.test.empty reduce does not call the native host...OK
3/8 root.test.borrowed payload calls preserve every seed and dynamic step...OK
4/8 root.test.later calls preserve the earlier product and appended scores...OK
5/8 root.test.borrowed payload growth preserves values through repeated execution...OK
6/8 root.test.native failure stops at each call in the first and retained later execution...OK
7/8 root.test.generated and native allocation failures preserve caller storage...OK
8/8 root.test.later allocation failures preserve the first escaped result...OK
All 8 tests passed.
✔ borrowed native payload runtime ./tests/native/borrowed_runtime/root.zig (debug) (1597.78257ms)
ℹ tests 1
ℹ suites 0
ℹ pass 1
ℹ fail 0
ℹ cancelled 0
ℹ skipped 0
ℹ todo 0
ℹ duration_ms 1600.865391
info(verbose): /tmp/zxc-borrowed-native-debug-22e08d36/o/ceff9a5bdf607eebc053998b8ded14b5/compile-native-borrowed-runtime ./tests/native/borrowed_runtime/fixtures/main.zx ./tests/native/borrowed_runtime/payloads/nested/host.d.zx source /tmp/zxc-borrowed-native-debug-22e08d36/o/40841123fc54df8d9834db8ff5acb5d2/nested-source ./tests/native/borrowed_runtime/fixtures/model.zx ./tests/native/borrowed_runtime/fixtures/read.zx ./tests/native/borrowed_runtime/fixtures/step.zx
info(verbose): /tmp/zxc-borrowed-native-debug-22e08d36/o/ceff9a5bdf607eebc053998b8ded14b5/compile-native-borrowed-runtime ./tests/native/borrowed_runtime/fixtures/main.zx ./tests/native/borrowed_runtime/payloads/optional/host.d.zx source /tmp/zxc-borrowed-native-debug-22e08d36/o/2187007d38a0afb3741213d6207383ce/optional-source ./tests/native/borrowed_runtime/fixtures/model.zx ./tests/native/borrowed_runtime/fixtures/read.zx ./tests/native/borrowed_runtime/fixtures/step.zx
info(verbose): node ./tests/native/borrowed_runtime/run_test.ts /Users/xiewendao/.local/share/zig/zig-x86_64-macos-0.17.0/zig /tmp/zxc-borrowed-native-debug-22e08d36/o/2187007d38a0afb3741213d6207383ce/optional-source ./tests/native/borrowed_runtime/root.zig debug ./tests/native/borrowed_runtime/payloads/optional/host.zig ./tests/support/allocation_testing.zig optional
info(verbose): node ./tests/native/borrowed_runtime/run_test.ts /Users/xiewendao/.local/share/zig/zig-x86_64-macos-0.17.0/zig /tmp/zxc-borrowed-native-debug-22e08d36/o/40841123fc54df8d9834db8ff5acb5d2/nested-source ./tests/native/borrowed_runtime/root.zig debug ./tests/native/borrowed_runtime/payloads/nested/host.zig ./tests/support/allocation_testing.zig nested
1/8 root.test.borrowed payload variants preserve values and caller storage...OK
2/8 root.test.empty reduce does not call the native host...OK
3/8 root.test.borrowed payload calls preserve every seed and dynamic step...OK
4/8 root.test.later calls preserve the earlier product and appended scores...OK
5/8 root.test.borrowed payload growth preserves values through repeated execution...OK
6/8 root.test.native failure stops at each call in the first and retained later execution...OK
7/8 root.test.generated and native allocation failures preserve caller storage...OK
8/8 root.test.later allocation failures preserve the first escaped result...OK
All 8 tests passed.
✔ borrowed native payload runtime ./tests/native/borrowed_runtime/root.zig (debug) (1597.804619ms)
ℹ tests 1
ℹ suites 0
ℹ pass 1
ℹ fail 0
ℹ cancelled 0
ℹ skipped 0
ℹ todo 0
ℹ duration_ms 1600.942134
1/8 root.test.borrowed payload variants preserve values and caller storage...OK
2/8 root.test.empty reduce does not call the native host...OK
3/8 root.test.borrowed payload calls preserve every seed and dynamic step...OK
4/8 root.test.later calls preserve the earlier product and appended scores...OK
5/8 root.test.borrowed payload growth preserves values through repeated execution...OK
6/8 root.test.native failure stops at each call in the first and retained later execution...OK
7/8 root.test.generated and native allocation failures preserve caller storage...OK
8/8 root.test.later allocation failures preserve the first escaped result...OK
All 8 tests passed.
✔ borrowed native payload runtime ./tests/native/borrowed_runtime/root.zig (debug) (1600.97075ms)
ℹ tests 1
ℹ suites 0
ℹ pass 1
ℹ fail 0
ℹ cancelled 0
ℹ skipped 0
ℹ todo 0
ℹ duration_ms 1604.065772
Build Summary: 38/38 steps succeeded
test-native-borrowed-runtime success
+- run node success 1s
|  +- run exe compile-native-borrowed-runtime (string-source) success 10ms
|     +- compile exe compile-native-borrowed-runtime debug native success 10s MaxRSS:1G
|        +- WriteFile interfaces/0.d.zx cached
|        |  +- run exe standard-catalog (catalog.zig) cached
|        |     +- compile exe standard-catalog fast native cached 56ms MaxRSS:21M
|        |     +- WriteFile catalog.json cached
|        +- options success
|        +- run exe generate-parser (parser.zig) success 3m
|        |  +- compile exe generate-parser debug native success 5s MaxRSS:613M
|        |     +- options success
|        |     +- WriteFile interfaces/0.d.zx success
|        |     |  +- run exe standard-catalog (catalog.zig) success 2ms
|        |     |     +- compile exe standard-catalog fast native cached 7s MaxRSS:21M
|        |     |     +- WriteFile catalog.json success
|        |     +- options success
|        +- run exe generate-parser (parser.zig) (+1 more reused dependencies)
|        +- run exe generate-parser (parser.zig) (+1 more reused dependencies)
|        +- run exe generate-parser (parser.zig) (+1 more reused dependencies)
|        +- run exe generate-parser (parser.zig) (+1 more reused dependencies)
|        +- run exe generate-parser (parser.zig) (+1 more reused dependencies)
|        +- run exe generate-parser (parser.zig) (+1 more reused dependencies)
|        +- run exe generate-parser (parser.zig) (+1 more reused dependencies)
|        +- run exe generate-parser (parser.zig) (+1 more reused dependencies)
|        +- run exe generate-parser (parser.zig) (+1 more reused dependencies)
|        +- run exe generate-parser (parser.zig) (+1 more reused dependencies)
|        +- run exe generate-parser (parser.zig) (+1 more reused dependencies)
|        +- run exe generate-parser (parser.zig) (+1 more reused dependencies)
|        +- run exe generate-parser (parser.zig) (+1 more reused dependencies)
|        +- run exe generate-parser (parser.zig) (+1 more reused dependencies)
|        +- run exe generate-parser (parser.zig) (+1 more reused dependencies)
|        +- run exe generate-parser (parser.zig) (+1 more reused dependencies)
|        +- run exe generate-parser (parser.zig) (+1 more reused dependencies)
|        +- run exe generate-parser (parser.zig) (+1 more reused dependencies)
|        +- run exe generate-lexer (lexer.zig) success 100ms
|        |  +- compile exe generate-lexer debug native success 4s MaxRSS:532M
|        |     +- WriteFile interfaces/0.d.zx cached
|        |     |  +- run exe standard-catalog (catalog.zig) cached
|        |     |     +- compile exe standard-catalog fast native success 7s MaxRSS:358M
|        |     |     +- WriteFile catalog.json cached
|        |     +- options cached
|        +- run exe generate-parser (parser.zig) (+1 more reused dependencies)
|        +- run exe generate-parser (parser.zig) (+1 more reused dependencies)
|        +- run exe generate-parser (parser.zig) (+1 more reused dependencies)
|        +- run exe generate-parser (parser.zig) (+1 more reused dependencies)
|        +- run exe generate-parser (parser.zig) (+1 more reused dependencies)
|        +- run exe generate-parser (parser.zig) (+1 more reused dependencies)
|        +- run exe generate-parser (parser.zig) (+1 more reused dependencies)
|        +- run exe generate-parser (parser.zig) (+1 more reused dependencies)
|        +- run exe generate-parser (parser.zig) (+1 more reused dependencies)
|        +- run exe generate-parser (parser.zig) (+1 more reused dependencies)
|        +- run exe generate-parser (parser.zig) (+1 more reused dependencies)
|        +- run exe generate-parser (parser.zig) (+1 more reused dependencies)
|        +- run exe generate-parser (parser.zig) (+1 more reused dependencies)
|        +- run exe generate-parser (parser.zig) (+1 more reused dependencies)
+- run node success 1s
|  +- run exe compile-native-borrowed-runtime (string-library) success 13ms
|     +- compile exe compile-native-borrowed-runtime debug native (+36 more reused dependencies)
+- run node success 1s
|  +- run exe compile-native-borrowed-runtime (list-source) success 9ms
|     +- compile exe compile-native-borrowed-runtime debug native (+36 more reused dependencies)
+- run node success 1s
|  +- run exe compile-native-borrowed-runtime (list-library) success 13ms
|     +- compile exe compile-native-borrowed-runtime debug native (+36 more reused dependencies)
+- run node success 1s
|  +- run exe compile-native-borrowed-runtime (nested-source) success 10ms
|     +- compile exe compile-native-borrowed-runtime debug native (+36 more reused dependencies)
+- run node success 1s
|  +- run exe compile-native-borrowed-runtime (nested-library) success 13ms
|     +- compile exe compile-native-borrowed-runtime debug native (+36 more reused dependencies)
+- run node success 1s
|  +- run exe compile-native-borrowed-runtime (optional-source) success 10ms
|     +- compile exe compile-native-borrowed-runtime debug native (+36 more reused dependencies)
+- run node success 1s
   +- run exe compile-native-borrowed-runtime (optional-library) success 13ms
      +- compile exe compile-native-borrowed-runtime debug native (+36 more reused dependencies)

