Build Summary: 78/78 steps succeeded; 102/102 tests passed
test-aggregate-loop success
+- run test aggregate-loop-stack-source 7 pass (7 total) 2ms MaxRSS:1M
|  +- compile test aggregate-loop-stack-source fast native success 11s MaxRSS:352M
|     +- run exe compile-aggregate-loop (source.zig) success 4ms
|     |  +- compile exe compile-aggregate-loop fast native success 34s MaxRSS:1G
|     |     +- WriteFile interfaces/0.d.zx cached
|     |     |  +- run exe standard-catalog (catalog.zig) cached
|     |     |     +- compile exe standard-catalog fast native cached 42ms MaxRSS:21M
|     |     |     +- WriteFile catalog.json cached
|     |     +- options cached
|     |     +- run exe generate-parser (parser.zig) cached
|     |     |  +- compile exe generate-parser fast native cached 46ms MaxRSS:21M
|     |     |     +- options cached
|     |     |     +- WriteFile interfaces/0.d.zx cached
|     |     |     |  +- run exe standard-catalog (catalog.zig) cached
|     |     |     |     +- compile exe standard-catalog fast native cached 47ms MaxRSS:21M
|     |     |     |     +- WriteFile catalog.json cached
|     |     |     +- options cached
|     |     +- run exe generate-parser (parser.zig) (+1 more reused dependencies)
|     |     +- run exe generate-parser (parser.zig) (+1 more reused dependencies)
|     |     +- run exe generate-parser (parser.zig) (+1 more reused dependencies)
|     |     +- run exe generate-parser (parser.zig) (+1 more reused dependencies)
|     |     +- run exe generate-parser (parser.zig) (+1 more reused dependencies)
|     |     +- run exe generate-parser (parser.zig) (+1 more reused dependencies)
|     |     +- run exe generate-parser (parser.zig) (+1 more reused dependencies)
|     |     +- run exe generate-parser (parser.zig) (+1 more reused dependencies)
|     |     +- run exe generate-parser (parser.zig) (+1 more reused dependencies)
|     |     +- run exe generate-parser (parser.zig) (+1 more reused dependencies)
|     |     +- run exe generate-parser (parser.zig) (+1 more reused dependencies)
|     |     +- run exe generate-parser (parser.zig) (+1 more reused dependencies)
|     |     +- run exe generate-parser (parser.zig) (+1 more reused dependencies)
|     |     +- run exe generate-parser (parser.zig) (+1 more reused dependencies)
|     |     +- run exe generate-parser (parser.zig) (+1 more reused dependencies)
|     |     +- run exe generate-parser (parser.zig) (+1 more reused dependencies)
|     |     +- run exe generate-parser (parser.zig) (+1 more reused dependencies)
|     |     +- run exe generate-parser (parser.zig) (+1 more reused dependencies)
|     |     +- run exe generate-lexer (lexer.zig) cached
|     |     |  +- compile exe generate-lexer fast native cached 46ms MaxRSS:21M
|     |     |     +- WriteFile interfaces/0.d.zx cached
|     |     |     |  +- run exe standard-catalog (catalog.zig) cached
|     |     |     |     +- compile exe standard-catalog fast native cached 47ms MaxRSS:21M
|     |     |     |     +- WriteFile catalog.json cached
|     |     |     +- options cached
|     |     +- run exe generate-parser (parser.zig) (+1 more reused dependencies)
|     |     +- run exe generate-parser (parser.zig) (+1 more reused dependencies)
|     |     +- run exe generate-parser (parser.zig) (+1 more reused dependencies)
|     |     +- run exe generate-parser (parser.zig) (+1 more reused dependencies)
|     |     +- run exe generate-parser (parser.zig) (+1 more reused dependencies)
|     |     +- run exe generate-parser (parser.zig) (+1 more reused dependencies)
|     |     +- run exe generate-parser (parser.zig) (+1 more reused dependencies)
|     |     +- run exe generate-parser (parser.zig) (+1 more reused dependencies)
|     |     +- run exe generate-parser (parser.zig) (+1 more reused dependencies)
|     |     +- run exe generate-parser (parser.zig) (+1 more reused dependencies)
|     |     +- run exe generate-parser (parser.zig) (+1 more reused dependencies)
|     |     +- run exe generate-parser (parser.zig) (+1 more reused dependencies)
|     |     +- run exe generate-parser (parser.zig) (+1 more reused dependencies)
|     |     +- run exe generate-parser (parser.zig) (+1 more reused dependencies)
|     +- options cached
|     +- run exe compile-aggregate-loop (source.zig) (+1 more reused dependencies)
+- run test aggregate-loop-stack-library 7 pass (7 total) 2ms MaxRSS:1M
|  +- compile test aggregate-loop-stack-library fast native success 11s MaxRSS:355M
|     +- run exe compile-aggregate-loop (source.zig) (+1 more reused dependencies)
|     +- options cached
|     +- run exe compile-aggregate-loop (source.zig) (+1 more reused dependencies)
+- run test aggregate-loop-nested-source 5 pass (5 total) 2ms MaxRSS:1M
|  +- compile test aggregate-loop-nested-source fast native success 11s MaxRSS:360M
|     +- run exe compile-aggregate-loop (source.zig) success 6ms
|     |  +- compile exe compile-aggregate-loop fast native (+36 more reused dependencies)
|     +- options cached
|     +- run exe compile-aggregate-loop (source.zig) (+1 more reused dependencies)
+- run test aggregate-loop-nested-library 5 pass (5 total) 2ms MaxRSS:1M
|  +- compile test aggregate-loop-nested-library fast native success 11s MaxRSS:365M
|     +- run exe compile-aggregate-loop (source.zig) (+1 more reused dependencies)
|     +- options cached
|     +- run exe compile-aggregate-loop (source.zig) (+1 more reused dependencies)
+- run test aggregate-loop-two_lanes-source 7 pass (7 total) 2ms MaxRSS:1M
|  +- compile test aggregate-loop-two_lanes-source fast native success 11s MaxRSS:360M
|     +- run exe compile-aggregate-loop (source.zig) success 4ms
|     |  +- compile exe compile-aggregate-loop fast native (+36 more reused dependencies)
|     +- options cached
|     +- run exe compile-aggregate-loop (source.zig) (+1 more reused dependencies)
+- run test aggregate-loop-two_lanes-library 7 pass (7 total) 4ms MaxRSS:1M
|  +- compile test aggregate-loop-two_lanes-library fast native success 11s MaxRSS:345M
|     +- run exe compile-aggregate-loop (source.zig) (+1 more reused dependencies)
|     +- options cached
|     +- run exe compile-aggregate-loop (source.zig) (+1 more reused dependencies)
+- run test aggregate-loop-bounds-source 7 pass (7 total) 3ms MaxRSS:1M
|  +- compile test aggregate-loop-bounds-source fast native success 11s MaxRSS:354M
|     +- run exe compile-aggregate-loop (source.zig) success 3ms
|     |  +- compile exe compile-aggregate-loop fast native (+36 more reused dependencies)
|     +- options cached
|     +- run exe compile-aggregate-loop (source.zig) (+1 more reused dependencies)
+- run test aggregate-loop-bounds-library 7 pass (7 total) 2ms MaxRSS:1M
|  +- compile test aggregate-loop-bounds-library fast native success 11s MaxRSS:359M
|     +- run exe compile-aggregate-loop (source.zig) (+1 more reused dependencies)
|     +- options cached
|     +- run exe compile-aggregate-loop (source.zig) (+1 more reused dependencies)
+- run test aggregate-loop-old_list-source 7 pass (7 total) 2ms MaxRSS:1M
|  +- compile test aggregate-loop-old_list-source fast native success 10s MaxRSS:365M
|     +- run exe compile-aggregate-loop (source.zig) success 3ms
|     |  +- compile exe compile-aggregate-loop fast native (+36 more reused dependencies)
|     +- options cached
|     +- run exe compile-aggregate-loop (source.zig) (+1 more reused dependencies)
+- run test aggregate-loop-old_list-library 7 pass (7 total) 3ms MaxRSS:1M
|  +- compile test aggregate-loop-old_list-library fast native success 11s MaxRSS:358M
|     +- run exe compile-aggregate-loop (source.zig) (+1 more reused dependencies)
|     +- options cached
|     +- run exe compile-aggregate-loop (source.zig) (+1 more reused dependencies)
+- run test aggregate-loop-call-source 7 pass (7 total) 3ms MaxRSS:1M
|  +- compile test aggregate-loop-call-source fast native success 11s MaxRSS:354M
|     +- run exe compile-aggregate-loop (source.zig) success 4ms
|     |  +- compile exe compile-aggregate-loop fast native (+36 more reused dependencies)
|     +- options cached
|     +- run exe compile-aggregate-loop (source.zig) (+1 more reused dependencies)
+- run test aggregate-loop-call-library 7 pass (7 total) 2ms MaxRSS:1M
|  +- compile test aggregate-loop-call-library fast native success 11s MaxRSS:347M
|     +- run exe compile-aggregate-loop (source.zig) (+1 more reused dependencies)
|     +- options cached
|     +- run exe compile-aggregate-loop (source.zig) (+1 more reused dependencies)
+- run test aggregate-loop-escaping-source 5 pass (5 total) 4ms MaxRSS:1M
|  +- compile test aggregate-loop-escaping-source fast native success 11s MaxRSS:353M
|     +- run exe compile-aggregate-loop (source.zig) success 3ms
|     |  +- compile exe compile-aggregate-loop fast native (+36 more reused dependencies)
|     +- options cached
|     +- run exe compile-aggregate-loop (source.zig) (+1 more reused dependencies)
+- run test aggregate-loop-escaping-library 5 pass (5 total) 3ms MaxRSS:1M
|  +- compile test aggregate-loop-escaping-library fast native success 11s MaxRSS:346M
|     +- run exe compile-aggregate-loop (source.zig) (+1 more reused dependencies)
|     +- options cached
|     +- run exe compile-aggregate-loop (source.zig) (+1 more reused dependencies)
+- run test aggregate-loop-consumer-source 6 pass (6 total) 2ms MaxRSS:1M
|  +- compile test aggregate-loop-consumer-source fast native success 11s MaxRSS:357M
|     +- run exe compile-aggregate-loop (source.zig) success 3ms
|     |  +- compile exe compile-aggregate-loop fast native (+36 more reused dependencies)
|     +- options cached
|     +- run exe compile-aggregate-loop (source.zig) (+1 more reused dependencies)
+- run test aggregate-loop-consumer-library 6 pass (6 total) 2ms MaxRSS:1M
   +- compile test aggregate-loop-consumer-library fast native success 11s MaxRSS:360M
      +- run exe compile-aggregate-loop (source.zig) (+1 more reused dependencies)
      +- options cached
      +- run exe compile-aggregate-loop (source.zig) (+1 more reused dependencies)
