Build Summary: 85/85 steps succeeded; 124/124 tests passed
test-loop-columns success
+- run test loop-columns-mixed-source 7 pass (7 total) 4ms MaxRSS:1M
|  +- compile test loop-columns-mixed-source fast native success 11s MaxRSS:374M
|     +- run exe compile-loop-columns (source.zig) success 5ms
|     |  +- compile exe compile-loop-columns fast native success 35s MaxRSS:1G
|     |     +- WriteFile interfaces/0.d.zx cached
|     |     |  +- run exe standard-catalog (catalog.zig) cached
|     |     |     +- compile exe standard-catalog fast native cached 49ms MaxRSS:21M
|     |     |     +- WriteFile catalog.json cached
|     |     +- options cached
|     |     +- run exe generate-parser (parser.zig) cached
|     |     |  +- compile exe generate-parser fast native cached 46ms MaxRSS:21M
|     |     |     +- options cached
|     |     |     +- WriteFile interfaces/0.d.zx cached
|     |     |     |  +- run exe standard-catalog (catalog.zig) cached
|     |     |     |     +- compile exe standard-catalog fast native cached 44ms MaxRSS:21M
|     |     |     |     +- WriteFile catalog.json cached
|     |     |     +- options cached
|     |     +- run exe generate-parser (parser.zig) (+1 more reused dependencies)
|     |     +- run exe generate-parser (parser.zig) (+1 more reused dependencies)
|     |     +- run exe generate-parser (parser.zig) (+1 more reused dependencies)
|     |     +- run exe generate-parser (parser.zig) (+1 more reused dependencies)
|     |     +- run exe generate-parser (parser.zig) (+1 more reused dependencies)
|     |     +- run exe generate-parser (parser.zig) (+1 more reused dependencies)
|     |     +- run exe generate-parser (parser.zig) (+1 more reused dependencies)
|     |     +- run exe generate-parser (parser.zig) (+1 more reused dependencies)
|     |     +- run exe generate-parser (parser.zig) (+1 more reused dependencies)
|     |     +- run exe generate-parser (parser.zig) (+1 more reused dependencies)
|     |     +- run exe generate-parser (parser.zig) (+1 more reused dependencies)
|     |     +- run exe generate-parser (parser.zig) (+1 more reused dependencies)
|     |     +- run exe generate-parser (parser.zig) (+1 more reused dependencies)
|     |     +- run exe generate-parser (parser.zig) (+1 more reused dependencies)
|     |     +- run exe generate-parser (parser.zig) (+1 more reused dependencies)
|     |     +- run exe generate-parser (parser.zig) (+1 more reused dependencies)
|     |     +- run exe generate-parser (parser.zig) (+1 more reused dependencies)
|     |     +- run exe generate-parser (parser.zig) (+1 more reused dependencies)
|     |     +- run exe generate-lexer (lexer.zig) cached
|     |     |  +- compile exe generate-lexer fast native cached 41ms MaxRSS:21M
|     |     |     +- WriteFile interfaces/0.d.zx cached
|     |     |     |  +- run exe standard-catalog (catalog.zig) cached
|     |     |     |     +- compile exe standard-catalog fast native cached 49ms MaxRSS:21M
|     |     |     |     +- WriteFile catalog.json cached
|     |     |     +- options cached
|     |     +- run exe generate-parser (parser.zig) (+1 more reused dependencies)
|     |     +- run exe generate-parser (parser.zig) (+1 more reused dependencies)
|     |     +- run exe generate-parser (parser.zig) (+1 more reused dependencies)
|     |     +- run exe generate-parser (parser.zig) (+1 more reused dependencies)
|     |     +- run exe generate-parser (parser.zig) (+1 more reused dependencies)
|     |     +- run exe generate-parser (parser.zig) (+1 more reused dependencies)
|     |     +- run exe generate-parser (parser.zig) (+1 more reused dependencies)
|     |     +- run exe generate-parser (parser.zig) (+1 more reused dependencies)
|     |     +- run exe generate-parser (parser.zig) (+1 more reused dependencies)
|     |     +- run exe generate-parser (parser.zig) (+1 more reused dependencies)
|     |     +- run exe generate-parser (parser.zig) (+1 more reused dependencies)
|     |     +- run exe generate-parser (parser.zig) (+1 more reused dependencies)
|     |     +- run exe generate-parser (parser.zig) (+1 more reused dependencies)
|     |     +- run exe generate-parser (parser.zig) (+1 more reused dependencies)
|     +- options success
|     +- run exe compile-loop-columns (source.zig) (+1 more reused dependencies)
+- run test loop-columns-mixed-library 7 pass (7 total) 3ms MaxRSS:1M
|  +- compile test loop-columns-mixed-library fast native success 11s MaxRSS:375M
|     +- run exe compile-loop-columns (source.zig) (+1 more reused dependencies)
|     +- options cached
|     +- run exe compile-loop-columns (source.zig) (+1 more reused dependencies)
+- run test loop-columns-direct-source 7 pass (7 total) 3ms MaxRSS:1M
|  +- compile test loop-columns-direct-source fast native success 11s MaxRSS:366M
|     +- run exe compile-loop-columns (source.zig) success 5ms
|     |  +- compile exe compile-loop-columns fast native (+36 more reused dependencies)
|     +- options cached
|     +- run exe compile-loop-columns (source.zig) (+1 more reused dependencies)
+- run test loop-columns-direct-library 7 pass (7 total) 3ms MaxRSS:1M
|  +- compile test loop-columns-direct-library fast native success 11s MaxRSS:377M
|     +- run exe compile-loop-columns (source.zig) (+1 more reused dependencies)
|     +- options cached
|     +- run exe compile-loop-columns (source.zig) (+1 more reused dependencies)
+- run test loop-columns-borrowed-source 7 pass (7 total) 3ms MaxRSS:1M
|  +- compile test loop-columns-borrowed-source fast native success 11s MaxRSS:383M
|     +- run exe compile-loop-columns (source.zig) success 5ms
|     |  +- compile exe compile-loop-columns fast native (+36 more reused dependencies)
|     +- options cached
|     +- run exe compile-loop-columns (source.zig) (+1 more reused dependencies)
+- run test loop-columns-borrowed-library 7 pass (7 total) 2ms MaxRSS:1M
|  +- compile test loop-columns-borrowed-library fast native success 11s MaxRSS:377M
|     +- run exe compile-loop-columns (source.zig) (+1 more reused dependencies)
|     +- options success
|     +- run exe compile-loop-columns (source.zig) (+1 more reused dependencies)
+- run test loop-columns-shrink-source 7 pass (7 total) 2ms MaxRSS:1M
|  +- compile test loop-columns-shrink-source fast native success 11s MaxRSS:384M
|     +- run exe compile-loop-columns (source.zig) success 6ms
|     |  +- compile exe compile-loop-columns fast native (+36 more reused dependencies)
|     +- options cached
|     +- run exe compile-loop-columns (source.zig) (+1 more reused dependencies)
+- run test loop-columns-shrink-library 7 pass (7 total) 2ms MaxRSS:1M
|  +- compile test loop-columns-shrink-library fast native success 11s MaxRSS:376M
|     +- run exe compile-loop-columns (source.zig) (+1 more reused dependencies)
|     +- options success
|     +- run exe compile-loop-columns (source.zig) (+1 more reused dependencies)
+- run test loop-columns-nested-source 7 pass (7 total) 3ms MaxRSS:1M
|  +- compile test loop-columns-nested-source fast native success 11s MaxRSS:381M
|     +- run exe compile-loop-columns (source.zig) success 7ms
|     |  +- compile exe compile-loop-columns fast native (+36 more reused dependencies)
|     +- options cached
|     +- run exe compile-loop-columns (source.zig) (+1 more reused dependencies)
+- run test loop-columns-nested-library 7 pass (7 total) 3ms MaxRSS:1M
|  +- compile test loop-columns-nested-library fast native success 11s MaxRSS:383M
|     +- run exe compile-loop-columns (source.zig) (+1 more reused dependencies)
|     +- options cached
|     +- run exe compile-loop-columns (source.zig) (+1 more reused dependencies)
+- run test loop-columns-dual-source 7 pass (7 total) 2ms MaxRSS:1M
|  +- compile test loop-columns-dual-source fast native success 11s MaxRSS:377M
|     +- run exe compile-loop-columns (source.zig) success 4ms
|     |  +- compile exe compile-loop-columns fast native (+36 more reused dependencies)
|     +- options success
|     +- run exe compile-loop-columns (source.zig) (+1 more reused dependencies)
+- run test loop-columns-dual-library 7 pass (7 total) 2ms MaxRSS:1M
|  +- compile test loop-columns-dual-library fast native success 11s MaxRSS:382M
|     +- run exe compile-loop-columns (source.zig) (+1 more reused dependencies)
|     +- options cached
|     +- run exe compile-loop-columns (source.zig) (+1 more reused dependencies)
+- run test loop-columns-leaves-source 6 pass (6 total) 2ms MaxRSS:1M
|  +- compile test loop-columns-leaves-source fast native success 11s MaxRSS:379M
|     +- run exe compile-loop-columns (source.zig) success 5ms
|     |  +- compile exe compile-loop-columns fast native (+36 more reused dependencies)
|     +- options success
|     +- run exe compile-loop-columns (source.zig) (+1 more reused dependencies)
+- run test loop-columns-leaves-library 6 pass (6 total) 2ms MaxRSS:1M
|  +- compile test loop-columns-leaves-library fast native success 11s MaxRSS:389M
|     +- run exe compile-loop-columns (source.zig) (+1 more reused dependencies)
|     +- options cached
|     +- run exe compile-loop-columns (source.zig) (+1 more reused dependencies)
+- run test loop-columns-consumer-source 7 pass (7 total) 2ms MaxRSS:1M
|  +- compile test loop-columns-consumer-source fast native success 11s MaxRSS:380M
|     +- run exe compile-loop-columns (source.zig) success 5ms
|     |  +- compile exe compile-loop-columns fast native (+36 more reused dependencies)
|     +- options cached
|     +- run exe compile-loop-columns (source.zig) (+1 more reused dependencies)
+- run test loop-columns-consumer-library 7 pass (7 total) 2ms MaxRSS:1M
|  +- compile test loop-columns-consumer-library fast native success 11s MaxRSS:380M
|     +- run exe compile-loop-columns (source.zig) (+1 more reused dependencies)
|     +- options cached
|     +- run exe compile-loop-columns (source.zig) (+1 more reused dependencies)
+- run test loop-columns-fallback-source 7 pass (7 total) 3ms MaxRSS:1M
|  +- compile test loop-columns-fallback-source fast native success 11s MaxRSS:365M
|     +- run exe compile-loop-columns (source.zig) success 6ms
|     |  +- compile exe compile-loop-columns fast native (+36 more reused dependencies)
|     +- options cached
|     +- run exe compile-loop-columns (source.zig) (+1 more reused dependencies)
+- run test loop-columns-fallback-library 7 pass (7 total) 4ms MaxRSS:1M
   +- compile test loop-columns-fallback-library fast native success 11s MaxRSS:370M
      +- run exe compile-loop-columns (source.zig) (+1 more reused dependencies)
      +- options success
      +- run exe compile-loop-columns (source.zig) (+1 more reused dependencies)
