✔ loop public library relocation and compiled manifest republication preserve returned aliases (102944.341266ms)
ℹ tests 1
ℹ suites 0
ℹ pass 1
ℹ fail 0
ℹ cancelled 0
ℹ skipped 0
ℹ todo 0
ℹ duration_ms 102947.379556
Build Summary: 265/265 steps succeeded; 403/403 tests passed
test-type-resolution success
+- run test type-resolution-initialization 10 pass (10 total) 4ms MaxRSS:1M
|  +- compile test type-resolution-initialization fast native success 15s MaxRSS:490M
|     +- WriteFile interfaces/0.d.zx cached
|     |  +- run exe standard-catalog (catalog.zig) success 2ms
|     |     +- compile exe standard-catalog fast native cached 7s MaxRSS:21M
|     |     +- WriteFile catalog.json cached
|     +- options cached
|     +- run exe generate-parser (parser.zig) success 3s
|     |  +- compile exe generate-parser fast native success 33s MaxRSS:917M
|     |     +- options cached
|     |     +- WriteFile interfaces/0.d.zx cached
|     |     |  +- run exe standard-catalog (catalog.zig) cached
|     |     |     +- compile exe standard-catalog fast native cached 7s MaxRSS:21M
|     |     |     +- WriteFile catalog.json cached
|     |     +- options cached
|     +- run exe generate-parser (parser.zig) (+1 more reused dependencies)
|     +- run exe generate-parser (parser.zig) (+1 more reused dependencies)
|     +- run exe generate-parser (parser.zig) (+1 more reused dependencies)
|     +- run exe generate-parser (parser.zig) (+1 more reused dependencies)
|     +- run exe generate-parser (parser.zig) (+1 more reused dependencies)
|     +- run exe generate-parser (parser.zig) (+1 more reused dependencies)
|     +- run exe generate-parser (parser.zig) (+1 more reused dependencies)
|     +- run exe generate-parser (parser.zig) (+1 more reused dependencies)
|     +- run exe generate-parser (parser.zig) (+1 more reused dependencies)
|     +- run exe generate-parser (parser.zig) (+1 more reused dependencies)
|     +- run exe generate-parser (parser.zig) (+1 more reused dependencies)
|     +- run exe generate-parser (parser.zig) (+1 more reused dependencies)
|     +- run exe generate-parser (parser.zig) (+1 more reused dependencies)
|     +- run exe generate-parser (parser.zig) (+1 more reused dependencies)
|     +- run exe generate-parser (parser.zig) (+1 more reused dependencies)
|     +- run exe generate-parser (parser.zig) (+1 more reused dependencies)
|     +- run exe generate-parser (parser.zig) (+1 more reused dependencies)
|     +- run exe generate-parser (parser.zig) (+1 more reused dependencies)
|     +- run exe generate-lexer (lexer.zig) success 16ms
|     |  +- compile exe generate-lexer fast native success 28s MaxRSS:848M
|     |     +- WriteFile interfaces/0.d.zx success
|     |     |  +- run exe standard-catalog (catalog.zig) cached
|     |     |     +- compile exe standard-catalog fast native success 7s MaxRSS:349M
|     |     |     +- WriteFile catalog.json cached
|     |     +- options cached
|     +- run exe generate-parser (parser.zig) (+1 more reused dependencies)
|     +- run exe generate-parser (parser.zig) (+1 more reused dependencies)
|     +- run exe generate-parser (parser.zig) (+1 more reused dependencies)
|     +- run exe generate-parser (parser.zig) (+1 more reused dependencies)
|     +- run exe generate-parser (parser.zig) (+1 more reused dependencies)
|     +- run exe generate-parser (parser.zig) (+1 more reused dependencies)
|     +- run exe generate-parser (parser.zig) (+1 more reused dependencies)
|     +- run exe generate-parser (parser.zig) (+1 more reused dependencies)
|     +- run exe generate-parser (parser.zig) (+1 more reused dependencies)
|     +- run exe generate-parser (parser.zig) (+1 more reused dependencies)
|     +- run exe generate-parser (parser.zig) (+1 more reused dependencies)
|     +- run exe generate-parser (parser.zig) (+1 more reused dependencies)
|     +- run exe generate-parser (parser.zig) (+1 more reused dependencies)
|     +- run exe generate-parser (parser.zig) (+1 more reused dependencies)
+- run test type-resolution-names 19 pass (19 total) 6ms MaxRSS:1M
|  +- compile test type-resolution-names fast native success 15s MaxRSS:488M
|     +- WriteFile interfaces/0.d.zx (+1 more reused dependencies)
|     +- options (reused)
|     +- run exe generate-parser (parser.zig) (+1 more reused dependencies)
|     +- run exe generate-parser (parser.zig) (+1 more reused dependencies)
|     +- run exe generate-parser (parser.zig) (+1 more reused dependencies)
|     +- run exe generate-parser (parser.zig) (+1 more reused dependencies)
|     +- run exe generate-parser (parser.zig) (+1 more reused dependencies)
|     +- run exe generate-parser (parser.zig) (+1 more reused dependencies)
|     +- run exe generate-parser (parser.zig) (+1 more reused dependencies)
|     +- run exe generate-parser (parser.zig) (+1 more reused dependencies)
|     +- run exe generate-parser (parser.zig) (+1 more reused dependencies)
|     +- run exe generate-parser (parser.zig) (+1 more reused dependencies)
|     +- run exe generate-parser (parser.zig) (+1 more reused dependencies)
|     +- run exe generate-parser (parser.zig) (+1 more reused dependencies)
|     +- run exe generate-parser (parser.zig) (+1 more reused dependencies)
|     +- run exe generate-parser (parser.zig) (+1 more reused dependencies)
|     +- run exe generate-parser (parser.zig) (+1 more reused dependencies)
|     +- run exe generate-parser (parser.zig) (+1 more reused dependencies)
|     +- run exe generate-parser (parser.zig) (+1 more reused dependencies)
|     +- run exe generate-parser (parser.zig) (+1 more reused dependencies)
|     +- run exe generate-parser (parser.zig) (+1 more reused dependencies)
|     +- run exe generate-lexer (lexer.zig) (+1 more reused dependencies)
|     +- run exe generate-parser (parser.zig) (+1 more reused dependencies)
|     +- run exe generate-parser (parser.zig) (+1 more reused dependencies)
|     +- run exe generate-parser (parser.zig) (+1 more reused dependencies)
|     +- run exe generate-parser (parser.zig) (+1 more reused dependencies)
|     +- run exe generate-parser (parser.zig) (+1 more reused dependencies)
|     +- run exe generate-parser (parser.zig) (+1 more reused dependencies)
|     +- run exe generate-parser (parser.zig) (+1 more reused dependencies)
|     +- run exe generate-parser (parser.zig) (+1 more reused dependencies)
|     +- run exe generate-parser (parser.zig) (+1 more reused dependencies)
|     +- run exe generate-parser (parser.zig) (+1 more reused dependencies)
|     +- run exe generate-parser (parser.zig) (+1 more reused dependencies)
|     +- run exe generate-parser (parser.zig) (+1 more reused dependencies)
|     +- run exe generate-parser (parser.zig) (+1 more reused dependencies)
|     +- run exe generate-parser (parser.zig) (+1 more reused dependencies)
+- run test type-resolution-nodes 20 pass (20 total) 4ms MaxRSS:1M
|  +- compile test type-resolution-nodes fast native success 14s MaxRSS:469M
|     +- WriteFile interfaces/0.d.zx (+1 more reused dependencies)
|     +- options (reused)
|     +- run exe generate-parser (parser.zig) (+1 more reused dependencies)
|     +- run exe generate-parser (parser.zig) (+1 more reused dependencies)
|     +- run exe generate-parser (parser.zig) (+1 more reused dependencies)
|     +- run exe generate-parser (parser.zig) (+1 more reused dependencies)
|     +- run exe generate-parser (parser.zig) (+1 more reused dependencies)
|     +- run exe generate-parser (parser.zig) (+1 more reused dependencies)
|     +- run exe generate-parser (parser.zig) (+1 more reused dependencies)
|     +- run exe generate-parser (parser.zig) (+1 more reused dependencies)
|     +- run exe generate-parser (parser.zig) (+1 more reused dependencies)
|     +- run exe generate-parser (parser.zig) (+1 more reused dependencies)
|     +- run exe generate-parser (parser.zig) (+1 more reused dependencies)
|     +- run exe generate-parser (parser.zig) (+1 more reused dependencies)
|     +- run exe generate-parser (parser.zig) (+1 more reused dependencies)
|     +- run exe generate-parser (parser.zig) (+1 more reused dependencies)
|     +- run exe generate-parser (parser.zig) (+1 more reused dependencies)
|     +- run exe generate-parser (parser.zig) (+1 more reused dependencies)
|     +- run exe generate-parser (parser.zig) (+1 more reused dependencies)
|     +- run exe generate-parser (parser.zig) (+1 more reused dependencies)
|     +- run exe generate-parser (parser.zig) (+1 more reused dependencies)
|     +- run exe generate-lexer (lexer.zig) (+1 more reused dependencies)
|     +- run exe generate-parser (parser.zig) (+1 more reused dependencies)
|     +- run exe generate-parser (parser.zig) (+1 more reused dependencies)
|     +- run exe generate-parser (parser.zig) (+1 more reused dependencies)
|     +- run exe generate-parser (parser.zig) (+1 more reused dependencies)
|     +- run exe generate-parser (parser.zig) (+1 more reused dependencies)
|     +- run exe generate-parser (parser.zig) (+1 more reused dependencies)
|     +- run exe generate-parser (parser.zig) (+1 more reused dependencies)
|     +- run exe generate-parser (parser.zig) (+1 more reused dependencies)
|     +- run exe generate-parser (parser.zig) (+1 more reused dependencies)
|     +- run exe generate-parser (parser.zig) (+1 more reused dependencies)
|     +- run exe generate-parser (parser.zig) (+1 more reused dependencies)
|     +- run exe generate-parser (parser.zig) (+1 more reused dependencies)
|     +- run exe generate-parser (parser.zig) (+1 more reused dependencies)
|     +- run exe generate-parser (parser.zig) (+1 more reused dependencies)
+- run test type-resolution-views 9 pass (9 total) 10ms MaxRSS:4M
|  +- compile test type-resolution-views fast native success 46s MaxRSS:1G
|     +- WriteFile interfaces/0.d.zx (+1 more reused dependencies)
|     +- options (reused)
|     +- run exe generate-parser (parser.zig) (+1 more reused dependencies)
|     +- run exe generate-parser (parser.zig) (+1 more reused dependencies)
|     +- run exe generate-parser (parser.zig) (+1 more reused dependencies)
|     +- run exe generate-parser (parser.zig) (+1 more reused dependencies)
|     +- run exe generate-parser (parser.zig) (+1 more reused dependencies)
|     +- run exe generate-parser (parser.zig) (+1 more reused dependencies)
|     +- run exe generate-parser (parser.zig) (+1 more reused dependencies)
|     +- run exe generate-parser (parser.zig) (+1 more reused dependencies)
|     +- run exe generate-parser (parser.zig) (+1 more reused dependencies)
|     +- run exe generate-parser (parser.zig) (+1 more reused dependencies)
|     +- run exe generate-parser (parser.zig) (+1 more reused dependencies)
|     +- run exe generate-parser (parser.zig) (+1 more reused dependencies)
|     +- run exe generate-parser (parser.zig) (+1 more reused dependencies)
|     +- run exe generate-parser (parser.zig) (+1 more reused dependencies)
|     +- run exe generate-parser (parser.zig) (+1 more reused dependencies)
|     +- run exe generate-parser (parser.zig) (+1 more reused dependencies)
|     +- run exe generate-parser (parser.zig) (+1 more reused dependencies)
|     +- run exe generate-parser (parser.zig) (+1 more reused dependencies)
|     +- run exe generate-parser (parser.zig) (+1 more reused dependencies)
|     +- run exe generate-lexer (lexer.zig) (+1 more reused dependencies)
|     +- run exe generate-parser (parser.zig) (+1 more reused dependencies)
|     +- run exe generate-parser (parser.zig) (+1 more reused dependencies)
|     +- run exe generate-parser (parser.zig) (+1 more reused dependencies)
|     +- run exe generate-parser (parser.zig) (+1 more reused dependencies)
|     +- run exe generate-parser (parser.zig) (+1 more reused dependencies)
|     +- run exe generate-parser (parser.zig) (+1 more reused dependencies)
|     +- run exe generate-parser (parser.zig) (+1 more reused dependencies)
|     +- run exe generate-parser (parser.zig) (+1 more reused dependencies)
|     +- run exe generate-parser (parser.zig) (+1 more reused dependencies)
|     +- run exe generate-parser (parser.zig) (+1 more reused dependencies)
|     +- run exe generate-parser (parser.zig) (+1 more reused dependencies)
|     +- run exe generate-parser (parser.zig) (+1 more reused dependencies)
|     +- run exe generate-parser (parser.zig) (+1 more reused dependencies)
|     +- run exe generate-parser (parser.zig) (+1 more reused dependencies)
+- run test type-resolution-resources 5 pass (5 total) 8ms MaxRSS:1M
   +- compile test type-resolution-resources fast native success 26s MaxRSS:747M
      +- WriteFile interfaces/0.d.zx (+1 more reused dependencies)
      +- options (reused)
      +- run exe generate-parser (parser.zig) (+1 more reused dependencies)
      +- run exe generate-parser (parser.zig) (+1 more reused dependencies)
      +- run exe generate-parser (parser.zig) (+1 more reused dependencies)
      +- run exe generate-parser (parser.zig) (+1 more reused dependencies)
      +- run exe generate-parser (parser.zig) (+1 more reused dependencies)
      +- run exe generate-parser (parser.zig) (+1 more reused dependencies)
      +- run exe generate-parser (parser.zig) (+1 more reused dependencies)
      +- run exe generate-parser (parser.zig) (+1 more reused dependencies)
      +- run exe generate-parser (parser.zig) (+1 more reused dependencies)
      +- run exe generate-parser (parser.zig) (+1 more reused dependencies)
      +- run exe generate-parser (parser.zig) (+1 more reused dependencies)
      +- run exe generate-parser (parser.zig) (+1 more reused dependencies)
      +- run exe generate-parser (parser.zig) (+1 more reused dependencies)
      +- run exe generate-parser (parser.zig) (+1 more reused dependencies)
      +- run exe generate-parser (parser.zig) (+1 more reused dependencies)
      +- run exe generate-parser (parser.zig) (+1 more reused dependencies)
      +- run exe generate-parser (parser.zig) (+1 more reused dependencies)
      +- run exe generate-parser (parser.zig) (+1 more reused dependencies)
      +- run exe generate-parser (parser.zig) (+1 more reused dependencies)
      +- run exe generate-lexer (lexer.zig) (+1 more reused dependencies)
      +- run exe generate-parser (parser.zig) (+1 more reused dependencies)
      +- run exe generate-parser (parser.zig) (+1 more reused dependencies)
      +- run exe generate-parser (parser.zig) (+1 more reused dependencies)
      +- run exe generate-parser (parser.zig) (+1 more reused dependencies)
      +- run exe generate-parser (parser.zig) (+1 more reused dependencies)
      +- run exe generate-parser (parser.zig) (+1 more reused dependencies)
      +- run exe generate-parser (parser.zig) (+1 more reused dependencies)
      +- run exe generate-parser (parser.zig) (+1 more reused dependencies)
      +- run exe generate-parser (parser.zig) (+1 more reused dependencies)
      +- run exe generate-parser (parser.zig) (+1 more reused dependencies)
      +- run exe generate-parser (parser.zig) (+1 more reused dependencies)
      +- run exe generate-parser (parser.zig) (+1 more reused dependencies)
      +- run exe generate-parser (parser.zig) (+1 more reused dependencies)
      +- run exe generate-parser (parser.zig) (+1 more reused dependencies)
test-type-parser success
+- test-type-parser-resources success
|  +- run test 3 pass (3 total) 2ms MaxRSS:1M
|  |  +- compile test fast native success 15s MaxRSS:442M
|  |     +- run exe zxc (type_parser_zx.zig) success 101ms
|  |        +- compile exe zxc fast native success 2m MaxRSS:3G
|  |           +- WriteFile cached
|  |           +- compile lib yaml fast native cached 45ms MaxRSS:20M
|  |           +- compile lib yaml fast native (reused)
|  |           +- translate-c cached 44ms MaxRSS:20M
|  |           +- options success
|  |           +- run exe bundle-zig (bundle) success 6s
|  |           |  +- compile exe bundle-zig fast native success 27s MaxRSS:959M
|  |           |  +- WriteFile bundle_manifest.json cached
|  |           +- options cached
|  |           +- run exe generate-parser (parser.zig) (+1 more reused dependencies)
|  |           +- run exe generate-parser (parser.zig) (+1 more reused dependencies)
|  |           +- run exe generate-parser (parser.zig) (+1 more reused dependencies)
|  |           +- run exe generate-parser (parser.zig) (+1 more reused dependencies)
|  |           +- run exe generate-parser (parser.zig) (+1 more reused dependencies)
|  |           +- run exe generate-parser (parser.zig) (+1 more reused dependencies)
|  |           +- run exe generate-parser (parser.zig) (+1 more reused dependencies)
|  |           +- WriteFile interfaces/0.d.zx (+1 more reused dependencies)
|  |           +- options (reused)
|  |           +- run exe generate-parser (parser.zig) (+1 more reused dependencies)
|  |           +- run exe generate-parser (parser.zig) (+1 more reused dependencies)
|  |           +- run exe generate-parser (parser.zig) (+1 more reused dependencies)
|  |           +- run exe generate-parser (parser.zig) (+1 more reused dependencies)
|  |           +- run exe generate-parser (parser.zig) (+1 more reused dependencies)
|  |           +- run exe generate-parser (parser.zig) (+1 more reused dependencies)
|  |           +- run exe generate-parser (parser.zig) (+1 more reused dependencies)
|  |           +- run exe generate-parser (parser.zig) (+1 more reused dependencies)
|  |           +- run exe generate-parser (parser.zig) (+1 more reused dependencies)
|  |           +- run exe generate-parser (parser.zig) (+1 more reused dependencies)
|  |           +- run exe generate-parser (parser.zig) (+1 more reused dependencies)
|  |           +- run exe generate-parser (parser.zig) (+1 more reused dependencies)
|  |           +- run exe generate-parser (parser.zig) (+1 more reused dependencies)
|  |           +- run exe generate-parser (parser.zig) (+1 more reused dependencies)
|  |           +- run exe generate-parser (parser.zig) (+1 more reused dependencies)
|  |           +- run exe generate-parser (parser.zig) (+1 more reused dependencies)
|  |           +- run exe generate-parser (parser.zig) (+1 more reused dependencies)
|  |           +- run exe generate-parser (parser.zig) (+1 more reused dependencies)
|  |           +- run exe generate-parser (parser.zig) (+1 more reused dependencies)
|  |           +- run exe generate-parser (parser.zig) (+1 more reused dependencies)
|  |           +- run exe generate-lexer (lexer.zig) (+1 more reused dependencies)
|  |           +- run exe generate-parser (parser.zig) (+1 more reused dependencies)
|  |           +- run exe generate-parser (parser.zig) (+1 more reused dependencies)
|  |           +- run exe generate-parser (parser.zig) (+1 more reused dependencies)
|  |           +- run exe generate-parser (parser.zig) (+1 more reused dependencies)
|  |           +- run exe generate-parser (parser.zig) (+1 more reused dependencies)
|  |           +- run exe generate-parser (parser.zig) (+1 more reused dependencies)
|  |           +- run exe generate-parser (parser.zig) (+1 more reused dependencies)
|  |           +- run exe generate-parser (parser.zig) (+1 more reused dependencies)
|  |           +- run exe generate-parser (parser.zig) (+1 more reused dependencies)
|  |           +- run exe generate-parser (parser.zig) (+1 more reused dependencies)
|  |           +- run exe generate-parser (parser.zig) (+1 more reused dependencies)
|  |           +- run exe generate-parser (parser.zig) (+1 more reused dependencies)
|  |           +- run exe generate-parser (parser.zig) (+1 more reused dependencies)
|  +- run test 3 pass (3 total) 2ms MaxRSS:1M
|     +- compile test fast native success 15s MaxRSS:478M
|        +- run exe zxc (type_parser_rx.zig) success 380ms
|           +- compile exe zxc fast native (+50 more reused dependencies)
+- test-type-parser-parity success
   +- run test 3 pass (3 total) 67ms MaxRSS:2M
   |  +- compile test fast native success 15s MaxRSS:480M
   |     +- run exe zxc (type_parser_zx.zig) (+1 more reused dependencies)
   |     +- WriteFile interfaces/0.d.zx (+1 more reused dependencies)
   |     +- options (reused)
   |     +- run exe generate-parser (parser.zig) (+1 more reused dependencies)
   |     +- run exe generate-parser (parser.zig) (+1 more reused dependencies)
   |     +- run exe generate-parser (parser.zig) (+1 more reused dependencies)
   |     +- run exe generate-parser (parser.zig) (+1 more reused dependencies)
   |     +- run exe generate-parser (parser.zig) (+1 more reused dependencies)
   |     +- run exe generate-parser (parser.zig) (+1 more reused dependencies)
   |     +- run exe generate-parser (parser.zig) (+1 more reused dependencies)
   |     +- run exe generate-parser (parser.zig) (+1 more reused dependencies)
   |     +- run exe generate-parser (parser.zig) (+1 more reused dependencies)
   |     +- run exe generate-parser (parser.zig) (+1 more reused dependencies)
   |     +- run exe generate-parser (parser.zig) (+1 more reused dependencies)
   |     +- run exe generate-parser (parser.zig) (+1 more reused dependencies)
   |     +- run exe generate-parser (parser.zig) (+1 more reused dependencies)
   |     +- run exe generate-parser (parser.zig) (+1 more reused dependencies)
   |     +- run exe generate-parser (parser.zig) (+1 more reused dependencies)
   |     +- run exe generate-parser (parser.zig) (+1 more reused dependencies)
   |     +- run exe generate-parser (parser.zig) (+1 more reused dependencies)
   |     +- run exe generate-parser (parser.zig) (+1 more reused dependencies)
   |     +- run exe generate-parser (parser.zig) (+1 more reused dependencies)
   |     +- run exe generate-lexer (lexer.zig) (+1 more reused dependencies)
   |     +- run exe generate-parser (parser.zig) (+1 more reused dependencies)
   |     +- run exe generate-parser (parser.zig) (+1 more reused dependencies)
   |     +- run exe generate-parser (parser.zig) (+1 more reused dependencies)
   |     +- run exe generate-parser (parser.zig) (+1 more reused dependencies)
   |     +- run exe generate-parser (parser.zig) (+1 more reused dependencies)
   |     +- run exe generate-parser (parser.zig) (+1 more reused dependencies)
   |     +- run exe generate-parser (parser.zig) (+1 more reused dependencies)
   |     +- run exe generate-parser (parser.zig) (+1 more reused dependencies)
   |     +- run exe generate-parser (parser.zig) (+1 more reused dependencies)
   |     +- run exe generate-parser (parser.zig) (+1 more reused dependencies)
   |     +- run exe generate-parser (parser.zig) (+1 more reused dependencies)
   |     +- run exe generate-parser (parser.zig) (+1 more reused dependencies)
   |     +- run exe generate-parser (parser.zig) (+1 more reused dependencies)
   |     +- run exe generate-parser (parser.zig) (+1 more reused dependencies)
   +- run test 2 pass (2 total) 202ms MaxRSS:1M
   |  +- compile test fast native success 14s MaxRSS:466M
   |     +- run exe zxc (type_parser_zx.zig) (+1 more reused dependencies)
   |     +- WriteFile interfaces/0.d.zx (+1 more reused dependencies)
   |     +- options (reused)
   |     +- run exe generate-parser (parser.zig) (+1 more reused dependencies)
   |     +- run exe generate-parser (parser.zig) (+1 more reused dependencies)
   |     +- run exe generate-parser (parser.zig) (+1 more reused dependencies)
   |     +- run exe generate-parser (parser.zig) (+1 more reused dependencies)
   |     +- run exe generate-parser (parser.zig) (+1 more reused dependencies)
   |     +- run exe generate-parser (parser.zig) (+1 more reused dependencies)
   |     +- run exe generate-parser (parser.zig) (+1 more reused dependencies)
   |     +- run exe generate-parser (parser.zig) (+1 more reused dependencies)
   |     +- run exe generate-parser (parser.zig) (+1 more reused dependencies)
   |     +- run exe generate-parser (parser.zig) (+1 more reused dependencies)
   |     +- run exe generate-parser (parser.zig) (+1 more reused dependencies)
   |     +- run exe generate-parser (parser.zig) (+1 more reused dependencies)
   |     +- run exe generate-parser (parser.zig) (+1 more reused dependencies)
   |     +- run exe generate-parser (parser.zig) (+1 more reused dependencies)
   |     +- run exe generate-parser (parser.zig) (+1 more reused dependencies)
   |     +- run exe generate-parser (parser.zig) (+1 more reused dependencies)
   |     +- run exe generate-parser (parser.zig) (+1 more reused dependencies)
   |     +- run exe generate-parser (parser.zig) (+1 more reused dependencies)
   |     +- run exe generate-parser (parser.zig) (+1 more reused dependencies)
   |     +- run exe generate-lexer (lexer.zig) (+1 more reused dependencies)
   |     +- run exe generate-parser (parser.zig) (+1 more reused dependencies)
   |     +- run exe generate-parser (parser.zig) (+1 more reused dependencies)
   |     +- run exe generate-parser (parser.zig) (+1 more reused dependencies)
   |     +- run exe generate-parser (parser.zig) (+1 more reused dependencies)
   |     +- run exe generate-parser (parser.zig) (+1 more reused dependencies)
   |     +- run exe generate-parser (parser.zig) (+1 more reused dependencies)
   |     +- run exe generate-parser (parser.zig) (+1 more reused dependencies)
   |     +- run exe generate-parser (parser.zig) (+1 more reused dependencies)
   |     +- run exe generate-parser (parser.zig) (+1 more reused dependencies)
   |     +- run exe generate-parser (parser.zig) (+1 more reused dependencies)
   |     +- run exe generate-parser (parser.zig) (+1 more reused dependencies)
   |     +- run exe generate-parser (parser.zig) (+1 more reused dependencies)
   |     +- run exe generate-parser (parser.zig) (+1 more reused dependencies)
   |     +- run exe generate-parser (parser.zig) (+1 more reused dependencies)
   +- run test 3 pass (3 total) 88ms MaxRSS:3M
   |  +- compile test fast native success 15s MaxRSS:524M
   |     +- run exe zxc (type_parser_rx.zig) (+1 more reused dependencies)
   |     +- WriteFile interfaces/0.d.zx (+1 more reused dependencies)
   |     +- options (reused)
   |     +- run exe generate-parser (parser.zig) (+1 more reused dependencies)
   |     +- run exe generate-parser (parser.zig) (+1 more reused dependencies)
   |     +- run exe generate-parser (parser.zig) (+1 more reused dependencies)
   |     +- run exe generate-parser (parser.zig) (+1 more reused dependencies)
   |     +- run exe generate-parser (parser.zig) (+1 more reused dependencies)
   |     +- run exe generate-parser (parser.zig) (+1 more reused dependencies)
   |     +- run exe generate-parser (parser.zig) (+1 more reused dependencies)
   |     +- run exe generate-parser (parser.zig) (+1 more reused dependencies)
   |     +- run exe generate-parser (parser.zig) (+1 more reused dependencies)
   |     +- run exe generate-parser (parser.zig) (+1 more reused dependencies)
   |     +- run exe generate-parser (parser.zig) (+1 more reused dependencies)
   |     +- run exe generate-parser (parser.zig) (+1 more reused dependencies)
   |     +- run exe generate-parser (parser.zig) (+1 more reused dependencies)
   |     +- run exe generate-parser (parser.zig) (+1 more reused dependencies)
   |     +- run exe generate-parser (parser.zig) (+1 more reused dependencies)
   |     +- run exe generate-parser (parser.zig) (+1 more reused dependencies)
   |     +- run exe generate-parser (parser.zig) (+1 more reused dependencies)
   |     +- run exe generate-parser (parser.zig) (+1 more reused dependencies)
   |     +- run exe generate-parser (parser.zig) (+1 more reused dependencies)
   |     +- run exe generate-lexer (lexer.zig) (+1 more reused dependencies)
   |     +- run exe generate-parser (parser.zig) (+1 more reused dependencies)
   |     +- run exe generate-parser (parser.zig) (+1 more reused dependencies)
   |     +- run exe generate-parser (parser.zig) (+1 more reused dependencies)
   |     +- run exe generate-parser (parser.zig) (+1 more reused dependencies)
   |     +- run exe generate-parser (parser.zig) (+1 more reused dependencies)
   |     +- run exe generate-parser (parser.zig) (+1 more reused dependencies)
   |     +- run exe generate-parser (parser.zig) (+1 more reused dependencies)
   |     +- run exe generate-parser (parser.zig) (+1 more reused dependencies)
   |     +- run exe generate-parser (parser.zig) (+1 more reused dependencies)
   |     +- run exe generate-parser (parser.zig) (+1 more reused dependencies)
   |     +- run exe generate-parser (parser.zig) (+1 more reused dependencies)
   |     +- run exe generate-parser (parser.zig) (+1 more reused dependencies)
   |     +- run exe generate-parser (parser.zig) (+1 more reused dependencies)
   |     +- run exe generate-parser (parser.zig) (+1 more reused dependencies)
   +- run test 2 pass (2 total) 288ms MaxRSS:1M
      +- compile test fast native success 14s MaxRSS:496M
         +- run exe zxc (type_parser_rx.zig) (+1 more reused dependencies)
         +- WriteFile interfaces/0.d.zx (+1 more reused dependencies)
         +- options (reused)
         +- run exe generate-parser (parser.zig) (+1 more reused dependencies)
         +- run exe generate-parser (parser.zig) (+1 more reused dependencies)
         +- run exe generate-parser (parser.zig) (+1 more reused dependencies)
         +- run exe generate-parser (parser.zig) (+1 more reused dependencies)
         +- run exe generate-parser (parser.zig) (+1 more reused dependencies)
         +- run exe generate-parser (parser.zig) (+1 more reused dependencies)
         +- run exe generate-parser (parser.zig) (+1 more reused dependencies)
         +- run exe generate-parser (parser.zig) (+1 more reused dependencies)
         +- run exe generate-parser (parser.zig) (+1 more reused dependencies)
         +- run exe generate-parser (parser.zig) (+1 more reused dependencies)
         +- run exe generate-parser (parser.zig) (+1 more reused dependencies)
         +- run exe generate-parser (parser.zig) (+1 more reused dependencies)
         +- run exe generate-parser (parser.zig) (+1 more reused dependencies)
         +- run exe generate-parser (parser.zig) (+1 more reused dependencies)
         +- run exe generate-parser (parser.zig) (+1 more reused dependencies)
         +- run exe generate-parser (parser.zig) (+1 more reused dependencies)
         +- run exe generate-parser (parser.zig) (+1 more reused dependencies)
         +- run exe generate-parser (parser.zig) (+1 more reused dependencies)
         +- run exe generate-parser (parser.zig) (+1 more reused dependencies)
         +- run exe generate-lexer (lexer.zig) (+1 more reused dependencies)
         +- run exe generate-parser (parser.zig) (+1 more reused dependencies)
         +- run exe generate-parser (parser.zig) (+1 more reused dependencies)
         +- run exe generate-parser (parser.zig) (+1 more reused dependencies)
         +- run exe generate-parser (parser.zig) (+1 more reused dependencies)
         +- run exe generate-parser (parser.zig) (+1 more reused dependencies)
         +- run exe generate-parser (parser.zig) (+1 more reused dependencies)
         +- run exe generate-parser (parser.zig) (+1 more reused dependencies)
         +- run exe generate-parser (parser.zig) (+1 more reused dependencies)
         +- run exe generate-parser (parser.zig) (+1 more reused dependencies)
         +- run exe generate-parser (parser.zig) (+1 more reused dependencies)
         +- run exe generate-parser (parser.zig) (+1 more reused dependencies)
         +- run exe generate-parser (parser.zig) (+1 more reused dependencies)
         +- run exe generate-parser (parser.zig) (+1 more reused dependencies)
         +- run exe generate-parser (parser.zig) (+1 more reused dependencies)
test-module-generation success
+- run test 3 pass (3 total) 4ms MaxRSS:2M
|  +- compile test fast native success 52s MaxRSS:1G
|     +- WriteFile interfaces/0.d.zx (+1 more reused dependencies)
|     +- options (reused)
|     +- run exe generate-parser (parser.zig) (+1 more reused dependencies)
|     +- run exe generate-parser (parser.zig) (+1 more reused dependencies)
|     +- run exe generate-parser (parser.zig) (+1 more reused dependencies)
|     +- run exe generate-parser (parser.zig) (+1 more reused dependencies)
|     +- run exe generate-parser (parser.zig) (+1 more reused dependencies)
|     +- run exe generate-parser (parser.zig) (+1 more reused dependencies)
|     +- run exe generate-parser (parser.zig) (+1 more reused dependencies)
|     +- run exe generate-parser (parser.zig) (+1 more reused dependencies)
|     +- run exe generate-parser (parser.zig) (+1 more reused dependencies)
|     +- run exe generate-parser (parser.zig) (+1 more reused dependencies)
|     +- run exe generate-parser (parser.zig) (+1 more reused dependencies)
|     +- run exe generate-parser (parser.zig) (+1 more reused dependencies)
|     +- run exe generate-parser (parser.zig) (+1 more reused dependencies)
|     +- run exe generate-parser (parser.zig) (+1 more reused dependencies)
|     +- run exe generate-parser (parser.zig) (+1 more reused dependencies)
|     +- run exe generate-parser (parser.zig) (+1 more reused dependencies)
|     +- run exe generate-parser (parser.zig) (+1 more reused dependencies)
|     +- run exe generate-parser (parser.zig) (+1 more reused dependencies)
|     +- run exe generate-parser (parser.zig) (+1 more reused dependencies)
|     +- run exe generate-lexer (lexer.zig) (+1 more reused dependencies)
|     +- run exe generate-parser (parser.zig) (+1 more reused dependencies)
|     +- run exe generate-parser (parser.zig) (+1 more reused dependencies)
|     +- run exe generate-parser (parser.zig) (+1 more reused dependencies)
|     +- run exe generate-parser (parser.zig) (+1 more reused dependencies)
|     +- run exe generate-parser (parser.zig) (+1 more reused dependencies)
|     +- run exe generate-parser (parser.zig) (+1 more reused dependencies)
|     +- run exe generate-parser (parser.zig) (+1 more reused dependencies)
|     +- run exe generate-parser (parser.zig) (+1 more reused dependencies)
|     +- run exe generate-parser (parser.zig) (+1 more reused dependencies)
|     +- run exe generate-parser (parser.zig) (+1 more reused dependencies)
|     +- run exe generate-parser (parser.zig) (+1 more reused dependencies)
|     +- run exe generate-parser (parser.zig) (+1 more reused dependencies)
|     +- run exe generate-parser (parser.zig) (+1 more reused dependencies)
|     +- run exe generate-parser (parser.zig) (+1 more reused dependencies)
+- run test 4 pass (4 total) 3ms MaxRSS:2M
|  +- compile test fast native success 52s MaxRSS:1G
|     +- WriteFile interfaces/0.d.zx (+1 more reused dependencies)
|     +- options (reused)
|     +- run exe generate-parser (parser.zig) (+1 more reused dependencies)
|     +- run exe generate-parser (parser.zig) (+1 more reused dependencies)
|     +- run exe generate-parser (parser.zig) (+1 more reused dependencies)
|     +- run exe generate-parser (parser.zig) (+1 more reused dependencies)
|     +- run exe generate-parser (parser.zig) (+1 more reused dependencies)
|     +- run exe generate-parser (parser.zig) (+1 more reused dependencies)
|     +- run exe generate-parser (parser.zig) (+1 more reused dependencies)
|     +- run exe generate-parser (parser.zig) (+1 more reused dependencies)
|     +- run exe generate-parser (parser.zig) (+1 more reused dependencies)
|     +- run exe generate-parser (parser.zig) (+1 more reused dependencies)
|     +- run exe generate-parser (parser.zig) (+1 more reused dependencies)
|     +- run exe generate-parser (parser.zig) (+1 more reused dependencies)
|     +- run exe generate-parser (parser.zig) (+1 more reused dependencies)
|     +- run exe generate-parser (parser.zig) (+1 more reused dependencies)
|     +- run exe generate-parser (parser.zig) (+1 more reused dependencies)
|     +- run exe generate-parser (parser.zig) (+1 more reused dependencies)
|     +- run exe generate-parser (parser.zig) (+1 more reused dependencies)
|     +- run exe generate-parser (parser.zig) (+1 more reused dependencies)
|     +- run exe generate-parser (parser.zig) (+1 more reused dependencies)
|     +- run exe generate-lexer (lexer.zig) (+1 more reused dependencies)
|     +- run exe generate-parser (parser.zig) (+1 more reused dependencies)
|     +- run exe generate-parser (parser.zig) (+1 more reused dependencies)
|     +- run exe generate-parser (parser.zig) (+1 more reused dependencies)
|     +- run exe generate-parser (parser.zig) (+1 more reused dependencies)
|     +- run exe generate-parser (parser.zig) (+1 more reused dependencies)
|     +- run exe generate-parser (parser.zig) (+1 more reused dependencies)
|     +- run exe generate-parser (parser.zig) (+1 more reused dependencies)
|     +- run exe generate-parser (parser.zig) (+1 more reused dependencies)
|     +- run exe generate-parser (parser.zig) (+1 more reused dependencies)
|     +- run exe generate-parser (parser.zig) (+1 more reused dependencies)
|     +- run exe generate-parser (parser.zig) (+1 more reused dependencies)
|     +- run exe generate-parser (parser.zig) (+1 more reused dependencies)
|     +- run exe generate-parser (parser.zig) (+1 more reused dependencies)
|     +- run exe generate-parser (parser.zig) (+1 more reused dependencies)
+- run test 2 pass (2 total) 139ms MaxRSS:2M
|  +- compile test fast native success 52s MaxRSS:1G
|     +- WriteFile interfaces/0.d.zx (+1 more reused dependencies)
|     +- options (reused)
|     +- run exe generate-parser (parser.zig) (+1 more reused dependencies)
|     +- run exe generate-parser (parser.zig) (+1 more reused dependencies)
|     +- run exe generate-parser (parser.zig) (+1 more reused dependencies)
|     +- run exe generate-parser (parser.zig) (+1 more reused dependencies)
|     +- run exe generate-parser (parser.zig) (+1 more reused dependencies)
|     +- run exe generate-parser (parser.zig) (+1 more reused dependencies)
|     +- run exe generate-parser (parser.zig) (+1 more reused dependencies)
|     +- run exe generate-parser (parser.zig) (+1 more reused dependencies)
|     +- run exe generate-parser (parser.zig) (+1 more reused dependencies)
|     +- run exe generate-parser (parser.zig) (+1 more reused dependencies)
|     +- run exe generate-parser (parser.zig) (+1 more reused dependencies)
|     +- run exe generate-parser (parser.zig) (+1 more reused dependencies)
|     +- run exe generate-parser (parser.zig) (+1 more reused dependencies)
|     +- run exe generate-parser (parser.zig) (+1 more reused dependencies)
|     +- run exe generate-parser (parser.zig) (+1 more reused dependencies)
|     +- run exe generate-parser (parser.zig) (+1 more reused dependencies)
|     +- run exe generate-parser (parser.zig) (+1 more reused dependencies)
|     +- run exe generate-parser (parser.zig) (+1 more reused dependencies)
|     +- run exe generate-parser (parser.zig) (+1 more reused dependencies)
|     +- run exe generate-lexer (lexer.zig) (+1 more reused dependencies)
|     +- run exe generate-parser (parser.zig) (+1 more reused dependencies)
|     +- run exe generate-parser (parser.zig) (+1 more reused dependencies)
|     +- run exe generate-parser (parser.zig) (+1 more reused dependencies)
|     +- run exe generate-parser (parser.zig) (+1 more reused dependencies)
|     +- run exe generate-parser (parser.zig) (+1 more reused dependencies)
|     +- run exe generate-parser (parser.zig) (+1 more reused dependencies)
|     +- run exe generate-parser (parser.zig) (+1 more reused dependencies)
|     +- run exe generate-parser (parser.zig) (+1 more reused dependencies)
|     +- run exe generate-parser (parser.zig) (+1 more reused dependencies)
|     +- run exe generate-parser (parser.zig) (+1 more reused dependencies)
|     +- run exe generate-parser (parser.zig) (+1 more reused dependencies)
|     +- run exe generate-parser (parser.zig) (+1 more reused dependencies)
|     +- run exe generate-parser (parser.zig) (+1 more reused dependencies)
|     +- run exe generate-parser (parser.zig) (+1 more reused dependencies)
+- run test 5 pass (5 total) 10ms MaxRSS:3M
|  +- compile test fast native success 52s MaxRSS:1G
|     +- WriteFile interfaces/0.d.zx (+1 more reused dependencies)
|     +- options (reused)
|     +- run exe generate-parser (parser.zig) (+1 more reused dependencies)
|     +- run exe generate-parser (parser.zig) (+1 more reused dependencies)
|     +- run exe generate-parser (parser.zig) (+1 more reused dependencies)
|     +- run exe generate-parser (parser.zig) (+1 more reused dependencies)
|     +- run exe generate-parser (parser.zig) (+1 more reused dependencies)
|     +- run exe generate-parser (parser.zig) (+1 more reused dependencies)
|     +- run exe generate-parser (parser.zig) (+1 more reused dependencies)
|     +- run exe generate-parser (parser.zig) (+1 more reused dependencies)
|     +- run exe generate-parser (parser.zig) (+1 more reused dependencies)
|     +- run exe generate-parser (parser.zig) (+1 more reused dependencies)
|     +- run exe generate-parser (parser.zig) (+1 more reused dependencies)
|     +- run exe generate-parser (parser.zig) (+1 more reused dependencies)
|     +- run exe generate-parser (parser.zig) (+1 more reused dependencies)
|     +- run exe generate-parser (parser.zig) (+1 more reused dependencies)
|     +- run exe generate-parser (parser.zig) (+1 more reused dependencies)
|     +- run exe generate-parser (parser.zig) (+1 more reused dependencies)
|     +- run exe generate-parser (parser.zig) (+1 more reused dependencies)
|     +- run exe generate-parser (parser.zig) (+1 more reused dependencies)
|     +- run exe generate-parser (parser.zig) (+1 more reused dependencies)
|     +- run exe generate-lexer (lexer.zig) (+1 more reused dependencies)
|     +- run exe generate-parser (parser.zig) (+1 more reused dependencies)
|     +- run exe generate-parser (parser.zig) (+1 more reused dependencies)
|     +- run exe generate-parser (parser.zig) (+1 more reused dependencies)
|     +- run exe generate-parser (parser.zig) (+1 more reused dependencies)
|     +- run exe generate-parser (parser.zig) (+1 more reused dependencies)
|     +- run exe generate-parser (parser.zig) (+1 more reused dependencies)
|     +- run exe generate-parser (parser.zig) (+1 more reused dependencies)
|     +- run exe generate-parser (parser.zig) (+1 more reused dependencies)
|     +- run exe generate-parser (parser.zig) (+1 more reused dependencies)
|     +- run exe generate-parser (parser.zig) (+1 more reused dependencies)
|     +- run exe generate-parser (parser.zig) (+1 more reused dependencies)
|     +- run exe generate-parser (parser.zig) (+1 more reused dependencies)
|     +- run exe generate-parser (parser.zig) (+1 more reused dependencies)
|     +- run exe generate-parser (parser.zig) (+1 more reused dependencies)
+- run test 3 pass (3 total) 7ms MaxRSS:3M
|  +- compile test fast native success 52s MaxRSS:1G
|     +- WriteFile interfaces/0.d.zx (+1 more reused dependencies)
|     +- options (reused)
|     +- run exe generate-parser (parser.zig) (+1 more reused dependencies)
|     +- run exe generate-parser (parser.zig) (+1 more reused dependencies)
|     +- run exe generate-parser (parser.zig) (+1 more reused dependencies)
|     +- run exe generate-parser (parser.zig) (+1 more reused dependencies)
|     +- run exe generate-parser (parser.zig) (+1 more reused dependencies)
|     +- run exe generate-parser (parser.zig) (+1 more reused dependencies)
|     +- run exe generate-parser (parser.zig) (+1 more reused dependencies)
|     +- run exe generate-parser (parser.zig) (+1 more reused dependencies)
|     +- run exe generate-parser (parser.zig) (+1 more reused dependencies)
|     +- run exe generate-parser (parser.zig) (+1 more reused dependencies)
|     +- run exe generate-parser (parser.zig) (+1 more reused dependencies)
|     +- run exe generate-parser (parser.zig) (+1 more reused dependencies)
|     +- run exe generate-parser (parser.zig) (+1 more reused dependencies)
|     +- run exe generate-parser (parser.zig) (+1 more reused dependencies)
|     +- run exe generate-parser (parser.zig) (+1 more reused dependencies)
|     +- run exe generate-parser (parser.zig) (+1 more reused dependencies)
|     +- run exe generate-parser (parser.zig) (+1 more reused dependencies)
|     +- run exe generate-parser (parser.zig) (+1 more reused dependencies)
|     +- run exe generate-parser (parser.zig) (+1 more reused dependencies)
|     +- run exe generate-lexer (lexer.zig) (+1 more reused dependencies)
|     +- run exe generate-parser (parser.zig) (+1 more reused dependencies)
|     +- run exe generate-parser (parser.zig) (+1 more reused dependencies)
|     +- run exe generate-parser (parser.zig) (+1 more reused dependencies)
|     +- run exe generate-parser (parser.zig) (+1 more reused dependencies)
|     +- run exe generate-parser (parser.zig) (+1 more reused dependencies)
|     +- run exe generate-parser (parser.zig) (+1 more reused dependencies)
|     +- run exe generate-parser (parser.zig) (+1 more reused dependencies)
|     +- run exe generate-parser (parser.zig) (+1 more reused dependencies)
|     +- run exe generate-parser (parser.zig) (+1 more reused dependencies)
|     +- run exe generate-parser (parser.zig) (+1 more reused dependencies)
|     +- run exe generate-parser (parser.zig) (+1 more reused dependencies)
|     +- run exe generate-parser (parser.zig) (+1 more reused dependencies)
|     +- run exe generate-parser (parser.zig) (+1 more reused dependencies)
|     +- run exe generate-parser (parser.zig) (+1 more reused dependencies)
+- run test 3 pass (3 total) 191ms MaxRSS:3M
|  +- compile test fast native success 52s MaxRSS:1G
|     +- WriteFile interfaces/0.d.zx (+1 more reused dependencies)
|     +- options (reused)
|     +- run exe generate-parser (parser.zig) (+1 more reused dependencies)
|     +- run exe generate-parser (parser.zig) (+1 more reused dependencies)
|     +- run exe generate-parser (parser.zig) (+1 more reused dependencies)
|     +- run exe generate-parser (parser.zig) (+1 more reused dependencies)
|     +- run exe generate-parser (parser.zig) (+1 more reused dependencies)
|     +- run exe generate-parser (parser.zig) (+1 more reused dependencies)
|     +- run exe generate-parser (parser.zig) (+1 more reused dependencies)
|     +- run exe generate-parser (parser.zig) (+1 more reused dependencies)
|     +- run exe generate-parser (parser.zig) (+1 more reused dependencies)
|     +- run exe generate-parser (parser.zig) (+1 more reused dependencies)
|     +- run exe generate-parser (parser.zig) (+1 more reused dependencies)
|     +- run exe generate-parser (parser.zig) (+1 more reused dependencies)
|     +- run exe generate-parser (parser.zig) (+1 more reused dependencies)
|     +- run exe generate-parser (parser.zig) (+1 more reused dependencies)
|     +- run exe generate-parser (parser.zig) (+1 more reused dependencies)
|     +- run exe generate-parser (parser.zig) (+1 more reused dependencies)
|     +- run exe generate-parser (parser.zig) (+1 more reused dependencies)
|     +- run exe generate-parser (parser.zig) (+1 more reused dependencies)
|     +- run exe generate-parser (parser.zig) (+1 more reused dependencies)
|     +- run exe generate-lexer (lexer.zig) (+1 more reused dependencies)
|     +- run exe generate-parser (parser.zig) (+1 more reused dependencies)
|     +- run exe generate-parser (parser.zig) (+1 more reused dependencies)
|     +- run exe generate-parser (parser.zig) (+1 more reused dependencies)
|     +- run exe generate-parser (parser.zig) (+1 more reused dependencies)
|     +- run exe generate-parser (parser.zig) (+1 more reused dependencies)
|     +- run exe generate-parser (parser.zig) (+1 more reused dependencies)
|     +- run exe generate-parser (parser.zig) (+1 more reused dependencies)
|     +- run exe generate-parser (parser.zig) (+1 more reused dependencies)
|     +- run exe generate-parser (parser.zig) (+1 more reused dependencies)
|     +- run exe generate-parser (parser.zig) (+1 more reused dependencies)
|     +- run exe generate-parser (parser.zig) (+1 more reused dependencies)
|     +- run exe generate-parser (parser.zig) (+1 more reused dependencies)
|     +- run exe generate-parser (parser.zig) (+1 more reused dependencies)
|     +- run exe generate-parser (parser.zig) (+1 more reused dependencies)
+- run test 3 pass (3 total) 144ms MaxRSS:3M
   +- compile test fast native success 52s MaxRSS:1G
      +- WriteFile interfaces/0.d.zx (+1 more reused dependencies)
      +- options (reused)
      +- run exe generate-parser (parser.zig) (+1 more reused dependencies)
      +- run exe generate-parser (parser.zig) (+1 more reused dependencies)
      +- run exe generate-parser (parser.zig) (+1 more reused dependencies)
      +- run exe generate-parser (parser.zig) (+1 more reused dependencies)
      +- run exe generate-parser (parser.zig) (+1 more reused dependencies)
      +- run exe generate-parser (parser.zig) (+1 more reused dependencies)
      +- run exe generate-parser (parser.zig) (+1 more reused dependencies)
      +- run exe generate-parser (parser.zig) (+1 more reused dependencies)
      +- run exe generate-parser (parser.zig) (+1 more reused dependencies)
      +- run exe generate-parser (parser.zig) (+1 more reused dependencies)
      +- run exe generate-parser (parser.zig) (+1 more reused dependencies)
      +- run exe generate-parser (parser.zig) (+1 more reused dependencies)
      +- run exe generate-parser (parser.zig) (+1 more reused dependencies)
      +- run exe generate-parser (parser.zig) (+1 more reused dependencies)
      +- run exe generate-parser (parser.zig) (+1 more reused dependencies)
      +- run exe generate-parser (parser.zig) (+1 more reused dependencies)
      +- run exe generate-parser (parser.zig) (+1 more reused dependencies)
      +- run exe generate-parser (parser.zig) (+1 more reused dependencies)
      +- run exe generate-parser (parser.zig) (+1 more reused dependencies)
      +- run exe generate-lexer (lexer.zig) (+1 more reused dependencies)
      +- run exe generate-parser (parser.zig) (+1 more reused dependencies)
      +- run exe generate-parser (parser.zig) (+1 more reused dependencies)
      +- run exe generate-parser (parser.zig) (+1 more reused dependencies)
      +- run exe generate-parser (parser.zig) (+1 more reused dependencies)
      +- run exe generate-parser (parser.zig) (+1 more reused dependencies)
      +- run exe generate-parser (parser.zig) (+1 more reused dependencies)
      +- run exe generate-parser (parser.zig) (+1 more reused dependencies)
      +- run exe generate-parser (parser.zig) (+1 more reused dependencies)
      +- run exe generate-parser (parser.zig) (+1 more reused dependencies)
      +- run exe generate-parser (parser.zig) (+1 more reused dependencies)
      +- run exe generate-parser (parser.zig) (+1 more reused dependencies)
      +- run exe generate-parser (parser.zig) (+1 more reused dependencies)
      +- run exe generate-parser (parser.zig) (+1 more reused dependencies)
      +- run exe generate-parser (parser.zig) (+1 more reused dependencies)
test-value-return success
+- run test value-return-direct-source 8 pass (8 total) 3ms MaxRSS:1M
|  +- compile test value-return-direct-source fast native success 12s MaxRSS:415M
|     +- run exe compile-value-return (source.zig) success 4ms
|     |  +- compile exe compile-value-return fast native success 54s MaxRSS:1G
|     |     +- WriteFile interfaces/0.d.zx (+1 more reused dependencies)
|     |     +- options (reused)
|     |     +- run exe generate-parser (parser.zig) (+1 more reused dependencies)
|     |     +- run exe generate-parser (parser.zig) (+1 more reused dependencies)
|     |     +- run exe generate-parser (parser.zig) (+1 more reused dependencies)
|     |     +- run exe generate-parser (parser.zig) (+1 more reused dependencies)
|     |     +- run exe generate-parser (parser.zig) (+1 more reused dependencies)
|     |     +- run exe generate-parser (parser.zig) (+1 more reused dependencies)
|     |     +- run exe generate-parser (parser.zig) (+1 more reused dependencies)
|     |     +- run exe generate-parser (parser.zig) (+1 more reused dependencies)
|     |     +- run exe generate-parser (parser.zig) (+1 more reused dependencies)
|     |     +- run exe generate-parser (parser.zig) (+1 more reused dependencies)
|     |     +- run exe generate-parser (parser.zig) (+1 more reused dependencies)
|     |     +- run exe generate-parser (parser.zig) (+1 more reused dependencies)
|     |     +- run exe generate-parser (parser.zig) (+1 more reused dependencies)
|     |     +- run exe generate-parser (parser.zig) (+1 more reused dependencies)
|     |     +- run exe generate-parser (parser.zig) (+1 more reused dependencies)
|     |     +- run exe generate-parser (parser.zig) (+1 more reused dependencies)
|     |     +- run exe generate-parser (parser.zig) (+1 more reused dependencies)
|     |     +- run exe generate-parser (parser.zig) (+1 more reused dependencies)
|     |     +- run exe generate-parser (parser.zig) (+1 more reused dependencies)
|     |     +- run exe generate-lexer (lexer.zig) (+1 more reused dependencies)
|     |     +- run exe generate-parser (parser.zig) (+1 more reused dependencies)
|     |     +- run exe generate-parser (parser.zig) (+1 more reused dependencies)
|     |     +- run exe generate-parser (parser.zig) (+1 more reused dependencies)
|     |     +- run exe generate-parser (parser.zig) (+1 more reused dependencies)
|     |     +- run exe generate-parser (parser.zig) (+1 more reused dependencies)
|     |     +- run exe generate-parser (parser.zig) (+1 more reused dependencies)
|     |     +- run exe generate-parser (parser.zig) (+1 more reused dependencies)
|     |     +- run exe generate-parser (parser.zig) (+1 more reused dependencies)
|     |     +- run exe generate-parser (parser.zig) (+1 more reused dependencies)
|     |     +- run exe generate-parser (parser.zig) (+1 more reused dependencies)
|     |     +- run exe generate-parser (parser.zig) (+1 more reused dependencies)
|     |     +- run exe generate-parser (parser.zig) (+1 more reused dependencies)
|     |     +- run exe generate-parser (parser.zig) (+1 more reused dependencies)
|     |     +- run exe generate-parser (parser.zig) (+1 more reused dependencies)
|     +- options cached
|     +- run exe compile-value-return (source.zig) (+1 more reused dependencies)
+- run test value-return-direct-library 8 pass (8 total) 3ms MaxRSS:1M
|  +- compile test value-return-direct-library fast native success 12s MaxRSS:406M
|     +- run exe compile-value-return (source.zig) (+1 more reused dependencies)
|     +- options cached
|     +- run exe compile-value-return (source.zig) (+1 more reused dependencies)
+- run test value-return-wrapped-source 8 pass (8 total) 3ms MaxRSS:1M
|  +- compile test value-return-wrapped-source fast native success 12s MaxRSS:412M
|     +- run exe compile-value-return (source.zig) success 4ms
|     |  +- compile exe compile-value-return fast native (+36 more reused dependencies)
|     +- options cached
|     +- run exe compile-value-return (source.zig) (+1 more reused dependencies)
+- run test value-return-wrapped-library 8 pass (8 total) 4ms MaxRSS:1M
|  +- compile test value-return-wrapped-library fast native success 12s MaxRSS:411M
|     +- run exe compile-value-return (source.zig) (+1 more reused dependencies)
|     +- options cached
|     +- run exe compile-value-return (source.zig) (+1 more reused dependencies)
+- run test value-return-chained-source 8 pass (8 total) 3ms MaxRSS:1M
|  +- compile test value-return-chained-source fast native success 12s MaxRSS:435M
|     +- run exe compile-value-return (source.zig) success 4ms
|     |  +- compile exe compile-value-return fast native (+36 more reused dependencies)
|     +- options cached
|     +- run exe compile-value-return (source.zig) (+1 more reused dependencies)
+- run test value-return-chained-library 8 pass (8 total) 3ms MaxRSS:1M
|  +- compile test value-return-chained-library fast native success 12s MaxRSS:418M
|     +- run exe compile-value-return (source.zig) (+1 more reused dependencies)
|     +- options cached
|     +- run exe compile-value-return (source.zig) (+1 more reused dependencies)
+- run test value-return-conditional-source 8 pass (8 total) 3ms MaxRSS:1M
|  +- compile test value-return-conditional-source fast native success 12s MaxRSS:411M
|     +- run exe compile-value-return (source.zig) success 4ms
|     |  +- compile exe compile-value-return fast native (+36 more reused dependencies)
|     +- options cached
|     +- run exe compile-value-return (source.zig) (+1 more reused dependencies)
+- run test value-return-conditional-library 8 pass (8 total) 3ms MaxRSS:1M
|  +- compile test value-return-conditional-library fast native success 12s MaxRSS:407M
|     +- run exe compile-value-return (source.zig) (+1 more reused dependencies)
|     +- options cached
|     +- run exe compile-value-return (source.zig) (+1 more reused dependencies)
+- run test value-return-fallible-source 4 pass (4 total) 3ms MaxRSS:1M
|  +- compile test value-return-fallible-source fast native success 13s MaxRSS:403M
|     +- run exe compile-value-return (source.zig) success 5ms
|     |  +- compile exe compile-value-return fast native (+36 more reused dependencies)
|     +- options cached
|     +- run exe compile-value-return (source.zig) (+1 more reused dependencies)
+- run test value-return-fallible-library 4 pass (4 total) 2ms MaxRSS:1M
|  +- compile test value-return-fallible-library fast native success 13s MaxRSS:399M
|     +- run exe compile-value-return (source.zig) (+1 more reused dependencies)
|     +- options cached
|     +- run exe compile-value-return (source.zig) (+1 more reused dependencies)
+- run test value-return-enumeration-source 3 pass (3 total) 3ms MaxRSS:1M
|  +- compile test value-return-enumeration-source fast native success 12s MaxRSS:408M
|     +- run exe compile-value-return (source.zig) success 5ms
|     |  +- compile exe compile-value-return fast native (+36 more reused dependencies)
|     +- options cached
|     +- run exe compile-value-return (source.zig) (+1 more reused dependencies)
+- run test value-return-enumeration-library 3 pass (3 total) 3ms MaxRSS:1M
|  +- compile test value-return-enumeration-library fast native success 12s MaxRSS:416M
|     +- run exe compile-value-return (source.zig) (+1 more reused dependencies)
|     +- options cached
|     +- run exe compile-value-return (source.zig) (+1 more reused dependencies)
+- run test value-return-references-source 3 pass (3 total) 2ms MaxRSS:1M
|  +- compile test value-return-references-source fast native success 12s MaxRSS:399M
|     +- run exe compile-value-return (source.zig) success 5ms
|     |  +- compile exe compile-value-return fast native (+36 more reused dependencies)
|     +- options cached
|     +- run exe compile-value-return (source.zig) (+1 more reused dependencies)
+- run test value-return-references-library 3 pass (3 total) 3ms MaxRSS:1M
|  +- compile test value-return-references-library fast native success 12s MaxRSS:399M
|     +- run exe compile-value-return (source.zig) (+1 more reused dependencies)
|     +- options cached
|     +- run exe compile-value-return (source.zig) (+1 more reused dependencies)
+- run test value-return-escaping-source 2 pass (2 total) 4ms MaxRSS:1M
|  +- compile test value-return-escaping-source fast native success 12s MaxRSS:395M
|     +- run exe compile-value-return (source.zig) success 4ms
|     |  +- compile exe compile-value-return fast native (+36 more reused dependencies)
|     +- options cached
|     +- run exe compile-value-return (source.zig) (+1 more reused dependencies)
+- run test value-return-escaping-library 2 pass (2 total) 4ms MaxRSS:1M
|  +- compile test value-return-escaping-library fast native success 12s MaxRSS:400M
|     +- run exe compile-value-return (source.zig) (+1 more reused dependencies)
|     +- options cached
|     +- run exe compile-value-return (source.zig) (+1 more reused dependencies)
+- run test value-return-escape_optional-source 2 pass (2 total) 3ms MaxRSS:1M
|  +- compile test value-return-escape_optional-source fast native success 12s MaxRSS:408M
|     +- run exe compile-value-return (source.zig) success 5ms
|     |  +- compile exe compile-value-return fast native (+36 more reused dependencies)
|     +- options cached
|     +- run exe compile-value-return (source.zig) (+1 more reused dependencies)
+- run test value-return-escape_optional-library 2 pass (2 total) 3ms MaxRSS:1M
|  +- compile test value-return-escape_optional-library fast native success 12s MaxRSS:405M
|     +- run exe compile-value-return (source.zig) (+1 more reused dependencies)
|     +- options cached
|     +- run exe compile-value-return (source.zig) (+1 more reused dependencies)
+- run test value-return-escape_list-source 2 pass (2 total) 3ms MaxRSS:1M
|  +- compile test value-return-escape_list-source fast native success 12s MaxRSS:393M
|     +- run exe compile-value-return (source.zig) success 5ms
|     |  +- compile exe compile-value-return fast native (+36 more reused dependencies)
|     +- options cached
|     +- run exe compile-value-return (source.zig) (+1 more reused dependencies)
+- run test value-return-escape_list-library 2 pass (2 total) 3ms MaxRSS:1M
|  +- compile test value-return-escape_list-library fast native success 12s MaxRSS:398M
|     +- run exe compile-value-return (source.zig) (+1 more reused dependencies)
|     +- options cached
|     +- run exe compile-value-return (source.zig) (+1 more reused dependencies)
+- run test value-return-escape_tuple-source 2 pass (2 total) 4ms MaxRSS:1M
|  +- compile test value-return-escape_tuple-source fast native success 12s MaxRSS:400M
|     +- run exe compile-value-return (source.zig) success 5ms
|     |  +- compile exe compile-value-return fast native (+36 more reused dependencies)
|     +- options cached
|     +- run exe compile-value-return (source.zig) (+1 more reused dependencies)
+- run test value-return-escape_tuple-library 2 pass (2 total) 4ms MaxRSS:1M
|  +- compile test value-return-escape_tuple-library fast native success 12s MaxRSS:403M
|     +- run exe compile-value-return (source.zig) (+1 more reused dependencies)
|     +- options cached
|     +- run exe compile-value-return (source.zig) (+1 more reused dependencies)
+- run test value-return-escape_nested-source 2 pass (2 total) 4ms MaxRSS:1M
|  +- compile test value-return-escape_nested-source fast native success 12s MaxRSS:402M
|     +- run exe compile-value-return (source.zig) success 5ms
|     |  +- compile exe compile-value-return fast native (+36 more reused dependencies)
|     +- options cached
|     +- run exe compile-value-return (source.zig) (+1 more reused dependencies)
+- run test value-return-escape_nested-library 2 pass (2 total) 4ms MaxRSS:1M
|  +- compile test value-return-escape_nested-library fast native success 12s MaxRSS:403M
|     +- run exe compile-value-return (source.zig) (+1 more reused dependencies)
|     +- options cached
|     +- run exe compile-value-return (source.zig) (+1 more reused dependencies)
+- run test value-return-native_scalar-source 3 pass (3 total) 2ms MaxRSS:1M
|  +- compile test value-return-native_scalar-source fast native success 13s MaxRSS:415M
|     +- run exe compile-value-return (source.zig) success 5ms
|     |  +- compile exe compile-value-return fast native (+36 more reused dependencies)
|     +- options cached
|     +- run exe compile-value-return (source.zig) (+1 more reused dependencies)
+- run test value-return-native_scalar-library 3 pass (3 total) 2ms MaxRSS:1M
|  +- compile test value-return-native_scalar-library fast native success 13s MaxRSS:423M
|     +- run exe compile-value-return (source.zig) (+1 more reused dependencies)
|     +- options cached
|     +- run exe compile-value-return (source.zig) (+1 more reused dependencies)
+- run test value-return-borrowed_objects-source 3 pass (3 total) 3ms MaxRSS:1M
|  +- compile test value-return-borrowed_objects-source fast native success 13s MaxRSS:423M
|     +- run exe compile-value-return (source.zig) success 6ms
|     |  +- compile exe compile-value-return fast native (+36 more reused dependencies)
|     +- options cached
|     +- run exe compile-value-return (source.zig) (+1 more reused dependencies)
+- run test value-return-borrowed_objects-library 3 pass (3 total) 3ms MaxRSS:1M
   +- compile test value-return-borrowed_objects-library fast native success 13s MaxRSS:408M
      +- run exe compile-value-return (source.zig) (+1 more reused dependencies)
      +- options cached
      +- run exe compile-value-return (source.zig) (+1 more reused dependencies)
test-iterate-calls success
+- run test 1 pass (1 total) 1s MaxRSS:4M
|  +- compile test fast native success 59s MaxRSS:1G
|     +- WriteFile interfaces/0.d.zx (+1 more reused dependencies)
|     +- options (reused)
|     +- run exe generate-parser (parser.zig) (+1 more reused dependencies)
|     +- run exe generate-parser (parser.zig) (+1 more reused dependencies)
|     +- run exe generate-parser (parser.zig) (+1 more reused dependencies)
|     +- run exe generate-parser (parser.zig) (+1 more reused dependencies)
|     +- run exe generate-parser (parser.zig) (+1 more reused dependencies)
|     +- run exe generate-parser (parser.zig) (+1 more reused dependencies)
|     +- run exe generate-parser (parser.zig) (+1 more reused dependencies)
|     +- run exe generate-parser (parser.zig) (+1 more reused dependencies)
|     +- run exe generate-parser (parser.zig) (+1 more reused dependencies)
|     +- run exe generate-parser (parser.zig) (+1 more reused dependencies)
|     +- run exe generate-parser (parser.zig) (+1 more reused dependencies)
|     +- run exe generate-parser (parser.zig) (+1 more reused dependencies)
|     +- run exe generate-parser (parser.zig) (+1 more reused dependencies)
|     +- run exe generate-parser (parser.zig) (+1 more reused dependencies)
|     +- run exe generate-parser (parser.zig) (+1 more reused dependencies)
|     +- run exe generate-parser (parser.zig) (+1 more reused dependencies)
|     +- run exe generate-parser (parser.zig) (+1 more reused dependencies)
|     +- run exe generate-parser (parser.zig) (+1 more reused dependencies)
|     +- run exe generate-parser (parser.zig) (+1 more reused dependencies)
|     +- run exe generate-lexer (lexer.zig) (+1 more reused dependencies)
|     +- run exe generate-parser (parser.zig) (+1 more reused dependencies)
|     +- run exe generate-parser (parser.zig) (+1 more reused dependencies)
|     +- run exe generate-parser (parser.zig) (+1 more reused dependencies)
|     +- run exe generate-parser (parser.zig) (+1 more reused dependencies)
|     +- run exe generate-parser (parser.zig) (+1 more reused dependencies)
|     +- run exe generate-parser (parser.zig) (+1 more reused dependencies)
|     +- run exe generate-parser (parser.zig) (+1 more reused dependencies)
|     +- run exe generate-parser (parser.zig) (+1 more reused dependencies)
|     +- run exe generate-parser (parser.zig) (+1 more reused dependencies)
|     +- run exe generate-parser (parser.zig) (+1 more reused dependencies)
|     +- run exe generate-parser (parser.zig) (+1 more reused dependencies)
|     +- run exe generate-parser (parser.zig) (+1 more reused dependencies)
|     +- run exe generate-parser (parser.zig) (+1 more reused dependencies)
|     +- run exe generate-parser (parser.zig) (+1 more reused dependencies)
+- run test iterate-calls-identity-source 10 pass (10 total) 2ms MaxRSS:1M
|  +- compile test iterate-calls-identity-source fast native success 10s MaxRSS:361M
|     +- run exe compile-iterate-calls (source.zig) success 5ms
|     |  +- compile exe compile-iterate-calls fast native success 58s MaxRSS:1G
|     |     +- WriteFile interfaces/0.d.zx (+1 more reused dependencies)
|     |     +- options (reused)
|     |     +- run exe generate-parser (parser.zig) (+1 more reused dependencies)
|     |     +- run exe generate-parser (parser.zig) (+1 more reused dependencies)
|     |     +- run exe generate-parser (parser.zig) (+1 more reused dependencies)
|     |     +- run exe generate-parser (parser.zig) (+1 more reused dependencies)
|     |     +- run exe generate-parser (parser.zig) (+1 more reused dependencies)
|     |     +- run exe generate-parser (parser.zig) (+1 more reused dependencies)
|     |     +- run exe generate-parser (parser.zig) (+1 more reused dependencies)
|     |     +- run exe generate-parser (parser.zig) (+1 more reused dependencies)
|     |     +- run exe generate-parser (parser.zig) (+1 more reused dependencies)
|     |     +- run exe generate-parser (parser.zig) (+1 more reused dependencies)
|     |     +- run exe generate-parser (parser.zig) (+1 more reused dependencies)
|     |     +- run exe generate-parser (parser.zig) (+1 more reused dependencies)
|     |     +- run exe generate-parser (parser.zig) (+1 more reused dependencies)
|     |     +- run exe generate-parser (parser.zig) (+1 more reused dependencies)
|     |     +- run exe generate-parser (parser.zig) (+1 more reused dependencies)
|     |     +- run exe generate-parser (parser.zig) (+1 more reused dependencies)
|     |     +- run exe generate-parser (parser.zig) (+1 more reused dependencies)
|     |     +- run exe generate-parser (parser.zig) (+1 more reused dependencies)
|     |     +- run exe generate-parser (parser.zig) (+1 more reused dependencies)
|     |     +- run exe generate-lexer (lexer.zig) (+1 more reused dependencies)
|     |     +- run exe generate-parser (parser.zig) (+1 more reused dependencies)
|     |     +- run exe generate-parser (parser.zig) (+1 more reused dependencies)
|     |     +- run exe generate-parser (parser.zig) (+1 more reused dependencies)
|     |     +- run exe generate-parser (parser.zig) (+1 more reused dependencies)
|     |     +- run exe generate-parser (parser.zig) (+1 more reused dependencies)
|     |     +- run exe generate-parser (parser.zig) (+1 more reused dependencies)
|     |     +- run exe generate-parser (parser.zig) (+1 more reused dependencies)
|     |     +- run exe generate-parser (parser.zig) (+1 more reused dependencies)
|     |     +- run exe generate-parser (parser.zig) (+1 more reused dependencies)
|     |     +- run exe generate-parser (parser.zig) (+1 more reused dependencies)
|     |     +- run exe generate-parser (parser.zig) (+1 more reused dependencies)
|     |     +- run exe generate-parser (parser.zig) (+1 more reused dependencies)
|     |     +- run exe generate-parser (parser.zig) (+1 more reused dependencies)
|     |     +- run exe generate-parser (parser.zig) (+1 more reused dependencies)
|     +- options cached
|     +- run exe compile-iterate-calls (source.zig) (+1 more reused dependencies)
+- run test iterate-calls-identity-library 10 pass (10 total) 3ms MaxRSS:1M
|  +- compile test iterate-calls-identity-library fast native success 10s MaxRSS:345M
|     +- run exe compile-iterate-calls (source.zig) (+1 more reused dependencies)
|     +- options cached
|     +- run exe compile-iterate-calls (source.zig) (+1 more reused dependencies)
+- run test iterate-calls-child-source 10 pass (10 total) 2ms MaxRSS:1M
|  +- compile test iterate-calls-child-source fast native success 10s MaxRSS:356M
|     +- run exe compile-iterate-calls (source.zig) success 4ms
|     |  +- compile exe compile-iterate-calls fast native (+36 more reused dependencies)
|     +- options cached
|     +- run exe compile-iterate-calls (source.zig) (+1 more reused dependencies)
+- run test iterate-calls-child-library 10 pass (10 total) 2ms MaxRSS:1M
|  +- compile test iterate-calls-child-library fast native success 10s MaxRSS:348M
|     +- run exe compile-iterate-calls (source.zig) (+1 more reused dependencies)
|     +- options cached
|     +- run exe compile-iterate-calls (source.zig) (+1 more reused dependencies)
+- run test iterate-calls-pair-source 8 pass (8 total) 2ms MaxRSS:1M
|  +- compile test iterate-calls-pair-source fast native success 10s MaxRSS:349M
|     +- run exe compile-iterate-calls (source.zig) success 4ms
|     |  +- compile exe compile-iterate-calls fast native (+36 more reused dependencies)
|     +- options cached
|     +- run exe compile-iterate-calls (source.zig) (+1 more reused dependencies)
+- run test iterate-calls-pair-library 8 pass (8 total) 3ms MaxRSS:1M
|  +- compile test iterate-calls-pair-library fast native success 10s MaxRSS:349M
|     +- run exe compile-iterate-calls (source.zig) (+1 more reused dependencies)
|     +- options cached
|     +- run exe compile-iterate-calls (source.zig) (+1 more reused dependencies)
+- run test iterate-calls-branch_return-source 10 pass (10 total) 3ms MaxRSS:1M
|  +- compile test iterate-calls-branch_return-source fast native success 10s MaxRSS:347M
|     +- run exe compile-iterate-calls (source.zig) success 5ms
|     |  +- compile exe compile-iterate-calls fast native (+36 more reused dependencies)
|     +- options cached
|     +- run exe compile-iterate-calls (source.zig) (+1 more reused dependencies)
+- run test iterate-calls-branch_return-library 10 pass (10 total) 2ms MaxRSS:1M
|  +- compile test iterate-calls-branch_return-library fast native success 10s MaxRSS:351M
|     +- run exe compile-iterate-calls (source.zig) (+1 more reused dependencies)
|     +- options cached
|     +- run exe compile-iterate-calls (source.zig) (+1 more reused dependencies)
+- run test iterate-calls-tuple_identity-source 10 pass (10 total) 2ms MaxRSS:1M
|  +- compile test iterate-calls-tuple_identity-source fast native success 10s MaxRSS:347M
|     +- run exe compile-iterate-calls (source.zig) success 4ms
|     |  +- compile exe compile-iterate-calls fast native (+36 more reused dependencies)
|     +- options cached
|     +- run exe compile-iterate-calls (source.zig) (+1 more reused dependencies)
+- run test iterate-calls-tuple_identity-library 10 pass (10 total) 3ms MaxRSS:1M
|  +- compile test iterate-calls-tuple_identity-library fast native success 10s MaxRSS:352M
|     +- run exe compile-iterate-calls (source.zig) (+1 more reused dependencies)
|     +- options cached
|     +- run exe compile-iterate-calls (source.zig) (+1 more reused dependencies)
+- run test iterate-calls-list_alias-source 11 pass (11 total) 2ms MaxRSS:1M
|  +- compile test iterate-calls-list_alias-source fast native success 11s MaxRSS:406M
|     +- run exe compile-iterate-calls (source.zig) success 7ms
|     |  +- compile exe compile-iterate-calls fast native (+36 more reused dependencies)
|     +- options cached
|     +- run exe compile-iterate-calls (source.zig) (+1 more reused dependencies)
+- run test iterate-calls-list_alias-library 11 pass (11 total) 2ms MaxRSS:1M
|  +- compile test iterate-calls-list_alias-library fast native success 10s MaxRSS:348M
|     +- run exe compile-iterate-calls (source.zig) (+1 more reused dependencies)
|     +- options cached
|     +- run exe compile-iterate-calls (source.zig) (+1 more reused dependencies)
+- test-iterate-calls-cli success
   +- run node success 1m
      +- compile exe zxc fast native (+50 more reused dependencies)
test-iterate-buffer success
+- run test 6 pass (6 total) 3ms MaxRSS:1M
|  +- compile test fast native success 12s MaxRSS:389M
|     +- run exe zxc (program.zig) success 6ms
|     |  +- compile exe zxc fast native (+50 more reused dependencies)
|     +- options cached
+- run test 6 pass (6 total) 2ms MaxRSS:1M
|  +- compile test fast native success 12s MaxRSS:379M
|     +- run exe zxc (program.zig) success 4ms
|     |  +- compile exe zxc fast native (+50 more reused dependencies)
|     +- options cached
+- run test 6 pass (6 total) 2ms MaxRSS:1M
|  +- compile test fast native success 12s MaxRSS:372M
|     +- run exe zxc (program.zig) success 5ms
|     |  +- compile exe zxc fast native (+50 more reused dependencies)
|     +- options cached
+- run test 6 pass (6 total) 3ms MaxRSS:1M
|  +- compile test fast native success 12s MaxRSS:389M
|     +- run exe zxc (program.zig) success 7ms
|     |  +- compile exe zxc fast native (+50 more reused dependencies)
|     +- options cached
+- run test 6 pass (6 total) 22ms MaxRSS:2M
|  +- compile test fast native success 12s MaxRSS:376M
|     +- run exe zxc (program.zig) success 4ms
|     |  +- compile exe zxc fast native (+50 more reused dependencies)
|     +- options cached
+- run test 6 pass (6 total) 9ms MaxRSS:2M
|  +- compile test fast native success 12s MaxRSS:372M
|     +- run exe zxc (program.zig) success 4ms
|     |  +- compile exe zxc fast native (+50 more reused dependencies)
|     +- options cached
+- run test 6 pass (6 total) 3ms MaxRSS:1M
|  +- compile test fast native success 12s MaxRSS:376M
|     +- run exe zxc (program.zig) success 4ms
|     |  +- compile exe zxc fast native (+50 more reused dependencies)
|     +- options cached
+- run test 6 pass (6 total) 12ms MaxRSS:1M
|  +- compile test fast native success 12s MaxRSS:368M
|     +- run exe zxc (program.zig) success 4ms
|     |  +- compile exe zxc fast native (+50 more reused dependencies)
|     +- options cached
+- run test 6 pass (6 total) 13ms MaxRSS:1M
|  +- compile test fast native success 12s MaxRSS:382M
|     +- run exe zxc (program.zig) success 5ms
|     |  +- compile exe zxc fast native (+50 more reused dependencies)
|     +- options cached
+- run test 6 pass (6 total) 3ms MaxRSS:1M
|  +- compile test fast native success 12s MaxRSS:380M
|     +- run exe zxc (program.zig) success 4ms
|     |  +- compile exe zxc fast native (+50 more reused dependencies)
|     +- options cached
+- run test 6 pass (6 total) 2ms MaxRSS:1M
   +- compile test fast native success 12s MaxRSS:380M
      +- run exe zxc (program.zig) success 4ms
      |  +- compile exe zxc fast native (+50 more reused dependencies)
      +- options cached
