test-url-primitives
+- run test 44 pass, 1 fail (45 total)
error: 'ipv6_test.test.IPv6 serialization allocation cleanup' failed:
       /Users/xiewendao/.local/share/zig/zig-x86_64-macos-0.16.0/lib/std/Io/Writer.zig:2639:13: 0x102943f58 in ensureTotalCapacityPrecise (test)
                   return error.OutOfMemory)[0..new_capacity];
                   ^
       /Users/xiewendao/.local/share/zig/zig-x86_64-macos-0.16.0/lib/std/Io/Writer.zig:2624:9: 0x1029bda47 in ensureTotalCapacity (test)
               return ensureTotalCapacityPrecise(a, better_capacity);
               ^
       /Users/xiewendao/.local/share/zig/zig-x86_64-macos-0.16.0/lib/std/Io/Writer.zig:2617:9: 0x1029bd9c5 in ensureUnusedCapacity (test)
               return ensureTotalCapacity(a, new_capacity);
               ^
       /Users/xiewendao/.local/share/zig/zig-x86_64-macos-0.16.0/lib/std/Io/Writer.zig:2705:69: 0x1029bd217 in drain (test)
                   a.ensureUnusedCapacity(bytes.len + splat_len + 1) catch return error.WriteFailed;
                                                                           ^
       /Users/xiewendao/.local/share/zig/zig-x86_64-macos-0.16.0/lib/std/Io/Writer.zig:539:5: 0x1028810af in write (test)
           return w.vtable.drain(w, &.{bytes}, 1);
           ^
       /Users/xiewendao/.local/share/zig/zig-x86_64-macos-0.16.0/lib/std/Io/Writer.zig:551:40: 0x10292a58e in writeAll (test)
           while (index < bytes.len) index += try w.write(bytes[index..]);
                                              ^
       /Users/xiewendao/.local/share/zig/zig-x86_64-macos-0.16.0/lib/std/Io/Writer.zig:1018:9: 0x10287c825 in alignBuffer (test)
               return w.writeAll(buffer);
               ^
       /Users/xiewendao/.local/share/zig/zig-x86_64-macos-0.16.0/lib/std/Io/Writer.zig:1040:5: 0x10287c6c8 in alignBufferOptions (test)
           return w.alignBuffer(buffer, options.width orelse buffer.len, options.alignment, options.fill);
           ^
       /Users/xiewendao/.local/share/zig/zig-x86_64-macos-0.16.0/lib/std/Io/Writer.zig:1562:5: 0x10287c56c in printIntAny__anon_5775 (test)
           return w.alignBufferOptions(buf[index..], options);
           ^
       /Users/xiewendao/.local/share/zig/zig-x86_64-macos-0.16.0/lib/std/Io/Writer.zig:1494:63: 0x1029c2070 in printInt (test)
                   .unsigned => if (std.math.cast(usize, value)) |x| return printIntAny(w, x, base, case, options),
                                                                     ^
       /Users/xiewendao/.local/share/zig/zig-x86_64-macos-0.16.0/lib/std/Io/Writer.zig:1104:40: 0x1029c20c6 in printValue__anon_37929 (test)
                       .int, .comptime_int => return printInt(w, value, 16, .lower, options),
                                              ^
       /Users/xiewendao/.local/share/zig/zig-x86_64-macos-0.16.0/lib/std/Io/Writer.zig:719:9: 0x1029c1ea0 in print__anon_37183 (test)
               try w.printValue(
               ^
       /Users/xiewendao/Documents/MatrixAges/zxc/packages/compiler/standard/src/url/host/ipv6.zig:55:9: 0x1029be839 in serialize (test)
               try output.writer.print("{x}", .{address[index]});
               ^
       /Users/xiewendao/Documents/MatrixAges/zxc/packages/test/tests/standard/resources/url/host/ipv6_test.zig:15:24: 0x1029bec30 in checkAllocation (test)
           const serialized = try impl.serialize(allocator, .{ 0x1234, 0, 0, 0xabcd, 0, 0, 0, 1 });
                              ^
       /Users/xiewendao/.local/share/zig/zig-x86_64-macos-0.16.0/lib/std/testing.zig:1159:25: 0x1029bf15d in checkAllAllocationFailures__anon_37131 (test)
                   else => |e| return e,
                               ^
       /Users/xiewendao/Documents/MatrixAges/zxc/packages/test/tests/standard/resources/url/host/ipv6_test.zig:199:5: 0x1029bf1ba in test.IPv6 serialization allocation cleanup (test)
           try std.testing.checkAllAllocationFailures(std.testing.allocator, checkAllocation, .{});
           ^
failed command: ./.zig-cache/o/e7bd1d54d7068c58a52e679f5f65e4fa/test --cache-dir=./.zig-cache --seed=0xf4a0f443 --listen=-

Build Summary: 5/7 steps succeeded (1 failed); 129/130 tests passed (1 failed)
test-url-primitives transitive failure
+- run test 21 pass (21 total) 3ms MaxRSS:1M
|  +- compile test Debug native success 1s MaxRSS:260M
+- run test 64 pass (64 total) 4ms MaxRSS:1M
|  +- compile test Debug native success 1s MaxRSS:247M
+- run test 44 pass, 1 fail (45 total)
   +- compile test Debug native success 1s MaxRSS:257M

error: the following build command failed with exit code 1:
.zig-cache/o/42084d9c3fce3ea5230c3d6aa9082f2f/build /Users/xiewendao/.local/share/zig/zig-x86_64-macos-0.16.0/zig /Users/xiewendao/.local/share/zig/zig-x86_64-macos-0.16.0/lib /Users/xiewendao/Documents/MatrixAges/zxc/packages/test .zig-cache /Users/xiewendao/.cache/zig --seed 0xf4a0f443 -Z523e52874e54e542 test-url-primitives --summary all
