✔ loop public library relocation and compiled manifest republication preserve returned aliases (102290.698146ms)
ℹ tests 1
ℹ suites 0
ℹ pass 1
ℹ fail 0
ℹ cancelled 0
ℹ skipped 0
ℹ todo 0
ℹ duration_ms 102295.733799
✔ ZX and RX reject removed APIs without producing applications or modifying input files (20.682294ms)
✔ ordinary imported names loop and iterate remain callable and independent void calls still execute (20610.998179ms)
ℹ tests 2
ℹ suites 0
ℹ pass 2
ℹ fail 0
ℹ cancelled 0
ℹ skipped 0
ℹ todo 0
ℹ duration_ms 20635.125533
Build Summary: 228/228 steps succeeded; 314/314 tests passed
test-loop-policy success
+- run test 4 pass (4 total) 12ms MaxRSS:2M
|  +- compile test fast native success 48s MaxRSS:1G
|     +- WriteFile interfaces/0.d.zx cached
|     |  +- run exe standard-catalog (catalog.zig) cached
|     |     +- compile exe standard-catalog fast native success 7s MaxRSS:357M
|     |     +- WriteFile catalog.json cached
|     +- options cached
|     +- run exe generate-parser (parser.zig) success 3s
|     |  +- compile exe generate-parser fast native success 31s MaxRSS:859M
|     |     +- options cached
|     |     +- WriteFile interfaces/0.d.zx success
|     |     |  +- run exe standard-catalog (catalog.zig) success 2ms
|     |     |     +- compile exe standard-catalog fast native cached 7s MaxRSS:21M
|     |     |     +- WriteFile catalog.json cached
|     |     +- options cached
|     +- run exe generate-parser (parser.zig) (+1 more reused dependencies)
|     +- run exe generate-parser (parser.zig) (+1 more reused dependencies)
|     +- run exe generate-parser (parser.zig) (+1 more reused dependencies)
|     +- run exe generate-parser (parser.zig) (+1 more reused dependencies)
|     +- run exe generate-parser (parser.zig) (+1 more reused dependencies)
|     +- run exe generate-parser (parser.zig) (+1 more reused dependencies)
|     +- run exe generate-parser (parser.zig) (+1 more reused dependencies)
|     +- run exe generate-parser (parser.zig) (+1 more reused dependencies)
|     +- run exe generate-parser (parser.zig) (+1 more reused dependencies)
|     +- run exe generate-parser (parser.zig) (+1 more reused dependencies)
|     +- run exe generate-parser (parser.zig) (+1 more reused dependencies)
|     +- run exe generate-parser (parser.zig) (+1 more reused dependencies)
|     +- run exe generate-parser (parser.zig) (+1 more reused dependencies)
|     +- run exe generate-parser (parser.zig) (+1 more reused dependencies)
|     +- run exe generate-parser (parser.zig) (+1 more reused dependencies)
|     +- run exe generate-parser (parser.zig) (+1 more reused dependencies)
|     +- run exe generate-parser (parser.zig) (+1 more reused dependencies)
|     +- run exe generate-parser (parser.zig) (+1 more reused dependencies)
|     +- run exe generate-lexer (lexer.zig) success 16ms
|     |  +- compile exe generate-lexer fast native success 26s MaxRSS:748M
|     |     +- WriteFile interfaces/0.d.zx cached
|     |     |  +- run exe standard-catalog (catalog.zig) cached
|     |     |     +- compile exe standard-catalog fast native cached 7s MaxRSS:21M
|     |     |     +- WriteFile catalog.json cached
|     |     +- options cached
|     +- run exe generate-parser (parser.zig) (+1 more reused dependencies)
|     +- run exe generate-parser (parser.zig) (+1 more reused dependencies)
|     +- run exe generate-parser (parser.zig) (+1 more reused dependencies)
|     +- run exe generate-parser (parser.zig) (+1 more reused dependencies)
|     +- run exe generate-parser (parser.zig) (+1 more reused dependencies)
|     +- run exe generate-parser (parser.zig) (+1 more reused dependencies)
|     +- run exe generate-parser (parser.zig) (+1 more reused dependencies)
|     +- run exe generate-parser (parser.zig) (+1 more reused dependencies)
|     +- run exe generate-parser (parser.zig) (+1 more reused dependencies)
|     +- run exe generate-parser (parser.zig) (+1 more reused dependencies)
|     +- run exe generate-parser (parser.zig) (+1 more reused dependencies)
|     +- run exe generate-parser (parser.zig) (+1 more reused dependencies)
|     +- run exe generate-parser (parser.zig) (+1 more reused dependencies)
|     +- run exe generate-parser (parser.zig) (+1 more reused dependencies)
+- run test 9 pass (9 total) 50ms MaxRSS:2M
|  +- compile test fast native success 54s MaxRSS:1G
|     +- WriteFile interfaces/0.d.zx (+1 more reused dependencies)
|     +- options (reused)
|     +- run exe generate-parser (parser.zig) (+1 more reused dependencies)
|     +- run exe generate-parser (parser.zig) (+1 more reused dependencies)
|     +- run exe generate-parser (parser.zig) (+1 more reused dependencies)
|     +- run exe generate-parser (parser.zig) (+1 more reused dependencies)
|     +- run exe generate-parser (parser.zig) (+1 more reused dependencies)
|     +- run exe generate-parser (parser.zig) (+1 more reused dependencies)
|     +- run exe generate-parser (parser.zig) (+1 more reused dependencies)
|     +- run exe generate-parser (parser.zig) (+1 more reused dependencies)
|     +- run exe generate-parser (parser.zig) (+1 more reused dependencies)
|     +- run exe generate-parser (parser.zig) (+1 more reused dependencies)
|     +- run exe generate-parser (parser.zig) (+1 more reused dependencies)
|     +- run exe generate-parser (parser.zig) (+1 more reused dependencies)
|     +- run exe generate-parser (parser.zig) (+1 more reused dependencies)
|     +- run exe generate-parser (parser.zig) (+1 more reused dependencies)
|     +- run exe generate-parser (parser.zig) (+1 more reused dependencies)
|     +- run exe generate-parser (parser.zig) (+1 more reused dependencies)
|     +- run exe generate-parser (parser.zig) (+1 more reused dependencies)
|     +- run exe generate-parser (parser.zig) (+1 more reused dependencies)
|     +- run exe generate-parser (parser.zig) (+1 more reused dependencies)
|     +- run exe generate-lexer (lexer.zig) (+1 more reused dependencies)
|     +- run exe generate-parser (parser.zig) (+1 more reused dependencies)
|     +- run exe generate-parser (parser.zig) (+1 more reused dependencies)
|     +- run exe generate-parser (parser.zig) (+1 more reused dependencies)
|     +- run exe generate-parser (parser.zig) (+1 more reused dependencies)
|     +- run exe generate-parser (parser.zig) (+1 more reused dependencies)
|     +- run exe generate-parser (parser.zig) (+1 more reused dependencies)
|     +- run exe generate-parser (parser.zig) (+1 more reused dependencies)
|     +- run exe generate-parser (parser.zig) (+1 more reused dependencies)
|     +- run exe generate-parser (parser.zig) (+1 more reused dependencies)
|     +- run exe generate-parser (parser.zig) (+1 more reused dependencies)
|     +- run exe generate-parser (parser.zig) (+1 more reused dependencies)
|     +- run exe generate-parser (parser.zig) (+1 more reused dependencies)
|     +- run exe generate-parser (parser.zig) (+1 more reused dependencies)
|     +- run exe generate-parser (parser.zig) (+1 more reused dependencies)
+- run node success 20s
   +- compile exe zxc fast native success 2m MaxRSS:2G
      +- WriteFile cached
      +- compile lib yaml fast native cached 42ms MaxRSS:20M
      +- compile lib yaml fast native (reused)
      +- translate-c cached 42ms MaxRSS:20M
      +- options success
      +- run exe bundle-zig (bundle) success 5s
      |  +- compile exe bundle-zig fast native success 26s MaxRSS:882M
      |  +- WriteFile bundle_manifest.json cached
      +- options cached
      +- run exe generate-parser (parser.zig) (+1 more reused dependencies)
      +- run exe generate-parser (parser.zig) (+1 more reused dependencies)
      +- run exe generate-parser (parser.zig) (+1 more reused dependencies)
      +- run exe generate-parser (parser.zig) (+1 more reused dependencies)
      +- run exe generate-parser (parser.zig) (+1 more reused dependencies)
      +- run exe generate-parser (parser.zig) (+1 more reused dependencies)
      +- run exe generate-parser (parser.zig) (+1 more reused dependencies)
      +- WriteFile interfaces/0.d.zx (+1 more reused dependencies)
      +- options (reused)
      +- run exe generate-parser (parser.zig) (+1 more reused dependencies)
      +- run exe generate-parser (parser.zig) (+1 more reused dependencies)
      +- run exe generate-parser (parser.zig) (+1 more reused dependencies)
      +- run exe generate-parser (parser.zig) (+1 more reused dependencies)
      +- run exe generate-parser (parser.zig) (+1 more reused dependencies)
      +- run exe generate-parser (parser.zig) (+1 more reused dependencies)
      +- run exe generate-parser (parser.zig) (+1 more reused dependencies)
      +- run exe generate-parser (parser.zig) (+1 more reused dependencies)
      +- run exe generate-parser (parser.zig) (+1 more reused dependencies)
      +- run exe generate-parser (parser.zig) (+1 more reused dependencies)
      +- run exe generate-parser (parser.zig) (+1 more reused dependencies)
      +- run exe generate-parser (parser.zig) (+1 more reused dependencies)
      +- run exe generate-parser (parser.zig) (+1 more reused dependencies)
      +- run exe generate-parser (parser.zig) (+1 more reused dependencies)
      +- run exe generate-parser (parser.zig) (+1 more reused dependencies)
      +- run exe generate-parser (parser.zig) (+1 more reused dependencies)
      +- run exe generate-parser (parser.zig) (+1 more reused dependencies)
      +- run exe generate-parser (parser.zig) (+1 more reused dependencies)
      +- run exe generate-parser (parser.zig) (+1 more reused dependencies)
      +- run exe generate-parser (parser.zig) (+1 more reused dependencies)
      +- run exe generate-lexer (lexer.zig) (+1 more reused dependencies)
      +- run exe generate-parser (parser.zig) (+1 more reused dependencies)
      +- run exe generate-parser (parser.zig) (+1 more reused dependencies)
      +- run exe generate-parser (parser.zig) (+1 more reused dependencies)
      +- run exe generate-parser (parser.zig) (+1 more reused dependencies)
      +- run exe generate-parser (parser.zig) (+1 more reused dependencies)
      +- run exe generate-parser (parser.zig) (+1 more reused dependencies)
      +- run exe generate-parser (parser.zig) (+1 more reused dependencies)
      +- run exe generate-parser (parser.zig) (+1 more reused dependencies)
      +- run exe generate-parser (parser.zig) (+1 more reused dependencies)
      +- run exe generate-parser (parser.zig) (+1 more reused dependencies)
      +- run exe generate-parser (parser.zig) (+1 more reused dependencies)
      +- run exe generate-parser (parser.zig) (+1 more reused dependencies)
      +- run exe generate-parser (parser.zig) (+1 more reused dependencies)
test-value-return success
+- run test value-return-direct-source 8 pass (8 total) 5ms MaxRSS:1M
|  +- compile test value-return-direct-source fast native success 21s MaxRSS:300M
|     +- run exe compile-value-return (source.zig) success 8ms
|     |  +- compile exe compile-value-return fast native success 48s MaxRSS:1G
|     |     +- WriteFile interfaces/0.d.zx (+1 more reused dependencies)
|     |     +- options (reused)
|     |     +- run exe generate-parser (parser.zig) (+1 more reused dependencies)
|     |     +- run exe generate-parser (parser.zig) (+1 more reused dependencies)
|     |     +- run exe generate-parser (parser.zig) (+1 more reused dependencies)
|     |     +- run exe generate-parser (parser.zig) (+1 more reused dependencies)
|     |     +- run exe generate-parser (parser.zig) (+1 more reused dependencies)
|     |     +- run exe generate-parser (parser.zig) (+1 more reused dependencies)
|     |     +- run exe generate-parser (parser.zig) (+1 more reused dependencies)
|     |     +- run exe generate-parser (parser.zig) (+1 more reused dependencies)
|     |     +- run exe generate-parser (parser.zig) (+1 more reused dependencies)
|     |     +- run exe generate-parser (parser.zig) (+1 more reused dependencies)
|     |     +- run exe generate-parser (parser.zig) (+1 more reused dependencies)
|     |     +- run exe generate-parser (parser.zig) (+1 more reused dependencies)
|     |     +- run exe generate-parser (parser.zig) (+1 more reused dependencies)
|     |     +- run exe generate-parser (parser.zig) (+1 more reused dependencies)
|     |     +- run exe generate-parser (parser.zig) (+1 more reused dependencies)
|     |     +- run exe generate-parser (parser.zig) (+1 more reused dependencies)
|     |     +- run exe generate-parser (parser.zig) (+1 more reused dependencies)
|     |     +- run exe generate-parser (parser.zig) (+1 more reused dependencies)
|     |     +- run exe generate-parser (parser.zig) (+1 more reused dependencies)
|     |     +- run exe generate-lexer (lexer.zig) (+1 more reused dependencies)
|     |     +- run exe generate-parser (parser.zig) (+1 more reused dependencies)
|     |     +- run exe generate-parser (parser.zig) (+1 more reused dependencies)
|     |     +- run exe generate-parser (parser.zig) (+1 more reused dependencies)
|     |     +- run exe generate-parser (parser.zig) (+1 more reused dependencies)
|     |     +- run exe generate-parser (parser.zig) (+1 more reused dependencies)
|     |     +- run exe generate-parser (parser.zig) (+1 more reused dependencies)
|     |     +- run exe generate-parser (parser.zig) (+1 more reused dependencies)
|     |     +- run exe generate-parser (parser.zig) (+1 more reused dependencies)
|     |     +- run exe generate-parser (parser.zig) (+1 more reused dependencies)
|     |     +- run exe generate-parser (parser.zig) (+1 more reused dependencies)
|     |     +- run exe generate-parser (parser.zig) (+1 more reused dependencies)
|     |     +- run exe generate-parser (parser.zig) (+1 more reused dependencies)
|     |     +- run exe generate-parser (parser.zig) (+1 more reused dependencies)
|     |     +- run exe generate-parser (parser.zig) (+1 more reused dependencies)
|     +- options cached
|     +- run exe compile-value-return (source.zig) (+1 more reused dependencies)
+- run test value-return-direct-library 8 pass (8 total) 5ms MaxRSS:1M
|  +- compile test value-return-direct-library fast native success 21s MaxRSS:298M
|     +- run exe compile-value-return (source.zig) (+1 more reused dependencies)
|     +- options cached
|     +- run exe compile-value-return (source.zig) (+1 more reused dependencies)
+- run test value-return-wrapped-source 8 pass (8 total) 5ms MaxRSS:1M
|  +- compile test value-return-wrapped-source fast native success 21s MaxRSS:300M
|     +- run exe compile-value-return (source.zig) success 7ms
|     |  +- compile exe compile-value-return fast native (+36 more reused dependencies)
|     +- options cached
|     +- run exe compile-value-return (source.zig) (+1 more reused dependencies)
+- run test value-return-wrapped-library 8 pass (8 total) 4ms MaxRSS:1M
|  +- compile test value-return-wrapped-library fast native success 21s MaxRSS:303M
|     +- run exe compile-value-return (source.zig) (+1 more reused dependencies)
|     +- options cached
|     +- run exe compile-value-return (source.zig) (+1 more reused dependencies)
+- run test value-return-chained-source 8 pass (8 total) 5ms MaxRSS:1M
|  +- compile test value-return-chained-source fast native success 21s MaxRSS:285M
|     +- run exe compile-value-return (source.zig) success 8ms
|     |  +- compile exe compile-value-return fast native (+36 more reused dependencies)
|     +- options cached
|     +- run exe compile-value-return (source.zig) (+1 more reused dependencies)
+- run test value-return-chained-library 8 pass (8 total) 4ms MaxRSS:1M
|  +- compile test value-return-chained-library fast native success 21s MaxRSS:292M
|     +- run exe compile-value-return (source.zig) (+1 more reused dependencies)
|     +- options cached
|     +- run exe compile-value-return (source.zig) (+1 more reused dependencies)
+- run test value-return-conditional-source 8 pass (8 total) 5ms MaxRSS:1M
|  +- compile test value-return-conditional-source fast native success 21s MaxRSS:292M
|     +- run exe compile-value-return (source.zig) success 7ms
|     |  +- compile exe compile-value-return fast native (+36 more reused dependencies)
|     +- options cached
|     +- run exe compile-value-return (source.zig) (+1 more reused dependencies)
+- run test value-return-conditional-library 8 pass (8 total) 5ms MaxRSS:1M
|  +- compile test value-return-conditional-library fast native success 21s MaxRSS:292M
|     +- run exe compile-value-return (source.zig) (+1 more reused dependencies)
|     +- options cached
|     +- run exe compile-value-return (source.zig) (+1 more reused dependencies)
+- run test value-return-fallible-source 4 pass (4 total) 4ms MaxRSS:1M
|  +- compile test value-return-fallible-source fast native success 21s MaxRSS:297M
|     +- run exe compile-value-return (source.zig) success 6ms
|     |  +- compile exe compile-value-return fast native (+36 more reused dependencies)
|     +- options cached
|     +- run exe compile-value-return (source.zig) (+1 more reused dependencies)
+- run test value-return-fallible-library 4 pass (4 total) 3ms MaxRSS:1M
|  +- compile test value-return-fallible-library fast native success 21s MaxRSS:297M
|     +- run exe compile-value-return (source.zig) (+1 more reused dependencies)
|     +- options cached
|     +- run exe compile-value-return (source.zig) (+1 more reused dependencies)
+- run test value-return-enumeration-source 3 pass (3 total) 4ms MaxRSS:1M
|  +- compile test value-return-enumeration-source fast native success 20s MaxRSS:297M
|     +- run exe compile-value-return (source.zig) success 9ms
|     |  +- compile exe compile-value-return fast native (+36 more reused dependencies)
|     +- options cached
|     +- run exe compile-value-return (source.zig) (+1 more reused dependencies)
+- run test value-return-enumeration-library 3 pass (3 total) 5ms MaxRSS:1M
|  +- compile test value-return-enumeration-library fast native success 20s MaxRSS:289M
|     +- run exe compile-value-return (source.zig) (+1 more reused dependencies)
|     +- options cached
|     +- run exe compile-value-return (source.zig) (+1 more reused dependencies)
+- run test value-return-references-source 3 pass (3 total) 4ms MaxRSS:1M
|  +- compile test value-return-references-source fast native success 20s MaxRSS:290M
|     +- run exe compile-value-return (source.zig) success 9ms
|     |  +- compile exe compile-value-return fast native (+36 more reused dependencies)
|     +- options cached
|     +- run exe compile-value-return (source.zig) (+1 more reused dependencies)
+- run test value-return-references-library 3 pass (3 total) 5ms MaxRSS:1M
|  +- compile test value-return-references-library fast native success 20s MaxRSS:295M
|     +- run exe compile-value-return (source.zig) (+1 more reused dependencies)
|     +- options cached
|     +- run exe compile-value-return (source.zig) (+1 more reused dependencies)
+- run test value-return-escaping-source 2 pass (2 total) 5ms MaxRSS:1M
|  +- compile test value-return-escaping-source fast native success 20s MaxRSS:288M
|     +- run exe compile-value-return (source.zig) success 7ms
|     |  +- compile exe compile-value-return fast native (+36 more reused dependencies)
|     +- options cached
|     +- run exe compile-value-return (source.zig) (+1 more reused dependencies)
+- run test value-return-escaping-library 2 pass (2 total) 5ms MaxRSS:1M
|  +- compile test value-return-escaping-library fast native success 20s MaxRSS:287M
|     +- run exe compile-value-return (source.zig) (+1 more reused dependencies)
|     +- options cached
|     +- run exe compile-value-return (source.zig) (+1 more reused dependencies)
+- run test value-return-escape_optional-source 2 pass (2 total) 4ms MaxRSS:1M
|  +- compile test value-return-escape_optional-source fast native success 20s MaxRSS:293M
|     +- run exe compile-value-return (source.zig) success 9ms
|     |  +- compile exe compile-value-return fast native (+36 more reused dependencies)
|     +- options cached
|     +- run exe compile-value-return (source.zig) (+1 more reused dependencies)
+- run test value-return-escape_optional-library 2 pass (2 total) 4ms MaxRSS:1M
|  +- compile test value-return-escape_optional-library fast native success 20s MaxRSS:291M
|     +- run exe compile-value-return (source.zig) (+1 more reused dependencies)
|     +- options cached
|     +- run exe compile-value-return (source.zig) (+1 more reused dependencies)
+- run test value-return-escape_list-source 2 pass (2 total) 4ms MaxRSS:1M
|  +- compile test value-return-escape_list-source fast native success 20s MaxRSS:293M
|     +- run exe compile-value-return (source.zig) success 10ms
|     |  +- compile exe compile-value-return fast native (+36 more reused dependencies)
|     +- options cached
|     +- run exe compile-value-return (source.zig) (+1 more reused dependencies)
+- run test value-return-escape_list-library 2 pass (2 total) 4ms MaxRSS:1M
|  +- compile test value-return-escape_list-library fast native success 12s MaxRSS:396M
|     +- run exe compile-value-return (source.zig) (+1 more reused dependencies)
|     +- options cached
|     +- run exe compile-value-return (source.zig) (+1 more reused dependencies)
+- run test value-return-escape_tuple-source 2 pass (2 total) 5ms MaxRSS:1M
|  +- compile test value-return-escape_tuple-source fast native success 20s MaxRSS:288M
|     +- run exe compile-value-return (source.zig) success 9ms
|     |  +- compile exe compile-value-return fast native (+36 more reused dependencies)
|     +- options cached
|     +- run exe compile-value-return (source.zig) (+1 more reused dependencies)
+- run test value-return-escape_tuple-library 2 pass (2 total) 4ms MaxRSS:1M
|  +- compile test value-return-escape_tuple-library fast native success 20s MaxRSS:293M
|     +- run exe compile-value-return (source.zig) (+1 more reused dependencies)
|     +- options cached
|     +- run exe compile-value-return (source.zig) (+1 more reused dependencies)
+- run test value-return-escape_nested-source 2 pass (2 total) 5ms MaxRSS:1M
|  +- compile test value-return-escape_nested-source fast native success 20s MaxRSS:295M
|     +- run exe compile-value-return (source.zig) success 7ms
|     |  +- compile exe compile-value-return fast native (+36 more reused dependencies)
|     +- options cached
|     +- run exe compile-value-return (source.zig) (+1 more reused dependencies)
+- run test value-return-escape_nested-library 2 pass (2 total) 5ms MaxRSS:1M
|  +- compile test value-return-escape_nested-library fast native success 20s MaxRSS:289M
|     +- run exe compile-value-return (source.zig) (+1 more reused dependencies)
|     +- options cached
|     +- run exe compile-value-return (source.zig) (+1 more reused dependencies)
+- run test value-return-native_scalar-source 3 pass (3 total) 3ms MaxRSS:1M
|  +- compile test value-return-native_scalar-source fast native success 21s MaxRSS:309M
|     +- run exe compile-value-return (source.zig) success 7ms
|     |  +- compile exe compile-value-return fast native (+36 more reused dependencies)
|     +- options cached
|     +- run exe compile-value-return (source.zig) (+1 more reused dependencies)
+- run test value-return-native_scalar-library 3 pass (3 total) 3ms MaxRSS:1M
|  +- compile test value-return-native_scalar-library fast native success 21s MaxRSS:311M
|     +- run exe compile-value-return (source.zig) (+1 more reused dependencies)
|     +- options cached
|     +- run exe compile-value-return (source.zig) (+1 more reused dependencies)
+- run test value-return-borrowed_objects-source 3 pass (3 total) 5ms MaxRSS:1M
|  +- compile test value-return-borrowed_objects-source fast native success 21s MaxRSS:307M
|     +- run exe compile-value-return (source.zig) success 9ms
|     |  +- compile exe compile-value-return fast native (+36 more reused dependencies)
|     +- options cached
|     +- run exe compile-value-return (source.zig) (+1 more reused dependencies)
+- run test value-return-borrowed_objects-library 3 pass (3 total) 5ms MaxRSS:1M
   +- compile test value-return-borrowed_objects-library fast native success 21s MaxRSS:304M
      +- run exe compile-value-return (source.zig) (+1 more reused dependencies)
      +- options cached
      +- run exe compile-value-return (source.zig) (+1 more reused dependencies)
test-iterate-calls success
+- run test 1 pass (1 total) 1s MaxRSS:4M
|  +- compile test fast native success 58s MaxRSS:1G
|     +- WriteFile interfaces/0.d.zx (+1 more reused dependencies)
|     +- options (reused)
|     +- run exe generate-parser (parser.zig) (+1 more reused dependencies)
|     +- run exe generate-parser (parser.zig) (+1 more reused dependencies)
|     +- run exe generate-parser (parser.zig) (+1 more reused dependencies)
|     +- run exe generate-parser (parser.zig) (+1 more reused dependencies)
|     +- run exe generate-parser (parser.zig) (+1 more reused dependencies)
|     +- run exe generate-parser (parser.zig) (+1 more reused dependencies)
|     +- run exe generate-parser (parser.zig) (+1 more reused dependencies)
|     +- run exe generate-parser (parser.zig) (+1 more reused dependencies)
|     +- run exe generate-parser (parser.zig) (+1 more reused dependencies)
|     +- run exe generate-parser (parser.zig) (+1 more reused dependencies)
|     +- run exe generate-parser (parser.zig) (+1 more reused dependencies)
|     +- run exe generate-parser (parser.zig) (+1 more reused dependencies)
|     +- run exe generate-parser (parser.zig) (+1 more reused dependencies)
|     +- run exe generate-parser (parser.zig) (+1 more reused dependencies)
|     +- run exe generate-parser (parser.zig) (+1 more reused dependencies)
|     +- run exe generate-parser (parser.zig) (+1 more reused dependencies)
|     +- run exe generate-parser (parser.zig) (+1 more reused dependencies)
|     +- run exe generate-parser (parser.zig) (+1 more reused dependencies)
|     +- run exe generate-parser (parser.zig) (+1 more reused dependencies)
|     +- run exe generate-lexer (lexer.zig) (+1 more reused dependencies)
|     +- run exe generate-parser (parser.zig) (+1 more reused dependencies)
|     +- run exe generate-parser (parser.zig) (+1 more reused dependencies)
|     +- run exe generate-parser (parser.zig) (+1 more reused dependencies)
|     +- run exe generate-parser (parser.zig) (+1 more reused dependencies)
|     +- run exe generate-parser (parser.zig) (+1 more reused dependencies)
|     +- run exe generate-parser (parser.zig) (+1 more reused dependencies)
|     +- run exe generate-parser (parser.zig) (+1 more reused dependencies)
|     +- run exe generate-parser (parser.zig) (+1 more reused dependencies)
|     +- run exe generate-parser (parser.zig) (+1 more reused dependencies)
|     +- run exe generate-parser (parser.zig) (+1 more reused dependencies)
|     +- run exe generate-parser (parser.zig) (+1 more reused dependencies)
|     +- run exe generate-parser (parser.zig) (+1 more reused dependencies)
|     +- run exe generate-parser (parser.zig) (+1 more reused dependencies)
|     +- run exe generate-parser (parser.zig) (+1 more reused dependencies)
+- run test iterate-calls-identity-source 10 pass (10 total) 5ms MaxRSS:1M
|  +- compile test iterate-calls-identity-source fast native success 12s MaxRSS:396M
|     +- run exe compile-iterate-calls (source.zig) success 6ms
|     |  +- compile exe compile-iterate-calls fast native success 56s MaxRSS:1G
|     |     +- WriteFile interfaces/0.d.zx (+1 more reused dependencies)
|     |     +- options (reused)
|     |     +- run exe generate-parser (parser.zig) (+1 more reused dependencies)
|     |     +- run exe generate-parser (parser.zig) (+1 more reused dependencies)
|     |     +- run exe generate-parser (parser.zig) (+1 more reused dependencies)
|     |     +- run exe generate-parser (parser.zig) (+1 more reused dependencies)
|     |     +- run exe generate-parser (parser.zig) (+1 more reused dependencies)
|     |     +- run exe generate-parser (parser.zig) (+1 more reused dependencies)
|     |     +- run exe generate-parser (parser.zig) (+1 more reused dependencies)
|     |     +- run exe generate-parser (parser.zig) (+1 more reused dependencies)
|     |     +- run exe generate-parser (parser.zig) (+1 more reused dependencies)
|     |     +- run exe generate-parser (parser.zig) (+1 more reused dependencies)
|     |     +- run exe generate-parser (parser.zig) (+1 more reused dependencies)
|     |     +- run exe generate-parser (parser.zig) (+1 more reused dependencies)
|     |     +- run exe generate-parser (parser.zig) (+1 more reused dependencies)
|     |     +- run exe generate-parser (parser.zig) (+1 more reused dependencies)
|     |     +- run exe generate-parser (parser.zig) (+1 more reused dependencies)
|     |     +- run exe generate-parser (parser.zig) (+1 more reused dependencies)
|     |     +- run exe generate-parser (parser.zig) (+1 more reused dependencies)
|     |     +- run exe generate-parser (parser.zig) (+1 more reused dependencies)
|     |     +- run exe generate-parser (parser.zig) (+1 more reused dependencies)
|     |     +- run exe generate-lexer (lexer.zig) (+1 more reused dependencies)
|     |     +- run exe generate-parser (parser.zig) (+1 more reused dependencies)
|     |     +- run exe generate-parser (parser.zig) (+1 more reused dependencies)
|     |     +- run exe generate-parser (parser.zig) (+1 more reused dependencies)
|     |     +- run exe generate-parser (parser.zig) (+1 more reused dependencies)
|     |     +- run exe generate-parser (parser.zig) (+1 more reused dependencies)
|     |     +- run exe generate-parser (parser.zig) (+1 more reused dependencies)
|     |     +- run exe generate-parser (parser.zig) (+1 more reused dependencies)
|     |     +- run exe generate-parser (parser.zig) (+1 more reused dependencies)
|     |     +- run exe generate-parser (parser.zig) (+1 more reused dependencies)
|     |     +- run exe generate-parser (parser.zig) (+1 more reused dependencies)
|     |     +- run exe generate-parser (parser.zig) (+1 more reused dependencies)
|     |     +- run exe generate-parser (parser.zig) (+1 more reused dependencies)
|     |     +- run exe generate-parser (parser.zig) (+1 more reused dependencies)
|     |     +- run exe generate-parser (parser.zig) (+1 more reused dependencies)
|     +- options cached
|     +- run exe compile-iterate-calls (source.zig) (+1 more reused dependencies)
+- run test iterate-calls-identity-library 10 pass (10 total) 4ms MaxRSS:1M
|  +- compile test iterate-calls-identity-library fast native success 12s MaxRSS:403M
|     +- run exe compile-iterate-calls (source.zig) (+1 more reused dependencies)
|     +- options cached
|     +- run exe compile-iterate-calls (source.zig) (+1 more reused dependencies)
+- run test iterate-calls-child-source 10 pass (10 total) 4ms MaxRSS:1M
|  +- compile test iterate-calls-child-source fast native success 12s MaxRSS:396M
|     +- run exe compile-iterate-calls (source.zig) success 6ms
|     |  +- compile exe compile-iterate-calls fast native (+36 more reused dependencies)
|     +- options cached
|     +- run exe compile-iterate-calls (source.zig) (+1 more reused dependencies)
+- run test iterate-calls-child-library 10 pass (10 total) 4ms MaxRSS:1M
|  +- compile test iterate-calls-child-library fast native success 12s MaxRSS:400M
|     +- run exe compile-iterate-calls (source.zig) (+1 more reused dependencies)
|     +- options cached
|     +- run exe compile-iterate-calls (source.zig) (+1 more reused dependencies)
+- run test iterate-calls-pair-source 8 pass (8 total) 2ms MaxRSS:1M
|  +- compile test iterate-calls-pair-source fast native success 12s MaxRSS:396M
|     +- run exe compile-iterate-calls (source.zig) success 8ms
|     |  +- compile exe compile-iterate-calls fast native (+36 more reused dependencies)
|     +- options cached
|     +- run exe compile-iterate-calls (source.zig) (+1 more reused dependencies)
+- run test iterate-calls-pair-library 8 pass (8 total) 4ms MaxRSS:1M
|  +- compile test iterate-calls-pair-library fast native success 12s MaxRSS:397M
|     +- run exe compile-iterate-calls (source.zig) (+1 more reused dependencies)
|     +- options cached
|     +- run exe compile-iterate-calls (source.zig) (+1 more reused dependencies)
+- run test iterate-calls-branch_return-source 10 pass (10 total) 5ms MaxRSS:1M
|  +- compile test iterate-calls-branch_return-source fast native success 12s MaxRSS:405M
|     +- run exe compile-iterate-calls (source.zig) success 6ms
|     |  +- compile exe compile-iterate-calls fast native (+36 more reused dependencies)
|     +- options cached
|     +- run exe compile-iterate-calls (source.zig) (+1 more reused dependencies)
+- run test iterate-calls-branch_return-library 10 pass (10 total) 3ms MaxRSS:1M
|  +- compile test iterate-calls-branch_return-library fast native success 12s MaxRSS:403M
|     +- run exe compile-iterate-calls (source.zig) (+1 more reused dependencies)
|     +- options cached
|     +- run exe compile-iterate-calls (source.zig) (+1 more reused dependencies)
+- run test iterate-calls-tuple_identity-source 10 pass (10 total) 3ms MaxRSS:1M
|  +- compile test iterate-calls-tuple_identity-source fast native success 17s MaxRSS:380M
|     +- run exe compile-iterate-calls (source.zig) success 8ms
|     |  +- compile exe compile-iterate-calls fast native (+36 more reused dependencies)
|     +- options cached
|     +- run exe compile-iterate-calls (source.zig) (+1 more reused dependencies)
+- run test iterate-calls-tuple_identity-library 10 pass (10 total) 4ms MaxRSS:1M
|  +- compile test iterate-calls-tuple_identity-library fast native success 12s MaxRSS:404M
|     +- run exe compile-iterate-calls (source.zig) (+1 more reused dependencies)
|     +- options cached
|     +- run exe compile-iterate-calls (source.zig) (+1 more reused dependencies)
+- run test iterate-calls-list_alias-source 11 pass (11 total) 3ms MaxRSS:1M
|  +- compile test iterate-calls-list_alias-source fast native success 12s MaxRSS:410M
|     +- run exe compile-iterate-calls (source.zig) success 8ms
|     |  +- compile exe compile-iterate-calls fast native (+36 more reused dependencies)
|     +- options cached
|     +- run exe compile-iterate-calls (source.zig) (+1 more reused dependencies)
+- run test iterate-calls-list_alias-library 11 pass (11 total) 11ms MaxRSS:1M
|  +- compile test iterate-calls-list_alias-library fast native success 17s MaxRSS:395M
|     +- run exe compile-iterate-calls (source.zig) (+1 more reused dependencies)
|     +- options cached
|     +- run exe compile-iterate-calls (source.zig) (+1 more reused dependencies)
+- test-iterate-calls-cli success
   +- run node success 1m
      +- compile exe zxc fast native (+50 more reused dependencies)
test-iterate-buffer success
+- run test 6 pass (6 total) 3ms MaxRSS:1M
|  +- compile test fast native success 10s MaxRSS:350M
|     +- run exe zxc (program.zig) success 4ms
|     |  +- compile exe zxc fast native (+50 more reused dependencies)
|     +- options cached
+- run test 6 pass (6 total) 2ms MaxRSS:1M
|  +- compile test fast native success 10s MaxRSS:340M
|     +- run exe zxc (program.zig) success 4ms
|     |  +- compile exe zxc fast native (+50 more reused dependencies)
|     +- options cached
+- run test 6 pass (6 total) 2ms MaxRSS:1M
|  +- compile test fast native success 10s MaxRSS:335M
|     +- run exe zxc (program.zig) success 5ms
|     |  +- compile exe zxc fast native (+50 more reused dependencies)
|     +- options cached
+- run test 6 pass (6 total) 2ms MaxRSS:1M
|  +- compile test fast native success 10s MaxRSS:347M
|     +- run exe zxc (program.zig) success 6ms
|     |  +- compile exe zxc fast native (+50 more reused dependencies)
|     +- options cached
+- run test 6 pass (6 total) 3ms MaxRSS:2M
|  +- compile test fast native success 10s MaxRSS:334M
|     +- run exe zxc (program.zig) success 4ms
|     |  +- compile exe zxc fast native (+50 more reused dependencies)
|     +- options cached
+- run test 6 pass (6 total) 3ms MaxRSS:2M
|  +- compile test fast native success 10s MaxRSS:332M
|     +- run exe zxc (program.zig) success 5ms
|     |  +- compile exe zxc fast native (+50 more reused dependencies)
|     +- options cached
+- run test 6 pass (6 total) 3ms MaxRSS:1M
|  +- compile test fast native success 10s MaxRSS:332M
|     +- run exe zxc (program.zig) success 5ms
|     |  +- compile exe zxc fast native (+50 more reused dependencies)
|     +- options cached
+- run test 6 pass (6 total) 2ms MaxRSS:1M
|  +- compile test fast native success 10s MaxRSS:346M
|     +- run exe zxc (program.zig) success 4ms
|     |  +- compile exe zxc fast native (+50 more reused dependencies)
|     +- options cached
+- run test 6 pass (6 total) 3ms MaxRSS:1M
|  +- compile test fast native success 10s MaxRSS:343M
|     +- run exe zxc (program.zig) success 5ms
|     |  +- compile exe zxc fast native (+50 more reused dependencies)
|     +- options cached
+- run test 6 pass (6 total) 2ms MaxRSS:1M
|  +- compile test fast native success 10s MaxRSS:353M
|     +- run exe zxc (program.zig) success 6ms
|     |  +- compile exe zxc fast native (+50 more reused dependencies)
|     +- options cached
+- run test 6 pass (6 total) 3ms MaxRSS:1M
   +- compile test fast native success 10s MaxRSS:343M
      +- run exe zxc (program.zig) success 4ms
      |  +- compile exe zxc fast native (+50 more reused dependencies)
      +- options cached
