Build Summary: 83/83 steps succeeded; 105/105 tests passed
test-native-module-checks success
+- run test native-modules-structure 13 pass (13 total) 37ms MaxRSS:12M
|  +- compile test native-modules-structure debug native success 13s MaxRSS:1G
|     +- WriteFile root.zig success
|     +- WriteFile interfaces/0.d.zx cached
|     |  +- run exe standard-catalog (catalog.zig) cached
|     |     +- compile exe standard-catalog fast native cached 45ms MaxRSS:21M
|     |     +- WriteFile catalog.json cached
|     +- options cached
|     +- run exe generate-parser (parser.zig) success 1m
|     |  +- compile exe generate-parser debug native cached 49ms MaxRSS:21M
|     |     +- options cached
|     |     +- WriteFile interfaces/0.d.zx cached
|     |     |  +- run exe standard-catalog (catalog.zig) cached
|     |     |     +- compile exe standard-catalog fast native cached 45ms MaxRSS:21M
|     |     |     +- WriteFile catalog.json cached
|     |     +- options cached
|     +- run exe generate-parser (parser.zig) (+1 more reused dependencies)
|     +- run exe generate-parser (parser.zig) (+1 more reused dependencies)
|     +- run exe generate-parser (parser.zig) (+1 more reused dependencies)
|     +- run exe generate-parser (parser.zig) (+1 more reused dependencies)
|     +- run exe generate-parser (parser.zig) (+1 more reused dependencies)
|     +- run exe generate-parser (parser.zig) (+1 more reused dependencies)
|     +- run exe generate-parser (parser.zig) (+1 more reused dependencies)
|     +- run exe generate-parser (parser.zig) (+1 more reused dependencies)
|     +- run exe generate-parser (parser.zig) (+1 more reused dependencies)
|     +- run exe generate-parser (parser.zig) (+1 more reused dependencies)
|     +- run exe generate-parser (parser.zig) (+1 more reused dependencies)
|     +- run exe generate-parser (parser.zig) (+1 more reused dependencies)
|     +- run exe generate-parser (parser.zig) (+1 more reused dependencies)
|     +- run exe generate-parser (parser.zig) (+1 more reused dependencies)
|     +- run exe generate-parser (parser.zig) (+1 more reused dependencies)
|     +- run exe generate-parser (parser.zig) (+1 more reused dependencies)
|     +- run exe generate-parser (parser.zig) (+1 more reused dependencies)
|     +- run exe generate-parser (parser.zig) (+1 more reused dependencies)
|     +- run exe generate-parser (parser.zig) (+1 more reused dependencies)
|     +- run exe generate-parser (parser.zig) (+1 more reused dependencies)
|     +- run exe generate-parser (parser.zig) (+1 more reused dependencies)
|     +- run exe generate-parser (parser.zig) (+1 more reused dependencies)
|     +- run exe generate-parser (parser.zig) (+1 more reused dependencies)
|     +- run exe generate-parser (parser.zig) (+1 more reused dependencies)
|     +- run exe generate-parser (parser.zig) (+1 more reused dependencies)
|     +- run exe generate-parser (parser.zig) (+1 more reused dependencies)
|     +- run exe generate-parser (parser.zig) (+1 more reused dependencies)
|     +- run exe generate-parser (parser.zig) (+1 more reused dependencies)
|     +- run exe generate-parser (parser.zig) (+1 more reused dependencies)
|     +- run exe generate-parser (parser.zig) (+1 more reused dependencies)
|     +- run exe generate-parser (parser.zig) (+1 more reused dependencies)
|     +- run exe generate-parser (parser.zig) (+1 more reused dependencies)
|     +- run exe generate-parser (parser.zig) (+1 more reused dependencies)
|     +- run exe generate-parser (parser.zig) (+1 more reused dependencies)
|     +- run exe generate-parser (parser.zig) (+1 more reused dependencies)
|     +- run exe generate-lexer (lexer.zig) cached
|     |  +- compile exe generate-lexer debug native cached 48ms MaxRSS:21M
|     |     +- options cached
|     |     +- WriteFile interfaces/0.d.zx cached
|     |     |  +- run exe standard-catalog (catalog.zig) cached
|     |     |     +- compile exe standard-catalog fast native cached 47ms MaxRSS:21M
|     |     |     +- WriteFile catalog.json cached
|     |     +- options cached
|     +- run exe generate-parser (parser.zig) (+1 more reused dependencies)
|     +- run exe generate-parser (parser.zig) (+1 more reused dependencies)
|     +- run exe generate-parser (parser.zig) (+1 more reused dependencies)
|     +- run exe generate-parser (parser.zig) (+1 more reused dependencies)
|     +- run exe generate-parser (parser.zig) (+1 more reused dependencies)
|     +- run exe generate-parser (parser.zig) (+1 more reused dependencies)
|     +- run exe generate-parser (parser.zig) (+1 more reused dependencies)
|     +- run exe generate-parser (parser.zig) (+1 more reused dependencies)
|     +- run exe generate-parser (parser.zig) (+1 more reused dependencies)
|     +- run exe generate-parser (parser.zig) (+1 more reused dependencies)
|     +- run exe generate-parser (parser.zig) (+1 more reused dependencies)
|     +- run exe generate-parser (parser.zig) (+1 more reused dependencies)
|     +- run exe generate-parser (parser.zig) (+1 more reused dependencies)
|     +- run exe generate-parser (parser.zig) (+1 more reused dependencies)
|     +- run exe generate-parser (parser.zig) (+1 more reused dependencies)
|     +- run exe generate-parser (parser.zig) (+1 more reused dependencies)
|     +- run exe generate-parser (parser.zig) (+1 more reused dependencies)
|     +- run exe generate-parser (parser.zig) (+1 more reused dependencies)
|     +- run exe generate-parser (parser.zig) (+1 more reused dependencies)
|     +- run exe generate-parser (parser.zig) (+1 more reused dependencies)
|     +- run exe generate-parser (parser.zig) (+1 more reused dependencies)
|     +- run exe generate-parser (parser.zig) (+1 more reused dependencies)
|     +- run exe generate-parser (parser.zig) (+1 more reused dependencies)
|     +- run exe generate-parser (parser.zig) (+1 more reused dependencies)
|     +- run exe generate-parser (parser.zig) (+1 more reused dependencies)
|     +- run exe generate-parser (parser.zig) (+1 more reused dependencies)
|     +- run exe generate-parser (parser.zig) (+1 more reused dependencies)
|     +- run exe generate-parser (parser.zig) (+1 more reused dependencies)
|     +- run exe generate-parser (parser.zig) (+1 more reused dependencies)
|     +- run exe generate-parser (parser.zig) (+1 more reused dependencies)
|     +- run exe generate-parser (parser.zig) (+1 more reused dependencies)
+- run test native-modules-declarations 9 pass (9 total) 27ms MaxRSS:12M
|  +- compile test native-modules-declarations debug native success 13s MaxRSS:1G
|     +- WriteFile root.zig (reused)
|     +- WriteFile interfaces/0.d.zx (+1 more reused dependencies)
|     +- options (reused)
|     +- run exe generate-parser (parser.zig) (+1 more reused dependencies)
|     +- run exe generate-parser (parser.zig) (+1 more reused dependencies)
|     +- run exe generate-parser (parser.zig) (+1 more reused dependencies)
|     +- run exe generate-parser (parser.zig) (+1 more reused dependencies)
|     +- run exe generate-parser (parser.zig) (+1 more reused dependencies)
|     +- run exe generate-parser (parser.zig) (+1 more reused dependencies)
|     +- run exe generate-parser (parser.zig) (+1 more reused dependencies)
|     +- run exe generate-parser (parser.zig) (+1 more reused dependencies)
|     +- run exe generate-parser (parser.zig) (+1 more reused dependencies)
|     +- run exe generate-parser (parser.zig) (+1 more reused dependencies)
|     +- run exe generate-parser (parser.zig) (+1 more reused dependencies)
|     +- run exe generate-parser (parser.zig) (+1 more reused dependencies)
|     +- run exe generate-parser (parser.zig) (+1 more reused dependencies)
|     +- run exe generate-parser (parser.zig) (+1 more reused dependencies)
|     +- run exe generate-parser (parser.zig) (+1 more reused dependencies)
|     +- run exe generate-parser (parser.zig) (+1 more reused dependencies)
|     +- run exe generate-parser (parser.zig) (+1 more reused dependencies)
|     +- run exe generate-parser (parser.zig) (+1 more reused dependencies)
|     +- run exe generate-parser (parser.zig) (+1 more reused dependencies)
|     +- run exe generate-parser (parser.zig) (+1 more reused dependencies)
|     +- run exe generate-parser (parser.zig) (+1 more reused dependencies)
|     +- run exe generate-parser (parser.zig) (+1 more reused dependencies)
|     +- run exe generate-parser (parser.zig) (+1 more reused dependencies)
|     +- run exe generate-parser (parser.zig) (+1 more reused dependencies)
|     +- run exe generate-parser (parser.zig) (+1 more reused dependencies)
|     +- run exe generate-parser (parser.zig) (+1 more reused dependencies)
|     +- run exe generate-parser (parser.zig) (+1 more reused dependencies)
|     +- run exe generate-parser (parser.zig) (+1 more reused dependencies)
|     +- run exe generate-parser (parser.zig) (+1 more reused dependencies)
|     +- run exe generate-parser (parser.zig) (+1 more reused dependencies)
|     +- run exe generate-parser (parser.zig) (+1 more reused dependencies)
|     +- run exe generate-parser (parser.zig) (+1 more reused dependencies)
|     +- run exe generate-parser (parser.zig) (+1 more reused dependencies)
|     +- run exe generate-parser (parser.zig) (+1 more reused dependencies)
|     +- run exe generate-parser (parser.zig) (+1 more reused dependencies)
|     +- run exe generate-parser (parser.zig) (+1 more reused dependencies)
|     +- run exe generate-lexer (lexer.zig) (+1 more reused dependencies)
|     +- run exe generate-parser (parser.zig) (+1 more reused dependencies)
|     +- run exe generate-parser (parser.zig) (+1 more reused dependencies)
|     +- run exe generate-parser (parser.zig) (+1 more reused dependencies)
|     +- run exe generate-parser (parser.zig) (+1 more reused dependencies)
|     +- run exe generate-parser (parser.zig) (+1 more reused dependencies)
|     +- run exe generate-parser (parser.zig) (+1 more reused dependencies)
|     +- run exe generate-parser (parser.zig) (+1 more reused dependencies)
|     +- run exe generate-parser (parser.zig) (+1 more reused dependencies)
|     +- run exe generate-parser (parser.zig) (+1 more reused dependencies)
|     +- run exe generate-parser (parser.zig) (+1 more reused dependencies)
|     +- run exe generate-parser (parser.zig) (+1 more reused dependencies)
|     +- run exe generate-parser (parser.zig) (+1 more reused dependencies)
|     +- run exe generate-parser (parser.zig) (+1 more reused dependencies)
|     +- run exe generate-parser (parser.zig) (+1 more reused dependencies)
|     +- run exe generate-parser (parser.zig) (+1 more reused dependencies)
|     +- run exe generate-parser (parser.zig) (+1 more reused dependencies)
|     +- run exe generate-parser (parser.zig) (+1 more reused dependencies)
|     +- run exe generate-parser (parser.zig) (+1 more reused dependencies)
|     +- run exe generate-parser (parser.zig) (+1 more reused dependencies)
|     +- run exe generate-parser (parser.zig) (+1 more reused dependencies)
|     +- run exe generate-parser (parser.zig) (+1 more reused dependencies)
|     +- run exe generate-parser (parser.zig) (+1 more reused dependencies)
|     +- run exe generate-parser (parser.zig) (+1 more reused dependencies)
|     +- run exe generate-parser (parser.zig) (+1 more reused dependencies)
|     +- run exe generate-parser (parser.zig) (+1 more reused dependencies)
|     +- run exe generate-parser (parser.zig) (+1 more reused dependencies)
|     +- run exe generate-parser (parser.zig) (+1 more reused dependencies)
|     +- run exe generate-parser (parser.zig) (+1 more reused dependencies)
|     +- run exe generate-parser (parser.zig) (+1 more reused dependencies)
|     +- run exe generate-parser (parser.zig) (+1 more reused dependencies)
|     +- run exe generate-parser (parser.zig) (+1 more reused dependencies)
+- run test native-modules-bindings 13 pass (13 total) 36ms MaxRSS:12M
|  +- compile test native-modules-bindings debug native success 13s MaxRSS:1G
|     +- WriteFile root.zig (reused)
|     +- WriteFile interfaces/0.d.zx (+1 more reused dependencies)
|     +- options (reused)
|     +- run exe generate-parser (parser.zig) (+1 more reused dependencies)
|     +- run exe generate-parser (parser.zig) (+1 more reused dependencies)
|     +- run exe generate-parser (parser.zig) (+1 more reused dependencies)
|     +- run exe generate-parser (parser.zig) (+1 more reused dependencies)
|     +- run exe generate-parser (parser.zig) (+1 more reused dependencies)
|     +- run exe generate-parser (parser.zig) (+1 more reused dependencies)
|     +- run exe generate-parser (parser.zig) (+1 more reused dependencies)
|     +- run exe generate-parser (parser.zig) (+1 more reused dependencies)
|     +- run exe generate-parser (parser.zig) (+1 more reused dependencies)
|     +- run exe generate-parser (parser.zig) (+1 more reused dependencies)
|     +- run exe generate-parser (parser.zig) (+1 more reused dependencies)
|     +- run exe generate-parser (parser.zig) (+1 more reused dependencies)
|     +- run exe generate-parser (parser.zig) (+1 more reused dependencies)
|     +- run exe generate-parser (parser.zig) (+1 more reused dependencies)
|     +- run exe generate-parser (parser.zig) (+1 more reused dependencies)
|     +- run exe generate-parser (parser.zig) (+1 more reused dependencies)
|     +- run exe generate-parser (parser.zig) (+1 more reused dependencies)
|     +- run exe generate-parser (parser.zig) (+1 more reused dependencies)
|     +- run exe generate-parser (parser.zig) (+1 more reused dependencies)
|     +- run exe generate-parser (parser.zig) (+1 more reused dependencies)
|     +- run exe generate-parser (parser.zig) (+1 more reused dependencies)
|     +- run exe generate-parser (parser.zig) (+1 more reused dependencies)
|     +- run exe generate-parser (parser.zig) (+1 more reused dependencies)
|     +- run exe generate-parser (parser.zig) (+1 more reused dependencies)
|     +- run exe generate-parser (parser.zig) (+1 more reused dependencies)
|     +- run exe generate-parser (parser.zig) (+1 more reused dependencies)
|     +- run exe generate-parser (parser.zig) (+1 more reused dependencies)
|     +- run exe generate-parser (parser.zig) (+1 more reused dependencies)
|     +- run exe generate-parser (parser.zig) (+1 more reused dependencies)
|     +- run exe generate-parser (parser.zig) (+1 more reused dependencies)
|     +- run exe generate-parser (parser.zig) (+1 more reused dependencies)
|     +- run exe generate-parser (parser.zig) (+1 more reused dependencies)
|     +- run exe generate-parser (parser.zig) (+1 more reused dependencies)
|     +- run exe generate-parser (parser.zig) (+1 more reused dependencies)
|     +- run exe generate-parser (parser.zig) (+1 more reused dependencies)
|     +- run exe generate-parser (parser.zig) (+1 more reused dependencies)
|     +- run exe generate-lexer (lexer.zig) (+1 more reused dependencies)
|     +- run exe generate-parser (parser.zig) (+1 more reused dependencies)
|     +- run exe generate-parser (parser.zig) (+1 more reused dependencies)
|     +- run exe generate-parser (parser.zig) (+1 more reused dependencies)
|     +- run exe generate-parser (parser.zig) (+1 more reused dependencies)
|     +- run exe generate-parser (parser.zig) (+1 more reused dependencies)
|     +- run exe generate-parser (parser.zig) (+1 more reused dependencies)
|     +- run exe generate-parser (parser.zig) (+1 more reused dependencies)
|     +- run exe generate-parser (parser.zig) (+1 more reused dependencies)
|     +- run exe generate-parser (parser.zig) (+1 more reused dependencies)
|     +- run exe generate-parser (parser.zig) (+1 more reused dependencies)
|     +- run exe generate-parser (parser.zig) (+1 more reused dependencies)
|     +- run exe generate-parser (parser.zig) (+1 more reused dependencies)
|     +- run exe generate-parser (parser.zig) (+1 more reused dependencies)
|     +- run exe generate-parser (parser.zig) (+1 more reused dependencies)
|     +- run exe generate-parser (parser.zig) (+1 more reused dependencies)
|     +- run exe generate-parser (parser.zig) (+1 more reused dependencies)
|     +- run exe generate-parser (parser.zig) (+1 more reused dependencies)
|     +- run exe generate-parser (parser.zig) (+1 more reused dependencies)
|     +- run exe generate-parser (parser.zig) (+1 more reused dependencies)
|     +- run exe generate-parser (parser.zig) (+1 more reused dependencies)
|     +- run exe generate-parser (parser.zig) (+1 more reused dependencies)
|     +- run exe generate-parser (parser.zig) (+1 more reused dependencies)
|     +- run exe generate-parser (parser.zig) (+1 more reused dependencies)
|     +- run exe generate-parser (parser.zig) (+1 more reused dependencies)
|     +- run exe generate-parser (parser.zig) (+1 more reused dependencies)
|     +- run exe generate-parser (parser.zig) (+1 more reused dependencies)
|     +- run exe generate-parser (parser.zig) (+1 more reused dependencies)
|     +- run exe generate-parser (parser.zig) (+1 more reused dependencies)
|     +- run exe generate-parser (parser.zig) (+1 more reused dependencies)
|     +- run exe generate-parser (parser.zig) (+1 more reused dependencies)
|     +- run exe generate-parser (parser.zig) (+1 more reused dependencies)
+- run test native-modules-exports 24 pass (24 total) 75ms MaxRSS:12M
   +- compile test native-modules-exports debug native success 13s MaxRSS:1G
      +- WriteFile root.zig (reused)
      +- WriteFile interfaces/0.d.zx (+1 more reused dependencies)
      +- options (reused)
      +- run exe generate-parser (parser.zig) (+1 more reused dependencies)
      +- run exe generate-parser (parser.zig) (+1 more reused dependencies)
      +- run exe generate-parser (parser.zig) (+1 more reused dependencies)
      +- run exe generate-parser (parser.zig) (+1 more reused dependencies)
      +- run exe generate-parser (parser.zig) (+1 more reused dependencies)
      +- run exe generate-parser (parser.zig) (+1 more reused dependencies)
      +- run exe generate-parser (parser.zig) (+1 more reused dependencies)
      +- run exe generate-parser (parser.zig) (+1 more reused dependencies)
      +- run exe generate-parser (parser.zig) (+1 more reused dependencies)
      +- run exe generate-parser (parser.zig) (+1 more reused dependencies)
      +- run exe generate-parser (parser.zig) (+1 more reused dependencies)
      +- run exe generate-parser (parser.zig) (+1 more reused dependencies)
      +- run exe generate-parser (parser.zig) (+1 more reused dependencies)
      +- run exe generate-parser (parser.zig) (+1 more reused dependencies)
      +- run exe generate-parser (parser.zig) (+1 more reused dependencies)
      +- run exe generate-parser (parser.zig) (+1 more reused dependencies)
      +- run exe generate-parser (parser.zig) (+1 more reused dependencies)
      +- run exe generate-parser (parser.zig) (+1 more reused dependencies)
      +- run exe generate-parser (parser.zig) (+1 more reused dependencies)
      +- run exe generate-parser (parser.zig) (+1 more reused dependencies)
      +- run exe generate-parser (parser.zig) (+1 more reused dependencies)
      +- run exe generate-parser (parser.zig) (+1 more reused dependencies)
      +- run exe generate-parser (parser.zig) (+1 more reused dependencies)
      +- run exe generate-parser (parser.zig) (+1 more reused dependencies)
      +- run exe generate-parser (parser.zig) (+1 more reused dependencies)
      +- run exe generate-parser (parser.zig) (+1 more reused dependencies)
      +- run exe generate-parser (parser.zig) (+1 more reused dependencies)
      +- run exe generate-parser (parser.zig) (+1 more reused dependencies)
      +- run exe generate-parser (parser.zig) (+1 more reused dependencies)
      +- run exe generate-parser (parser.zig) (+1 more reused dependencies)
      +- run exe generate-parser (parser.zig) (+1 more reused dependencies)
      +- run exe generate-parser (parser.zig) (+1 more reused dependencies)
      +- run exe generate-parser (parser.zig) (+1 more reused dependencies)
      +- run exe generate-parser (parser.zig) (+1 more reused dependencies)
      +- run exe generate-parser (parser.zig) (+1 more reused dependencies)
      +- run exe generate-parser (parser.zig) (+1 more reused dependencies)
      +- run exe generate-lexer (lexer.zig) (+1 more reused dependencies)
      +- run exe generate-parser (parser.zig) (+1 more reused dependencies)
      +- run exe generate-parser (parser.zig) (+1 more reused dependencies)
      +- run exe generate-parser (parser.zig) (+1 more reused dependencies)
      +- run exe generate-parser (parser.zig) (+1 more reused dependencies)
      +- run exe generate-parser (parser.zig) (+1 more reused dependencies)
      +- run exe generate-parser (parser.zig) (+1 more reused dependencies)
      +- run exe generate-parser (parser.zig) (+1 more reused dependencies)
      +- run exe generate-parser (parser.zig) (+1 more reused dependencies)
      +- run exe generate-parser (parser.zig) (+1 more reused dependencies)
      +- run exe generate-parser (parser.zig) (+1 more reused dependencies)
      +- run exe generate-parser (parser.zig) (+1 more reused dependencies)
      +- run exe generate-parser (parser.zig) (+1 more reused dependencies)
      +- run exe generate-parser (parser.zig) (+1 more reused dependencies)
      +- run exe generate-parser (parser.zig) (+1 more reused dependencies)
      +- run exe generate-parser (parser.zig) (+1 more reused dependencies)
      +- run exe generate-parser (parser.zig) (+1 more reused dependencies)
      +- run exe generate-parser (parser.zig) (+1 more reused dependencies)
      +- run exe generate-parser (parser.zig) (+1 more reused dependencies)
      +- run exe generate-parser (parser.zig) (+1 more reused dependencies)
      +- run exe generate-parser (parser.zig) (+1 more reused dependencies)
      +- run exe generate-parser (parser.zig) (+1 more reused dependencies)
      +- run exe generate-parser (parser.zig) (+1 more reused dependencies)
      +- run exe generate-parser (parser.zig) (+1 more reused dependencies)
      +- run exe generate-parser (parser.zig) (+1 more reused dependencies)
      +- run exe generate-parser (parser.zig) (+1 more reused dependencies)
      +- run exe generate-parser (parser.zig) (+1 more reused dependencies)
      +- run exe generate-parser (parser.zig) (+1 more reused dependencies)
      +- run exe generate-parser (parser.zig) (+1 more reused dependencies)
      +- run exe generate-parser (parser.zig) (+1 more reused dependencies)
      +- run exe generate-parser (parser.zig) (+1 more reused dependencies)
      +- run exe generate-parser (parser.zig) (+1 more reused dependencies)
test-type-parser success
+- test-type-parser-resources success
|  +- run test 3 pass (3 total) 4ms MaxRSS:2M
|  |  +- compile test debug native success 2s MaxRSS:344M
|  |     +- run exe zxc (type_parser_plain.zig) success 3s
|  |        +- compile exe zxc debug native success 26s MaxRSS:3G
|  |           +- WriteFile cached
|  |           +- compile lib yaml debug native cached 40ms MaxRSS:20M
|  |           +- compile lib yaml debug native (reused)
|  |           +- translate-c cached 41ms MaxRSS:20M
|  |           +- options success
|  |           +- run exe bundle-zig (bundle) cached
|  |           |  +- compile exe bundle-zig fast native cached 44ms MaxRSS:21M
|  |           |  +- WriteFile bundle_manifest.json cached
|  |           +- options cached
|  |           +- run exe generate-parser (parser.zig) (+1 more reused dependencies)
|  |           +- run exe generate-parser (parser.zig) (+1 more reused dependencies)
|  |           +- run exe generate-parser (parser.zig) (+1 more reused dependencies)
|  |           +- run exe generate-parser (parser.zig) (+1 more reused dependencies)
|  |           +- run exe generate-parser (parser.zig) (+1 more reused dependencies)
|  |           +- run exe generate-parser (parser.zig) (+1 more reused dependencies)
|  |           +- run exe generate-parser (parser.zig) (+1 more reused dependencies)
|  |           +- WriteFile interfaces/0.d.zx (+1 more reused dependencies)
|  |           +- options (reused)
|  |           +- run exe generate-parser (parser.zig) (+1 more reused dependencies)
|  |           +- run exe generate-parser (parser.zig) (+1 more reused dependencies)
|  |           +- run exe generate-parser (parser.zig) (+1 more reused dependencies)
|  |           +- run exe generate-parser (parser.zig) (+1 more reused dependencies)
|  |           +- run exe generate-parser (parser.zig) (+1 more reused dependencies)
|  |           +- run exe generate-parser (parser.zig) (+1 more reused dependencies)
|  |           +- run exe generate-parser (parser.zig) (+1 more reused dependencies)
|  |           +- run exe generate-parser (parser.zig) (+1 more reused dependencies)
|  |           +- run exe generate-parser (parser.zig) (+1 more reused dependencies)
|  |           +- run exe generate-parser (parser.zig) (+1 more reused dependencies)
|  |           +- run exe generate-parser (parser.zig) (+1 more reused dependencies)
|  |           +- run exe generate-parser (parser.zig) (+1 more reused dependencies)
|  |           +- run exe generate-parser (parser.zig) (+1 more reused dependencies)
|  |           +- run exe generate-parser (parser.zig) (+1 more reused dependencies)
|  |           +- run exe generate-parser (parser.zig) (+1 more reused dependencies)
|  |           +- run exe generate-parser (parser.zig) (+1 more reused dependencies)
|  |           +- run exe generate-parser (parser.zig) (+1 more reused dependencies)
|  |           +- run exe generate-parser (parser.zig) (+1 more reused dependencies)
|  |           +- run exe generate-parser (parser.zig) (+1 more reused dependencies)
|  |           +- run exe generate-parser (parser.zig) (+1 more reused dependencies)
|  |           +- run exe generate-parser (parser.zig) (+1 more reused dependencies)
|  |           +- run exe generate-parser (parser.zig) (+1 more reused dependencies)
|  |           +- run exe generate-parser (parser.zig) (+1 more reused dependencies)
|  |           +- run exe generate-parser (parser.zig) (+1 more reused dependencies)
|  |           +- run exe generate-parser (parser.zig) (+1 more reused dependencies)
|  |           +- run exe generate-parser (parser.zig) (+1 more reused dependencies)
|  |           +- run exe generate-parser (parser.zig) (+1 more reused dependencies)
|  |           +- run exe generate-parser (parser.zig) (+1 more reused dependencies)
|  |           +- run exe generate-parser (parser.zig) (+1 more reused dependencies)
|  |           +- run exe generate-parser (parser.zig) (+1 more reused dependencies)
|  |           +- run exe generate-parser (parser.zig) (+1 more reused dependencies)
|  |           +- run exe generate-parser (parser.zig) (+1 more reused dependencies)
|  |           +- run exe generate-parser (parser.zig) (+1 more reused dependencies)
|  |           +- run exe generate-parser (parser.zig) (+1 more reused dependencies)
|  |           +- run exe generate-parser (parser.zig) (+1 more reused dependencies)
|  |           +- run exe generate-parser (parser.zig) (+1 more reused dependencies)
|  |           +- run exe generate-parser (parser.zig) (+1 more reused dependencies)
|  |           +- run exe generate-lexer (lexer.zig) (+1 more reused dependencies)
|  |           +- run exe generate-parser (parser.zig) (+1 more reused dependencies)
|  |           +- run exe generate-parser (parser.zig) (+1 more reused dependencies)
|  |           +- run exe generate-parser (parser.zig) (+1 more reused dependencies)
|  |           +- run exe generate-parser (parser.zig) (+1 more reused dependencies)
|  |           +- run exe generate-parser (parser.zig) (+1 more reused dependencies)
|  |           +- run exe generate-parser (parser.zig) (+1 more reused dependencies)
|  |           +- run exe generate-parser (parser.zig) (+1 more reused dependencies)
|  |           +- run exe generate-parser (parser.zig) (+1 more reused dependencies)
|  |           +- run exe generate-parser (parser.zig) (+1 more reused dependencies)
|  |           +- run exe generate-parser (parser.zig) (+1 more reused dependencies)
|  |           +- run exe generate-parser (parser.zig) (+1 more reused dependencies)
|  |           +- run exe generate-parser (parser.zig) (+1 more reused dependencies)
|  |           +- run exe generate-parser (parser.zig) (+1 more reused dependencies)
|  |           +- run exe generate-parser (parser.zig) (+1 more reused dependencies)
|  |           +- run exe generate-parser (parser.zig) (+1 more reused dependencies)
|  |           +- run exe generate-parser (parser.zig) (+1 more reused dependencies)
|  |           +- run exe generate-parser (parser.zig) (+1 more reused dependencies)
|  |           +- run exe generate-parser (parser.zig) (+1 more reused dependencies)
|  |           +- run exe generate-parser (parser.zig) (+1 more reused dependencies)
|  |           +- run exe generate-parser (parser.zig) (+1 more reused dependencies)
|  |           +- run exe generate-parser (parser.zig) (+1 more reused dependencies)
|  |           +- run exe generate-parser (parser.zig) (+1 more reused dependencies)
|  |           +- run exe generate-parser (parser.zig) (+1 more reused dependencies)
|  |           +- run exe generate-parser (parser.zig) (+1 more reused dependencies)
|  |           +- run exe generate-parser (parser.zig) (+1 more reused dependencies)
|  |           +- run exe generate-parser (parser.zig) (+1 more reused dependencies)
|  |           +- run exe generate-parser (parser.zig) (+1 more reused dependencies)
|  |           +- run exe generate-parser (parser.zig) (+1 more reused dependencies)
|  |           +- run exe generate-parser (parser.zig) (+1 more reused dependencies)
|  |           +- run exe generate-parser (parser.zig) (+1 more reused dependencies)
|  +- run test 3 pass (3 total) 4ms MaxRSS:2M
|     +- compile test debug native success 2s MaxRSS:383M
|        +- run exe zxc (type_parser_template.zig) success 6s
|           +- compile exe zxc debug native (+84 more reused dependencies)
+- test-type-parser-parity success
   +- run test 3 pass (3 total) 442ms MaxRSS:5M
   |  +- compile test debug native success 2s MaxRSS:448M
   |     +- run exe zxc (type_parser_plain.zig) (+1 more reused dependencies)
   |     +- WriteFile interfaces/0.d.zx (+1 more reused dependencies)
   |     +- options (reused)
   |     +- run exe generate-parser (parser.zig) (+1 more reused dependencies)
   |     +- run exe generate-parser (parser.zig) (+1 more reused dependencies)
   |     +- run exe generate-parser (parser.zig) (+1 more reused dependencies)
   |     +- run exe generate-parser (parser.zig) (+1 more reused dependencies)
   |     +- run exe generate-parser (parser.zig) (+1 more reused dependencies)
   |     +- run exe generate-parser (parser.zig) (+1 more reused dependencies)
   |     +- run exe generate-parser (parser.zig) (+1 more reused dependencies)
   |     +- run exe generate-parser (parser.zig) (+1 more reused dependencies)
   |     +- run exe generate-parser (parser.zig) (+1 more reused dependencies)
   |     +- run exe generate-parser (parser.zig) (+1 more reused dependencies)
   |     +- run exe generate-parser (parser.zig) (+1 more reused dependencies)
   |     +- run exe generate-parser (parser.zig) (+1 more reused dependencies)
   |     +- run exe generate-parser (parser.zig) (+1 more reused dependencies)
   |     +- run exe generate-parser (parser.zig) (+1 more reused dependencies)
   |     +- run exe generate-parser (parser.zig) (+1 more reused dependencies)
   |     +- run exe generate-parser (parser.zig) (+1 more reused dependencies)
   |     +- run exe generate-parser (parser.zig) (+1 more reused dependencies)
   |     +- run exe generate-parser (parser.zig) (+1 more reused dependencies)
   |     +- run exe generate-parser (parser.zig) (+1 more reused dependencies)
   |     +- run exe generate-parser (parser.zig) (+1 more reused dependencies)
   |     +- run exe generate-parser (parser.zig) (+1 more reused dependencies)
   |     +- run exe generate-parser (parser.zig) (+1 more reused dependencies)
   |     +- run exe generate-parser (parser.zig) (+1 more reused dependencies)
   |     +- run exe generate-parser (parser.zig) (+1 more reused dependencies)
   |     +- run exe generate-parser (parser.zig) (+1 more reused dependencies)
   |     +- run exe generate-parser (parser.zig) (+1 more reused dependencies)
   |     +- run exe generate-parser (parser.zig) (+1 more reused dependencies)
   |     +- run exe generate-parser (parser.zig) (+1 more reused dependencies)
   |     +- run exe generate-parser (parser.zig) (+1 more reused dependencies)
   |     +- run exe generate-parser (parser.zig) (+1 more reused dependencies)
   |     +- run exe generate-parser (parser.zig) (+1 more reused dependencies)
   |     +- run exe generate-parser (parser.zig) (+1 more reused dependencies)
   |     +- run exe generate-parser (parser.zig) (+1 more reused dependencies)
   |     +- run exe generate-parser (parser.zig) (+1 more reused dependencies)
   |     +- run exe generate-parser (parser.zig) (+1 more reused dependencies)
   |     +- run exe generate-parser (parser.zig) (+1 more reused dependencies)
   |     +- run exe generate-lexer (lexer.zig) (+1 more reused dependencies)
   |     +- run exe generate-parser (parser.zig) (+1 more reused dependencies)
   |     +- run exe generate-parser (parser.zig) (+1 more reused dependencies)
   |     +- run exe generate-parser (parser.zig) (+1 more reused dependencies)
   |     +- run exe generate-parser (parser.zig) (+1 more reused dependencies)
   |     +- run exe generate-parser (parser.zig) (+1 more reused dependencies)
   |     +- run exe generate-parser (parser.zig) (+1 more reused dependencies)
   |     +- run exe generate-parser (parser.zig) (+1 more reused dependencies)
   |     +- run exe generate-parser (parser.zig) (+1 more reused dependencies)
   |     +- run exe generate-parser (parser.zig) (+1 more reused dependencies)
   |     +- run exe generate-parser (parser.zig) (+1 more reused dependencies)
   |     +- run exe generate-parser (parser.zig) (+1 more reused dependencies)
   |     +- run exe generate-parser (parser.zig) (+1 more reused dependencies)
   |     +- run exe generate-parser (parser.zig) (+1 more reused dependencies)
   |     +- run exe generate-parser (parser.zig) (+1 more reused dependencies)
   |     +- run exe generate-parser (parser.zig) (+1 more reused dependencies)
   |     +- run exe generate-parser (parser.zig) (+1 more reused dependencies)
   |     +- run exe generate-parser (parser.zig) (+1 more reused dependencies)
   |     +- run exe generate-parser (parser.zig) (+1 more reused dependencies)
   |     +- run exe generate-parser (parser.zig) (+1 more reused dependencies)
   |     +- run exe generate-parser (parser.zig) (+1 more reused dependencies)
   |     +- run exe generate-parser (parser.zig) (+1 more reused dependencies)
   |     +- run exe generate-parser (parser.zig) (+1 more reused dependencies)
   |     +- run exe generate-parser (parser.zig) (+1 more reused dependencies)
   |     +- run exe generate-parser (parser.zig) (+1 more reused dependencies)
   |     +- run exe generate-parser (parser.zig) (+1 more reused dependencies)
   |     +- run exe generate-parser (parser.zig) (+1 more reused dependencies)
   |     +- run exe generate-parser (parser.zig) (+1 more reused dependencies)
   |     +- run exe generate-parser (parser.zig) (+1 more reused dependencies)
   |     +- run exe generate-parser (parser.zig) (+1 more reused dependencies)
   |     +- run exe generate-parser (parser.zig) (+1 more reused dependencies)
   |     +- run exe generate-parser (parser.zig) (+1 more reused dependencies)
   +- run test 2 pass (2 total) 2s MaxRSS:2M
   |  +- compile test debug native success 2s MaxRSS:424M
   |     +- run exe zxc (type_parser_plain.zig) (+1 more reused dependencies)
   |     +- WriteFile interfaces/0.d.zx (+1 more reused dependencies)
   |     +- options (reused)
   |     +- run exe generate-parser (parser.zig) (+1 more reused dependencies)
   |     +- run exe generate-parser (parser.zig) (+1 more reused dependencies)
   |     +- run exe generate-parser (parser.zig) (+1 more reused dependencies)
   |     +- run exe generate-parser (parser.zig) (+1 more reused dependencies)
   |     +- run exe generate-parser (parser.zig) (+1 more reused dependencies)
   |     +- run exe generate-parser (parser.zig) (+1 more reused dependencies)
   |     +- run exe generate-parser (parser.zig) (+1 more reused dependencies)
   |     +- run exe generate-parser (parser.zig) (+1 more reused dependencies)
   |     +- run exe generate-parser (parser.zig) (+1 more reused dependencies)
   |     +- run exe generate-parser (parser.zig) (+1 more reused dependencies)
   |     +- run exe generate-parser (parser.zig) (+1 more reused dependencies)
   |     +- run exe generate-parser (parser.zig) (+1 more reused dependencies)
   |     +- run exe generate-parser (parser.zig) (+1 more reused dependencies)
   |     +- run exe generate-parser (parser.zig) (+1 more reused dependencies)
   |     +- run exe generate-parser (parser.zig) (+1 more reused dependencies)
   |     +- run exe generate-parser (parser.zig) (+1 more reused dependencies)
   |     +- run exe generate-parser (parser.zig) (+1 more reused dependencies)
   |     +- run exe generate-parser (parser.zig) (+1 more reused dependencies)
   |     +- run exe generate-parser (parser.zig) (+1 more reused dependencies)
   |     +- run exe generate-parser (parser.zig) (+1 more reused dependencies)
   |     +- run exe generate-parser (parser.zig) (+1 more reused dependencies)
   |     +- run exe generate-parser (parser.zig) (+1 more reused dependencies)
   |     +- run exe generate-parser (parser.zig) (+1 more reused dependencies)
   |     +- run exe generate-parser (parser.zig) (+1 more reused dependencies)
   |     +- run exe generate-parser (parser.zig) (+1 more reused dependencies)
   |     +- run exe generate-parser (parser.zig) (+1 more reused dependencies)
   |     +- run exe generate-parser (parser.zig) (+1 more reused dependencies)
   |     +- run exe generate-parser (parser.zig) (+1 more reused dependencies)
   |     +- run exe generate-parser (parser.zig) (+1 more reused dependencies)
   |     +- run exe generate-parser (parser.zig) (+1 more reused dependencies)
   |     +- run exe generate-parser (parser.zig) (+1 more reused dependencies)
   |     +- run exe generate-parser (parser.zig) (+1 more reused dependencies)
   |     +- run exe generate-parser (parser.zig) (+1 more reused dependencies)
   |     +- run exe generate-parser (parser.zig) (+1 more reused dependencies)
   |     +- run exe generate-parser (parser.zig) (+1 more reused dependencies)
   |     +- run exe generate-parser (parser.zig) (+1 more reused dependencies)
   |     +- run exe generate-lexer (lexer.zig) (+1 more reused dependencies)
   |     +- run exe generate-parser (parser.zig) (+1 more reused dependencies)
   |     +- run exe generate-parser (parser.zig) (+1 more reused dependencies)
   |     +- run exe generate-parser (parser.zig) (+1 more reused dependencies)
   |     +- run exe generate-parser (parser.zig) (+1 more reused dependencies)
   |     +- run exe generate-parser (parser.zig) (+1 more reused dependencies)
   |     +- run exe generate-parser (parser.zig) (+1 more reused dependencies)
   |     +- run exe generate-parser (parser.zig) (+1 more reused dependencies)
   |     +- run exe generate-parser (parser.zig) (+1 more reused dependencies)
   |     +- run exe generate-parser (parser.zig) (+1 more reused dependencies)
   |     +- run exe generate-parser (parser.zig) (+1 more reused dependencies)
   |     +- run exe generate-parser (parser.zig) (+1 more reused dependencies)
   |     +- run exe generate-parser (parser.zig) (+1 more reused dependencies)
   |     +- run exe generate-parser (parser.zig) (+1 more reused dependencies)
   |     +- run exe generate-parser (parser.zig) (+1 more reused dependencies)
   |     +- run exe generate-parser (parser.zig) (+1 more reused dependencies)
   |     +- run exe generate-parser (parser.zig) (+1 more reused dependencies)
   |     +- run exe generate-parser (parser.zig) (+1 more reused dependencies)
   |     +- run exe generate-parser (parser.zig) (+1 more reused dependencies)
   |     +- run exe generate-parser (parser.zig) (+1 more reused dependencies)
   |     +- run exe generate-parser (parser.zig) (+1 more reused dependencies)
   |     +- run exe generate-parser (parser.zig) (+1 more reused dependencies)
   |     +- run exe generate-parser (parser.zig) (+1 more reused dependencies)
   |     +- run exe generate-parser (parser.zig) (+1 more reused dependencies)
   |     +- run exe generate-parser (parser.zig) (+1 more reused dependencies)
   |     +- run exe generate-parser (parser.zig) (+1 more reused dependencies)
   |     +- run exe generate-parser (parser.zig) (+1 more reused dependencies)
   |     +- run exe generate-parser (parser.zig) (+1 more reused dependencies)
   |     +- run exe generate-parser (parser.zig) (+1 more reused dependencies)
   |     +- run exe generate-parser (parser.zig) (+1 more reused dependencies)
   |     +- run exe generate-parser (parser.zig) (+1 more reused dependencies)
   |     +- run exe generate-parser (parser.zig) (+1 more reused dependencies)
   +- run test 3 pass (3 total) 651ms MaxRSS:5M
   |  +- compile test debug native success 2s MaxRSS:480M
   |     +- run exe zxc (type_parser_template.zig) (+1 more reused dependencies)
   |     +- WriteFile interfaces/0.d.zx (+1 more reused dependencies)
   |     +- options (reused)
   |     +- run exe generate-parser (parser.zig) (+1 more reused dependencies)
   |     +- run exe generate-parser (parser.zig) (+1 more reused dependencies)
   |     +- run exe generate-parser (parser.zig) (+1 more reused dependencies)
   |     +- run exe generate-parser (parser.zig) (+1 more reused dependencies)
   |     +- run exe generate-parser (parser.zig) (+1 more reused dependencies)
   |     +- run exe generate-parser (parser.zig) (+1 more reused dependencies)
   |     +- run exe generate-parser (parser.zig) (+1 more reused dependencies)
   |     +- run exe generate-parser (parser.zig) (+1 more reused dependencies)
   |     +- run exe generate-parser (parser.zig) (+1 more reused dependencies)
   |     +- run exe generate-parser (parser.zig) (+1 more reused dependencies)
   |     +- run exe generate-parser (parser.zig) (+1 more reused dependencies)
   |     +- run exe generate-parser (parser.zig) (+1 more reused dependencies)
   |     +- run exe generate-parser (parser.zig) (+1 more reused dependencies)
   |     +- run exe generate-parser (parser.zig) (+1 more reused dependencies)
   |     +- run exe generate-parser (parser.zig) (+1 more reused dependencies)
   |     +- run exe generate-parser (parser.zig) (+1 more reused dependencies)
   |     +- run exe generate-parser (parser.zig) (+1 more reused dependencies)
   |     +- run exe generate-parser (parser.zig) (+1 more reused dependencies)
   |     +- run exe generate-parser (parser.zig) (+1 more reused dependencies)
   |     +- run exe generate-parser (parser.zig) (+1 more reused dependencies)
   |     +- run exe generate-parser (parser.zig) (+1 more reused dependencies)
   |     +- run exe generate-parser (parser.zig) (+1 more reused dependencies)
   |     +- run exe generate-parser (parser.zig) (+1 more reused dependencies)
   |     +- run exe generate-parser (parser.zig) (+1 more reused dependencies)
   |     +- run exe generate-parser (parser.zig) (+1 more reused dependencies)
   |     +- run exe generate-parser (parser.zig) (+1 more reused dependencies)
   |     +- run exe generate-parser (parser.zig) (+1 more reused dependencies)
   |     +- run exe generate-parser (parser.zig) (+1 more reused dependencies)
   |     +- run exe generate-parser (parser.zig) (+1 more reused dependencies)
   |     +- run exe generate-parser (parser.zig) (+1 more reused dependencies)
   |     +- run exe generate-parser (parser.zig) (+1 more reused dependencies)
   |     +- run exe generate-parser (parser.zig) (+1 more reused dependencies)
   |     +- run exe generate-parser (parser.zig) (+1 more reused dependencies)
   |     +- run exe generate-parser (parser.zig) (+1 more reused dependencies)
   |     +- run exe generate-parser (parser.zig) (+1 more reused dependencies)
   |     +- run exe generate-parser (parser.zig) (+1 more reused dependencies)
   |     +- run exe generate-lexer (lexer.zig) (+1 more reused dependencies)
   |     +- run exe generate-parser (parser.zig) (+1 more reused dependencies)
   |     +- run exe generate-parser (parser.zig) (+1 more reused dependencies)
   |     +- run exe generate-parser (parser.zig) (+1 more reused dependencies)
   |     +- run exe generate-parser (parser.zig) (+1 more reused dependencies)
   |     +- run exe generate-parser (parser.zig) (+1 more reused dependencies)
   |     +- run exe generate-parser (parser.zig) (+1 more reused dependencies)
   |     +- run exe generate-parser (parser.zig) (+1 more reused dependencies)
   |     +- run exe generate-parser (parser.zig) (+1 more reused dependencies)
   |     +- run exe generate-parser (parser.zig) (+1 more reused dependencies)
   |     +- run exe generate-parser (parser.zig) (+1 more reused dependencies)
   |     +- run exe generate-parser (parser.zig) (+1 more reused dependencies)
   |     +- run exe generate-parser (parser.zig) (+1 more reused dependencies)
   |     +- run exe generate-parser (parser.zig) (+1 more reused dependencies)
   |     +- run exe generate-parser (parser.zig) (+1 more reused dependencies)
   |     +- run exe generate-parser (parser.zig) (+1 more reused dependencies)
   |     +- run exe generate-parser (parser.zig) (+1 more reused dependencies)
   |     +- run exe generate-parser (parser.zig) (+1 more reused dependencies)
   |     +- run exe generate-parser (parser.zig) (+1 more reused dependencies)
   |     +- run exe generate-parser (parser.zig) (+1 more reused dependencies)
   |     +- run exe generate-parser (parser.zig) (+1 more reused dependencies)
   |     +- run exe generate-parser (parser.zig) (+1 more reused dependencies)
   |     +- run exe generate-parser (parser.zig) (+1 more reused dependencies)
   |     +- run exe generate-parser (parser.zig) (+1 more reused dependencies)
   |     +- run exe generate-parser (parser.zig) (+1 more reused dependencies)
   |     +- run exe generate-parser (parser.zig) (+1 more reused dependencies)
   |     +- run exe generate-parser (parser.zig) (+1 more reused dependencies)
   |     +- run exe generate-parser (parser.zig) (+1 more reused dependencies)
   |     +- run exe generate-parser (parser.zig) (+1 more reused dependencies)
   |     +- run exe generate-parser (parser.zig) (+1 more reused dependencies)
   |     +- run exe generate-parser (parser.zig) (+1 more reused dependencies)
   |     +- run exe generate-parser (parser.zig) (+1 more reused dependencies)
   +- run test 2 pass (2 total) 3s MaxRSS:2M
      +- compile test debug native success 2s MaxRSS:465M
         +- run exe zxc (type_parser_template.zig) (+1 more reused dependencies)
         +- WriteFile interfaces/0.d.zx (+1 more reused dependencies)
         +- options (reused)
         +- run exe generate-parser (parser.zig) (+1 more reused dependencies)
         +- run exe generate-parser (parser.zig) (+1 more reused dependencies)
         +- run exe generate-parser (parser.zig) (+1 more reused dependencies)
         +- run exe generate-parser (parser.zig) (+1 more reused dependencies)
         +- run exe generate-parser (parser.zig) (+1 more reused dependencies)
         +- run exe generate-parser (parser.zig) (+1 more reused dependencies)
         +- run exe generate-parser (parser.zig) (+1 more reused dependencies)
         +- run exe generate-parser (parser.zig) (+1 more reused dependencies)
         +- run exe generate-parser (parser.zig) (+1 more reused dependencies)
         +- run exe generate-parser (parser.zig) (+1 more reused dependencies)
         +- run exe generate-parser (parser.zig) (+1 more reused dependencies)
         +- run exe generate-parser (parser.zig) (+1 more reused dependencies)
         +- run exe generate-parser (parser.zig) (+1 more reused dependencies)
         +- run exe generate-parser (parser.zig) (+1 more reused dependencies)
         +- run exe generate-parser (parser.zig) (+1 more reused dependencies)
         +- run exe generate-parser (parser.zig) (+1 more reused dependencies)
         +- run exe generate-parser (parser.zig) (+1 more reused dependencies)
         +- run exe generate-parser (parser.zig) (+1 more reused dependencies)
         +- run exe generate-parser (parser.zig) (+1 more reused dependencies)
         +- run exe generate-parser (parser.zig) (+1 more reused dependencies)
         +- run exe generate-parser (parser.zig) (+1 more reused dependencies)
         +- run exe generate-parser (parser.zig) (+1 more reused dependencies)
         +- run exe generate-parser (parser.zig) (+1 more reused dependencies)
         +- run exe generate-parser (parser.zig) (+1 more reused dependencies)
         +- run exe generate-parser (parser.zig) (+1 more reused dependencies)
         +- run exe generate-parser (parser.zig) (+1 more reused dependencies)
         +- run exe generate-parser (parser.zig) (+1 more reused dependencies)
         +- run exe generate-parser (parser.zig) (+1 more reused dependencies)
         +- run exe generate-parser (parser.zig) (+1 more reused dependencies)
         +- run exe generate-parser (parser.zig) (+1 more reused dependencies)
         +- run exe generate-parser (parser.zig) (+1 more reused dependencies)
         +- run exe generate-parser (parser.zig) (+1 more reused dependencies)
         +- run exe generate-parser (parser.zig) (+1 more reused dependencies)
         +- run exe generate-parser (parser.zig) (+1 more reused dependencies)
         +- run exe generate-parser (parser.zig) (+1 more reused dependencies)
         +- run exe generate-parser (parser.zig) (+1 more reused dependencies)
         +- run exe generate-lexer (lexer.zig) (+1 more reused dependencies)
         +- run exe generate-parser (parser.zig) (+1 more reused dependencies)
         +- run exe generate-parser (parser.zig) (+1 more reused dependencies)
         +- run exe generate-parser (parser.zig) (+1 more reused dependencies)
         +- run exe generate-parser (parser.zig) (+1 more reused dependencies)
         +- run exe generate-parser (parser.zig) (+1 more reused dependencies)
         +- run exe generate-parser (parser.zig) (+1 more reused dependencies)
         +- run exe generate-parser (parser.zig) (+1 more reused dependencies)
         +- run exe generate-parser (parser.zig) (+1 more reused dependencies)
         +- run exe generate-parser (parser.zig) (+1 more reused dependencies)
         +- run exe generate-parser (parser.zig) (+1 more reused dependencies)
         +- run exe generate-parser (parser.zig) (+1 more reused dependencies)
         +- run exe generate-parser (parser.zig) (+1 more reused dependencies)
         +- run exe generate-parser (parser.zig) (+1 more reused dependencies)
         +- run exe generate-parser (parser.zig) (+1 more reused dependencies)
         +- run exe generate-parser (parser.zig) (+1 more reused dependencies)
         +- run exe generate-parser (parser.zig) (+1 more reused dependencies)
         +- run exe generate-parser (parser.zig) (+1 more reused dependencies)
         +- run exe generate-parser (parser.zig) (+1 more reused dependencies)
         +- run exe generate-parser (parser.zig) (+1 more reused dependencies)
         +- run exe generate-parser (parser.zig) (+1 more reused dependencies)
         +- run exe generate-parser (parser.zig) (+1 more reused dependencies)
         +- run exe generate-parser (parser.zig) (+1 more reused dependencies)
         +- run exe generate-parser (parser.zig) (+1 more reused dependencies)
         +- run exe generate-parser (parser.zig) (+1 more reused dependencies)
         +- run exe generate-parser (parser.zig) (+1 more reused dependencies)
         +- run exe generate-parser (parser.zig) (+1 more reused dependencies)
         +- run exe generate-parser (parser.zig) (+1 more reused dependencies)
         +- run exe generate-parser (parser.zig) (+1 more reused dependencies)
         +- run exe generate-parser (parser.zig) (+1 more reused dependencies)
         +- run exe generate-parser (parser.zig) (+1 more reused dependencies)
         +- run exe generate-parser (parser.zig) (+1 more reused dependencies)
test-expression-preparation success
+- test-expression-preparation-semantics success
|  +- run test 4 pass (4 total) 1s MaxRSS:2M
|  |  +- compile test debug native success 2s MaxRSS:362M
|  |     +- run exe zxc (expression_preparation_direct.zig) success 5s
|  |     |  +- compile exe zxc debug native (+84 more reused dependencies)
|  |     +- run exe generate-lexer (lexer.zig) (+1 more reused dependencies)
|  +- run test 4 pass (4 total) 1s MaxRSS:2M
|     +- compile test debug native success 2s MaxRSS:384M
|        +- run exe zxc (expression_preparation_module.zig) success 5s
|        |  +- compile exe zxc debug native (+84 more reused dependencies)
|        +- run exe generate-lexer (lexer.zig) (+1 more reused dependencies)
+- test-expression-preparation-resources success
   +- run test 5 pass (5 total) 8ms MaxRSS:3M
   |  +- compile test debug native success 2s MaxRSS:363M
   |     +- run exe zxc (expression_preparation_direct.zig) (+1 more reused dependencies)
   +- run test 5 pass (5 total) 8ms MaxRSS:3M
      +- compile test debug native success 2s MaxRSS:364M
         +- run exe zxc (expression_preparation_module.zig) (+1 more reused dependencies)
test-template-preparation success
+- test-template-preparation-resources success
|  +- run test 4 pass (4 total) 7ms MaxRSS:2M
|  |  +- compile test debug native success 2s MaxRSS:364M
|  |     +- run exe zxc (template_preparation_direct.zig) success 4s
|  |        +- compile exe zxc debug native (+84 more reused dependencies)
|  +- run test 4 pass (4 total) 7ms MaxRSS:2M
|     +- compile test debug native success 2s MaxRSS:364M
|        +- run exe zxc (template_preparation_module.zig) success 4s
|           +- compile exe zxc debug native (+84 more reused dependencies)
+- test-template-preparation-semantics success
   +- run test 2 pass (2 total) 37ms MaxRSS:2M
   |  +- compile test debug native success 2s MaxRSS:378M
   |     +- run exe zxc (template_preparation_direct.zig) (+1 more reused dependencies)
   |     +- run exe generate-lexer (lexer.zig) (+1 more reused dependencies)
   +- run test 2 pass (2 total) 35ms MaxRSS:2M
      +- compile test debug native success 2s MaxRSS:382M
         +- run exe zxc (template_preparation_module.zig) (+1 more reused dependencies)
         +- run exe generate-lexer (lexer.zig) (+1 more reused dependencies)
