Build Summary: 36/36 steps succeeded
install success
+- compile exe dsl-rules safe native cached 40ms MaxRSS:21M
+- compile test safe native success 10s MaxRSS:558M
|  +- options cached
|  +- run exe generate-parser (parser.zig) success 19s
|  |  +- compile exe generate-parser safe native cached 45ms MaxRSS:21M
|  |     +- options cached
|  |     +- WriteFile interfaces/0.d.zx cached
|  |     |  +- run exe standard-catalog (catalog.zig) cached
|  |     |     +- compile exe standard-catalog fast native cached 45ms MaxRSS:21M
|  |     |     +- WriteFile catalog.json cached
|  |     +- options cached
|  +- run exe generate-parser (parser.zig) (+1 more reused dependencies)
|  +- run exe generate-parser (parser.zig) (+1 more reused dependencies)
|  +- run exe generate-parser (parser.zig) (+1 more reused dependencies)
|  +- run exe generate-parser (parser.zig) (+1 more reused dependencies)
|  +- run exe generate-parser (parser.zig) (+1 more reused dependencies)
|  +- run exe generate-parser (parser.zig) (+1 more reused dependencies)
|  +- WriteFile interfaces/0.d.zx cached
|  |  +- run exe standard-catalog (catalog.zig) cached
|  |     +- compile exe standard-catalog fast native cached 45ms MaxRSS:21M
|  |     +- WriteFile catalog.json cached
|  +- options cached
|  +- run exe generate-parser (parser.zig) (+1 more reused dependencies)
|  +- run exe generate-parser (parser.zig) (+1 more reused dependencies)
|  +- run exe generate-parser (parser.zig) (+1 more reused dependencies)
|  +- run exe generate-parser (parser.zig) (+1 more reused dependencies)
|  +- run exe generate-parser (parser.zig) (+1 more reused dependencies)
|  +- run exe generate-parser (parser.zig) (+1 more reused dependencies)
|  +- run exe generate-parser (parser.zig) (+1 more reused dependencies)
|  +- run exe generate-parser (parser.zig) (+1 more reused dependencies)
|  +- run exe generate-parser (parser.zig) (+1 more reused dependencies)
|  +- run exe generate-parser (parser.zig) (+1 more reused dependencies)
|  +- run exe generate-parser (parser.zig) (+1 more reused dependencies)
|  +- run exe generate-parser (parser.zig) (+1 more reused dependencies)
|  +- run exe generate-parser (parser.zig) (+1 more reused dependencies)
|  +- run exe generate-parser (parser.zig) (+1 more reused dependencies)
|  +- run exe generate-parser (parser.zig) (+1 more reused dependencies)
|  +- run exe generate-parser (parser.zig) (+1 more reused dependencies)
|  +- run exe generate-parser (parser.zig) (+1 more reused dependencies)
|  +- run exe generate-parser (parser.zig) (+1 more reused dependencies)
|  +- run exe generate-parser (parser.zig) (+1 more reused dependencies)
|  +- run exe generate-parser (parser.zig) (+1 more reused dependencies)
|  +- run exe generate-parser (parser.zig) (+1 more reused dependencies)
|  +- run exe generate-parser (parser.zig) (+1 more reused dependencies)
|  +- run exe generate-parser (parser.zig) (+1 more reused dependencies)
|  +- run exe generate-parser (parser.zig) (+1 more reused dependencies)
|  +- run exe generate-parser (parser.zig) (+1 more reused dependencies)
|  +- run exe generate-parser (parser.zig) (+1 more reused dependencies)
|  +- run exe generate-parser (parser.zig) (+1 more reused dependencies)
|  +- run exe generate-parser (parser.zig) (+1 more reused dependencies)
|  +- run exe generate-parser (parser.zig) (+1 more reused dependencies)
|  +- run exe generate-parser (parser.zig) (+1 more reused dependencies)
|  +- run exe generate-parser (parser.zig) (+1 more reused dependencies)
|  +- run exe generate-parser (parser.zig) (+1 more reused dependencies)
|  +- run exe generate-parser (parser.zig) (+1 more reused dependencies)
|  +- run exe generate-parser (parser.zig) (+1 more reused dependencies)
|  +- run exe generate-parser (parser.zig) (+1 more reused dependencies)
|  +- run exe generate-parser (parser.zig) (+1 more reused dependencies)
|  +- run exe generate-lexer (lexer.zig) cached
|  |  +- compile exe generate-lexer safe native cached 46ms MaxRSS:21M
|  |     +- options cached
|  |     +- WriteFile interfaces/0.d.zx cached
|  |     |  +- run exe standard-catalog (catalog.zig) cached
|  |     |     +- compile exe standard-catalog fast native cached 45ms MaxRSS:21M
|  |     |     +- WriteFile catalog.json cached
|  |     +- options cached
|  +- run exe generate-parser (parser.zig) (+1 more reused dependencies)
|  +- run exe generate-parser (parser.zig) (+1 more reused dependencies)
|  +- run exe generate-parser (parser.zig) (+1 more reused dependencies)
|  +- run exe generate-parser (parser.zig) (+1 more reused dependencies)
|  +- run exe generate-parser (parser.zig) (+1 more reused dependencies)
|  +- run exe generate-parser (parser.zig) (+1 more reused dependencies)
|  +- run exe generate-parser (parser.zig) (+1 more reused dependencies)
|  +- run exe generate-parser (parser.zig) (+1 more reused dependencies)
|  +- run exe generate-parser (parser.zig) (+1 more reused dependencies)
|  +- run exe generate-parser (parser.zig) (+1 more reused dependencies)
|  +- run exe generate-parser (parser.zig) (+1 more reused dependencies)
|  +- run exe generate-parser (parser.zig) (+1 more reused dependencies)
|  +- run exe generate-parser (parser.zig) (+1 more reused dependencies)
|  +- run exe generate-parser (parser.zig) (+1 more reused dependencies)
|  +- run exe generate-parser (parser.zig) (+1 more reused dependencies)
|  +- run exe generate-parser (parser.zig) (+1 more reused dependencies)
|  +- run exe generate-parser (parser.zig) (+1 more reused dependencies)
|  +- run exe generate-parser (parser.zig) (+1 more reused dependencies)
|  +- run exe generate-parser (parser.zig) (+1 more reused dependencies)
|  +- run exe generate-parser (parser.zig) (+1 more reused dependencies)
|  +- run exe generate-parser (parser.zig) (+1 more reused dependencies)
|  +- run exe generate-parser (parser.zig) (+1 more reused dependencies)
|  +- run exe generate-parser (parser.zig) (+1 more reused dependencies)
|  +- run exe generate-parser (parser.zig) (+1 more reused dependencies)
|  +- run exe generate-parser (parser.zig) (+1 more reused dependencies)
|  +- run exe generate-parser (parser.zig) (+1 more reused dependencies)
|  +- run exe generate-parser (parser.zig) (+1 more reused dependencies)
|  +- run exe generate-parser (parser.zig) (+1 more reused dependencies)
|  +- run exe generate-parser (parser.zig) (+1 more reused dependencies)
|  +- run exe generate-parser (parser.zig) (+1 more reused dependencies)
|  +- run exe generate-parser (parser.zig) (+1 more reused dependencies)
+- install zxc success
|  +- compile exe zxc safe native success 2m MaxRSS:4G
|     +- WriteFile cached
|     +- compile lib yaml safe native cached 42ms MaxRSS:20M
|     +- compile lib yaml safe native (reused)
|     +- translate-c cached 42ms MaxRSS:20M
|     +- options success
|     +- run exe bundle-zig (bundle) cached
|     |  +- compile exe bundle-zig fast native cached 43ms MaxRSS:21M
|     |  +- WriteFile bundle_manifest.json cached
|     +- options (reused)
|     +- run exe generate-parser (parser.zig) (+1 more reused dependencies)
|     +- run exe generate-parser (parser.zig) (+1 more reused dependencies)
|     +- run exe generate-parser (parser.zig) (+1 more reused dependencies)
|     +- run exe generate-parser (parser.zig) (+1 more reused dependencies)
|     +- run exe generate-parser (parser.zig) (+1 more reused dependencies)
|     +- run exe generate-parser (parser.zig) (+1 more reused dependencies)
|     +- run exe generate-parser (parser.zig) (+1 more reused dependencies)
|     +- WriteFile interfaces/0.d.zx (+1 more reused dependencies)
|     +- options (reused)
|     +- run exe generate-parser (parser.zig) (+1 more reused dependencies)
|     +- run exe generate-parser (parser.zig) (+1 more reused dependencies)
|     +- run exe generate-parser (parser.zig) (+1 more reused dependencies)
|     +- run exe generate-parser (parser.zig) (+1 more reused dependencies)
|     +- run exe generate-parser (parser.zig) (+1 more reused dependencies)
|     +- run exe generate-parser (parser.zig) (+1 more reused dependencies)
|     +- run exe generate-parser (parser.zig) (+1 more reused dependencies)
|     +- run exe generate-parser (parser.zig) (+1 more reused dependencies)
|     +- run exe generate-parser (parser.zig) (+1 more reused dependencies)
|     +- run exe generate-parser (parser.zig) (+1 more reused dependencies)
|     +- run exe generate-parser (parser.zig) (+1 more reused dependencies)
|     +- run exe generate-parser (parser.zig) (+1 more reused dependencies)
|     +- run exe generate-parser (parser.zig) (+1 more reused dependencies)
|     +- run exe generate-parser (parser.zig) (+1 more reused dependencies)
|     +- run exe generate-parser (parser.zig) (+1 more reused dependencies)
|     +- run exe generate-parser (parser.zig) (+1 more reused dependencies)
|     +- run exe generate-parser (parser.zig) (+1 more reused dependencies)
|     +- run exe generate-parser (parser.zig) (+1 more reused dependencies)
|     +- run exe generate-parser (parser.zig) (+1 more reused dependencies)
|     +- run exe generate-parser (parser.zig) (+1 more reused dependencies)
|     +- run exe generate-parser (parser.zig) (+1 more reused dependencies)
|     +- run exe generate-parser (parser.zig) (+1 more reused dependencies)
|     +- run exe generate-parser (parser.zig) (+1 more reused dependencies)
|     +- run exe generate-parser (parser.zig) (+1 more reused dependencies)
|     +- run exe generate-parser (parser.zig) (+1 more reused dependencies)
|     +- run exe generate-parser (parser.zig) (+1 more reused dependencies)
|     +- run exe generate-parser (parser.zig) (+1 more reused dependencies)
|     +- run exe generate-parser (parser.zig) (+1 more reused dependencies)
|     +- run exe generate-parser (parser.zig) (+1 more reused dependencies)
|     +- run exe generate-parser (parser.zig) (+1 more reused dependencies)
|     +- run exe generate-parser (parser.zig) (+1 more reused dependencies)
|     +- run exe generate-parser (parser.zig) (+1 more reused dependencies)
|     +- run exe generate-parser (parser.zig) (+1 more reused dependencies)
|     +- run exe generate-parser (parser.zig) (+1 more reused dependencies)
|     +- run exe generate-parser (parser.zig) (+1 more reused dependencies)
|     +- run exe generate-parser (parser.zig) (+1 more reused dependencies)
|     +- run exe generate-parser (parser.zig) (+1 more reused dependencies)
|     +- run exe generate-lexer (lexer.zig) (+1 more reused dependencies)
|     +- run exe generate-parser (parser.zig) (+1 more reused dependencies)
|     +- run exe generate-parser (parser.zig) (+1 more reused dependencies)
|     +- run exe generate-parser (parser.zig) (+1 more reused dependencies)
|     +- run exe generate-parser (parser.zig) (+1 more reused dependencies)
|     +- run exe generate-parser (parser.zig) (+1 more reused dependencies)
|     +- run exe generate-parser (parser.zig) (+1 more reused dependencies)
|     +- run exe generate-parser (parser.zig) (+1 more reused dependencies)
|     +- run exe generate-parser (parser.zig) (+1 more reused dependencies)
|     +- run exe generate-parser (parser.zig) (+1 more reused dependencies)
|     +- run exe generate-parser (parser.zig) (+1 more reused dependencies)
|     +- run exe generate-parser (parser.zig) (+1 more reused dependencies)
|     +- run exe generate-parser (parser.zig) (+1 more reused dependencies)
|     +- run exe generate-parser (parser.zig) (+1 more reused dependencies)
|     +- run exe generate-parser (parser.zig) (+1 more reused dependencies)
|     +- run exe generate-parser (parser.zig) (+1 more reused dependencies)
|     +- run exe generate-parser (parser.zig) (+1 more reused dependencies)
|     +- run exe generate-parser (parser.zig) (+1 more reused dependencies)
|     +- run exe generate-parser (parser.zig) (+1 more reused dependencies)
|     +- run exe generate-parser (parser.zig) (+1 more reused dependencies)
|     +- run exe generate-parser (parser.zig) (+1 more reused dependencies)
|     +- run exe generate-parser (parser.zig) (+1 more reused dependencies)
|     +- run exe generate-parser (parser.zig) (+1 more reused dependencies)
|     +- run exe generate-parser (parser.zig) (+1 more reused dependencies)
|     +- run exe generate-parser (parser.zig) (+1 more reused dependencies)
|     +- run exe generate-parser (parser.zig) (+1 more reused dependencies)
|     +- run exe generate-parser (parser.zig) (+1 more reused dependencies)
|     +- run exe generate-parser (parser.zig) (+1 more reused dependencies)
|     +- run exe generate-parser (parser.zig) (+1 more reused dependencies)
|     +- run exe generate-parser (parser.zig) (+1 more reused dependencies)
|     +- run exe generate-parser (parser.zig) (+1 more reused dependencies)
+- install dependency to share/zxc/licenses/libyaml.txt cached
+- install build/toolchain/license.txt to share/zxc/licenses/zig.txt cached
