1/9 root.test.empty native predicates preserve identities and never call the host...OK
2/9 root.test.native predicates stop at the first decisive result...OK
3/9 root.test.native predicates preserve all true and all false call counts...OK
4/9 root.test.native predicates use callback order independently of element values...OK
5/9 root.test.native predicates propagate every reachable host failure...OK
6/9 root.test.native predicates do not execute errors beyond the decisive result...OK
7/9 root.test.native predicates scale without allocating a result container...OK
8/9 root.test.native predicates need no allocator for scalar callback execution...OK
9/9 root.test.native predicates keep scalar results independent across repeated calls...OK
All 9 tests passed.
✔ native collection predicate runtime ./tests/collections/predicates/root.zig (safe) (13874.046822ms)
ℹ tests 1
ℹ suites 0
ℹ pass 1
ℹ fail 0
ℹ cancelled 0
ℹ skipped 0
ℹ todo 0
ℹ duration_ms 13879.981955
1/9 root.test.empty native predicates preserve identities and never call the host...OK
2/9 root.test.native predicates stop at the first decisive result...OK
3/9 root.test.native predicates preserve all true and all false call counts...OK
4/9 root.test.native predicates use callback order independently of element values...OK
5/9 root.test.native predicates propagate every reachable host failure...OK
6/9 root.test.native predicates do not execute errors beyond the decisive result...OK
7/9 root.test.native predicates scale without allocating a result container...OK
8/9 root.test.native predicates need no allocator for scalar callback execution...OK
9/9 root.test.native predicates keep scalar results independent across repeated calls...OK
All 9 tests passed.
✔ native collection predicate runtime ./tests/collections/predicates/root.zig (safe) (13452.131943ms)
ℹ tests 1
ℹ suites 0
ℹ pass 1
ℹ fail 0
ℹ cancelled 0
ℹ skipped 0
ℹ todo 0
ℹ duration_ms 13456.780529
1/9 root.test.empty native predicates preserve identities and never call the host...OK
2/9 root.test.native predicates stop at the first decisive result...OK
3/9 root.test.native predicates preserve all true and all false call counts...OK
4/9 root.test.native predicates use callback order independently of element values...OK
5/9 root.test.native predicates propagate every reachable host failure...OK
6/9 root.test.native predicates do not execute errors beyond the decisive result...OK
7/9 root.test.native predicates scale without allocating a result container...OK
8/9 root.test.native predicates need no allocator for scalar callback execution...OK
9/9 root.test.native predicates keep scalar results independent across repeated calls...OK
All 9 tests passed.
✔ native collection predicate runtime ./tests/collections/predicates/root.zig (safe) (11634.198737ms)
ℹ tests 1
ℹ suites 0
ℹ pass 1
ℹ fail 0
ℹ cancelled 0
ℹ skipped 0
ℹ todo 0
ℹ duration_ms 11638.365402
1/9 root.test.empty native predicates preserve identities and never call the host...OK
2/9 root.test.native predicates stop at the first decisive result...OK
3/9 root.test.native predicates preserve all true and all false call counts...OK
4/9 root.test.native predicates use callback order independently of element values...OK
5/9 root.test.native predicates propagate every reachable host failure...OK
6/9 root.test.native predicates do not execute errors beyond the decisive result...OK
7/9 root.test.native predicates scale without allocating a result container...OK
8/9 root.test.native predicates need no allocator for scalar callback execution...OK
9/9 root.test.native predicates keep scalar results independent across repeated calls...OK
All 9 tests passed.
✔ native collection predicate runtime ./tests/collections/predicates/root.zig (safe) (8179.50919ms)
ℹ tests 1
ℹ suites 0
ℹ pass 1
ℹ fail 0
ℹ cancelled 0
ℹ skipped 0
ℹ todo 0
ℹ duration_ms 8183.530765
✔ loop public library relocation and compiled manifest republication preserve returned aliases (115353.113586ms)
ℹ tests 1
ℹ suites 0
ℹ pass 1
ℹ fail 0
ℹ cancelled 0
ℹ skipped 0
ℹ todo 0
ℹ duration_ms 115356.303516
Build Summary: 331/331 steps succeeded; 572/572 tests passed
test-modular-loop success
+- run test modular-loop-simple-source 6 pass (6 total) 3ms MaxRSS:1M
|  +- compile test modular-loop-simple-source safe native success 15s MaxRSS:411M
|     +- run exe compile-modular-loop (source.zig) success 7ms
|     |  +- compile exe compile-modular-loop safe native success 58s MaxRSS:1G
|     |     +- WriteFile interfaces/0.d.zx success
|     |     |  +- run exe standard-catalog (catalog.zig) success 2ms
|     |     |     +- compile exe standard-catalog fast native cached 7s MaxRSS:21M
|     |     |     +- WriteFile catalog.json cached
|     |     +- options cached
|     |     +- run exe generate-parser (parser.zig) success 2s
|     |     |  +- compile exe generate-parser safe native success 29s MaxRSS:829M
|     |     |     +- options cached
|     |     |     +- WriteFile interfaces/0.d.zx cached
|     |     |     |  +- run exe standard-catalog (catalog.zig) cached
|     |     |     |     +- compile exe standard-catalog fast native success 7s MaxRSS:326M
|     |     |     |     +- WriteFile catalog.json cached
|     |     |     +- options cached
|     |     +- run exe generate-parser (parser.zig) (+1 more reused dependencies)
|     |     +- run exe generate-parser (parser.zig) (+1 more reused dependencies)
|     |     +- run exe generate-parser (parser.zig) (+1 more reused dependencies)
|     |     +- run exe generate-parser (parser.zig) (+1 more reused dependencies)
|     |     +- run exe generate-parser (parser.zig) (+1 more reused dependencies)
|     |     +- run exe generate-parser (parser.zig) (+1 more reused dependencies)
|     |     +- run exe generate-parser (parser.zig) (+1 more reused dependencies)
|     |     +- run exe generate-parser (parser.zig) (+1 more reused dependencies)
|     |     +- run exe generate-parser (parser.zig) (+1 more reused dependencies)
|     |     +- run exe generate-parser (parser.zig) (+1 more reused dependencies)
|     |     +- run exe generate-parser (parser.zig) (+1 more reused dependencies)
|     |     +- run exe generate-parser (parser.zig) (+1 more reused dependencies)
|     |     +- run exe generate-parser (parser.zig) (+1 more reused dependencies)
|     |     +- run exe generate-parser (parser.zig) (+1 more reused dependencies)
|     |     +- run exe generate-parser (parser.zig) (+1 more reused dependencies)
|     |     +- run exe generate-parser (parser.zig) (+1 more reused dependencies)
|     |     +- run exe generate-parser (parser.zig) (+1 more reused dependencies)
|     |     +- run exe generate-parser (parser.zig) (+1 more reused dependencies)
|     |     +- run exe generate-lexer (lexer.zig) success 16ms
|     |     |  +- compile exe generate-lexer safe native success 24s MaxRSS:752M
|     |     |     +- WriteFile interfaces/0.d.zx cached
|     |     |     |  +- run exe standard-catalog (catalog.zig) cached
|     |     |     |     +- compile exe standard-catalog fast native cached 7s MaxRSS:21M
|     |     |     |     +- WriteFile catalog.json cached
|     |     |     +- options cached
|     |     +- run exe generate-parser (parser.zig) (+1 more reused dependencies)
|     |     +- run exe generate-parser (parser.zig) (+1 more reused dependencies)
|     |     +- run exe generate-parser (parser.zig) (+1 more reused dependencies)
|     |     +- run exe generate-parser (parser.zig) (+1 more reused dependencies)
|     |     +- run exe generate-parser (parser.zig) (+1 more reused dependencies)
|     |     +- run exe generate-parser (parser.zig) (+1 more reused dependencies)
|     |     +- run exe generate-parser (parser.zig) (+1 more reused dependencies)
|     |     +- run exe generate-parser (parser.zig) (+1 more reused dependencies)
|     |     +- run exe generate-parser (parser.zig) (+1 more reused dependencies)
|     |     +- run exe generate-parser (parser.zig) (+1 more reused dependencies)
|     |     +- run exe generate-parser (parser.zig) (+1 more reused dependencies)
|     |     +- run exe generate-parser (parser.zig) (+1 more reused dependencies)
|     |     +- run exe generate-parser (parser.zig) (+1 more reused dependencies)
|     |     +- run exe generate-parser (parser.zig) (+1 more reused dependencies)
|     +- options cached
|     +- run exe compile-modular-loop (source.zig) (+1 more reused dependencies)
+- run test modular-loop-simple-library 6 pass (6 total) 4ms MaxRSS:1M
|  +- compile test modular-loop-simple-library safe native success 15s MaxRSS:430M
|     +- run exe compile-modular-loop (source.zig) (+1 more reused dependencies)
|     +- options cached
|     +- run exe compile-modular-loop (source.zig) (+1 more reused dependencies)
+- run test modular-loop-branch-source 6 pass (6 total) 3ms MaxRSS:1M
|  +- compile test modular-loop-branch-source safe native success 15s MaxRSS:401M
|     +- run exe compile-modular-loop (source.zig) success 8ms
|     |  +- compile exe compile-modular-loop safe native (+36 more reused dependencies)
|     +- options cached
|     +- run exe compile-modular-loop (source.zig) (+1 more reused dependencies)
+- run test modular-loop-branch-library 6 pass (6 total) 4ms MaxRSS:1M
|  +- compile test modular-loop-branch-library safe native success 15s MaxRSS:435M
|     +- run exe compile-modular-loop (source.zig) (+1 more reused dependencies)
|     +- options cached
|     +- run exe compile-modular-loop (source.zig) (+1 more reused dependencies)
+- run test modular-loop-switch-source 6 pass (6 total) 3ms MaxRSS:1M
|  +- compile test modular-loop-switch-source safe native success 15s MaxRSS:423M
|     +- run exe compile-modular-loop (source.zig) success 9ms
|     |  +- compile exe compile-modular-loop safe native (+36 more reused dependencies)
|     +- options cached
|     +- run exe compile-modular-loop (source.zig) (+1 more reused dependencies)
+- run test modular-loop-switch-library 6 pass (6 total) 4ms MaxRSS:1M
|  +- compile test modular-loop-switch-library safe native success 15s MaxRSS:421M
|     +- run exe compile-modular-loop (source.zig) (+1 more reused dependencies)
|     +- options cached
|     +- run exe compile-modular-loop (source.zig) (+1 more reused dependencies)
+- run test modular-loop-chain-source 6 pass (6 total) 4ms MaxRSS:1M
|  +- compile test modular-loop-chain-source safe native success 15s MaxRSS:415M
|     +- run exe compile-modular-loop (source.zig) success 7ms
|     |  +- compile exe compile-modular-loop safe native (+36 more reused dependencies)
|     +- options cached
|     +- run exe compile-modular-loop (source.zig) (+1 more reused dependencies)
+- run test modular-loop-chain-library 6 pass (6 total) 3ms MaxRSS:1M
|  +- compile test modular-loop-chain-library safe native success 15s MaxRSS:428M
|     +- run exe compile-modular-loop (source.zig) (+1 more reused dependencies)
|     +- options cached
|     +- run exe compile-modular-loop (source.zig) (+1 more reused dependencies)
+- run test modular-loop-bounds-source 7 pass (7 total) 4ms MaxRSS:1M
|  +- compile test modular-loop-bounds-source safe native success 15s MaxRSS:421M
|     +- run exe compile-modular-loop (source.zig) success 7ms
|     |  +- compile exe compile-modular-loop safe native (+36 more reused dependencies)
|     +- options cached
|     +- run exe compile-modular-loop (source.zig) (+1 more reused dependencies)
+- run test modular-loop-bounds-library 7 pass (7 total) 3ms MaxRSS:1M
|  +- compile test modular-loop-bounds-library safe native success 15s MaxRSS:416M
|     +- run exe compile-modular-loop (source.zig) (+1 more reused dependencies)
|     +- options cached
|     +- run exe compile-modular-loop (source.zig) (+1 more reused dependencies)
+- run test modular-loop-effects-source 11 pass (11 total) 4ms MaxRSS:1M
|  +- compile test modular-loop-effects-source safe native success 15s MaxRSS:422M
|     +- run exe compile-modular-loop (source.zig) success 7ms
|     |  +- compile exe compile-modular-loop safe native (+36 more reused dependencies)
|     +- options cached
|     +- run exe compile-modular-loop (source.zig) (+1 more reused dependencies)
+- run test modular-loop-effects-library 11 pass (11 total) 5ms MaxRSS:1M
|  +- compile test modular-loop-effects-library safe native success 15s MaxRSS:433M
|     +- run exe compile-modular-loop (source.zig) (+1 more reused dependencies)
|     +- options cached
|     +- run exe compile-modular-loop (source.zig) (+1 more reused dependencies)
+- run test modular-loop-nested-source 6 pass (6 total) 4ms MaxRSS:1M
|  +- compile test modular-loop-nested-source safe native success 15s MaxRSS:410M
|     +- run exe compile-modular-loop (source.zig) success 7ms
|     |  +- compile exe compile-modular-loop safe native (+36 more reused dependencies)
|     +- options cached
|     +- run exe compile-modular-loop (source.zig) (+1 more reused dependencies)
+- run test modular-loop-nested-library 6 pass (6 total) 4ms MaxRSS:1M
|  +- compile test modular-loop-nested-library safe native success 14s MaxRSS:432M
|     +- run exe compile-modular-loop (source.zig) (+1 more reused dependencies)
|     +- options cached
|     +- run exe compile-modular-loop (source.zig) (+1 more reused dependencies)
+- run test modular-loop-escaping-source 6 pass (6 total) 4ms MaxRSS:1M
|  +- compile test modular-loop-escaping-source safe native success 15s MaxRSS:426M
|     +- run exe compile-modular-loop (source.zig) success 6ms
|     |  +- compile exe compile-modular-loop safe native (+36 more reused dependencies)
|     +- options cached
|     +- run exe compile-modular-loop (source.zig) (+1 more reused dependencies)
+- run test modular-loop-escaping-library 6 pass (6 total) 4ms MaxRSS:1M
|  +- compile test modular-loop-escaping-library safe native success 15s MaxRSS:406M
|     +- run exe compile-modular-loop (source.zig) (+1 more reused dependencies)
|     +- options cached
|     +- run exe compile-modular-loop (source.zig) (+1 more reused dependencies)
+- run test modular-loop-changed-source 6 pass (6 total) 4ms MaxRSS:1M
|  +- compile test modular-loop-changed-source safe native success 15s MaxRSS:426M
|     +- run exe compile-modular-loop (source.zig) success 7ms
|     |  +- compile exe compile-modular-loop safe native (+36 more reused dependencies)
|     +- options cached
|     +- run exe compile-modular-loop (source.zig) (+1 more reused dependencies)
+- run test modular-loop-changed-library 6 pass (6 total) 4ms MaxRSS:1M
|  +- compile test modular-loop-changed-library safe native success 15s MaxRSS:423M
|     +- run exe compile-modular-loop (source.zig) (+1 more reused dependencies)
|     +- options cached
|     +- run exe compile-modular-loop (source.zig) (+1 more reused dependencies)
+- run test modular-loop-generation 3 pass (3 total) 361ms MaxRSS:4M
   +- compile test modular-loop-generation safe native success 56s MaxRSS:1G
      +- WriteFile interfaces/0.d.zx (+1 more reused dependencies)
      +- options (reused)
      +- run exe generate-parser (parser.zig) (+1 more reused dependencies)
      +- run exe generate-parser (parser.zig) (+1 more reused dependencies)
      +- run exe generate-parser (parser.zig) (+1 more reused dependencies)
      +- run exe generate-parser (parser.zig) (+1 more reused dependencies)
      +- run exe generate-parser (parser.zig) (+1 more reused dependencies)
      +- run exe generate-parser (parser.zig) (+1 more reused dependencies)
      +- run exe generate-parser (parser.zig) (+1 more reused dependencies)
      +- run exe generate-parser (parser.zig) (+1 more reused dependencies)
      +- run exe generate-parser (parser.zig) (+1 more reused dependencies)
      +- run exe generate-parser (parser.zig) (+1 more reused dependencies)
      +- run exe generate-parser (parser.zig) (+1 more reused dependencies)
      +- run exe generate-parser (parser.zig) (+1 more reused dependencies)
      +- run exe generate-parser (parser.zig) (+1 more reused dependencies)
      +- run exe generate-parser (parser.zig) (+1 more reused dependencies)
      +- run exe generate-parser (parser.zig) (+1 more reused dependencies)
      +- run exe generate-parser (parser.zig) (+1 more reused dependencies)
      +- run exe generate-parser (parser.zig) (+1 more reused dependencies)
      +- run exe generate-parser (parser.zig) (+1 more reused dependencies)
      +- run exe generate-parser (parser.zig) (+1 more reused dependencies)
      +- run exe generate-lexer (lexer.zig) (+1 more reused dependencies)
      +- run exe generate-parser (parser.zig) (+1 more reused dependencies)
      +- run exe generate-parser (parser.zig) (+1 more reused dependencies)
      +- run exe generate-parser (parser.zig) (+1 more reused dependencies)
      +- run exe generate-parser (parser.zig) (+1 more reused dependencies)
      +- run exe generate-parser (parser.zig) (+1 more reused dependencies)
      +- run exe generate-parser (parser.zig) (+1 more reused dependencies)
      +- run exe generate-parser (parser.zig) (+1 more reused dependencies)
      +- run exe generate-parser (parser.zig) (+1 more reused dependencies)
      +- run exe generate-parser (parser.zig) (+1 more reused dependencies)
      +- run exe generate-parser (parser.zig) (+1 more reused dependencies)
      +- run exe generate-parser (parser.zig) (+1 more reused dependencies)
      +- run exe generate-parser (parser.zig) (+1 more reused dependencies)
      +- run exe generate-parser (parser.zig) (+1 more reused dependencies)
      +- run exe generate-parser (parser.zig) (+1 more reused dependencies)
test-aggregate-loop success
+- run test aggregate-loop-stack-source 7 pass (7 total) 5ms MaxRSS:1M
|  +- compile test aggregate-loop-stack-source safe native success 14s MaxRSS:441M
|     +- run exe compile-aggregate-loop (source.zig) success 7ms
|     |  +- compile exe compile-aggregate-loop safe native success 58s MaxRSS:1G
|     |     +- WriteFile interfaces/0.d.zx (+1 more reused dependencies)
|     |     +- options (reused)
|     |     +- run exe generate-parser (parser.zig) (+1 more reused dependencies)
|     |     +- run exe generate-parser (parser.zig) (+1 more reused dependencies)
|     |     +- run exe generate-parser (parser.zig) (+1 more reused dependencies)
|     |     +- run exe generate-parser (parser.zig) (+1 more reused dependencies)
|     |     +- run exe generate-parser (parser.zig) (+1 more reused dependencies)
|     |     +- run exe generate-parser (parser.zig) (+1 more reused dependencies)
|     |     +- run exe generate-parser (parser.zig) (+1 more reused dependencies)
|     |     +- run exe generate-parser (parser.zig) (+1 more reused dependencies)
|     |     +- run exe generate-parser (parser.zig) (+1 more reused dependencies)
|     |     +- run exe generate-parser (parser.zig) (+1 more reused dependencies)
|     |     +- run exe generate-parser (parser.zig) (+1 more reused dependencies)
|     |     +- run exe generate-parser (parser.zig) (+1 more reused dependencies)
|     |     +- run exe generate-parser (parser.zig) (+1 more reused dependencies)
|     |     +- run exe generate-parser (parser.zig) (+1 more reused dependencies)
|     |     +- run exe generate-parser (parser.zig) (+1 more reused dependencies)
|     |     +- run exe generate-parser (parser.zig) (+1 more reused dependencies)
|     |     +- run exe generate-parser (parser.zig) (+1 more reused dependencies)
|     |     +- run exe generate-parser (parser.zig) (+1 more reused dependencies)
|     |     +- run exe generate-parser (parser.zig) (+1 more reused dependencies)
|     |     +- run exe generate-lexer (lexer.zig) (+1 more reused dependencies)
|     |     +- run exe generate-parser (parser.zig) (+1 more reused dependencies)
|     |     +- run exe generate-parser (parser.zig) (+1 more reused dependencies)
|     |     +- run exe generate-parser (parser.zig) (+1 more reused dependencies)
|     |     +- run exe generate-parser (parser.zig) (+1 more reused dependencies)
|     |     +- run exe generate-parser (parser.zig) (+1 more reused dependencies)
|     |     +- run exe generate-parser (parser.zig) (+1 more reused dependencies)
|     |     +- run exe generate-parser (parser.zig) (+1 more reused dependencies)
|     |     +- run exe generate-parser (parser.zig) (+1 more reused dependencies)
|     |     +- run exe generate-parser (parser.zig) (+1 more reused dependencies)
|     |     +- run exe generate-parser (parser.zig) (+1 more reused dependencies)
|     |     +- run exe generate-parser (parser.zig) (+1 more reused dependencies)
|     |     +- run exe generate-parser (parser.zig) (+1 more reused dependencies)
|     |     +- run exe generate-parser (parser.zig) (+1 more reused dependencies)
|     |     +- run exe generate-parser (parser.zig) (+1 more reused dependencies)
|     +- options cached
|     +- run exe compile-aggregate-loop (source.zig) (+1 more reused dependencies)
+- run test aggregate-loop-stack-library 7 pass (7 total) 4ms MaxRSS:1M
|  +- compile test aggregate-loop-stack-library safe native success 13s MaxRSS:435M
|     +- run exe compile-aggregate-loop (source.zig) (+1 more reused dependencies)
|     +- options cached
|     +- run exe compile-aggregate-loop (source.zig) (+1 more reused dependencies)
+- run test aggregate-loop-nested-source 5 pass (5 total) 3ms MaxRSS:1M
|  +- compile test aggregate-loop-nested-source safe native success 14s MaxRSS:420M
|     +- run exe compile-aggregate-loop (source.zig) success 9ms
|     |  +- compile exe compile-aggregate-loop safe native (+36 more reused dependencies)
|     +- options cached
|     +- run exe compile-aggregate-loop (source.zig) (+1 more reused dependencies)
+- run test aggregate-loop-nested-library 5 pass (5 total) 2ms MaxRSS:1M
|  +- compile test aggregate-loop-nested-library safe native success 13s MaxRSS:432M
|     +- run exe compile-aggregate-loop (source.zig) (+1 more reused dependencies)
|     +- options cached
|     +- run exe compile-aggregate-loop (source.zig) (+1 more reused dependencies)
+- run test aggregate-loop-two_lanes-source 7 pass (7 total) 7ms MaxRSS:1M
|  +- compile test aggregate-loop-two_lanes-source safe native success 14s MaxRSS:434M
|     +- run exe compile-aggregate-loop (source.zig) success 7ms
|     |  +- compile exe compile-aggregate-loop safe native (+36 more reused dependencies)
|     +- options cached
|     +- run exe compile-aggregate-loop (source.zig) (+1 more reused dependencies)
+- run test aggregate-loop-two_lanes-library 7 pass (7 total) 3ms MaxRSS:1M
|  +- compile test aggregate-loop-two_lanes-library safe native success 13s MaxRSS:423M
|     +- run exe compile-aggregate-loop (source.zig) (+1 more reused dependencies)
|     +- options cached
|     +- run exe compile-aggregate-loop (source.zig) (+1 more reused dependencies)
+- run test aggregate-loop-bounds-source 7 pass (7 total) 5ms MaxRSS:1M
|  +- compile test aggregate-loop-bounds-source safe native success 14s MaxRSS:428M
|     +- run exe compile-aggregate-loop (source.zig) success 7ms
|     |  +- compile exe compile-aggregate-loop safe native (+36 more reused dependencies)
|     +- options cached
|     +- run exe compile-aggregate-loop (source.zig) (+1 more reused dependencies)
+- run test aggregate-loop-bounds-library 7 pass (7 total) 4ms MaxRSS:1M
|  +- compile test aggregate-loop-bounds-library safe native success 13s MaxRSS:430M
|     +- run exe compile-aggregate-loop (source.zig) (+1 more reused dependencies)
|     +- options cached
|     +- run exe compile-aggregate-loop (source.zig) (+1 more reused dependencies)
+- run test aggregate-loop-old_list-source 7 pass (7 total) 4ms MaxRSS:1M
|  +- compile test aggregate-loop-old_list-source safe native success 13s MaxRSS:419M
|     +- run exe compile-aggregate-loop (source.zig) success 6ms
|     |  +- compile exe compile-aggregate-loop safe native (+36 more reused dependencies)
|     +- options cached
|     +- run exe compile-aggregate-loop (source.zig) (+1 more reused dependencies)
+- run test aggregate-loop-old_list-library 7 pass (7 total) 8ms MaxRSS:1M
|  +- compile test aggregate-loop-old_list-library safe native success 14s MaxRSS:431M
|     +- run exe compile-aggregate-loop (source.zig) (+1 more reused dependencies)
|     +- options cached
|     +- run exe compile-aggregate-loop (source.zig) (+1 more reused dependencies)
+- run test aggregate-loop-call-source 7 pass (7 total) 4ms MaxRSS:1M
|  +- compile test aggregate-loop-call-source safe native success 13s MaxRSS:418M
|     +- run exe compile-aggregate-loop (source.zig) success 6ms
|     |  +- compile exe compile-aggregate-loop safe native (+36 more reused dependencies)
|     +- options cached
|     +- run exe compile-aggregate-loop (source.zig) (+1 more reused dependencies)
+- run test aggregate-loop-call-library 7 pass (7 total) 4ms MaxRSS:1M
|  +- compile test aggregate-loop-call-library safe native success 14s MaxRSS:427M
|     +- run exe compile-aggregate-loop (source.zig) (+1 more reused dependencies)
|     +- options cached
|     +- run exe compile-aggregate-loop (source.zig) (+1 more reused dependencies)
+- run test aggregate-loop-escaping-source 5 pass (5 total) 3ms MaxRSS:1M
|  +- compile test aggregate-loop-escaping-source safe native success 14s MaxRSS:439M
|     +- run exe compile-aggregate-loop (source.zig) success 6ms
|     |  +- compile exe compile-aggregate-loop safe native (+36 more reused dependencies)
|     +- options cached
|     +- run exe compile-aggregate-loop (source.zig) (+1 more reused dependencies)
+- run test aggregate-loop-escaping-library 5 pass (5 total) 3ms MaxRSS:1M
|  +- compile test aggregate-loop-escaping-library safe native success 13s MaxRSS:391M
|     +- run exe compile-aggregate-loop (source.zig) (+1 more reused dependencies)
|     +- options cached
|     +- run exe compile-aggregate-loop (source.zig) (+1 more reused dependencies)
+- run test aggregate-loop-consumer-source 6 pass (6 total) 4ms MaxRSS:1M
|  +- compile test aggregate-loop-consumer-source safe native success 14s MaxRSS:413M
|     +- run exe compile-aggregate-loop (source.zig) success 5ms
|     |  +- compile exe compile-aggregate-loop safe native (+36 more reused dependencies)
|     +- options cached
|     +- run exe compile-aggregate-loop (source.zig) (+1 more reused dependencies)
+- run test aggregate-loop-consumer-library 6 pass (6 total) 3ms MaxRSS:1M
   +- compile test aggregate-loop-consumer-library safe native success 13s MaxRSS:439M
      +- run exe compile-aggregate-loop (source.zig) (+1 more reused dependencies)
      +- options cached
      +- run exe compile-aggregate-loop (source.zig) (+1 more reused dependencies)
test-iterate-calls success
+- run test 1 pass (1 total) 1s MaxRSS:4M
|  +- compile test safe native success 1m MaxRSS:1G
|     +- WriteFile interfaces/0.d.zx (+1 more reused dependencies)
|     +- options (reused)
|     +- run exe generate-parser (parser.zig) (+1 more reused dependencies)
|     +- run exe generate-parser (parser.zig) (+1 more reused dependencies)
|     +- run exe generate-parser (parser.zig) (+1 more reused dependencies)
|     +- run exe generate-parser (parser.zig) (+1 more reused dependencies)
|     +- run exe generate-parser (parser.zig) (+1 more reused dependencies)
|     +- run exe generate-parser (parser.zig) (+1 more reused dependencies)
|     +- run exe generate-parser (parser.zig) (+1 more reused dependencies)
|     +- run exe generate-parser (parser.zig) (+1 more reused dependencies)
|     +- run exe generate-parser (parser.zig) (+1 more reused dependencies)
|     +- run exe generate-parser (parser.zig) (+1 more reused dependencies)
|     +- run exe generate-parser (parser.zig) (+1 more reused dependencies)
|     +- run exe generate-parser (parser.zig) (+1 more reused dependencies)
|     +- run exe generate-parser (parser.zig) (+1 more reused dependencies)
|     +- run exe generate-parser (parser.zig) (+1 more reused dependencies)
|     +- run exe generate-parser (parser.zig) (+1 more reused dependencies)
|     +- run exe generate-parser (parser.zig) (+1 more reused dependencies)
|     +- run exe generate-parser (parser.zig) (+1 more reused dependencies)
|     +- run exe generate-parser (parser.zig) (+1 more reused dependencies)
|     +- run exe generate-parser (parser.zig) (+1 more reused dependencies)
|     +- run exe generate-lexer (lexer.zig) (+1 more reused dependencies)
|     +- run exe generate-parser (parser.zig) (+1 more reused dependencies)
|     +- run exe generate-parser (parser.zig) (+1 more reused dependencies)
|     +- run exe generate-parser (parser.zig) (+1 more reused dependencies)
|     +- run exe generate-parser (parser.zig) (+1 more reused dependencies)
|     +- run exe generate-parser (parser.zig) (+1 more reused dependencies)
|     +- run exe generate-parser (parser.zig) (+1 more reused dependencies)
|     +- run exe generate-parser (parser.zig) (+1 more reused dependencies)
|     +- run exe generate-parser (parser.zig) (+1 more reused dependencies)
|     +- run exe generate-parser (parser.zig) (+1 more reused dependencies)
|     +- run exe generate-parser (parser.zig) (+1 more reused dependencies)
|     +- run exe generate-parser (parser.zig) (+1 more reused dependencies)
|     +- run exe generate-parser (parser.zig) (+1 more reused dependencies)
|     +- run exe generate-parser (parser.zig) (+1 more reused dependencies)
|     +- run exe generate-parser (parser.zig) (+1 more reused dependencies)
+- run test iterate-calls-identity-source 10 pass (10 total) 4ms MaxRSS:1M
|  +- compile test iterate-calls-identity-source safe native success 13s MaxRSS:417M
|     +- run exe compile-iterate-calls (source.zig) success 7ms
|     |  +- compile exe compile-iterate-calls safe native success 1m MaxRSS:1G
|     |     +- WriteFile interfaces/0.d.zx (+1 more reused dependencies)
|     |     +- options (reused)
|     |     +- run exe generate-parser (parser.zig) (+1 more reused dependencies)
|     |     +- run exe generate-parser (parser.zig) (+1 more reused dependencies)
|     |     +- run exe generate-parser (parser.zig) (+1 more reused dependencies)
|     |     +- run exe generate-parser (parser.zig) (+1 more reused dependencies)
|     |     +- run exe generate-parser (parser.zig) (+1 more reused dependencies)
|     |     +- run exe generate-parser (parser.zig) (+1 more reused dependencies)
|     |     +- run exe generate-parser (parser.zig) (+1 more reused dependencies)
|     |     +- run exe generate-parser (parser.zig) (+1 more reused dependencies)
|     |     +- run exe generate-parser (parser.zig) (+1 more reused dependencies)
|     |     +- run exe generate-parser (parser.zig) (+1 more reused dependencies)
|     |     +- run exe generate-parser (parser.zig) (+1 more reused dependencies)
|     |     +- run exe generate-parser (parser.zig) (+1 more reused dependencies)
|     |     +- run exe generate-parser (parser.zig) (+1 more reused dependencies)
|     |     +- run exe generate-parser (parser.zig) (+1 more reused dependencies)
|     |     +- run exe generate-parser (parser.zig) (+1 more reused dependencies)
|     |     +- run exe generate-parser (parser.zig) (+1 more reused dependencies)
|     |     +- run exe generate-parser (parser.zig) (+1 more reused dependencies)
|     |     +- run exe generate-parser (parser.zig) (+1 more reused dependencies)
|     |     +- run exe generate-parser (parser.zig) (+1 more reused dependencies)
|     |     +- run exe generate-lexer (lexer.zig) (+1 more reused dependencies)
|     |     +- run exe generate-parser (parser.zig) (+1 more reused dependencies)
|     |     +- run exe generate-parser (parser.zig) (+1 more reused dependencies)
|     |     +- run exe generate-parser (parser.zig) (+1 more reused dependencies)
|     |     +- run exe generate-parser (parser.zig) (+1 more reused dependencies)
|     |     +- run exe generate-parser (parser.zig) (+1 more reused dependencies)
|     |     +- run exe generate-parser (parser.zig) (+1 more reused dependencies)
|     |     +- run exe generate-parser (parser.zig) (+1 more reused dependencies)
|     |     +- run exe generate-parser (parser.zig) (+1 more reused dependencies)
|     |     +- run exe generate-parser (parser.zig) (+1 more reused dependencies)
|     |     +- run exe generate-parser (parser.zig) (+1 more reused dependencies)
|     |     +- run exe generate-parser (parser.zig) (+1 more reused dependencies)
|     |     +- run exe generate-parser (parser.zig) (+1 more reused dependencies)
|     |     +- run exe generate-parser (parser.zig) (+1 more reused dependencies)
|     |     +- run exe generate-parser (parser.zig) (+1 more reused dependencies)
|     +- options cached
|     +- run exe compile-iterate-calls (source.zig) (+1 more reused dependencies)
+- run test iterate-calls-identity-library 10 pass (10 total) 3ms MaxRSS:1M
|  +- compile test iterate-calls-identity-library safe native success 13s MaxRSS:410M
|     +- run exe compile-iterate-calls (source.zig) (+1 more reused dependencies)
|     +- options cached
|     +- run exe compile-iterate-calls (source.zig) (+1 more reused dependencies)
+- run test iterate-calls-child-source 10 pass (10 total) 3ms MaxRSS:1M
|  +- compile test iterate-calls-child-source safe native success 13s MaxRSS:423M
|     +- run exe compile-iterate-calls (source.zig) success 6ms
|     |  +- compile exe compile-iterate-calls safe native (+36 more reused dependencies)
|     +- options cached
|     +- run exe compile-iterate-calls (source.zig) (+1 more reused dependencies)
+- run test iterate-calls-child-library 10 pass (10 total) 3ms MaxRSS:1M
|  +- compile test iterate-calls-child-library safe native success 13s MaxRSS:414M
|     +- run exe compile-iterate-calls (source.zig) (+1 more reused dependencies)
|     +- options cached
|     +- run exe compile-iterate-calls (source.zig) (+1 more reused dependencies)
+- run test iterate-calls-pair-source 8 pass (8 total) 3ms MaxRSS:1M
|  +- compile test iterate-calls-pair-source safe native success 13s MaxRSS:417M
|     +- run exe compile-iterate-calls (source.zig) success 7ms
|     |  +- compile exe compile-iterate-calls safe native (+36 more reused dependencies)
|     +- options cached
|     +- run exe compile-iterate-calls (source.zig) (+1 more reused dependencies)
+- run test iterate-calls-pair-library 8 pass (8 total) 3ms MaxRSS:1M
|  +- compile test iterate-calls-pair-library safe native success 13s MaxRSS:422M
|     +- run exe compile-iterate-calls (source.zig) (+1 more reused dependencies)
|     +- options cached
|     +- run exe compile-iterate-calls (source.zig) (+1 more reused dependencies)
+- run test iterate-calls-branch_return-source 10 pass (10 total) 3ms MaxRSS:1M
|  +- compile test iterate-calls-branch_return-source safe native success 13s MaxRSS:417M
|     +- run exe compile-iterate-calls (source.zig) success 7ms
|     |  +- compile exe compile-iterate-calls safe native (+36 more reused dependencies)
|     +- options cached
|     +- run exe compile-iterate-calls (source.zig) (+1 more reused dependencies)
+- run test iterate-calls-branch_return-library 10 pass (10 total) 2ms MaxRSS:1M
|  +- compile test iterate-calls-branch_return-library safe native success 13s MaxRSS:418M
|     +- run exe compile-iterate-calls (source.zig) (+1 more reused dependencies)
|     +- options cached
|     +- run exe compile-iterate-calls (source.zig) (+1 more reused dependencies)
+- run test iterate-calls-tuple_identity-source 10 pass (10 total) 3ms MaxRSS:1M
|  +- compile test iterate-calls-tuple_identity-source safe native success 13s MaxRSS:421M
|     +- run exe compile-iterate-calls (source.zig) success 7ms
|     |  +- compile exe compile-iterate-calls safe native (+36 more reused dependencies)
|     +- options cached
|     +- run exe compile-iterate-calls (source.zig) (+1 more reused dependencies)
+- run test iterate-calls-tuple_identity-library 10 pass (10 total) 4ms MaxRSS:1M
|  +- compile test iterate-calls-tuple_identity-library safe native success 13s MaxRSS:436M
|     +- run exe compile-iterate-calls (source.zig) (+1 more reused dependencies)
|     +- options cached
|     +- run exe compile-iterate-calls (source.zig) (+1 more reused dependencies)
+- run test iterate-calls-list_alias-source 11 pass (11 total) 2ms MaxRSS:1M
|  +- compile test iterate-calls-list_alias-source safe native success 13s MaxRSS:424M
|     +- run exe compile-iterate-calls (source.zig) success 8ms
|     |  +- compile exe compile-iterate-calls safe native (+36 more reused dependencies)
|     +- options cached
|     +- run exe compile-iterate-calls (source.zig) (+1 more reused dependencies)
+- run test iterate-calls-list_alias-library 11 pass (11 total) 3ms MaxRSS:1M
|  +- compile test iterate-calls-list_alias-library safe native success 13s MaxRSS:422M
|     +- run exe compile-iterate-calls (source.zig) (+1 more reused dependencies)
|     +- options cached
|     +- run exe compile-iterate-calls (source.zig) (+1 more reused dependencies)
+- test-iterate-calls-cli success
   +- run node success 1m
      +- compile exe zxc safe native success 2m MaxRSS:3G
         +- WriteFile cached
         +- compile lib yaml safe native cached 42ms MaxRSS:20M
         +- compile lib yaml safe native (reused)
         +- translate-c cached 42ms MaxRSS:20M
         +- options success
         +- run exe bundle-zig (bundle) success 55ms
         |  +- compile exe bundle-zig fast native success 26s MaxRSS:968M
         |  +- WriteFile bundle_manifest.json cached
         +- options cached
         +- run exe generate-parser (parser.zig) (+1 more reused dependencies)
         +- run exe generate-parser (parser.zig) (+1 more reused dependencies)
         +- run exe generate-parser (parser.zig) (+1 more reused dependencies)
         +- run exe generate-parser (parser.zig) (+1 more reused dependencies)
         +- run exe generate-parser (parser.zig) (+1 more reused dependencies)
         +- run exe generate-parser (parser.zig) (+1 more reused dependencies)
         +- run exe generate-parser (parser.zig) (+1 more reused dependencies)
         +- WriteFile interfaces/0.d.zx (+1 more reused dependencies)
         +- options (reused)
         +- run exe generate-parser (parser.zig) (+1 more reused dependencies)
         +- run exe generate-parser (parser.zig) (+1 more reused dependencies)
         +- run exe generate-parser (parser.zig) (+1 more reused dependencies)
         +- run exe generate-parser (parser.zig) (+1 more reused dependencies)
         +- run exe generate-parser (parser.zig) (+1 more reused dependencies)
         +- run exe generate-parser (parser.zig) (+1 more reused dependencies)
         +- run exe generate-parser (parser.zig) (+1 more reused dependencies)
         +- run exe generate-parser (parser.zig) (+1 more reused dependencies)
         +- run exe generate-parser (parser.zig) (+1 more reused dependencies)
         +- run exe generate-parser (parser.zig) (+1 more reused dependencies)
         +- run exe generate-parser (parser.zig) (+1 more reused dependencies)
         +- run exe generate-parser (parser.zig) (+1 more reused dependencies)
         +- run exe generate-parser (parser.zig) (+1 more reused dependencies)
         +- run exe generate-parser (parser.zig) (+1 more reused dependencies)
         +- run exe generate-parser (parser.zig) (+1 more reused dependencies)
         +- run exe generate-parser (parser.zig) (+1 more reused dependencies)
         +- run exe generate-parser (parser.zig) (+1 more reused dependencies)
         +- run exe generate-parser (parser.zig) (+1 more reused dependencies)
         +- run exe generate-parser (parser.zig) (+1 more reused dependencies)
         +- run exe generate-parser (parser.zig) (+1 more reused dependencies)
         +- run exe generate-lexer (lexer.zig) (+1 more reused dependencies)
         +- run exe generate-parser (parser.zig) (+1 more reused dependencies)
         +- run exe generate-parser (parser.zig) (+1 more reused dependencies)
         +- run exe generate-parser (parser.zig) (+1 more reused dependencies)
         +- run exe generate-parser (parser.zig) (+1 more reused dependencies)
         +- run exe generate-parser (parser.zig) (+1 more reused dependencies)
         +- run exe generate-parser (parser.zig) (+1 more reused dependencies)
         +- run exe generate-parser (parser.zig) (+1 more reused dependencies)
         +- run exe generate-parser (parser.zig) (+1 more reused dependencies)
         +- run exe generate-parser (parser.zig) (+1 more reused dependencies)
         +- run exe generate-parser (parser.zig) (+1 more reused dependencies)
         +- run exe generate-parser (parser.zig) (+1 more reused dependencies)
         +- run exe generate-parser (parser.zig) (+1 more reused dependencies)
         +- run exe generate-parser (parser.zig) (+1 more reused dependencies)
test-iterate-buffer success
+- run test 6 pass (6 total) 2ms MaxRSS:1M
|  +- compile test safe native success 10s MaxRSS:359M
|     +- run exe zxc (program.zig) success 4ms
|     |  +- compile exe zxc safe native (+50 more reused dependencies)
|     +- options cached
+- run test 6 pass (6 total) 2ms MaxRSS:1M
|  +- compile test safe native success 11s MaxRSS:360M
|     +- run exe zxc (program.zig) success 4ms
|     |  +- compile exe zxc safe native (+50 more reused dependencies)
|     +- options cached
+- run test 6 pass (6 total) 2ms MaxRSS:1M
|  +- compile test safe native success 10s MaxRSS:367M
|     +- run exe zxc (program.zig) success 4ms
|     |  +- compile exe zxc safe native (+50 more reused dependencies)
|     +- options cached
+- run test 6 pass (6 total) 2ms MaxRSS:1M
|  +- compile test safe native success 10s MaxRSS:374M
|     +- run exe zxc (program.zig) success 4ms
|     |  +- compile exe zxc safe native (+50 more reused dependencies)
|     +- options cached
+- run test 6 pass (6 total) 3ms MaxRSS:2M
|  +- compile test safe native success 10s MaxRSS:366M
|     +- run exe zxc (program.zig) success 4ms
|     |  +- compile exe zxc safe native (+50 more reused dependencies)
|     +- options cached
+- run test 6 pass (6 total) 3ms MaxRSS:2M
|  +- compile test safe native success 10s MaxRSS:354M
|     +- run exe zxc (program.zig) success 4ms
|     |  +- compile exe zxc safe native (+50 more reused dependencies)
|     +- options cached
+- run test 6 pass (6 total) 2ms MaxRSS:1M
|  +- compile test safe native success 10s MaxRSS:352M
|     +- run exe zxc (program.zig) success 4ms
|     |  +- compile exe zxc safe native (+50 more reused dependencies)
|     +- options cached
+- run test 6 pass (6 total) 2ms MaxRSS:1M
|  +- compile test safe native success 10s MaxRSS:364M
|     +- run exe zxc (program.zig) success 5ms
|     |  +- compile exe zxc safe native (+50 more reused dependencies)
|     +- options cached
+- run test 6 pass (6 total) 2ms MaxRSS:1M
|  +- compile test safe native success 10s MaxRSS:354M
|     +- run exe zxc (program.zig) success 5ms
|     |  +- compile exe zxc safe native (+50 more reused dependencies)
|     +- options cached
+- run test 6 pass (6 total) 2ms MaxRSS:1M
|  +- compile test safe native success 10s MaxRSS:357M
|     +- run exe zxc (program.zig) success 4ms
|     |  +- compile exe zxc safe native (+50 more reused dependencies)
|     +- options cached
+- run test 6 pass (6 total) 2ms MaxRSS:1M
   +- compile test safe native success 10s MaxRSS:353M
      +- run exe zxc (program.zig) success 4ms
      |  +- compile exe zxc safe native (+50 more reused dependencies)
      +- options cached
test-detached-reader success
+- run test detached-reader-object-source 8 pass (8 total) 5ms MaxRSS:1M
|  +- compile test detached-reader-object-source safe native success 13s MaxRSS:431M
|     +- run exe compile-detached-reader (source.zig) success 7ms
|     |  +- compile exe compile-detached-reader safe native success 1m MaxRSS:1G
|     |     +- WriteFile interfaces/0.d.zx (+1 more reused dependencies)
|     |     +- options (reused)
|     |     +- run exe generate-parser (parser.zig) (+1 more reused dependencies)
|     |     +- run exe generate-parser (parser.zig) (+1 more reused dependencies)
|     |     +- run exe generate-parser (parser.zig) (+1 more reused dependencies)
|     |     +- run exe generate-parser (parser.zig) (+1 more reused dependencies)
|     |     +- run exe generate-parser (parser.zig) (+1 more reused dependencies)
|     |     +- run exe generate-parser (parser.zig) (+1 more reused dependencies)
|     |     +- run exe generate-parser (parser.zig) (+1 more reused dependencies)
|     |     +- run exe generate-parser (parser.zig) (+1 more reused dependencies)
|     |     +- run exe generate-parser (parser.zig) (+1 more reused dependencies)
|     |     +- run exe generate-parser (parser.zig) (+1 more reused dependencies)
|     |     +- run exe generate-parser (parser.zig) (+1 more reused dependencies)
|     |     +- run exe generate-parser (parser.zig) (+1 more reused dependencies)
|     |     +- run exe generate-parser (parser.zig) (+1 more reused dependencies)
|     |     +- run exe generate-parser (parser.zig) (+1 more reused dependencies)
|     |     +- run exe generate-parser (parser.zig) (+1 more reused dependencies)
|     |     +- run exe generate-parser (parser.zig) (+1 more reused dependencies)
|     |     +- run exe generate-parser (parser.zig) (+1 more reused dependencies)
|     |     +- run exe generate-parser (parser.zig) (+1 more reused dependencies)
|     |     +- run exe generate-parser (parser.zig) (+1 more reused dependencies)
|     |     +- run exe generate-lexer (lexer.zig) (+1 more reused dependencies)
|     |     +- run exe generate-parser (parser.zig) (+1 more reused dependencies)
|     |     +- run exe generate-parser (parser.zig) (+1 more reused dependencies)
|     |     +- run exe generate-parser (parser.zig) (+1 more reused dependencies)
|     |     +- run exe generate-parser (parser.zig) (+1 more reused dependencies)
|     |     +- run exe generate-parser (parser.zig) (+1 more reused dependencies)
|     |     +- run exe generate-parser (parser.zig) (+1 more reused dependencies)
|     |     +- run exe generate-parser (parser.zig) (+1 more reused dependencies)
|     |     +- run exe generate-parser (parser.zig) (+1 more reused dependencies)
|     |     +- run exe generate-parser (parser.zig) (+1 more reused dependencies)
|     |     +- run exe generate-parser (parser.zig) (+1 more reused dependencies)
|     |     +- run exe generate-parser (parser.zig) (+1 more reused dependencies)
|     |     +- run exe generate-parser (parser.zig) (+1 more reused dependencies)
|     |     +- run exe generate-parser (parser.zig) (+1 more reused dependencies)
|     |     +- run exe generate-parser (parser.zig) (+1 more reused dependencies)
|     +- options cached
|     +- run exe compile-detached-reader (source.zig) (+1 more reused dependencies)
+- run test detached-reader-object-library 8 pass (8 total) 6ms MaxRSS:1M
|  +- compile test detached-reader-object-library safe native success 13s MaxRSS:440M
|     +- run exe compile-detached-reader (source.zig) (+1 more reused dependencies)
|     +- options cached
|     +- run exe compile-detached-reader (source.zig) (+1 more reused dependencies)
+- run test detached-reader-tuple-source 8 pass (8 total) 6ms MaxRSS:1M
|  +- compile test detached-reader-tuple-source safe native success 13s MaxRSS:428M
|     +- run exe compile-detached-reader (source.zig) success 7ms
|     |  +- compile exe compile-detached-reader safe native (+36 more reused dependencies)
|     +- options cached
|     +- run exe compile-detached-reader (source.zig) (+1 more reused dependencies)
+- run test detached-reader-tuple-library 8 pass (8 total) 4ms MaxRSS:1M
|  +- compile test detached-reader-tuple-library safe native success 12s MaxRSS:362M
|     +- run exe compile-detached-reader (source.zig) (+1 more reused dependencies)
|     +- options cached
|     +- run exe compile-detached-reader (source.zig) (+1 more reused dependencies)
+- run test detached-reader-optional-source 8 pass (8 total) 5ms MaxRSS:1M
|  +- compile test detached-reader-optional-source safe native success 12s MaxRSS:372M
|     +- run exe compile-detached-reader (source.zig) success 8ms
|     |  +- compile exe compile-detached-reader safe native (+36 more reused dependencies)
|     +- options cached
|     +- run exe compile-detached-reader (source.zig) (+1 more reused dependencies)
+- run test detached-reader-optional-library 8 pass (8 total) 7ms MaxRSS:1M
|  +- compile test detached-reader-optional-library safe native success 14s MaxRSS:435M
|     +- run exe compile-detached-reader (source.zig) (+1 more reused dependencies)
|     +- options cached
|     +- run exe compile-detached-reader (source.zig) (+1 more reused dependencies)
+- run test detached-reader-projection-source 8 pass (8 total) 6ms MaxRSS:1M
|  +- compile test detached-reader-projection-source safe native success 12s MaxRSS:367M
|     +- run exe compile-detached-reader (source.zig) success 7ms
|     |  +- compile exe compile-detached-reader safe native (+36 more reused dependencies)
|     +- options cached
|     +- run exe compile-detached-reader (source.zig) (+1 more reused dependencies)
+- run test detached-reader-projection-library 8 pass (8 total) 5ms MaxRSS:1M
|  +- compile test detached-reader-projection-library safe native success 13s MaxRSS:420M
|     +- run exe compile-detached-reader (source.zig) (+1 more reused dependencies)
|     +- options cached
|     +- run exe compile-detached-reader (source.zig) (+1 more reused dependencies)
+- run test detached-reader-nested-source 8 pass (8 total) 8ms MaxRSS:2M
|  +- compile test detached-reader-nested-source safe native success 14s MaxRSS:411M
|     +- run exe compile-detached-reader (source.zig) success 9ms
|     |  +- compile exe compile-detached-reader safe native (+36 more reused dependencies)
|     +- options cached
|     +- run exe compile-detached-reader (source.zig) (+1 more reused dependencies)
+- run test detached-reader-nested-library 8 pass (8 total) 10ms MaxRSS:2M
|  +- compile test detached-reader-nested-library safe native success 14s MaxRSS:420M
|     +- run exe compile-detached-reader (source.zig) (+1 more reused dependencies)
|     +- options cached
|     +- run exe compile-detached-reader (source.zig) (+1 more reused dependencies)
+- run test detached-reader-concat-source 8 pass (8 total) 7ms MaxRSS:2M
|  +- compile test detached-reader-concat-source safe native success 12s MaxRSS:368M
|     +- run exe compile-detached-reader (source.zig) success 8ms
|     |  +- compile exe compile-detached-reader safe native (+36 more reused dependencies)
|     +- options cached
|     +- run exe compile-detached-reader (source.zig) (+1 more reused dependencies)
+- run test detached-reader-concat-library 8 pass (8 total) 9ms MaxRSS:2M
|  +- compile test detached-reader-concat-library safe native success 12s MaxRSS:373M
|     +- run exe compile-detached-reader (source.zig) (+1 more reused dependencies)
|     +- options cached
|     +- run exe compile-detached-reader (source.zig) (+1 more reused dependencies)
+- run test detached-reader-reference-source 8 pass (8 total) 4ms MaxRSS:1M
|  +- compile test detached-reader-reference-source safe native success 13s MaxRSS:446M
|     +- run exe compile-detached-reader (source.zig) success 8ms
|     |  +- compile exe compile-detached-reader safe native (+36 more reused dependencies)
|     +- options cached
|     +- run exe compile-detached-reader (source.zig) (+1 more reused dependencies)
+- run test detached-reader-reference-library 8 pass (8 total) 3ms MaxRSS:1M
|  +- compile test detached-reader-reference-library safe native success 12s MaxRSS:365M
|     +- run exe compile-detached-reader (source.zig) (+1 more reused dependencies)
|     +- options cached
|     +- run exe compile-detached-reader (source.zig) (+1 more reused dependencies)
+- run test detached-reader-reverse-source 8 pass (8 total) 8ms MaxRSS:4M
|  +- compile test detached-reader-reverse-source safe native success 12s MaxRSS:381M
|     +- run exe compile-detached-reader (source.zig) success 7ms
|     |  +- compile exe compile-detached-reader safe native (+36 more reused dependencies)
|     +- options cached
|     +- run exe compile-detached-reader (source.zig) (+1 more reused dependencies)
+- run test detached-reader-reverse-library 8 pass (8 total) 7ms MaxRSS:4M
|  +- compile test detached-reader-reverse-library safe native success 12s MaxRSS:368M
|     +- run exe compile-detached-reader (source.zig) (+1 more reused dependencies)
|     +- options cached
|     +- run exe compile-detached-reader (source.zig) (+1 more reused dependencies)
+- run test detached-reader-prefix-source 7 pass (7 total) 66ms MaxRSS:137M
|  +- compile test detached-reader-prefix-source safe native success 12s MaxRSS:373M
|     +- run exe compile-detached-reader (source.zig) success 7ms
|     |  +- compile exe compile-detached-reader safe native (+36 more reused dependencies)
|     +- options cached
|     +- run exe compile-detached-reader (source.zig) (+1 more reused dependencies)
+- run test detached-reader-prefix-library 7 pass (7 total) 72ms MaxRSS:137M
|  +- compile test detached-reader-prefix-library safe native success 14s MaxRSS:438M
|     +- run exe compile-detached-reader (source.zig) (+1 more reused dependencies)
|     +- options cached
|     +- run exe compile-detached-reader (source.zig) (+1 more reused dependencies)
+- run test detached-reader-offset-source 7 pass (7 total) 63ms MaxRSS:137M
|  +- compile test detached-reader-offset-source safe native success 12s MaxRSS:370M
|     +- run exe compile-detached-reader (source.zig) success 7ms
|     |  +- compile exe compile-detached-reader safe native (+36 more reused dependencies)
|     +- options cached
|     +- run exe compile-detached-reader (source.zig) (+1 more reused dependencies)
+- run test detached-reader-offset-library 7 pass (7 total) 62ms MaxRSS:137M
   +- compile test detached-reader-offset-library safe native success 12s MaxRSS:382M
      +- run exe compile-detached-reader (source.zig) (+1 more reused dependencies)
      +- options cached
      +- run exe compile-detached-reader (source.zig) (+1 more reused dependencies)
test-list-predicates success
+- run test list-predicates-analysis 6 pass (6 total) 5ms MaxRSS:2M
|  +- compile test list-predicates-analysis safe native success 57s MaxRSS:1G
|     +- WriteFile interfaces/0.d.zx (+1 more reused dependencies)
|     +- options (reused)
|     +- run exe generate-parser (parser.zig) (+1 more reused dependencies)
|     +- run exe generate-parser (parser.zig) (+1 more reused dependencies)
|     +- run exe generate-parser (parser.zig) (+1 more reused dependencies)
|     +- run exe generate-parser (parser.zig) (+1 more reused dependencies)
|     +- run exe generate-parser (parser.zig) (+1 more reused dependencies)
|     +- run exe generate-parser (parser.zig) (+1 more reused dependencies)
|     +- run exe generate-parser (parser.zig) (+1 more reused dependencies)
|     +- run exe generate-parser (parser.zig) (+1 more reused dependencies)
|     +- run exe generate-parser (parser.zig) (+1 more reused dependencies)
|     +- run exe generate-parser (parser.zig) (+1 more reused dependencies)
|     +- run exe generate-parser (parser.zig) (+1 more reused dependencies)
|     +- run exe generate-parser (parser.zig) (+1 more reused dependencies)
|     +- run exe generate-parser (parser.zig) (+1 more reused dependencies)
|     +- run exe generate-parser (parser.zig) (+1 more reused dependencies)
|     +- run exe generate-parser (parser.zig) (+1 more reused dependencies)
|     +- run exe generate-parser (parser.zig) (+1 more reused dependencies)
|     +- run exe generate-parser (parser.zig) (+1 more reused dependencies)
|     +- run exe generate-parser (parser.zig) (+1 more reused dependencies)
|     +- run exe generate-parser (parser.zig) (+1 more reused dependencies)
|     +- run exe generate-lexer (lexer.zig) (+1 more reused dependencies)
|     +- run exe generate-parser (parser.zig) (+1 more reused dependencies)
|     +- run exe generate-parser (parser.zig) (+1 more reused dependencies)
|     +- run exe generate-parser (parser.zig) (+1 more reused dependencies)
|     +- run exe generate-parser (parser.zig) (+1 more reused dependencies)
|     +- run exe generate-parser (parser.zig) (+1 more reused dependencies)
|     +- run exe generate-parser (parser.zig) (+1 more reused dependencies)
|     +- run exe generate-parser (parser.zig) (+1 more reused dependencies)
|     +- run exe generate-parser (parser.zig) (+1 more reused dependencies)
|     +- run exe generate-parser (parser.zig) (+1 more reused dependencies)
|     +- run exe generate-parser (parser.zig) (+1 more reused dependencies)
|     +- run exe generate-parser (parser.zig) (+1 more reused dependencies)
|     +- run exe generate-parser (parser.zig) (+1 more reused dependencies)
|     +- run exe generate-parser (parser.zig) (+1 more reused dependencies)
|     +- run exe generate-parser (parser.zig) (+1 more reused dependencies)
+- run node success 13s
|  +- run exe compile-list-predicates (every-source) success 5ms
|     +- compile exe compile-list-predicates safe native success 1m MaxRSS:1G
|        +- WriteFile interfaces/0.d.zx (+1 more reused dependencies)
|        +- options (reused)
|        +- run exe generate-parser (parser.zig) (+1 more reused dependencies)
|        +- run exe generate-parser (parser.zig) (+1 more reused dependencies)
|        +- run exe generate-parser (parser.zig) (+1 more reused dependencies)
|        +- run exe generate-parser (parser.zig) (+1 more reused dependencies)
|        +- run exe generate-parser (parser.zig) (+1 more reused dependencies)
|        +- run exe generate-parser (parser.zig) (+1 more reused dependencies)
|        +- run exe generate-parser (parser.zig) (+1 more reused dependencies)
|        +- run exe generate-parser (parser.zig) (+1 more reused dependencies)
|        +- run exe generate-parser (parser.zig) (+1 more reused dependencies)
|        +- run exe generate-parser (parser.zig) (+1 more reused dependencies)
|        +- run exe generate-parser (parser.zig) (+1 more reused dependencies)
|        +- run exe generate-parser (parser.zig) (+1 more reused dependencies)
|        +- run exe generate-parser (parser.zig) (+1 more reused dependencies)
|        +- run exe generate-parser (parser.zig) (+1 more reused dependencies)
|        +- run exe generate-parser (parser.zig) (+1 more reused dependencies)
|        +- run exe generate-parser (parser.zig) (+1 more reused dependencies)
|        +- run exe generate-parser (parser.zig) (+1 more reused dependencies)
|        +- run exe generate-parser (parser.zig) (+1 more reused dependencies)
|        +- run exe generate-parser (parser.zig) (+1 more reused dependencies)
|        +- run exe generate-lexer (lexer.zig) (+1 more reused dependencies)
|        +- run exe generate-parser (parser.zig) (+1 more reused dependencies)
|        +- run exe generate-parser (parser.zig) (+1 more reused dependencies)
|        +- run exe generate-parser (parser.zig) (+1 more reused dependencies)
|        +- run exe generate-parser (parser.zig) (+1 more reused dependencies)
|        +- run exe generate-parser (parser.zig) (+1 more reused dependencies)
|        +- run exe generate-parser (parser.zig) (+1 more reused dependencies)
|        +- run exe generate-parser (parser.zig) (+1 more reused dependencies)
|        +- run exe generate-parser (parser.zig) (+1 more reused dependencies)
|        +- run exe generate-parser (parser.zig) (+1 more reused dependencies)
|        +- run exe generate-parser (parser.zig) (+1 more reused dependencies)
|        +- run exe generate-parser (parser.zig) (+1 more reused dependencies)
|        +- run exe generate-parser (parser.zig) (+1 more reused dependencies)
|        +- run exe generate-parser (parser.zig) (+1 more reused dependencies)
|        +- run exe generate-parser (parser.zig) (+1 more reused dependencies)
+- run node success 8s
|  +- run exe compile-list-predicates (every-library) success 6ms
|     +- compile exe compile-list-predicates safe native (+36 more reused dependencies)
+- run node success 11s
|  +- run exe compile-list-predicates (some-source) success 5ms
|     +- compile exe compile-list-predicates safe native (+36 more reused dependencies)
+- run node success 13s
   +- run exe compile-list-predicates (some-library) success 6ms
      +- compile exe compile-list-predicates safe native (+36 more reused dependencies)

