Build Summary: 78/78 steps succeeded; 128/128 tests passed
test-detached-reader success
+- run test detached-reader-object-source 8 pass (8 total) 9ms MaxRSS:1M
|  +- compile test detached-reader-object-source safe native success 13s MaxRSS:375M
|     +- run exe compile-detached-reader (source.zig) success 5ms
|     |  +- compile exe compile-detached-reader safe native success 38s MaxRSS:1G
|     |     +- WriteFile interfaces/0.d.zx cached
|     |     |  +- run exe standard-catalog (catalog.zig) cached
|     |     |     +- compile exe standard-catalog fast native cached 7s MaxRSS:21M
|     |     |     +- WriteFile catalog.json cached
|     |     +- options cached
|     |     +- run exe generate-parser (parser.zig) success 26s
|     |     |  +- compile exe generate-parser safe native success 29s MaxRSS:766M
|     |     |     +- options cached
|     |     |     +- WriteFile interfaces/0.d.zx success
|     |     |     |  +- run exe standard-catalog (catalog.zig) success 2ms
|     |     |     |     +- compile exe standard-catalog fast native success 7s MaxRSS:358M
|     |     |     |     +- WriteFile catalog.json cached
|     |     |     +- options cached
|     |     +- run exe generate-parser (parser.zig) (+1 more reused dependencies)
|     |     +- run exe generate-parser (parser.zig) (+1 more reused dependencies)
|     |     +- run exe generate-parser (parser.zig) (+1 more reused dependencies)
|     |     +- run exe generate-parser (parser.zig) (+1 more reused dependencies)
|     |     +- run exe generate-parser (parser.zig) (+1 more reused dependencies)
|     |     +- run exe generate-parser (parser.zig) (+1 more reused dependencies)
|     |     +- run exe generate-parser (parser.zig) (+1 more reused dependencies)
|     |     +- run exe generate-parser (parser.zig) (+1 more reused dependencies)
|     |     +- run exe generate-parser (parser.zig) (+1 more reused dependencies)
|     |     +- run exe generate-parser (parser.zig) (+1 more reused dependencies)
|     |     +- run exe generate-parser (parser.zig) (+1 more reused dependencies)
|     |     +- run exe generate-parser (parser.zig) (+1 more reused dependencies)
|     |     +- run exe generate-parser (parser.zig) (+1 more reused dependencies)
|     |     +- run exe generate-parser (parser.zig) (+1 more reused dependencies)
|     |     +- run exe generate-parser (parser.zig) (+1 more reused dependencies)
|     |     +- run exe generate-parser (parser.zig) (+1 more reused dependencies)
|     |     +- run exe generate-parser (parser.zig) (+1 more reused dependencies)
|     |     +- run exe generate-parser (parser.zig) (+1 more reused dependencies)
|     |     +- run exe generate-lexer (lexer.zig) success 19ms
|     |     |  +- compile exe generate-lexer safe native success 25s MaxRSS:696M
|     |     |     +- WriteFile interfaces/0.d.zx cached
|     |     |     |  +- run exe standard-catalog (catalog.zig) cached
|     |     |     |     +- compile exe standard-catalog fast native cached 7s MaxRSS:21M
|     |     |     |     +- WriteFile catalog.json cached
|     |     |     +- options cached
|     |     +- run exe generate-parser (parser.zig) (+1 more reused dependencies)
|     |     +- run exe generate-parser (parser.zig) (+1 more reused dependencies)
|     |     +- run exe generate-parser (parser.zig) (+1 more reused dependencies)
|     |     +- run exe generate-parser (parser.zig) (+1 more reused dependencies)
|     |     +- run exe generate-parser (parser.zig) (+1 more reused dependencies)
|     |     +- run exe generate-parser (parser.zig) (+1 more reused dependencies)
|     |     +- run exe generate-parser (parser.zig) (+1 more reused dependencies)
|     |     +- run exe generate-parser (parser.zig) (+1 more reused dependencies)
|     |     +- run exe generate-parser (parser.zig) (+1 more reused dependencies)
|     |     +- run exe generate-parser (parser.zig) (+1 more reused dependencies)
|     |     +- run exe generate-parser (parser.zig) (+1 more reused dependencies)
|     |     +- run exe generate-parser (parser.zig) (+1 more reused dependencies)
|     |     +- run exe generate-parser (parser.zig) (+1 more reused dependencies)
|     |     +- run exe generate-parser (parser.zig) (+1 more reused dependencies)
|     +- options cached
|     +- run exe compile-detached-reader (source.zig) (+1 more reused dependencies)
+- run test detached-reader-object-library 8 pass (8 total) 10ms MaxRSS:1M
|  +- compile test detached-reader-object-library safe native success 13s MaxRSS:377M
|     +- run exe compile-detached-reader (source.zig) (+1 more reused dependencies)
|     +- options cached
|     +- run exe compile-detached-reader (source.zig) (+1 more reused dependencies)
+- run test detached-reader-tuple-source 8 pass (8 total) 5ms MaxRSS:1M
|  +- compile test detached-reader-tuple-source safe native success 13s MaxRSS:382M
|     +- run exe compile-detached-reader (source.zig) success 5ms
|     |  +- compile exe compile-detached-reader safe native (+36 more reused dependencies)
|     +- options cached
|     +- run exe compile-detached-reader (source.zig) (+1 more reused dependencies)
+- run test detached-reader-tuple-library 8 pass (8 total) 7ms MaxRSS:1M
|  +- compile test detached-reader-tuple-library safe native success 13s MaxRSS:371M
|     +- run exe compile-detached-reader (source.zig) (+1 more reused dependencies)
|     +- options cached
|     +- run exe compile-detached-reader (source.zig) (+1 more reused dependencies)
+- run test detached-reader-optional-source 8 pass (8 total) 7ms MaxRSS:1M
|  +- compile test detached-reader-optional-source safe native success 13s MaxRSS:374M
|     +- run exe compile-detached-reader (source.zig) success 6ms
|     |  +- compile exe compile-detached-reader safe native (+36 more reused dependencies)
|     +- options cached
|     +- run exe compile-detached-reader (source.zig) (+1 more reused dependencies)
+- run test detached-reader-optional-library 8 pass (8 total) 6ms MaxRSS:1M
|  +- compile test detached-reader-optional-library safe native success 13s MaxRSS:373M
|     +- run exe compile-detached-reader (source.zig) (+1 more reused dependencies)
|     +- options cached
|     +- run exe compile-detached-reader (source.zig) (+1 more reused dependencies)
+- run test detached-reader-projection-source 8 pass (8 total) 4ms MaxRSS:1M
|  +- compile test detached-reader-projection-source safe native success 13s MaxRSS:378M
|     +- run exe compile-detached-reader (source.zig) success 5ms
|     |  +- compile exe compile-detached-reader safe native (+36 more reused dependencies)
|     +- options cached
|     +- run exe compile-detached-reader (source.zig) (+1 more reused dependencies)
+- run test detached-reader-projection-library 8 pass (8 total) 8ms MaxRSS:1M
|  +- compile test detached-reader-projection-library safe native success 13s MaxRSS:374M
|     +- run exe compile-detached-reader (source.zig) (+1 more reused dependencies)
|     +- options cached
|     +- run exe compile-detached-reader (source.zig) (+1 more reused dependencies)
+- run test detached-reader-nested-source 8 pass (8 total) 15ms MaxRSS:2M
|  +- compile test detached-reader-nested-source safe native success 13s MaxRSS:373M
|     +- run exe compile-detached-reader (source.zig) success 6ms
|     |  +- compile exe compile-detached-reader safe native (+36 more reused dependencies)
|     +- options cached
|     +- run exe compile-detached-reader (source.zig) (+1 more reused dependencies)
+- run test detached-reader-nested-library 8 pass (8 total) 14ms MaxRSS:2M
|  +- compile test detached-reader-nested-library safe native success 13s MaxRSS:381M
|     +- run exe compile-detached-reader (source.zig) (+1 more reused dependencies)
|     +- options cached
|     +- run exe compile-detached-reader (source.zig) (+1 more reused dependencies)
+- run test detached-reader-concat-source 8 pass (8 total) 6ms MaxRSS:2M
|  +- compile test detached-reader-concat-source safe native success 13s MaxRSS:380M
|     +- run exe compile-detached-reader (source.zig) success 5ms
|     |  +- compile exe compile-detached-reader safe native (+36 more reused dependencies)
|     +- options cached
|     +- run exe compile-detached-reader (source.zig) (+1 more reused dependencies)
+- run test detached-reader-concat-library 8 pass (8 total) 6ms MaxRSS:2M
|  +- compile test detached-reader-concat-library safe native success 13s MaxRSS:371M
|     +- run exe compile-detached-reader (source.zig) (+1 more reused dependencies)
|     +- options cached
|     +- run exe compile-detached-reader (source.zig) (+1 more reused dependencies)
+- run test detached-reader-reference-source 8 pass (8 total) 6ms MaxRSS:2M
|  +- compile test detached-reader-reference-source safe native success 13s MaxRSS:377M
|     +- run exe compile-detached-reader (source.zig) success 5ms
|     |  +- compile exe compile-detached-reader safe native (+36 more reused dependencies)
|     +- options cached
|     +- run exe compile-detached-reader (source.zig) (+1 more reused dependencies)
+- run test detached-reader-reference-library 8 pass (8 total) 6ms MaxRSS:2M
|  +- compile test detached-reader-reference-library safe native success 13s MaxRSS:380M
|     +- run exe compile-detached-reader (source.zig) (+1 more reused dependencies)
|     +- options cached
|     +- run exe compile-detached-reader (source.zig) (+1 more reused dependencies)
+- run test detached-reader-reverse-source 8 pass (8 total) 6ms MaxRSS:4M
|  +- compile test detached-reader-reverse-source safe native success 13s MaxRSS:378M
|     +- run exe compile-detached-reader (source.zig) success 5ms
|     |  +- compile exe compile-detached-reader safe native (+36 more reused dependencies)
|     +- options cached
|     +- run exe compile-detached-reader (source.zig) (+1 more reused dependencies)
+- run test detached-reader-reverse-library 8 pass (8 total) 6ms MaxRSS:4M
   +- compile test detached-reader-reverse-library safe native success 13s MaxRSS:376M
      +- run exe compile-detached-reader (source.zig) (+1 more reused dependencies)
      +- options cached
      +- run exe compile-detached-reader (source.zig) (+1 more reused dependencies)

