✔ loop public library relocation and compiled manifest republication preserve returned aliases (117793.220115ms)
ℹ tests 1
ℹ suites 0
ℹ pass 1
ℹ fail 0
ℹ cancelled 0
ℹ skipped 0
ℹ todo 0
ℹ duration_ms 117798.057584
Build Summary: 222/222 steps succeeded; 301/301 tests passed
test-value-return success
+- run test value-return-direct-source 8 pass (8 total) 4ms MaxRSS:1M
|  +- compile test value-return-direct-source safe native success 14s MaxRSS:413M
|     +- run exe compile-value-return (source.zig) success 4ms
|     |  +- compile exe compile-value-return safe native success 38s MaxRSS:1G
|     |     +- WriteFile interfaces/0.d.zx cached
|     |     |  +- run exe standard-catalog (catalog.zig) cached
|     |     |     +- compile exe standard-catalog fast native cached 56ms MaxRSS:21M
|     |     |     +- WriteFile catalog.json cached
|     |     +- options cached
|     |     +- run exe generate-parser (parser.zig) cached
|     |     |  +- compile exe generate-parser safe native cached 92ms MaxRSS:21M
|     |     |     +- options cached
|     |     |     +- WriteFile interfaces/0.d.zx cached
|     |     |     |  +- run exe standard-catalog (catalog.zig) cached
|     |     |     |     +- compile exe standard-catalog fast native cached 56ms MaxRSS:21M
|     |     |     |     +- WriteFile catalog.json cached
|     |     |     +- options cached
|     |     +- run exe generate-parser (parser.zig) (+1 more reused dependencies)
|     |     +- run exe generate-parser (parser.zig) (+1 more reused dependencies)
|     |     +- run exe generate-parser (parser.zig) (+1 more reused dependencies)
|     |     +- run exe generate-parser (parser.zig) (+1 more reused dependencies)
|     |     +- run exe generate-parser (parser.zig) (+1 more reused dependencies)
|     |     +- run exe generate-parser (parser.zig) (+1 more reused dependencies)
|     |     +- run exe generate-parser (parser.zig) (+1 more reused dependencies)
|     |     +- run exe generate-parser (parser.zig) (+1 more reused dependencies)
|     |     +- run exe generate-parser (parser.zig) (+1 more reused dependencies)
|     |     +- run exe generate-parser (parser.zig) (+1 more reused dependencies)
|     |     +- run exe generate-parser (parser.zig) (+1 more reused dependencies)
|     |     +- run exe generate-parser (parser.zig) (+1 more reused dependencies)
|     |     +- run exe generate-parser (parser.zig) (+1 more reused dependencies)
|     |     +- run exe generate-parser (parser.zig) (+1 more reused dependencies)
|     |     +- run exe generate-parser (parser.zig) (+1 more reused dependencies)
|     |     +- run exe generate-parser (parser.zig) (+1 more reused dependencies)
|     |     +- run exe generate-parser (parser.zig) (+1 more reused dependencies)
|     |     +- run exe generate-parser (parser.zig) (+1 more reused dependencies)
|     |     +- run exe generate-lexer (lexer.zig) cached
|     |     |  +- compile exe generate-lexer safe native cached 97ms MaxRSS:21M
|     |     |     +- WriteFile interfaces/0.d.zx cached
|     |     |     |  +- run exe standard-catalog (catalog.zig) cached
|     |     |     |     +- compile exe standard-catalog fast native cached 49ms MaxRSS:21M
|     |     |     |     +- WriteFile catalog.json cached
|     |     |     +- options cached
|     |     +- run exe generate-parser (parser.zig) (+1 more reused dependencies)
|     |     +- run exe generate-parser (parser.zig) (+1 more reused dependencies)
|     |     +- run exe generate-parser (parser.zig) (+1 more reused dependencies)
|     |     +- run exe generate-parser (parser.zig) (+1 more reused dependencies)
|     |     +- run exe generate-parser (parser.zig) (+1 more reused dependencies)
|     |     +- run exe generate-parser (parser.zig) (+1 more reused dependencies)
|     |     +- run exe generate-parser (parser.zig) (+1 more reused dependencies)
|     |     +- run exe generate-parser (parser.zig) (+1 more reused dependencies)
|     |     +- run exe generate-parser (parser.zig) (+1 more reused dependencies)
|     |     +- run exe generate-parser (parser.zig) (+1 more reused dependencies)
|     |     +- run exe generate-parser (parser.zig) (+1 more reused dependencies)
|     |     +- run exe generate-parser (parser.zig) (+1 more reused dependencies)
|     |     +- run exe generate-parser (parser.zig) (+1 more reused dependencies)
|     |     +- run exe generate-parser (parser.zig) (+1 more reused dependencies)
|     +- options cached
|     +- run exe compile-value-return (source.zig) (+1 more reused dependencies)
+- run test value-return-direct-library 8 pass (8 total) 3ms MaxRSS:1M
|  +- compile test value-return-direct-library safe native success 14s MaxRSS:408M
|     +- run exe compile-value-return (source.zig) (+1 more reused dependencies)
|     +- options cached
|     +- run exe compile-value-return (source.zig) (+1 more reused dependencies)
+- run test value-return-wrapped-source 8 pass (8 total) 2ms MaxRSS:1M
|  +- compile test value-return-wrapped-source safe native success 14s MaxRSS:402M
|     +- run exe compile-value-return (source.zig) success 5ms
|     |  +- compile exe compile-value-return safe native (+36 more reused dependencies)
|     +- options cached
|     +- run exe compile-value-return (source.zig) (+1 more reused dependencies)
+- run test value-return-wrapped-library 8 pass (8 total) 3ms MaxRSS:1M
|  +- compile test value-return-wrapped-library safe native success 14s MaxRSS:403M
|     +- run exe compile-value-return (source.zig) (+1 more reused dependencies)
|     +- options cached
|     +- run exe compile-value-return (source.zig) (+1 more reused dependencies)
+- run test value-return-chained-source 8 pass (8 total) 3ms MaxRSS:1M
|  +- compile test value-return-chained-source safe native success 14s MaxRSS:407M
|     +- run exe compile-value-return (source.zig) success 6ms
|     |  +- compile exe compile-value-return safe native (+36 more reused dependencies)
|     +- options cached
|     +- run exe compile-value-return (source.zig) (+1 more reused dependencies)
+- run test value-return-chained-library 8 pass (8 total) 3ms MaxRSS:1M
|  +- compile test value-return-chained-library safe native success 14s MaxRSS:407M
|     +- run exe compile-value-return (source.zig) (+1 more reused dependencies)
|     +- options cached
|     +- run exe compile-value-return (source.zig) (+1 more reused dependencies)
+- run test value-return-conditional-source 8 pass (8 total) 3ms MaxRSS:1M
|  +- compile test value-return-conditional-source safe native success 14s MaxRSS:402M
|     +- run exe compile-value-return (source.zig) success 4ms
|     |  +- compile exe compile-value-return safe native (+36 more reused dependencies)
|     +- options cached
|     +- run exe compile-value-return (source.zig) (+1 more reused dependencies)
+- run test value-return-conditional-library 8 pass (8 total) 3ms MaxRSS:1M
|  +- compile test value-return-conditional-library safe native success 14s MaxRSS:411M
|     +- run exe compile-value-return (source.zig) (+1 more reused dependencies)
|     +- options cached
|     +- run exe compile-value-return (source.zig) (+1 more reused dependencies)
+- run test value-return-fallible-source 4 pass (4 total) 2ms MaxRSS:1M
|  +- compile test value-return-fallible-source safe native success 14s MaxRSS:400M
|     +- run exe compile-value-return (source.zig) success 5ms
|     |  +- compile exe compile-value-return safe native (+36 more reused dependencies)
|     +- options cached
|     +- run exe compile-value-return (source.zig) (+1 more reused dependencies)
+- run test value-return-fallible-library 4 pass (4 total) 3ms MaxRSS:1M
|  +- compile test value-return-fallible-library safe native success 14s MaxRSS:403M
|     +- run exe compile-value-return (source.zig) (+1 more reused dependencies)
|     +- options cached
|     +- run exe compile-value-return (source.zig) (+1 more reused dependencies)
+- run test value-return-enumeration-source 3 pass (3 total) 3ms MaxRSS:1M
|  +- compile test value-return-enumeration-source safe native success 14s MaxRSS:414M
|     +- run exe compile-value-return (source.zig) success 4ms
|     |  +- compile exe compile-value-return safe native (+36 more reused dependencies)
|     +- options cached
|     +- run exe compile-value-return (source.zig) (+1 more reused dependencies)
+- run test value-return-enumeration-library 3 pass (3 total) 3ms MaxRSS:1M
|  +- compile test value-return-enumeration-library safe native success 14s MaxRSS:419M
|     +- run exe compile-value-return (source.zig) (+1 more reused dependencies)
|     +- options cached
|     +- run exe compile-value-return (source.zig) (+1 more reused dependencies)
+- run test value-return-references-source 3 pass (3 total) 3ms MaxRSS:1M
|  +- compile test value-return-references-source safe native success 14s MaxRSS:407M
|     +- run exe compile-value-return (source.zig) success 6ms
|     |  +- compile exe compile-value-return safe native (+36 more reused dependencies)
|     +- options cached
|     +- run exe compile-value-return (source.zig) (+1 more reused dependencies)
+- run test value-return-references-library 3 pass (3 total) 2ms MaxRSS:1M
|  +- compile test value-return-references-library safe native success 14s MaxRSS:418M
|     +- run exe compile-value-return (source.zig) (+1 more reused dependencies)
|     +- options cached
|     +- run exe compile-value-return (source.zig) (+1 more reused dependencies)
+- run test value-return-escaping-source 2 pass (2 total) 4ms MaxRSS:1M
|  +- compile test value-return-escaping-source safe native success 14s MaxRSS:404M
|     +- run exe compile-value-return (source.zig) success 5ms
|     |  +- compile exe compile-value-return safe native (+36 more reused dependencies)
|     +- options cached
|     +- run exe compile-value-return (source.zig) (+1 more reused dependencies)
+- run test value-return-escaping-library 2 pass (2 total) 4ms MaxRSS:1M
|  +- compile test value-return-escaping-library safe native success 14s MaxRSS:407M
|     +- run exe compile-value-return (source.zig) (+1 more reused dependencies)
|     +- options cached
|     +- run exe compile-value-return (source.zig) (+1 more reused dependencies)
+- run test value-return-escape_optional-source 2 pass (2 total) 4ms MaxRSS:1M
|  +- compile test value-return-escape_optional-source safe native success 14s MaxRSS:410M
|     +- run exe compile-value-return (source.zig) success 5ms
|     |  +- compile exe compile-value-return safe native (+36 more reused dependencies)
|     +- options cached
|     +- run exe compile-value-return (source.zig) (+1 more reused dependencies)
+- run test value-return-escape_optional-library 2 pass (2 total) 4ms MaxRSS:1M
|  +- compile test value-return-escape_optional-library safe native success 14s MaxRSS:402M
|     +- run exe compile-value-return (source.zig) (+1 more reused dependencies)
|     +- options cached
|     +- run exe compile-value-return (source.zig) (+1 more reused dependencies)
+- run test value-return-escape_list-source 2 pass (2 total) 3ms MaxRSS:1M
|  +- compile test value-return-escape_list-source safe native success 14s MaxRSS:405M
|     +- run exe compile-value-return (source.zig) success 4ms
|     |  +- compile exe compile-value-return safe native (+36 more reused dependencies)
|     +- options cached
|     +- run exe compile-value-return (source.zig) (+1 more reused dependencies)
+- run test value-return-escape_list-library 2 pass (2 total) 4ms MaxRSS:1M
|  +- compile test value-return-escape_list-library safe native success 14s MaxRSS:416M
|     +- run exe compile-value-return (source.zig) (+1 more reused dependencies)
|     +- options cached
|     +- run exe compile-value-return (source.zig) (+1 more reused dependencies)
+- run test value-return-escape_tuple-source 2 pass (2 total) 3ms MaxRSS:1M
|  +- compile test value-return-escape_tuple-source safe native success 14s MaxRSS:411M
|     +- run exe compile-value-return (source.zig) success 5ms
|     |  +- compile exe compile-value-return safe native (+36 more reused dependencies)
|     +- options cached
|     +- run exe compile-value-return (source.zig) (+1 more reused dependencies)
+- run test value-return-escape_tuple-library 2 pass (2 total) 3ms MaxRSS:1M
|  +- compile test value-return-escape_tuple-library safe native success 14s MaxRSS:410M
|     +- run exe compile-value-return (source.zig) (+1 more reused dependencies)
|     +- options cached
|     +- run exe compile-value-return (source.zig) (+1 more reused dependencies)
+- run test value-return-escape_nested-source 2 pass (2 total) 2ms MaxRSS:1M
|  +- compile test value-return-escape_nested-source safe native success 14s MaxRSS:406M
|     +- run exe compile-value-return (source.zig) success 5ms
|     |  +- compile exe compile-value-return safe native (+36 more reused dependencies)
|     +- options cached
|     +- run exe compile-value-return (source.zig) (+1 more reused dependencies)
+- run test value-return-escape_nested-library 2 pass (2 total) 3ms MaxRSS:1M
|  +- compile test value-return-escape_nested-library safe native success 14s MaxRSS:401M
|     +- run exe compile-value-return (source.zig) (+1 more reused dependencies)
|     +- options cached
|     +- run exe compile-value-return (source.zig) (+1 more reused dependencies)
+- run test value-return-native_scalar-source 3 pass (3 total) 2ms MaxRSS:1M
|  +- compile test value-return-native_scalar-source safe native success 14s MaxRSS:406M
|     +- run exe compile-value-return (source.zig) success 5ms
|     |  +- compile exe compile-value-return safe native (+36 more reused dependencies)
|     +- options cached
|     +- run exe compile-value-return (source.zig) (+1 more reused dependencies)
+- run test value-return-native_scalar-library 3 pass (3 total) 2ms MaxRSS:1M
|  +- compile test value-return-native_scalar-library safe native success 14s MaxRSS:411M
|     +- run exe compile-value-return (source.zig) (+1 more reused dependencies)
|     +- options cached
|     +- run exe compile-value-return (source.zig) (+1 more reused dependencies)
+- run test value-return-borrowed_objects-source 3 pass (3 total) 2ms MaxRSS:1M
|  +- compile test value-return-borrowed_objects-source safe native success 14s MaxRSS:420M
|     +- run exe compile-value-return (source.zig) success 7ms
|     |  +- compile exe compile-value-return safe native (+36 more reused dependencies)
|     +- options cached
|     +- run exe compile-value-return (source.zig) (+1 more reused dependencies)
+- run test value-return-borrowed_objects-library 3 pass (3 total) 3ms MaxRSS:1M
   +- compile test value-return-borrowed_objects-library safe native success 14s MaxRSS:422M
      +- run exe compile-value-return (source.zig) (+1 more reused dependencies)
      +- options cached
      +- run exe compile-value-return (source.zig) (+1 more reused dependencies)
test-iterate-calls success
+- run test 1 pass (1 total) 1s MaxRSS:4M
|  +- compile test safe native success 43s MaxRSS:1G
|     +- WriteFile interfaces/0.d.zx (+1 more reused dependencies)
|     +- options (reused)
|     +- run exe generate-parser (parser.zig) (+1 more reused dependencies)
|     +- run exe generate-parser (parser.zig) (+1 more reused dependencies)
|     +- run exe generate-parser (parser.zig) (+1 more reused dependencies)
|     +- run exe generate-parser (parser.zig) (+1 more reused dependencies)
|     +- run exe generate-parser (parser.zig) (+1 more reused dependencies)
|     +- run exe generate-parser (parser.zig) (+1 more reused dependencies)
|     +- run exe generate-parser (parser.zig) (+1 more reused dependencies)
|     +- run exe generate-parser (parser.zig) (+1 more reused dependencies)
|     +- run exe generate-parser (parser.zig) (+1 more reused dependencies)
|     +- run exe generate-parser (parser.zig) (+1 more reused dependencies)
|     +- run exe generate-parser (parser.zig) (+1 more reused dependencies)
|     +- run exe generate-parser (parser.zig) (+1 more reused dependencies)
|     +- run exe generate-parser (parser.zig) (+1 more reused dependencies)
|     +- run exe generate-parser (parser.zig) (+1 more reused dependencies)
|     +- run exe generate-parser (parser.zig) (+1 more reused dependencies)
|     +- run exe generate-parser (parser.zig) (+1 more reused dependencies)
|     +- run exe generate-parser (parser.zig) (+1 more reused dependencies)
|     +- run exe generate-parser (parser.zig) (+1 more reused dependencies)
|     +- run exe generate-parser (parser.zig) (+1 more reused dependencies)
|     +- run exe generate-lexer (lexer.zig) (+1 more reused dependencies)
|     +- run exe generate-parser (parser.zig) (+1 more reused dependencies)
|     +- run exe generate-parser (parser.zig) (+1 more reused dependencies)
|     +- run exe generate-parser (parser.zig) (+1 more reused dependencies)
|     +- run exe generate-parser (parser.zig) (+1 more reused dependencies)
|     +- run exe generate-parser (parser.zig) (+1 more reused dependencies)
|     +- run exe generate-parser (parser.zig) (+1 more reused dependencies)
|     +- run exe generate-parser (parser.zig) (+1 more reused dependencies)
|     +- run exe generate-parser (parser.zig) (+1 more reused dependencies)
|     +- run exe generate-parser (parser.zig) (+1 more reused dependencies)
|     +- run exe generate-parser (parser.zig) (+1 more reused dependencies)
|     +- run exe generate-parser (parser.zig) (+1 more reused dependencies)
|     +- run exe generate-parser (parser.zig) (+1 more reused dependencies)
|     +- run exe generate-parser (parser.zig) (+1 more reused dependencies)
|     +- run exe generate-parser (parser.zig) (+1 more reused dependencies)
+- run test iterate-calls-identity-source 10 pass (10 total) 2ms MaxRSS:1M
|  +- compile test iterate-calls-identity-source safe native success 11s MaxRSS:339M
|     +- run exe compile-iterate-calls (source.zig) success 5ms
|     |  +- compile exe compile-iterate-calls safe native success 42s MaxRSS:1G
|     |     +- WriteFile interfaces/0.d.zx (+1 more reused dependencies)
|     |     +- options (reused)
|     |     +- run exe generate-parser (parser.zig) (+1 more reused dependencies)
|     |     +- run exe generate-parser (parser.zig) (+1 more reused dependencies)
|     |     +- run exe generate-parser (parser.zig) (+1 more reused dependencies)
|     |     +- run exe generate-parser (parser.zig) (+1 more reused dependencies)
|     |     +- run exe generate-parser (parser.zig) (+1 more reused dependencies)
|     |     +- run exe generate-parser (parser.zig) (+1 more reused dependencies)
|     |     +- run exe generate-parser (parser.zig) (+1 more reused dependencies)
|     |     +- run exe generate-parser (parser.zig) (+1 more reused dependencies)
|     |     +- run exe generate-parser (parser.zig) (+1 more reused dependencies)
|     |     +- run exe generate-parser (parser.zig) (+1 more reused dependencies)
|     |     +- run exe generate-parser (parser.zig) (+1 more reused dependencies)
|     |     +- run exe generate-parser (parser.zig) (+1 more reused dependencies)
|     |     +- run exe generate-parser (parser.zig) (+1 more reused dependencies)
|     |     +- run exe generate-parser (parser.zig) (+1 more reused dependencies)
|     |     +- run exe generate-parser (parser.zig) (+1 more reused dependencies)
|     |     +- run exe generate-parser (parser.zig) (+1 more reused dependencies)
|     |     +- run exe generate-parser (parser.zig) (+1 more reused dependencies)
|     |     +- run exe generate-parser (parser.zig) (+1 more reused dependencies)
|     |     +- run exe generate-parser (parser.zig) (+1 more reused dependencies)
|     |     +- run exe generate-lexer (lexer.zig) (+1 more reused dependencies)
|     |     +- run exe generate-parser (parser.zig) (+1 more reused dependencies)
|     |     +- run exe generate-parser (parser.zig) (+1 more reused dependencies)
|     |     +- run exe generate-parser (parser.zig) (+1 more reused dependencies)
|     |     +- run exe generate-parser (parser.zig) (+1 more reused dependencies)
|     |     +- run exe generate-parser (parser.zig) (+1 more reused dependencies)
|     |     +- run exe generate-parser (parser.zig) (+1 more reused dependencies)
|     |     +- run exe generate-parser (parser.zig) (+1 more reused dependencies)
|     |     +- run exe generate-parser (parser.zig) (+1 more reused dependencies)
|     |     +- run exe generate-parser (parser.zig) (+1 more reused dependencies)
|     |     +- run exe generate-parser (parser.zig) (+1 more reused dependencies)
|     |     +- run exe generate-parser (parser.zig) (+1 more reused dependencies)
|     |     +- run exe generate-parser (parser.zig) (+1 more reused dependencies)
|     |     +- run exe generate-parser (parser.zig) (+1 more reused dependencies)
|     |     +- run exe generate-parser (parser.zig) (+1 more reused dependencies)
|     +- options cached
|     +- run exe compile-iterate-calls (source.zig) (+1 more reused dependencies)
+- run test iterate-calls-identity-library 10 pass (10 total) 2ms MaxRSS:1M
|  +- compile test iterate-calls-identity-library safe native success 11s MaxRSS:341M
|     +- run exe compile-iterate-calls (source.zig) (+1 more reused dependencies)
|     +- options cached
|     +- run exe compile-iterate-calls (source.zig) (+1 more reused dependencies)
+- run test iterate-calls-child-source 10 pass (10 total) 2ms MaxRSS:1M
|  +- compile test iterate-calls-child-source safe native success 11s MaxRSS:346M
|     +- run exe compile-iterate-calls (source.zig) success 4ms
|     |  +- compile exe compile-iterate-calls safe native (+36 more reused dependencies)
|     +- options cached
|     +- run exe compile-iterate-calls (source.zig) (+1 more reused dependencies)
+- run test iterate-calls-child-library 10 pass (10 total) 3ms MaxRSS:1M
|  +- compile test iterate-calls-child-library safe native success 11s MaxRSS:350M
|     +- run exe compile-iterate-calls (source.zig) (+1 more reused dependencies)
|     +- options cached
|     +- run exe compile-iterate-calls (source.zig) (+1 more reused dependencies)
+- run test iterate-calls-pair-source 8 pass (8 total) 3ms MaxRSS:1M
|  +- compile test iterate-calls-pair-source safe native success 10s MaxRSS:346M
|     +- run exe compile-iterate-calls (source.zig) success 5ms
|     |  +- compile exe compile-iterate-calls safe native (+36 more reused dependencies)
|     +- options cached
|     +- run exe compile-iterate-calls (source.zig) (+1 more reused dependencies)
+- run test iterate-calls-pair-library 8 pass (8 total) 2ms MaxRSS:1M
|  +- compile test iterate-calls-pair-library safe native success 11s MaxRSS:341M
|     +- run exe compile-iterate-calls (source.zig) (+1 more reused dependencies)
|     +- options cached
|     +- run exe compile-iterate-calls (source.zig) (+1 more reused dependencies)
+- run test iterate-calls-branch_return-source 10 pass (10 total) 3ms MaxRSS:1M
|  +- compile test iterate-calls-branch_return-source safe native success 11s MaxRSS:338M
|     +- run exe compile-iterate-calls (source.zig) success 8ms
|     |  +- compile exe compile-iterate-calls safe native (+36 more reused dependencies)
|     +- options cached
|     +- run exe compile-iterate-calls (source.zig) (+1 more reused dependencies)
+- run test iterate-calls-branch_return-library 10 pass (10 total) 2ms MaxRSS:1M
|  +- compile test iterate-calls-branch_return-library safe native success 12s MaxRSS:404M
|     +- run exe compile-iterate-calls (source.zig) (+1 more reused dependencies)
|     +- options cached
|     +- run exe compile-iterate-calls (source.zig) (+1 more reused dependencies)
+- run test iterate-calls-tuple_identity-source 10 pass (10 total) 2ms MaxRSS:1M
|  +- compile test iterate-calls-tuple_identity-source safe native success 11s MaxRSS:351M
|     +- run exe compile-iterate-calls (source.zig) success 5ms
|     |  +- compile exe compile-iterate-calls safe native (+36 more reused dependencies)
|     +- options cached
|     +- run exe compile-iterate-calls (source.zig) (+1 more reused dependencies)
+- run test iterate-calls-tuple_identity-library 10 pass (10 total) 2ms MaxRSS:1M
|  +- compile test iterate-calls-tuple_identity-library safe native success 11s MaxRSS:355M
|     +- run exe compile-iterate-calls (source.zig) (+1 more reused dependencies)
|     +- options cached
|     +- run exe compile-iterate-calls (source.zig) (+1 more reused dependencies)
+- run test iterate-calls-list_alias-source 11 pass (11 total) 2ms MaxRSS:1M
|  +- compile test iterate-calls-list_alias-source safe native success 11s MaxRSS:351M
|     +- run exe compile-iterate-calls (source.zig) success 5ms
|     |  +- compile exe compile-iterate-calls safe native (+36 more reused dependencies)
|     +- options cached
|     +- run exe compile-iterate-calls (source.zig) (+1 more reused dependencies)
+- run test iterate-calls-list_alias-library 11 pass (11 total) 3ms MaxRSS:1M
|  +- compile test iterate-calls-list_alias-library safe native success 11s MaxRSS:339M
|     +- run exe compile-iterate-calls (source.zig) (+1 more reused dependencies)
|     +- options cached
|     +- run exe compile-iterate-calls (source.zig) (+1 more reused dependencies)
+- test-iterate-calls-cli success
   +- run node success 1m
      +- compile exe zxc safe native success 1m MaxRSS:3G
         +- WriteFile cached
         +- compile lib yaml safe native cached 46ms MaxRSS:20M
         +- compile lib yaml safe native (reused)
         +- translate-c cached 45ms MaxRSS:20M
         +- options success
         +- run exe bundle-zig (bundle) success 55ms
         |  +- compile exe bundle-zig fast native success 27s MaxRSS:899M
         |  +- WriteFile bundle_manifest.json cached
         +- options cached
         +- run exe generate-parser (parser.zig) (+1 more reused dependencies)
         +- run exe generate-parser (parser.zig) (+1 more reused dependencies)
         +- run exe generate-parser (parser.zig) (+1 more reused dependencies)
         +- run exe generate-parser (parser.zig) (+1 more reused dependencies)
         +- run exe generate-parser (parser.zig) (+1 more reused dependencies)
         +- run exe generate-parser (parser.zig) (+1 more reused dependencies)
         +- run exe generate-parser (parser.zig) (+1 more reused dependencies)
         +- WriteFile interfaces/0.d.zx (+1 more reused dependencies)
         +- options (reused)
         +- run exe generate-parser (parser.zig) (+1 more reused dependencies)
         +- run exe generate-parser (parser.zig) (+1 more reused dependencies)
         +- run exe generate-parser (parser.zig) (+1 more reused dependencies)
         +- run exe generate-parser (parser.zig) (+1 more reused dependencies)
         +- run exe generate-parser (parser.zig) (+1 more reused dependencies)
         +- run exe generate-parser (parser.zig) (+1 more reused dependencies)
         +- run exe generate-parser (parser.zig) (+1 more reused dependencies)
         +- run exe generate-parser (parser.zig) (+1 more reused dependencies)
         +- run exe generate-parser (parser.zig) (+1 more reused dependencies)
         +- run exe generate-parser (parser.zig) (+1 more reused dependencies)
         +- run exe generate-parser (parser.zig) (+1 more reused dependencies)
         +- run exe generate-parser (parser.zig) (+1 more reused dependencies)
         +- run exe generate-parser (parser.zig) (+1 more reused dependencies)
         +- run exe generate-parser (parser.zig) (+1 more reused dependencies)
         +- run exe generate-parser (parser.zig) (+1 more reused dependencies)
         +- run exe generate-parser (parser.zig) (+1 more reused dependencies)
         +- run exe generate-parser (parser.zig) (+1 more reused dependencies)
         +- run exe generate-parser (parser.zig) (+1 more reused dependencies)
         +- run exe generate-parser (parser.zig) (+1 more reused dependencies)
         +- run exe generate-parser (parser.zig) (+1 more reused dependencies)
         +- run exe generate-lexer (lexer.zig) (+1 more reused dependencies)
         +- run exe generate-parser (parser.zig) (+1 more reused dependencies)
         +- run exe generate-parser (parser.zig) (+1 more reused dependencies)
         +- run exe generate-parser (parser.zig) (+1 more reused dependencies)
         +- run exe generate-parser (parser.zig) (+1 more reused dependencies)
         +- run exe generate-parser (parser.zig) (+1 more reused dependencies)
         +- run exe generate-parser (parser.zig) (+1 more reused dependencies)
         +- run exe generate-parser (parser.zig) (+1 more reused dependencies)
         +- run exe generate-parser (parser.zig) (+1 more reused dependencies)
         +- run exe generate-parser (parser.zig) (+1 more reused dependencies)
         +- run exe generate-parser (parser.zig) (+1 more reused dependencies)
         +- run exe generate-parser (parser.zig) (+1 more reused dependencies)
         +- run exe generate-parser (parser.zig) (+1 more reused dependencies)
         +- run exe generate-parser (parser.zig) (+1 more reused dependencies)
test-iterate-buffer success
+- run test 6 pass (6 total) 2ms MaxRSS:1M
|  +- compile test safe native success 11s MaxRSS:342M
|     +- run exe zxc (program.zig) success 3ms
|     |  +- compile exe zxc safe native (+50 more reused dependencies)
|     +- options cached
+- run test 6 pass (6 total) 2ms MaxRSS:1M
|  +- compile test safe native success 11s MaxRSS:349M
|     +- run exe zxc (program.zig) success 4ms
|     |  +- compile exe zxc safe native (+50 more reused dependencies)
|     +- options cached
+- run test 6 pass (6 total) 3ms MaxRSS:1M
|  +- compile test safe native success 11s MaxRSS:347M
|     +- run exe zxc (program.zig) success 4ms
|     |  +- compile exe zxc safe native (+50 more reused dependencies)
|     +- options cached
+- run test 6 pass (6 total) 2ms MaxRSS:1M
|  +- compile test safe native success 11s MaxRSS:337M
|     +- run exe zxc (program.zig) success 4ms
|     |  +- compile exe zxc safe native (+50 more reused dependencies)
|     +- options cached
+- run test 6 pass (6 total) 3ms MaxRSS:2M
|  +- compile test safe native success 11s MaxRSS:349M
|     +- run exe zxc (program.zig) success 4ms
|     |  +- compile exe zxc safe native (+50 more reused dependencies)
|     +- options cached
+- run test 6 pass (6 total) 2ms MaxRSS:2M
|  +- compile test safe native success 11s MaxRSS:350M
|     +- run exe zxc (program.zig) success 4ms
|     |  +- compile exe zxc safe native (+50 more reused dependencies)
|     +- options cached
+- run test 6 pass (6 total) 3ms MaxRSS:1M
|  +- compile test safe native success 11s MaxRSS:340M
|     +- run exe zxc (program.zig) success 4ms
|     |  +- compile exe zxc safe native (+50 more reused dependencies)
|     +- options cached
+- run test 6 pass (6 total) 2ms MaxRSS:1M
|  +- compile test safe native success 11s MaxRSS:343M
|     +- run exe zxc (program.zig) success 5ms
|     |  +- compile exe zxc safe native (+50 more reused dependencies)
|     +- options cached
+- run test 6 pass (6 total) 2ms MaxRSS:1M
|  +- compile test safe native success 11s MaxRSS:335M
|     +- run exe zxc (program.zig) success 4ms
|     |  +- compile exe zxc safe native (+50 more reused dependencies)
|     +- options cached
+- run test 6 pass (6 total) 2ms MaxRSS:1M
|  +- compile test safe native success 11s MaxRSS:348M
|     +- run exe zxc (program.zig) success 3ms
|     |  +- compile exe zxc safe native (+50 more reused dependencies)
|     +- options cached
+- run test 6 pass (6 total) 3ms MaxRSS:1M
   +- compile test safe native success 11s MaxRSS:336M
      +- run exe zxc (program.zig) success 4ms
      |  +- compile exe zxc safe native (+50 more reused dependencies)
      +- options cached
