Build Summary: 20/20 steps succeeded; 32/32 tests passed
test-native-link success
+- run test 4 pass (4 total) 7ms MaxRSS:2M
|  +- compile test Debug native success 2s MaxRSS:409M
|     +- WriteFile interfaces/0.d.zx cached
+- run test 2 pass (2 total) 15ms MaxRSS:2M
   +- compile test Debug native success 2s MaxRSS:374M
      +- WriteFile interfaces/0.d.zx (reused)
test-native-runtime success
+- run test native-original 4 pass (4 total) 3ms MaxRSS:1M
|  +- compile test native-original Debug native success 1s MaxRSS:254M
|     +- run exe compile-native-runtime (original.zig) success 8ms
|     |  +- compile exe compile-native-runtime Debug native success 2s MaxRSS:398M
|     |     +- WriteFile interfaces/0.d.zx (reused)
|     +- run exe compile-native-runtime (original.zig) (+1 more reused dependencies)
+- run test native-linked 4 pass (4 total) 3ms MaxRSS:1M
   +- compile test native-linked Debug native success 1s MaxRSS:244M
      +- run exe compile-native-runtime (original.zig) (+1 more reused dependencies)
      +- run exe compile-native-runtime (original.zig) (+1 more reused dependencies)
test-link-boundaries success
+- run test 9 pass (9 total) 16ms MaxRSS:2M
|  +- compile test Debug native success 2s MaxRSS:393M
|     +- WriteFile interfaces/0.d.zx (reused)
+- run test 5 pass (5 total) 11ms MaxRSS:2M
|  +- compile test Debug native success 2s MaxRSS:391M
|     +- WriteFile interfaces/0.d.zx (reused)
+- run test 4 pass (4 total) 35ms MaxRSS:2M
   +- compile test Debug native success 2s MaxRSS:358M
      +- WriteFile interfaces/0.d.zx (reused)
