Build Summary: 33/33 steps succeeded; 131/131 tests passed
test-artifact-slots success
+- run test 5 pass (5 total) 9ms MaxRSS:2M
|  +- compile test Debug native success 3s MaxRSS:381M
|     +- WriteFile interfaces/0.d.zx cached
+- run test 2 pass (2 total) 48ms MaxRSS:2M
   +- compile test Debug native success 3s MaxRSS:390M
      +- WriteFile interfaces/0.d.zx (reused)
test-link-runtime success
+- run test 1 pass (1 total) 4ms MaxRSS:1M
|  +- compile test Debug native success 1s MaxRSS:262M
|     +- run exe compile-link-runtime (original.zig) success 9ms
|     |  +- compile exe compile-link-runtime Debug native success 3s MaxRSS:412M
|     |     +- WriteFile interfaces/0.d.zx (reused)
|     +- run exe compile-link-runtime (original.zig) (+1 more reused dependencies)
+- run test 3 pass (3 total) 4ms MaxRSS:1M
   +- compile test Debug native success 1s MaxRSS:249M
      +- run exe compile-link-runtime (original.zig) success 8ms
      |  +- compile exe compile-link-runtime Debug native (+1 more reused dependencies)
      +- run exe compile-link-runtime (original.zig) (+1 more reused dependencies)
test-rx-text success
+- run test 4 pass (4 total) 5ms MaxRSS:1M
|  +- compile test Debug native success 2s MaxRSS:287M
+- run test 3 pass (3 total) 5ms MaxRSS:1M
|  +- compile test Debug native success 2s MaxRSS:286M
+- run test 2 pass (2 total) 31ms MaxRSS:3M
|  +- compile test Debug native success 2s MaxRSS:295M
+- run test 30 pass (30 total) 4ms MaxRSS:1M
|  +- compile test Debug native success 2s MaxRSS:285M
+- run test 14 pass (14 total) 5ms MaxRSS:1M
|  +- compile test Debug native success 2s MaxRSS:296M
+- run test 26 pass (26 total) 6ms MaxRSS:1M
|  +- compile test Debug native success 2s MaxRSS:291M
+- run test 6 pass (6 total) 5ms MaxRSS:1M
|  +- compile test Debug native success 2s MaxRSS:292M
+- run test 29 pass (29 total) 6ms MaxRSS:1M
|  +- compile test Debug native success 2s MaxRSS:302M
+- run test 6 pass (6 total) 4ms MaxRSS:1M
   +- compile test Debug native success 2s MaxRSS:313M
