1/25 root.test.function update effects: source index value after in order...OK
2/25 root.test.function update effects: single round...OK
3/25 root.test.function update effects: repeated calls...OK
4/25 root.test.function update effects: zero outer skips all native calls...OK
5/25 root.test.function update effects: zero inner skips all native calls...OK
6/25 root.test.function update effects: empty list zero rounds...OK
7/25 root.test.function update effects: last element...OK
8/25 root.test.function update effects: negative delta...OK
9/25 root.test.function update effects: source fails first...OK
10/25 root.test.function update effects: index fails before value...OK
11/25 root.test.function update effects: value fails before later statements...OK
12/25 root.test.function update effects: after failure...OK
13/25 root.test.function update effects: later source failure...OK
14/25 root.test.function update effects: later index failure...OK
15/25 root.test.function update effects: later value failure...OK
16/25 root.test.function update effects: later after failure...OK
17/25 root.test.function update effects: unreached failure...OK
18/25 root.test.function update effects: empty write bounds...OK
19/25 root.test.function update effects: invalid index bounds...OK
20/25 root.test.function update effects: invalid index and source failure...OK
21/25 root.test.function update effects: invalid index and index failure...OK
22/25 root.test.function update effects: invalid index and value failure...OK
23/25 root.test.function update effects: invalid index skips after...OK
24/25 root.test.function update effects clean every allocation failure...OK
25/25 root.test.function update effects clean allocation failures before native value failure...OK
All 25 tests passed.
