Build Summary: 18/18 steps succeeded; 1451/1451 tests passed
test-url-file success
+- run test 141 pass (141 total) 51ms MaxRSS:2M
|  +- compile test Debug native cached 44ms MaxRSS:21M
|     +- run exe standard-types (standard_abi.zig) cached
|        +- compile exe standard-types Debug native cached 46ms MaxRSS:21M
|           +- WriteFile interfaces/0.d.zx cached
+- run test 206 pass (206 total) 75ms MaxRSS:2M
|  +- compile test Debug native success 1s MaxRSS:320M
|     +- run exe standard-types (standard_abi.zig) (+1 more reused dependencies)
+- run test 275 pass (275 total) 38ms MaxRSS:2M
|  +- compile test Debug native success 1s MaxRSS:339M
|     +- run exe standard-types (standard_abi.zig) (+1 more reused dependencies)
+- run test 276 pass (276 total) 63ms MaxRSS:2M
|  +- compile test Debug native success 1s MaxRSS:339M
|     +- run exe standard-types (standard_abi.zig) (+1 more reused dependencies)
+- run test 275 pass (275 total) 48ms MaxRSS:2M
|  +- compile test Debug native success 1s MaxRSS:333M
|     +- run exe standard-types (standard_abi.zig) (+1 more reused dependencies)
+- run test 276 pass (276 total) 69ms MaxRSS:2M
|  +- compile test Debug native success 1s MaxRSS:330M
|     +- run exe standard-types (standard_abi.zig) (+1 more reused dependencies)
+- run test 2 pass (2 total) 3ms MaxRSS:1M
   +- compile test Debug native cached 49ms MaxRSS:21M
      +- run exe standard-types (standard_abi.zig) (+1 more reused dependencies)
