Build Summary: 18/18 steps succeeded; 1451/1451 tests passed
test-url-file success
+- run test 141 pass (141 total) 20ms MaxRSS:1M
|  +- compile test ReleaseSafe native success 8s MaxRSS:388M
|     +- run exe standard-types (standard_abi.zig) success 3ms
|        +- compile exe standard-types ReleaseSafe native success 15s MaxRSS:539M
|           +- WriteFile interfaces/0.d.zx cached
+- run test 206 pass (206 total) 30ms MaxRSS:1M
|  +- compile test ReleaseSafe native success 8s MaxRSS:404M
|     +- run exe standard-types (standard_abi.zig) (+1 more reused dependencies)
+- run test 275 pass (275 total) 16ms MaxRSS:1M
|  +- compile test ReleaseSafe native success 8s MaxRSS:402M
|     +- run exe standard-types (standard_abi.zig) (+1 more reused dependencies)
+- run test 276 pass (276 total) 23ms MaxRSS:1M
|  +- compile test ReleaseSafe native success 8s MaxRSS:395M
|     +- run exe standard-types (standard_abi.zig) (+1 more reused dependencies)
+- run test 275 pass (275 total) 16ms MaxRSS:1M
|  +- compile test ReleaseSafe native success 8s MaxRSS:407M
|     +- run exe standard-types (standard_abi.zig) (+1 more reused dependencies)
+- run test 276 pass (276 total) 23ms MaxRSS:1M
|  +- compile test ReleaseSafe native success 8s MaxRSS:409M
|     +- run exe standard-types (standard_abi.zig) (+1 more reused dependencies)
+- run test 2 pass (2 total) 3ms MaxRSS:1M
   +- compile test ReleaseSafe native success 7s MaxRSS:401M
      +- run exe standard-types (standard_abi.zig) (+1 more reused dependencies)
