test-url-file
+- run test 150 pass, 2 fail (152 total)
error: 'from_path_windows_test.test.from_path case 699' failed:
       slices differ. first difference occurs at index 8 (0x8)

       ============ expected this output: =============  len: 12 (0xC)

       66 69 6C 65 3A 2F 2F 2F  6C 65 61 66              file:///leaf

       ============= instead found this: ==============  len: 15 (0xF)

       66 69 6C 65 3A 2F 2F 2F  43 3A 2F 6C 65 61 66     file:///C:/leaf

       ================================================

       /Users/xiewendao/.local/share/zig/zig-x86_64-macos-0.16.0/lib/std/testing.zig:379:5: 0x10207cccc in expectEqualSlices__anon_38219 (test)
           return error.TestExpectedEqual;
           ^
       /Users/xiewendao/Documents/MatrixAges/zxc/packages/test/tests/standard/resources/url/file/fixture.zig:32:5: 0x10207d07e in verify (test)
           try std.testing.expectEqualSlices(u8, case.expected.?, result);
           ^
       /Users/xiewendao/Documents/MatrixAges/zxc/packages/test/tests/standard/resources/url/file/fixture.zig:18:5: 0x10207d839 in check (test)
           try verify(std.testing.allocator, document.value);
           ^
       /Users/xiewendao/Documents/MatrixAges/zxc/packages/test/tests/standard/resources/url/file/from_path_windows_test.zig:40:5: 0x1020c29cf in test.from_path case 699 (test)
           try fixture.check(
           ^
error: 'from_path_windows_test.test.from_path case 712' failed:
       /Users/xiewendao/Documents/MatrixAges/zxc/packages/compiler/standard/src/url/host/root.zig:67:77: 0x10206d2e1 in parseDomain (test)
               if (forbidden(byte) or byte <= 0x1f or byte == '%' or byte == 0x7f) return error.InvalidHost;
                                                                                   ^
       /Users/xiewendao/Documents/MatrixAges/zxc/packages/compiler/standard/src/url/host/root.zig:33:20: 0x10206ecdc in parse (test)
           const domain = try parseDomain(allocator, decoded);
                          ^
       /Users/xiewendao/Documents/MatrixAges/zxc/packages/compiler/standard/src/url/file/from_path.zig:27:16: 0x10207798d in fromPath (test)
               name = try host.parse(temporary, resolved[start..boundary], false);
                      ^
       /Users/xiewendao/Documents/MatrixAges/zxc/packages/test/tests/standard/resources/url/file/fixture.zig:37:9: 0x10207a29b in convert (test)
               return url.pathToFileUrl(allocator, case.input, case.windows, case.cwd);
               ^
       /Users/xiewendao/Documents/MatrixAges/zxc/packages/test/tests/standard/resources/url/file/fixture.zig:24:64: 0x10207ceca in verify (test)
               if (err == error.OutOfMemory or case.@"error" == null) return err;
                                                                      ^
       /Users/xiewendao/Documents/MatrixAges/zxc/packages/test/tests/standard/resources/url/file/fixture.zig:18:5: 0x10207d839 in check (test)
           try verify(std.testing.allocator, document.value);
           ^
       /Users/xiewendao/Documents/MatrixAges/zxc/packages/test/tests/standard/resources/url/file/from_path_windows_test.zig:118:5: 0x1020c24ef in test.from_path case 712 (test)
           try fixture.check(
           ^
failed command: ./packages/test/.zig-cache/o/da189689b95f22cdcb72dbb3bbb914eb/test --cache-dir=./packages/test/.zig-cache --seed=0x63dfd476 --listen=-

Build Summary: 14/16 steps succeeded (1 failed); 1395/1397 tests passed (2 failed)
test-url-file transitive failure
+- run test 141 pass (141 total) 51ms MaxRSS:2M
|  +- compile test Debug native success 1s MaxRSS:327M
|     +- run exe standard-types (standard_abi.zig) success 8ms
|        +- compile exe standard-types Debug native success 2s MaxRSS:423M
|           +- WriteFile interfaces/0.d.zx cached
+- run test 150 pass, 2 fail (152 total)
|  +- compile test Debug native success 1s MaxRSS:324M
|     +- run exe standard-types (standard_abi.zig) (+1 more reused dependencies)
+- run test 276 pass (276 total) 37ms MaxRSS:2M
|  +- compile test Debug native success 1s MaxRSS:309M
|     +- run exe standard-types (standard_abi.zig) (+1 more reused dependencies)
+- run test 276 pass (276 total) 56ms MaxRSS:2M
|  +- compile test Debug native success 1s MaxRSS:346M
|     +- run exe standard-types (standard_abi.zig) (+1 more reused dependencies)
+- run test 276 pass (276 total) 44ms MaxRSS:2M
|  +- compile test Debug native success 1s MaxRSS:322M
|     +- run exe standard-types (standard_abi.zig) (+1 more reused dependencies)
+- run test 276 pass (276 total) 63ms MaxRSS:2M
   +- compile test Debug native success 1s MaxRSS:331M
      +- run exe standard-types (standard_abi.zig) (+1 more reused dependencies)

error: the following build command failed with exit code 1:
packages/test/.zig-cache/o/4cc787ebab184cda28add891b980a6c4/build /Users/xiewendao/.local/share/zig/zig-x86_64-macos-0.16.0/zig /Users/xiewendao/.local/share/zig/zig-x86_64-macos-0.16.0/lib packages/test packages/test/.zig-cache /Users/xiewendao/.cache/zig --seed 0x63dfd476 -Z6ff83c4857a698ab test-url-file -j4 --summary all
