Build Summary: 30/30 steps succeeded; 73/73 tests passed
test-rx-inference success
+- run test 42 pass (42 total) 18ms MaxRSS:3M
   +- compile test Debug native cached 47ms MaxRSS:21M
      +- WriteFile interfaces/0.d.zx cached
test-rx-runtime success
+- run test 5 pass (5 total) 4ms MaxRSS:1M
|  +- compile test Debug native cached 49ms MaxRSS:21M
|     +- run exe compile-rx-module (program.zig) cached
|     |  +- compile exe compile-rx-module Debug native cached 47ms MaxRSS:21M
|     |     +- WriteFile interfaces/0.d.zx (reused)
|     +- run exe compile-rx-module (program.zig) (+1 more reused dependencies)
+- run test 3 pass (3 total) 4ms MaxRSS:1M
|  +- compile test Debug native cached 50ms MaxRSS:21M
|     +- run exe compile-rx-module (program.zig) cached
|     |  +- compile exe compile-rx-module Debug native (+1 more reused dependencies)
|     +- run exe compile-rx-module (program.zig) (+1 more reused dependencies)
+- run test 2 pass (2 total) 5ms MaxRSS:1M
|  +- compile test Debug native cached 50ms MaxRSS:21M
|     +- run exe compile-rx-module (program.zig) cached
|     |  +- compile exe compile-rx-module Debug native (+1 more reused dependencies)
|     +- run exe compile-rx-module (program.zig) (+1 more reused dependencies)
+- run test 3 pass (3 total) 3ms MaxRSS:1M
|  +- compile test Debug native cached 51ms MaxRSS:21M
|     +- run exe compile-rx-module (program.zig) cached
|     |  +- compile exe compile-rx-module Debug native (+1 more reused dependencies)
|     +- run exe compile-rx-module (program.zig) (+1 more reused dependencies)
+- run test 3 pass (3 total) 7ms MaxRSS:1M
|  +- compile test Debug native cached 50ms MaxRSS:21M
|     +- run exe compile-rx-module (program.zig) cached
|     |  +- compile exe compile-rx-module Debug native (+1 more reused dependencies)
|     +- run exe compile-rx-module (program.zig) (+1 more reused dependencies)
+- run test 6 pass (6 total) 6ms MaxRSS:1M
|  +- compile test Debug native cached 50ms MaxRSS:21M
|     +- run exe compile-rx-module (program.zig) cached
|     |  +- compile exe compile-rx-module Debug native (+1 more reused dependencies)
|     +- run exe compile-rx-module (program.zig) (+1 more reused dependencies)
+- run test 5 pass (5 total) 5ms MaxRSS:1M
|  +- compile test Debug native cached 49ms MaxRSS:21M
|     +- run exe compile-rx-module (program.zig) cached
|     |  +- compile exe compile-rx-module Debug native (+1 more reused dependencies)
|     +- run exe compile-rx-module (program.zig) (+1 more reused dependencies)
+- run test 4 pass (4 total) 6ms MaxRSS:1M
   +- compile test Debug native cached 49ms MaxRSS:21M
      +- run exe compile-rx-module (program.zig) cached
      |  +- compile exe compile-rx-module Debug native (+1 more reused dependencies)
      +- run exe compile-rx-module (program.zig) (+1 more reused dependencies)
