Build Summary: 30/30 steps succeeded; 73/73 tests passed
test-rx-inference success
+- run test 42 pass (42 total) 15ms MaxRSS:3M
   +- compile test Debug native success 3s MaxRSS:421M
      +- WriteFile interfaces/0.d.zx cached
test-rx-runtime success
+- run test 5 pass (5 total) 4ms MaxRSS:1M
|  +- compile test Debug native success 1s MaxRSS:246M
|     +- run exe compile-rx-module (program.zig) success 5ms
|     |  +- compile exe compile-rx-module Debug native success 3s MaxRSS:426M
|     |     +- WriteFile interfaces/0.d.zx (reused)
|     +- run exe compile-rx-module (program.zig) (+1 more reused dependencies)
+- run test 3 pass (3 total) 3ms MaxRSS:1M
|  +- compile test Debug native success 1s MaxRSS:246M
|     +- run exe compile-rx-module (program.zig) success 5ms
|     |  +- compile exe compile-rx-module Debug native (+1 more reused dependencies)
|     +- run exe compile-rx-module (program.zig) (+1 more reused dependencies)
+- run test 2 pass (2 total) 9ms MaxRSS:1M
|  +- compile test Debug native success 1s MaxRSS:245M
|     +- run exe compile-rx-module (program.zig) success 9ms
|     |  +- compile exe compile-rx-module Debug native (+1 more reused dependencies)
|     +- run exe compile-rx-module (program.zig) (+1 more reused dependencies)
+- run test 3 pass (3 total) 3ms MaxRSS:1M
|  +- compile test Debug native success 1s MaxRSS:247M
|     +- run exe compile-rx-module (program.zig) success 6ms
|     |  +- compile exe compile-rx-module Debug native (+1 more reused dependencies)
|     +- run exe compile-rx-module (program.zig) (+1 more reused dependencies)
+- run test 3 pass (3 total) 3ms MaxRSS:1M
|  +- compile test Debug native success 1s MaxRSS:237M
|     +- run exe compile-rx-module (program.zig) success 7ms
|     |  +- compile exe compile-rx-module Debug native (+1 more reused dependencies)
|     +- run exe compile-rx-module (program.zig) (+1 more reused dependencies)
+- run test 6 pass (6 total) 3ms MaxRSS:1M
|  +- compile test Debug native success 1s MaxRSS:246M
|     +- run exe compile-rx-module (program.zig) success 6ms
|     |  +- compile exe compile-rx-module Debug native (+1 more reused dependencies)
|     +- run exe compile-rx-module (program.zig) (+1 more reused dependencies)
+- run test 5 pass (5 total) 3ms MaxRSS:1M
|  +- compile test Debug native success 1s MaxRSS:251M
|     +- run exe compile-rx-module (program.zig) success 6ms
|     |  +- compile exe compile-rx-module Debug native (+1 more reused dependencies)
|     +- run exe compile-rx-module (program.zig) (+1 more reused dependencies)
+- run test 4 pass (4 total) 2ms MaxRSS:1M
   +- compile test Debug native success 1s MaxRSS:251M
      +- run exe compile-rx-module (program.zig) success 7ms
      |  +- compile exe compile-rx-module Debug native (+1 more reused dependencies)
      +- run exe compile-rx-module (program.zig) (+1 more reused dependencies)
