bool: 8 scalar and JSON cases passed
u8: 262 scalar and JSON cases passed
u16: 13 scalar and JSON cases passed
u32: 8 scalar and JSON cases passed
u64: 9 scalar and JSON cases passed
i32: 8 scalar and JSON cases passed
i64: 9 scalar and JSON cases passed
f32: 15 scalar and JSON cases passed
f64: 15 scalar and JSON cases passed
void: 3 scalar and JSON cases passed
13 RX state lifecycle cases passed
6 WASI command cases passed
489 WASM scalar, JSON, lifecycle, state and WASI cases passed (debug)
f32: 84 Node SIMD and tail cases passed
node:internal/modules/run_main:107
    triggerUncaughtException(
    ^

AssertionError [ERR_ASSERTION]: Generated program source is missing from WASM debug locations
    at checkAssembly (file:///Users/xiewendao/Documents/MatrixAges/zxc/packages/test/tests/targets/simd/assembly.ts:7:9)
    at file:///Users/xiewendao/Documents/MatrixAges/zxc/packages/test/tests/targets/simd/run_test.ts:73:4
    at ModuleJob.run (node:internal/modules/esm/module_job:430:25)
    at async node:internal/modules/esm/loader:639:26
    at async asyncRunEntryPointWithESMLoader (node:internal/modules/run_main:101:5) {
  generatedMessage: false,
  code: 'ERR_ASSERTION',
  actual: undefined,
  expected: true,
  operator: '==',
  diff: 'simple'
}

Node.js v25.8.1
test-simd-semantics
+- run node failure
error: process exited with code 1
failed command: node ./tests/targets/simd/run_test.ts ./.zig-cache/o/59dbdec64e68d83e6aa10f08a6f24c36/zxc ./tests/targets/simd/fixtures debug

void: 3 scalar cases passed
bool: 13 scalar cases passed
u8: 272 scalar cases passed
u16: 21 scalar cases passed
u32: 21 scalar cases passed
u64: 17 scalar cases passed
i32: 21 scalar cases passed
i64: 17 scalar cases passed
f32: 22 scalar cases passed
f64: 22 scalar cases passed
string: 17 scalar cases passed
45 byte, 31 record, 20 collection and 18 state cases passed
561 NAPI protocol cases passed (debug)
Build Summary: 13/15 steps succeeded (1 failed)
test-simd-semantics transitive failure
+- run node failure
