[
  {
    "file": "packages/test/src/generate_addition.ts",
    "status": "pass",
    "output": ""
  },
  {
    "file": "packages/test/src/generate_addition_conversion.ts",
    "status": "pass",
    "output": ""
  },
  {
    "file": "packages/test/src/generate_addition_grouping.ts",
    "status": "pass",
    "output": ""
  },
  {
    "file": "packages/test/src/generate_addition_names.ts",
    "status": "pass",
    "output": ""
  },
  {
    "file": "packages/test/src/generate_addition_order.ts",
    "status": "pass",
    "output": ""
  },
  {
    "file": "packages/test/src/generate_addition_strings.ts",
    "status": "pass",
    "output": ""
  },
  {
    "file": "packages/test/src/generate_addition_whitespace.ts",
    "status": "pass",
    "output": ""
  },
  {
    "file": "packages/test/src/generate_aggregate_equality.ts",
    "status": "pass",
    "output": ""
  },
  {
    "file": "packages/test/src/generate_array_literal.ts",
    "status": "pass",
    "output": ""
  },
  {
    "file": "packages/test/src/generate_array_order.ts",
    "status": "pass",
    "output": ""
  },
  {
    "file": "packages/test/src/generate_array_spread.ts",
    "status": "pass",
    "output": ""
  },
  {
    "file": "packages/test/src/generate_array_spread_errors.ts",
    "status": "pass",
    "output": ""
  },
  {
    "file": "packages/test/src/generate_array_spread_protocols.ts",
    "status": "pass",
    "output": ""
  },
  {
    "file": "packages/test/src/generate_block_comments.ts",
    "status": "pass",
    "output": ""
  },
  {
    "file": "packages/test/src/generate_boolean_inequality.ts",
    "status": "pass",
    "output": ""
  },
  {
    "file": "packages/test/src/generate_coalesce_logical.ts",
    "status": "pass",
    "output": ""
  },
  {
    "file": "packages/test/src/generate_coalesce_trace.ts",
    "status": "pass",
    "output": ""
  },
  {
    "file": "packages/test/src/generate_coalesce_values.ts",
    "status": "pass",
    "output": ""
  },
  {
    "file": "packages/test/src/generate_collections.ts",
    "status": "pass",
    "output": ""
  },
  {
    "file": "packages/test/src/generate_comments.ts",
    "status": "pass",
    "output": ""
  },
  {
    "file": "packages/test/src/generate_comparison_trace.ts",
    "status": "pass",
    "output": ""
  },
  {
    "file": "packages/test/src/generate_conditional.ts",
    "status": "pass",
    "output": ""
  },
  {
    "file": "packages/test/src/generate_control.ts",
    "status": "pass",
    "output": ""
  },
  {
    "file": "packages/test/src/generate_crypto_aead.ts",
    "status": "pass",
    "output": ""
  },
  {
    "file": "packages/test/src/generate_crypto_kdf.ts",
    "status": "pass",
    "output": ""
  },
  {
    "file": "packages/test/src/generate_division.ts",
    "status": "pass",
    "output": ""
  },
  {
    "file": "packages/test/src/generate_division_conversion.ts",
    "status": "pass",
    "output": ""
  },
  {
    "file": "packages/test/src/generate_division_grouping.ts",
    "status": "pass",
    "output": ""
  },
  {
    "file": "packages/test/src/generate_division_names.ts",
    "status": "pass",
    "output": ""
  },
  {
    "file": "packages/test/src/generate_division_order.ts",
    "status": "pass",
    "output": ""
  },
  {
    "file": "packages/test/src/generate_division_whitespace.ts",
    "status": "pass",
    "output": ""
  },
  {
    "file": "packages/test/src/generate_equality_assignment.ts",
    "status": "pass",
    "output": ""
  },
  {
    "file": "packages/test/src/generate_equality_conversion.ts",
    "status": "pass",
    "output": ""
  },
  {
    "file": "packages/test/src/generate_equality_names.ts",
    "status": "pass",
    "output": ""
  },
  {
    "file": "packages/test/src/generate_equality_whitespace.ts",
    "status": "pass",
    "output": ""
  },
  {
    "file": "packages/test/src/generate_float_comparisons.ts",
    "status": "pass",
    "output": ""
  },
  {
    "file": "packages/test/src/generate_if_nested.ts",
    "status": "pass",
    "output": ""
  },
  {
    "file": "packages/test/src/generate_if_statement.ts",
    "status": "pass",
    "output": ""
  },
  {
    "file": "packages/test/src/generate_if_truthiness.ts",
    "status": "pass",
    "output": ""
  },
  {
    "file": "packages/test/src/generate_integer_safety.ts",
    "status": "pass",
    "output": ""
  },
  {
    "file": "packages/test/src/generate_less_than_conversion.ts",
    "status": "pass",
    "output": ""
  },
  {
    "file": "packages/test/src/generate_lexical.ts",
    "status": "pass",
    "output": ""
  },
  {
    "file": "packages/test/src/generate_logical_assignment.ts",
    "status": "pass",
    "output": ""
  },
  {
    "file": "packages/test/src/generate_logical_binary.ts",
    "status": "pass",
    "output": ""
  },
  {
    "file": "packages/test/src/generate_logical_not.ts",
    "status": "pass",
    "output": ""
  },
  {
    "file": "packages/test/src/generate_logical_trace.ts",
    "status": "pass",
    "output": ""
  },
  {
    "file": "packages/test/src/generate_match_default.ts",
    "status": "pass",
    "output": ""
  },
  {
    "file": "packages/test/src/generate_match_floating.ts",
    "status": "pass",
    "output": ""
  },
  {
    "file": "packages/test/src/generate_match_frontend.ts",
    "status": "pass",
    "output": ""
  },
  {
    "file": "packages/test/src/generate_match_modules.ts",
    "status": "pass",
    "output": ""
  },
  {
    "file": "packages/test/src/generate_match_ownership.ts",
    "status": "pass",
    "output": ""
  },
  {
    "file": "packages/test/src/generate_match_scalars.ts",
    "status": "pass",
    "output": ""
  },
  {
    "file": "packages/test/src/generate_match_trace.ts",
    "status": "pass",
    "output": ""
  },
  {
    "file": "packages/test/src/generate_module_graphs.ts",
    "status": "pass",
    "output": ""
  },
  {
    "file": "packages/test/src/generate_module_paths.ts",
    "status": "pass",
    "output": ""
  },
  {
    "file": "packages/test/src/generate_modulus_conversion.ts",
    "status": "pass",
    "output": ""
  },
  {
    "file": "packages/test/src/generate_modulus_names.ts",
    "status": "pass",
    "output": ""
  },
  {
    "file": "packages/test/src/generate_modulus_order.ts",
    "status": "pass",
    "output": ""
  },
  {
    "file": "packages/test/src/generate_modulus_whitespace.ts",
    "status": "pass",
    "output": ""
  },
  {
    "file": "packages/test/src/generate_multiplication.ts",
    "status": "pass",
    "output": ""
  },
  {
    "file": "packages/test/src/generate_multiplication_conversion.ts",
    "status": "pass",
    "output": ""
  },
  {
    "file": "packages/test/src/generate_multiplication_grouping.ts",
    "status": "pass",
    "output": ""
  },
  {
    "file": "packages/test/src/generate_multiplication_names.ts",
    "status": "pass",
    "output": ""
  },
  {
    "file": "packages/test/src/generate_multiplication_order.ts",
    "status": "pass",
    "output": ""
  },
  {
    "file": "packages/test/src/generate_multiplication_whitespace.ts",
    "status": "pass",
    "output": ""
  },
  {
    "file": "packages/test/src/generate_numeric_boundaries.ts",
    "status": "pass",
    "output": ""
  },
  {
    "file": "packages/test/src/generate_numeric_literals.ts",
    "status": "pass",
    "output": ""
  },
  {
    "file": "packages/test/src/generate_object_computed.ts",
    "status": "pass",
    "output": ""
  },
  {
    "file": "packages/test/src/generate_object_construction.ts",
    "status": "pass",
    "output": ""
  },
  {
    "file": "packages/test/src/generate_object_duplicate.ts",
    "status": "pass",
    "output": ""
  },
  {
    "file": "packages/test/src/generate_object_fields.ts",
    "status": "pass",
    "output": ""
  },
  {
    "file": "packages/test/src/generate_object_shorthand.ts",
    "status": "pass",
    "output": ""
  },
  {
    "file": "packages/test/src/generate_operand_errors.ts",
    "status": "pass",
    "output": ""
  },
  {
    "file": "packages/test/src/generate_operator_types.ts",
    "status": "pass",
    "output": ""
  },
  {
    "file": "packages/test/src/generate_optional_enum.ts",
    "status": "pass",
    "output": ""
  },
  {
    "file": "packages/test/src/generate_optional_equality.ts",
    "status": "pass",
    "output": ""
  },
  {
    "file": "packages/test/src/generate_optional_floating.ts",
    "status": "pass",
    "output": ""
  },
  {
    "file": "packages/test/src/generate_ownership.ts",
    "status": "pass",
    "output": ""
  },
  {
    "file": "packages/test/src/generate_package_archives.ts",
    "status": "pass",
    "output": ""
  },
  {
    "file": "packages/test/src/generate_path_resolution.ts",
    "status": "pass",
    "output": ""
  },
  {
    "file": "packages/test/src/generate_paths.ts",
    "status": "pass",
    "output": ""
  },
  {
    "file": "packages/test/src/generate_primitive_equality.ts",
    "status": "pass",
    "output": ""
  },
  {
    "file": "packages/test/src/generate_querystring.ts",
    "status": "pass",
    "output": ""
  },
  {
    "file": "packages/test/src/generate_relational_assignment.ts",
    "status": "pass",
    "output": ""
  },
  {
    "file": "packages/test/src/generate_relational_conversion.ts",
    "status": "pass",
    "output": ""
  },
  {
    "file": "packages/test/src/generate_relational_names.ts",
    "status": "pass",
    "output": ""
  },
  {
    "file": "packages/test/src/generate_relational_source.ts",
    "status": "pass",
    "output": ""
  },
  {
    "file": "packages/test/src/generate_relational_string_conversion.ts",
    "status": "pass",
    "output": ""
  },
  {
    "file": "packages/test/src/generate_relational_string_order.ts",
    "status": "pass",
    "output": ""
  },
  {
    "file": "packages/test/src/generate_relational_strings.ts",
    "status": "pass",
    "output": ""
  },
  {
    "file": "packages/test/src/generate_relational_whitespace.ts",
    "status": "pass",
    "output": ""
  },
  {
    "file": "packages/test/src/generate_remainder.ts",
    "status": "pass",
    "output": ""
  },
  {
    "file": "packages/test/src/generate_selection_identity.ts",
    "status": "pass",
    "output": ""
  },
  {
    "file": "packages/test/src/generate_standard.ts",
    "status": "pass",
    "output": ""
  },
  {
    "file": "packages/test/src/generate_standard_errors.ts",
    "status": "pass",
    "output": ""
  },
  {
    "file": "packages/test/src/generate_store.ts",
    "status": "pass",
    "output": ""
  },
  {
    "file": "packages/test/src/generate_string_lexical.ts",
    "status": "pass",
    "output": ""
  },
  {
    "file": "packages/test/src/generate_string_storage.ts",
    "status": "pass",
    "output": ""
  },
  {
    "file": "packages/test/src/generate_strings.ts",
    "status": "pass",
    "output": ""
  },
  {
    "file": "packages/test/src/generate_subtraction.ts",
    "status": "pass",
    "output": ""
  },
  {
    "file": "packages/test/src/generate_subtraction_conversion.ts",
    "status": "pass",
    "output": ""
  },
  {
    "file": "packages/test/src/generate_subtraction_names.ts",
    "status": "pass",
    "output": ""
  },
  {
    "file": "packages/test/src/generate_subtraction_order.ts",
    "status": "pass",
    "output": ""
  },
  {
    "file": "packages/test/src/generate_subtraction_whitespace.ts",
    "status": "pass",
    "output": ""
  },
  {
    "file": "packages/test/src/generate_unary_minus.ts",
    "status": "pass",
    "output": ""
  },
  {
    "file": "packages/test/src/generate_unary_plus_boundary.ts",
    "status": "pass",
    "output": ""
  },
  {
    "file": "packages/test/src/generate_zlib.ts",
    "status": "pass",
    "output": ""
  }
]
{'pass': 107, 'fail': 0, 'unsupported_check': 0}
