Build Summary: 37/37 steps succeeded; 184/184 tests passed
test-expression-bindings success
+- run test 40 pass (40 total) 8ms MaxRSS:1M
   +- compile test Debug native success 2s MaxRSS:325M
      +- WriteFile interfaces/0.d.zx cached
test-expression-runtime success
+- run test 4 pass (4 total) 2ms MaxRSS:1M
|  +- compile test Debug native success 1s MaxRSS:249M
|     +- run exe compile-bound-expression (program.zig) success 4ms
|     |  +- compile exe compile-bound-expression Debug native success 2s MaxRSS:348M
|     |     +- WriteFile interfaces/0.d.zx (reused)
|     +- run exe compile-bound-expression (program.zig) (+1 more reused dependencies)
+- run test 3 pass (3 total) 3ms MaxRSS:1M
|  +- compile test Debug native success 1s MaxRSS:234M
|     +- run exe compile-bound-expression (program.zig) success 4ms
|     |  +- compile exe compile-bound-expression Debug native (+1 more reused dependencies)
|     +- run exe compile-bound-expression (program.zig) (+1 more reused dependencies)
+- run test 2 pass (2 total) 2ms MaxRSS:1M
   +- compile test Debug native success 1s MaxRSS:245M
      +- run exe compile-bound-expression (program.zig) success 4ms
      |  +- compile exe compile-bound-expression Debug native (+1 more reused dependencies)
      +- run exe compile-bound-expression (program.zig) (+1 more reused dependencies)
test-xml-expression success
+- run test 15 pass (15 total) 6ms MaxRSS:1M
   +- compile test Debug native success 2s MaxRSS:328M
      +- WriteFile interfaces/0.d.zx (reused)
test-rx-text success
+- run test 4 pass (4 total) 4ms MaxRSS:1M
|  +- compile test Debug native cached 75ms MaxRSS:21M
+- run test 3 pass (3 total) 7ms MaxRSS:1M
|  +- compile test Debug native cached 70ms MaxRSS:21M
+- run test 2 pass (2 total) 30ms MaxRSS:3M
|  +- compile test Debug native cached 53ms MaxRSS:21M
+- run test 30 pass (30 total) 16ms MaxRSS:1M
|  +- compile test Debug native cached 51ms MaxRSS:21M
+- run test 14 pass (14 total) 6ms MaxRSS:1M
|  +- compile test Debug native cached 68ms MaxRSS:21M
+- run test 26 pass (26 total) 7ms MaxRSS:1M
|  +- compile test Debug native cached 69ms MaxRSS:21M
+- run test 6 pass (6 total) 6ms MaxRSS:1M
|  +- compile test Debug native cached 68ms MaxRSS:21M
+- run test 29 pass (29 total) 15ms MaxRSS:1M
|  +- compile test Debug native cached 54ms MaxRSS:21M
+- run test 6 pass (6 total) 4ms MaxRSS:1M
   +- compile test Debug native cached 75ms MaxRSS:21M
