bool: 8 scalar and JSON cases passed
u8: 262 scalar and JSON cases passed
u16: 13 scalar and JSON cases passed
u32: 8 scalar and JSON cases passed
u64: 9 scalar and JSON cases passed
i32: 8 scalar and JSON cases passed
i64: 9 scalar and JSON cases passed
f32: 15 scalar and JSON cases passed
f64: 15 scalar and JSON cases passed
void: 3 scalar and JSON cases passed
wasm://wasm/record.wasm-00394666:1


RuntimeError: unreachable
    at record.wasm.debug.defaultPanic (wasm://wasm/record.wasm-00394666:wasm-function[3]:0x44a)
    at record.wasm.debug.FullPanic((function 'defaultPanic')).integerOverflow (wasm://wasm/record.wasm-00394666:wasm-function[9]:0x9b5)
    at record.wasm.heap.ArenaAllocator.alloc (wasm://wasm/record.wasm-00394666:wasm-function[133]:0xeb5b)
    at record.wasm.mem.Allocator.allocBytesWithAlignment__anon_11938 (wasm://wasm/record.wasm-00394666:wasm-function[313]:0x2c5c0)
    at record.wasm.mem.Allocator.allocWithSizeAndAlignment__anon_11934 (wasm://wasm/record.wasm-00394666:wasm-function[312]:0x2c4d7)
    at record.wasm.mem.Allocator.alloc__anon_12067 (wasm://wasm/record.wasm-00394666:wasm-function[334]:0x2fe8a)
    at record.wasm.main.zxc_alloc (wasm://wasm/record.wasm-00394666:wasm-function[333]:0x2fcb4)
    at checkProtocol (file:///Users/xiewendao/Documents/MatrixAges/zxc/packages/test/tests/targets/wasm/protocol.ts:71:25)
    at file:///Users/xiewendao/Documents/MatrixAges/zxc/packages/test/tests/targets/wasm/run_test.ts:83:11
    at ModuleJob.run (node:internal/modules/esm/module_job:430:25)

Node.js v25.8.1
test-wasm-protocol
+- run node failure
error: process exited with error code 1
failed command: node ./packages/test/tests/targets/wasm/run_test.ts ./packages/test/.zig-cache/o/9f0734cbd404a5c918fde83ebd5fb1bf/zxc ./packages/test/tests/targets/wasm/fixtures Debug

Build Summary: 8/10 steps succeeded (1 failed)
test-wasm-protocol transitive failure
+- run node failure
   +- compile exe zxc Debug native success 10s MaxRSS:2G
      +- WriteFile cached
      +- compile lib yaml Debug native cached 42ms MaxRSS:20M
      +- compile lib yaml Debug native (reused)
      +- options success
      +- run exe bundle-zig (bundle) cached
      |  +- compile exe bundle-zig ReleaseFast native cached 45ms MaxRSS:21M
      |  +- WriteFile bundle_manifest.json cached
      +- WriteFile interfaces/0.d.zx cached

error: the following build command failed with exit code 1:
packages/test/.zig-cache/o/c55632f9007f87542fc0d4543e474734/build /Users/xiewendao/.local/share/zig/zig-x86_64-macos-0.16.0/zig /Users/xiewendao/.local/share/zig/zig-x86_64-macos-0.16.0/lib packages/test packages/test/.zig-cache /Users/xiewendao/.cache/zig --seed 0x65a41ac0 -Z5d4a53d2674fc579 test-wasm-protocol -j2 --summary all
