Build Summary: 23/23 steps succeeded
install success
+- install lane-observe success
   +- compile exe lane-observe debug native success 3s MaxRSS:511M
      +- WriteFile interfaces/0.d.zx cached
      |  +- run exe standard-catalog (catalog.zig) cached
      |     +- compile exe standard-catalog fast native cached 7s MaxRSS:21M
      |     +- WriteFile catalog.json cached
      +- options cached
      +- run exe generate-parser (parser.zig) success 11s
      |  +- compile exe generate-parser debug native success 5s MaxRSS:622M
      |     +- options cached
      |     +- WriteFile interfaces/0.d.zx cached
      |     |  +- run exe standard-catalog (catalog.zig) cached
      |     |     +- compile exe standard-catalog fast native success 7s MaxRSS:359M
      |     |     +- WriteFile catalog.json cached
      |     +- options cached
      +- run exe generate-parser (parser.zig) (+1 more reused dependencies)
      +- run exe generate-parser (parser.zig) (+1 more reused dependencies)
      +- run exe generate-parser (parser.zig) (+1 more reused dependencies)
      +- run exe generate-parser (parser.zig) (+1 more reused dependencies)
      +- run exe generate-parser (parser.zig) (+1 more reused dependencies)
      +- run exe generate-parser (parser.zig) (+1 more reused dependencies)
      +- run exe generate-parser (parser.zig) (+1 more reused dependencies)
      +- run exe generate-parser (parser.zig) (+1 more reused dependencies)
      +- run exe generate-parser (parser.zig) (+1 more reused dependencies)
      +- run exe generate-parser (parser.zig) (+1 more reused dependencies)
      +- run exe generate-parser (parser.zig) (+1 more reused dependencies)
      +- run exe generate-parser (parser.zig) (+1 more reused dependencies)
      +- run exe generate-parser (parser.zig) (+1 more reused dependencies)
      +- run exe generate-parser (parser.zig) (+1 more reused dependencies)
      +- run exe generate-parser (parser.zig) (+1 more reused dependencies)
      +- run exe generate-parser (parser.zig) (+1 more reused dependencies)
      +- run exe generate-parser (parser.zig) (+1 more reused dependencies)
      +- run exe generate-parser (parser.zig) (+1 more reused dependencies)
      +- run exe generate-lexer (lexer.zig) success 85ms
      |  +- compile exe generate-lexer debug native success 4s MaxRSS:548M
      |     +- WriteFile interfaces/0.d.zx success
      |     |  +- run exe standard-catalog (catalog.zig) success 2ms
      |     |     +- compile exe standard-catalog fast native cached 7s MaxRSS:21M
      |     |     +- WriteFile catalog.json cached
      |     +- options cached
      +- run exe generate-parser (parser.zig) (+1 more reused dependencies)
      +- run exe generate-parser (parser.zig) (+1 more reused dependencies)
      +- run exe generate-parser (parser.zig) (+1 more reused dependencies)
      +- run exe generate-parser (parser.zig) (+1 more reused dependencies)
      +- run exe generate-parser (parser.zig) (+1 more reused dependencies)
      +- run exe generate-parser (parser.zig) (+1 more reused dependencies)
      +- run exe generate-parser (parser.zig) (+1 more reused dependencies)
      +- run exe generate-parser (parser.zig) (+1 more reused dependencies)
      +- run exe generate-parser (parser.zig) (+1 more reused dependencies)
      +- run exe generate-parser (parser.zig) (+1 more reused dependencies)
      +- run exe generate-parser (parser.zig) (+1 more reused dependencies)
      +- run exe generate-parser (parser.zig) (+1 more reused dependencies)
      +- run exe generate-parser (parser.zig) (+1 more reused dependencies)
      +- run exe generate-parser (parser.zig) (+1 more reused dependencies)
