✔ loop public library relocation and compiled manifest republication preserve returned aliases (120276.107544ms)
ℹ tests 1
ℹ suites 0
ℹ pass 1
ℹ fail 0
ℹ cancelled 0
ℹ skipped 0
ℹ todo 0
ℹ duration_ms 120280.810747
Build Summary: 258/258 steps succeeded; 499/499 tests passed
test-type-resolution success
+- run test type-resolution-initialization 10 pass (10 total) 3ms MaxRSS:1M
|  +- compile test type-resolution-initialization safe native success 15s MaxRSS:455M
|     +- WriteFile interfaces/0.d.zx cached
|     |  +- run exe standard-catalog (catalog.zig) cached
|     |     +- compile exe standard-catalog fast native success 7s MaxRSS:347M
|     |     +- WriteFile catalog.json cached
|     +- options cached
|     +- run exe generate-parser (parser.zig) success 24s
|     |  +- compile exe generate-parser safe native success 30s MaxRSS:750M
|     |     +- options cached
|     |     +- WriteFile interfaces/0.d.zx cached
|     |     |  +- run exe standard-catalog (catalog.zig) cached
|     |     |     +- compile exe standard-catalog fast native cached 7s MaxRSS:21M
|     |     |     +- WriteFile catalog.json cached
|     |     +- options cached
|     +- run exe generate-parser (parser.zig) (+1 more reused dependencies)
|     +- run exe generate-parser (parser.zig) (+1 more reused dependencies)
|     +- run exe generate-parser (parser.zig) (+1 more reused dependencies)
|     +- run exe generate-parser (parser.zig) (+1 more reused dependencies)
|     +- run exe generate-parser (parser.zig) (+1 more reused dependencies)
|     +- run exe generate-parser (parser.zig) (+1 more reused dependencies)
|     +- run exe generate-parser (parser.zig) (+1 more reused dependencies)
|     +- run exe generate-parser (parser.zig) (+1 more reused dependencies)
|     +- run exe generate-parser (parser.zig) (+1 more reused dependencies)
|     +- run exe generate-parser (parser.zig) (+1 more reused dependencies)
|     +- run exe generate-parser (parser.zig) (+1 more reused dependencies)
|     +- run exe generate-parser (parser.zig) (+1 more reused dependencies)
|     +- run exe generate-parser (parser.zig) (+1 more reused dependencies)
|     +- run exe generate-parser (parser.zig) (+1 more reused dependencies)
|     +- run exe generate-parser (parser.zig) (+1 more reused dependencies)
|     +- run exe generate-parser (parser.zig) (+1 more reused dependencies)
|     +- run exe generate-parser (parser.zig) (+1 more reused dependencies)
|     +- run exe generate-parser (parser.zig) (+1 more reused dependencies)
|     +- run exe generate-lexer (lexer.zig) success 18ms
|     |  +- compile exe generate-lexer safe native success 25s MaxRSS:697M
|     |     +- WriteFile interfaces/0.d.zx success
|     |     |  +- run exe standard-catalog (catalog.zig) success 2ms
|     |     |     +- compile exe standard-catalog fast native cached 7s MaxRSS:21M
|     |     |     +- WriteFile catalog.json cached
|     |     +- options cached
|     +- run exe generate-parser (parser.zig) (+1 more reused dependencies)
|     +- run exe generate-parser (parser.zig) (+1 more reused dependencies)
|     +- run exe generate-parser (parser.zig) (+1 more reused dependencies)
|     +- run exe generate-parser (parser.zig) (+1 more reused dependencies)
|     +- run exe generate-parser (parser.zig) (+1 more reused dependencies)
|     +- run exe generate-parser (parser.zig) (+1 more reused dependencies)
|     +- run exe generate-parser (parser.zig) (+1 more reused dependencies)
|     +- run exe generate-parser (parser.zig) (+1 more reused dependencies)
|     +- run exe generate-parser (parser.zig) (+1 more reused dependencies)
|     +- run exe generate-parser (parser.zig) (+1 more reused dependencies)
|     +- run exe generate-parser (parser.zig) (+1 more reused dependencies)
|     +- run exe generate-parser (parser.zig) (+1 more reused dependencies)
|     +- run exe generate-parser (parser.zig) (+1 more reused dependencies)
|     +- run exe generate-parser (parser.zig) (+1 more reused dependencies)
+- run test type-resolution-names 19 pass (19 total) 16ms MaxRSS:4M
|  +- compile test type-resolution-names safe native success 15s MaxRSS:456M
|     +- WriteFile interfaces/0.d.zx (+1 more reused dependencies)
|     +- options (reused)
|     +- run exe generate-parser (parser.zig) (+1 more reused dependencies)
|     +- run exe generate-parser (parser.zig) (+1 more reused dependencies)
|     +- run exe generate-parser (parser.zig) (+1 more reused dependencies)
|     +- run exe generate-parser (parser.zig) (+1 more reused dependencies)
|     +- run exe generate-parser (parser.zig) (+1 more reused dependencies)
|     +- run exe generate-parser (parser.zig) (+1 more reused dependencies)
|     +- run exe generate-parser (parser.zig) (+1 more reused dependencies)
|     +- run exe generate-parser (parser.zig) (+1 more reused dependencies)
|     +- run exe generate-parser (parser.zig) (+1 more reused dependencies)
|     +- run exe generate-parser (parser.zig) (+1 more reused dependencies)
|     +- run exe generate-parser (parser.zig) (+1 more reused dependencies)
|     +- run exe generate-parser (parser.zig) (+1 more reused dependencies)
|     +- run exe generate-parser (parser.zig) (+1 more reused dependencies)
|     +- run exe generate-parser (parser.zig) (+1 more reused dependencies)
|     +- run exe generate-parser (parser.zig) (+1 more reused dependencies)
|     +- run exe generate-parser (parser.zig) (+1 more reused dependencies)
|     +- run exe generate-parser (parser.zig) (+1 more reused dependencies)
|     +- run exe generate-parser (parser.zig) (+1 more reused dependencies)
|     +- run exe generate-parser (parser.zig) (+1 more reused dependencies)
|     +- run exe generate-lexer (lexer.zig) (+1 more reused dependencies)
|     +- run exe generate-parser (parser.zig) (+1 more reused dependencies)
|     +- run exe generate-parser (parser.zig) (+1 more reused dependencies)
|     +- run exe generate-parser (parser.zig) (+1 more reused dependencies)
|     +- run exe generate-parser (parser.zig) (+1 more reused dependencies)
|     +- run exe generate-parser (parser.zig) (+1 more reused dependencies)
|     +- run exe generate-parser (parser.zig) (+1 more reused dependencies)
|     +- run exe generate-parser (parser.zig) (+1 more reused dependencies)
|     +- run exe generate-parser (parser.zig) (+1 more reused dependencies)
|     +- run exe generate-parser (parser.zig) (+1 more reused dependencies)
|     +- run exe generate-parser (parser.zig) (+1 more reused dependencies)
|     +- run exe generate-parser (parser.zig) (+1 more reused dependencies)
|     +- run exe generate-parser (parser.zig) (+1 more reused dependencies)
|     +- run exe generate-parser (parser.zig) (+1 more reused dependencies)
|     +- run exe generate-parser (parser.zig) (+1 more reused dependencies)
+- run test type-resolution-nodes 20 pass (20 total) 3ms MaxRSS:1M
|  +- compile test type-resolution-nodes safe native success 15s MaxRSS:496M
|     +- WriteFile interfaces/0.d.zx (+1 more reused dependencies)
|     +- options (reused)
|     +- run exe generate-parser (parser.zig) (+1 more reused dependencies)
|     +- run exe generate-parser (parser.zig) (+1 more reused dependencies)
|     +- run exe generate-parser (parser.zig) (+1 more reused dependencies)
|     +- run exe generate-parser (parser.zig) (+1 more reused dependencies)
|     +- run exe generate-parser (parser.zig) (+1 more reused dependencies)
|     +- run exe generate-parser (parser.zig) (+1 more reused dependencies)
|     +- run exe generate-parser (parser.zig) (+1 more reused dependencies)
|     +- run exe generate-parser (parser.zig) (+1 more reused dependencies)
|     +- run exe generate-parser (parser.zig) (+1 more reused dependencies)
|     +- run exe generate-parser (parser.zig) (+1 more reused dependencies)
|     +- run exe generate-parser (parser.zig) (+1 more reused dependencies)
|     +- run exe generate-parser (parser.zig) (+1 more reused dependencies)
|     +- run exe generate-parser (parser.zig) (+1 more reused dependencies)
|     +- run exe generate-parser (parser.zig) (+1 more reused dependencies)
|     +- run exe generate-parser (parser.zig) (+1 more reused dependencies)
|     +- run exe generate-parser (parser.zig) (+1 more reused dependencies)
|     +- run exe generate-parser (parser.zig) (+1 more reused dependencies)
|     +- run exe generate-parser (parser.zig) (+1 more reused dependencies)
|     +- run exe generate-parser (parser.zig) (+1 more reused dependencies)
|     +- run exe generate-lexer (lexer.zig) (+1 more reused dependencies)
|     +- run exe generate-parser (parser.zig) (+1 more reused dependencies)
|     +- run exe generate-parser (parser.zig) (+1 more reused dependencies)
|     +- run exe generate-parser (parser.zig) (+1 more reused dependencies)
|     +- run exe generate-parser (parser.zig) (+1 more reused dependencies)
|     +- run exe generate-parser (parser.zig) (+1 more reused dependencies)
|     +- run exe generate-parser (parser.zig) (+1 more reused dependencies)
|     +- run exe generate-parser (parser.zig) (+1 more reused dependencies)
|     +- run exe generate-parser (parser.zig) (+1 more reused dependencies)
|     +- run exe generate-parser (parser.zig) (+1 more reused dependencies)
|     +- run exe generate-parser (parser.zig) (+1 more reused dependencies)
|     +- run exe generate-parser (parser.zig) (+1 more reused dependencies)
|     +- run exe generate-parser (parser.zig) (+1 more reused dependencies)
|     +- run exe generate-parser (parser.zig) (+1 more reused dependencies)
|     +- run exe generate-parser (parser.zig) (+1 more reused dependencies)
+- run test type-resolution-views 9 pass (9 total) 52ms MaxRSS:22M
|  +- compile test type-resolution-views safe native success 48s MaxRSS:1G
|     +- WriteFile interfaces/0.d.zx (+1 more reused dependencies)
|     +- options (reused)
|     +- run exe generate-parser (parser.zig) (+1 more reused dependencies)
|     +- run exe generate-parser (parser.zig) (+1 more reused dependencies)
|     +- run exe generate-parser (parser.zig) (+1 more reused dependencies)
|     +- run exe generate-parser (parser.zig) (+1 more reused dependencies)
|     +- run exe generate-parser (parser.zig) (+1 more reused dependencies)
|     +- run exe generate-parser (parser.zig) (+1 more reused dependencies)
|     +- run exe generate-parser (parser.zig) (+1 more reused dependencies)
|     +- run exe generate-parser (parser.zig) (+1 more reused dependencies)
|     +- run exe generate-parser (parser.zig) (+1 more reused dependencies)
|     +- run exe generate-parser (parser.zig) (+1 more reused dependencies)
|     +- run exe generate-parser (parser.zig) (+1 more reused dependencies)
|     +- run exe generate-parser (parser.zig) (+1 more reused dependencies)
|     +- run exe generate-parser (parser.zig) (+1 more reused dependencies)
|     +- run exe generate-parser (parser.zig) (+1 more reused dependencies)
|     +- run exe generate-parser (parser.zig) (+1 more reused dependencies)
|     +- run exe generate-parser (parser.zig) (+1 more reused dependencies)
|     +- run exe generate-parser (parser.zig) (+1 more reused dependencies)
|     +- run exe generate-parser (parser.zig) (+1 more reused dependencies)
|     +- run exe generate-parser (parser.zig) (+1 more reused dependencies)
|     +- run exe generate-lexer (lexer.zig) (+1 more reused dependencies)
|     +- run exe generate-parser (parser.zig) (+1 more reused dependencies)
|     +- run exe generate-parser (parser.zig) (+1 more reused dependencies)
|     +- run exe generate-parser (parser.zig) (+1 more reused dependencies)
|     +- run exe generate-parser (parser.zig) (+1 more reused dependencies)
|     +- run exe generate-parser (parser.zig) (+1 more reused dependencies)
|     +- run exe generate-parser (parser.zig) (+1 more reused dependencies)
|     +- run exe generate-parser (parser.zig) (+1 more reused dependencies)
|     +- run exe generate-parser (parser.zig) (+1 more reused dependencies)
|     +- run exe generate-parser (parser.zig) (+1 more reused dependencies)
|     +- run exe generate-parser (parser.zig) (+1 more reused dependencies)
|     +- run exe generate-parser (parser.zig) (+1 more reused dependencies)
|     +- run exe generate-parser (parser.zig) (+1 more reused dependencies)
|     +- run exe generate-parser (parser.zig) (+1 more reused dependencies)
|     +- run exe generate-parser (parser.zig) (+1 more reused dependencies)
+- run test type-resolution-resources 5 pass (5 total) 10ms MaxRSS:1M
   +- compile test type-resolution-resources safe native success 27s MaxRSS:848M
      +- WriteFile interfaces/0.d.zx (+1 more reused dependencies)
      +- options (reused)
      +- run exe generate-parser (parser.zig) (+1 more reused dependencies)
      +- run exe generate-parser (parser.zig) (+1 more reused dependencies)
      +- run exe generate-parser (parser.zig) (+1 more reused dependencies)
      +- run exe generate-parser (parser.zig) (+1 more reused dependencies)
      +- run exe generate-parser (parser.zig) (+1 more reused dependencies)
      +- run exe generate-parser (parser.zig) (+1 more reused dependencies)
      +- run exe generate-parser (parser.zig) (+1 more reused dependencies)
      +- run exe generate-parser (parser.zig) (+1 more reused dependencies)
      +- run exe generate-parser (parser.zig) (+1 more reused dependencies)
      +- run exe generate-parser (parser.zig) (+1 more reused dependencies)
      +- run exe generate-parser (parser.zig) (+1 more reused dependencies)
      +- run exe generate-parser (parser.zig) (+1 more reused dependencies)
      +- run exe generate-parser (parser.zig) (+1 more reused dependencies)
      +- run exe generate-parser (parser.zig) (+1 more reused dependencies)
      +- run exe generate-parser (parser.zig) (+1 more reused dependencies)
      +- run exe generate-parser (parser.zig) (+1 more reused dependencies)
      +- run exe generate-parser (parser.zig) (+1 more reused dependencies)
      +- run exe generate-parser (parser.zig) (+1 more reused dependencies)
      +- run exe generate-parser (parser.zig) (+1 more reused dependencies)
      +- run exe generate-lexer (lexer.zig) (+1 more reused dependencies)
      +- run exe generate-parser (parser.zig) (+1 more reused dependencies)
      +- run exe generate-parser (parser.zig) (+1 more reused dependencies)
      +- run exe generate-parser (parser.zig) (+1 more reused dependencies)
      +- run exe generate-parser (parser.zig) (+1 more reused dependencies)
      +- run exe generate-parser (parser.zig) (+1 more reused dependencies)
      +- run exe generate-parser (parser.zig) (+1 more reused dependencies)
      +- run exe generate-parser (parser.zig) (+1 more reused dependencies)
      +- run exe generate-parser (parser.zig) (+1 more reused dependencies)
      +- run exe generate-parser (parser.zig) (+1 more reused dependencies)
      +- run exe generate-parser (parser.zig) (+1 more reused dependencies)
      +- run exe generate-parser (parser.zig) (+1 more reused dependencies)
      +- run exe generate-parser (parser.zig) (+1 more reused dependencies)
      +- run exe generate-parser (parser.zig) (+1 more reused dependencies)
      +- run exe generate-parser (parser.zig) (+1 more reused dependencies)
test-iterate-calls success
+- run test 1 pass (1 total) 1s MaxRSS:4M
|  +- compile test safe native success 57s MaxRSS:1G
|     +- WriteFile interfaces/0.d.zx (+1 more reused dependencies)
|     +- options (reused)
|     +- run exe generate-parser (parser.zig) (+1 more reused dependencies)
|     +- run exe generate-parser (parser.zig) (+1 more reused dependencies)
|     +- run exe generate-parser (parser.zig) (+1 more reused dependencies)
|     +- run exe generate-parser (parser.zig) (+1 more reused dependencies)
|     +- run exe generate-parser (parser.zig) (+1 more reused dependencies)
|     +- run exe generate-parser (parser.zig) (+1 more reused dependencies)
|     +- run exe generate-parser (parser.zig) (+1 more reused dependencies)
|     +- run exe generate-parser (parser.zig) (+1 more reused dependencies)
|     +- run exe generate-parser (parser.zig) (+1 more reused dependencies)
|     +- run exe generate-parser (parser.zig) (+1 more reused dependencies)
|     +- run exe generate-parser (parser.zig) (+1 more reused dependencies)
|     +- run exe generate-parser (parser.zig) (+1 more reused dependencies)
|     +- run exe generate-parser (parser.zig) (+1 more reused dependencies)
|     +- run exe generate-parser (parser.zig) (+1 more reused dependencies)
|     +- run exe generate-parser (parser.zig) (+1 more reused dependencies)
|     +- run exe generate-parser (parser.zig) (+1 more reused dependencies)
|     +- run exe generate-parser (parser.zig) (+1 more reused dependencies)
|     +- run exe generate-parser (parser.zig) (+1 more reused dependencies)
|     +- run exe generate-parser (parser.zig) (+1 more reused dependencies)
|     +- run exe generate-lexer (lexer.zig) (+1 more reused dependencies)
|     +- run exe generate-parser (parser.zig) (+1 more reused dependencies)
|     +- run exe generate-parser (parser.zig) (+1 more reused dependencies)
|     +- run exe generate-parser (parser.zig) (+1 more reused dependencies)
|     +- run exe generate-parser (parser.zig) (+1 more reused dependencies)
|     +- run exe generate-parser (parser.zig) (+1 more reused dependencies)
|     +- run exe generate-parser (parser.zig) (+1 more reused dependencies)
|     +- run exe generate-parser (parser.zig) (+1 more reused dependencies)
|     +- run exe generate-parser (parser.zig) (+1 more reused dependencies)
|     +- run exe generate-parser (parser.zig) (+1 more reused dependencies)
|     +- run exe generate-parser (parser.zig) (+1 more reused dependencies)
|     +- run exe generate-parser (parser.zig) (+1 more reused dependencies)
|     +- run exe generate-parser (parser.zig) (+1 more reused dependencies)
|     +- run exe generate-parser (parser.zig) (+1 more reused dependencies)
|     +- run exe generate-parser (parser.zig) (+1 more reused dependencies)
+- run test iterate-calls-identity-source 10 pass (10 total) 5ms MaxRSS:1M
|  +- compile test iterate-calls-identity-source safe native success 14s MaxRSS:390M
|     +- run exe compile-iterate-calls (source.zig) success 6ms
|     |  +- compile exe compile-iterate-calls safe native success 56s MaxRSS:1G
|     |     +- WriteFile interfaces/0.d.zx (+1 more reused dependencies)
|     |     +- options (reused)
|     |     +- run exe generate-parser (parser.zig) (+1 more reused dependencies)
|     |     +- run exe generate-parser (parser.zig) (+1 more reused dependencies)
|     |     +- run exe generate-parser (parser.zig) (+1 more reused dependencies)
|     |     +- run exe generate-parser (parser.zig) (+1 more reused dependencies)
|     |     +- run exe generate-parser (parser.zig) (+1 more reused dependencies)
|     |     +- run exe generate-parser (parser.zig) (+1 more reused dependencies)
|     |     +- run exe generate-parser (parser.zig) (+1 more reused dependencies)
|     |     +- run exe generate-parser (parser.zig) (+1 more reused dependencies)
|     |     +- run exe generate-parser (parser.zig) (+1 more reused dependencies)
|     |     +- run exe generate-parser (parser.zig) (+1 more reused dependencies)
|     |     +- run exe generate-parser (parser.zig) (+1 more reused dependencies)
|     |     +- run exe generate-parser (parser.zig) (+1 more reused dependencies)
|     |     +- run exe generate-parser (parser.zig) (+1 more reused dependencies)
|     |     +- run exe generate-parser (parser.zig) (+1 more reused dependencies)
|     |     +- run exe generate-parser (parser.zig) (+1 more reused dependencies)
|     |     +- run exe generate-parser (parser.zig) (+1 more reused dependencies)
|     |     +- run exe generate-parser (parser.zig) (+1 more reused dependencies)
|     |     +- run exe generate-parser (parser.zig) (+1 more reused dependencies)
|     |     +- run exe generate-parser (parser.zig) (+1 more reused dependencies)
|     |     +- run exe generate-lexer (lexer.zig) (+1 more reused dependencies)
|     |     +- run exe generate-parser (parser.zig) (+1 more reused dependencies)
|     |     +- run exe generate-parser (parser.zig) (+1 more reused dependencies)
|     |     +- run exe generate-parser (parser.zig) (+1 more reused dependencies)
|     |     +- run exe generate-parser (parser.zig) (+1 more reused dependencies)
|     |     +- run exe generate-parser (parser.zig) (+1 more reused dependencies)
|     |     +- run exe generate-parser (parser.zig) (+1 more reused dependencies)
|     |     +- run exe generate-parser (parser.zig) (+1 more reused dependencies)
|     |     +- run exe generate-parser (parser.zig) (+1 more reused dependencies)
|     |     +- run exe generate-parser (parser.zig) (+1 more reused dependencies)
|     |     +- run exe generate-parser (parser.zig) (+1 more reused dependencies)
|     |     +- run exe generate-parser (parser.zig) (+1 more reused dependencies)
|     |     +- run exe generate-parser (parser.zig) (+1 more reused dependencies)
|     |     +- run exe generate-parser (parser.zig) (+1 more reused dependencies)
|     |     +- run exe generate-parser (parser.zig) (+1 more reused dependencies)
|     +- options cached
|     +- run exe compile-iterate-calls (source.zig) (+1 more reused dependencies)
+- run test iterate-calls-identity-library 10 pass (10 total) 5ms MaxRSS:1M
|  +- compile test iterate-calls-identity-library safe native success 14s MaxRSS:385M
|     +- run exe compile-iterate-calls (source.zig) (+1 more reused dependencies)
|     +- options cached
|     +- run exe compile-iterate-calls (source.zig) (+1 more reused dependencies)
+- run test iterate-calls-child-source 10 pass (10 total) 4ms MaxRSS:1M
|  +- compile test iterate-calls-child-source safe native success 14s MaxRSS:391M
|     +- run exe compile-iterate-calls (source.zig) success 8ms
|     |  +- compile exe compile-iterate-calls safe native (+36 more reused dependencies)
|     +- options cached
|     +- run exe compile-iterate-calls (source.zig) (+1 more reused dependencies)
+- run test iterate-calls-child-library 10 pass (10 total) 3ms MaxRSS:1M
|  +- compile test iterate-calls-child-library safe native success 14s MaxRSS:395M
|     +- run exe compile-iterate-calls (source.zig) (+1 more reused dependencies)
|     +- options cached
|     +- run exe compile-iterate-calls (source.zig) (+1 more reused dependencies)
+- run test iterate-calls-pair-source 8 pass (8 total) 4ms MaxRSS:1M
|  +- compile test iterate-calls-pair-source safe native success 14s MaxRSS:393M
|     +- run exe compile-iterate-calls (source.zig) success 6ms
|     |  +- compile exe compile-iterate-calls safe native (+36 more reused dependencies)
|     +- options cached
|     +- run exe compile-iterate-calls (source.zig) (+1 more reused dependencies)
+- run test iterate-calls-pair-library 8 pass (8 total) 4ms MaxRSS:1M
|  +- compile test iterate-calls-pair-library safe native success 14s MaxRSS:379M
|     +- run exe compile-iterate-calls (source.zig) (+1 more reused dependencies)
|     +- options cached
|     +- run exe compile-iterate-calls (source.zig) (+1 more reused dependencies)
+- run test iterate-calls-branch_return-source 10 pass (10 total) 5ms MaxRSS:1M
|  +- compile test iterate-calls-branch_return-source safe native success 14s MaxRSS:396M
|     +- run exe compile-iterate-calls (source.zig) success 7ms
|     |  +- compile exe compile-iterate-calls safe native (+36 more reused dependencies)
|     +- options cached
|     +- run exe compile-iterate-calls (source.zig) (+1 more reused dependencies)
+- run test iterate-calls-branch_return-library 10 pass (10 total) 5ms MaxRSS:1M
|  +- compile test iterate-calls-branch_return-library safe native success 14s MaxRSS:380M
|     +- run exe compile-iterate-calls (source.zig) (+1 more reused dependencies)
|     +- options cached
|     +- run exe compile-iterate-calls (source.zig) (+1 more reused dependencies)
+- run test iterate-calls-tuple_identity-source 10 pass (10 total) 5ms MaxRSS:1M
|  +- compile test iterate-calls-tuple_identity-source safe native success 14s MaxRSS:394M
|     +- run exe compile-iterate-calls (source.zig) success 7ms
|     |  +- compile exe compile-iterate-calls safe native (+36 more reused dependencies)
|     +- options cached
|     +- run exe compile-iterate-calls (source.zig) (+1 more reused dependencies)
+- run test iterate-calls-tuple_identity-library 10 pass (10 total) 9ms MaxRSS:1M
|  +- compile test iterate-calls-tuple_identity-library safe native success 13s MaxRSS:392M
|     +- run exe compile-iterate-calls (source.zig) (+1 more reused dependencies)
|     +- options cached
|     +- run exe compile-iterate-calls (source.zig) (+1 more reused dependencies)
+- run test iterate-calls-list_alias-source 11 pass (11 total) 5ms MaxRSS:1M
|  +- compile test iterate-calls-list_alias-source safe native success 14s MaxRSS:391M
|     +- run exe compile-iterate-calls (source.zig) success 7ms
|     |  +- compile exe compile-iterate-calls safe native (+36 more reused dependencies)
|     +- options cached
|     +- run exe compile-iterate-calls (source.zig) (+1 more reused dependencies)
+- run test iterate-calls-list_alias-library 11 pass (11 total) 5ms MaxRSS:1M
|  +- compile test iterate-calls-list_alias-library safe native success 14s MaxRSS:390M
|     +- run exe compile-iterate-calls (source.zig) (+1 more reused dependencies)
|     +- options cached
|     +- run exe compile-iterate-calls (source.zig) (+1 more reused dependencies)
+- test-iterate-calls-cli success
   +- run node success 2m
      +- compile exe zxc safe native success 2m MaxRSS:3G
         +- WriteFile cached
         +- compile lib yaml safe native cached 44ms MaxRSS:20M
         +- compile lib yaml safe native (reused)
         +- translate-c cached 7s MaxRSS:20M
         +- options success
         +- run exe bundle-zig (bundle) success 55ms
         |  +- compile exe bundle-zig fast native success 27s MaxRSS:887M
         |  +- WriteFile bundle_manifest.json cached
         +- options cached
         +- run exe generate-parser (parser.zig) (+1 more reused dependencies)
         +- run exe generate-parser (parser.zig) (+1 more reused dependencies)
         +- run exe generate-parser (parser.zig) (+1 more reused dependencies)
         +- run exe generate-parser (parser.zig) (+1 more reused dependencies)
         +- run exe generate-parser (parser.zig) (+1 more reused dependencies)
         +- run exe generate-parser (parser.zig) (+1 more reused dependencies)
         +- run exe generate-parser (parser.zig) (+1 more reused dependencies)
         +- WriteFile interfaces/0.d.zx (+1 more reused dependencies)
         +- options (reused)
         +- run exe generate-parser (parser.zig) (+1 more reused dependencies)
         +- run exe generate-parser (parser.zig) (+1 more reused dependencies)
         +- run exe generate-parser (parser.zig) (+1 more reused dependencies)
         +- run exe generate-parser (parser.zig) (+1 more reused dependencies)
         +- run exe generate-parser (parser.zig) (+1 more reused dependencies)
         +- run exe generate-parser (parser.zig) (+1 more reused dependencies)
         +- run exe generate-parser (parser.zig) (+1 more reused dependencies)
         +- run exe generate-parser (parser.zig) (+1 more reused dependencies)
         +- run exe generate-parser (parser.zig) (+1 more reused dependencies)
         +- run exe generate-parser (parser.zig) (+1 more reused dependencies)
         +- run exe generate-parser (parser.zig) (+1 more reused dependencies)
         +- run exe generate-parser (parser.zig) (+1 more reused dependencies)
         +- run exe generate-parser (parser.zig) (+1 more reused dependencies)
         +- run exe generate-parser (parser.zig) (+1 more reused dependencies)
         +- run exe generate-parser (parser.zig) (+1 more reused dependencies)
         +- run exe generate-parser (parser.zig) (+1 more reused dependencies)
         +- run exe generate-parser (parser.zig) (+1 more reused dependencies)
         +- run exe generate-parser (parser.zig) (+1 more reused dependencies)
         +- run exe generate-parser (parser.zig) (+1 more reused dependencies)
         +- run exe generate-parser (parser.zig) (+1 more reused dependencies)
         +- run exe generate-lexer (lexer.zig) (+1 more reused dependencies)
         +- run exe generate-parser (parser.zig) (+1 more reused dependencies)
         +- run exe generate-parser (parser.zig) (+1 more reused dependencies)
         +- run exe generate-parser (parser.zig) (+1 more reused dependencies)
         +- run exe generate-parser (parser.zig) (+1 more reused dependencies)
         +- run exe generate-parser (parser.zig) (+1 more reused dependencies)
         +- run exe generate-parser (parser.zig) (+1 more reused dependencies)
         +- run exe generate-parser (parser.zig) (+1 more reused dependencies)
         +- run exe generate-parser (parser.zig) (+1 more reused dependencies)
         +- run exe generate-parser (parser.zig) (+1 more reused dependencies)
         +- run exe generate-parser (parser.zig) (+1 more reused dependencies)
         +- run exe generate-parser (parser.zig) (+1 more reused dependencies)
         +- run exe generate-parser (parser.zig) (+1 more reused dependencies)
         +- run exe generate-parser (parser.zig) (+1 more reused dependencies)
test-iterate-buffer success
+- run test 6 pass (6 total) 3ms MaxRSS:1M
|  +- compile test safe native success 11s MaxRSS:356M
|     +- run exe zxc (program.zig) success 6ms
|     |  +- compile exe zxc safe native (+50 more reused dependencies)
|     +- options cached
+- run test 6 pass (6 total) 3ms MaxRSS:1M
|  +- compile test safe native success 11s MaxRSS:340M
|     +- run exe zxc (program.zig) success 4ms
|     |  +- compile exe zxc safe native (+50 more reused dependencies)
|     +- options cached
+- run test 6 pass (6 total) 2ms MaxRSS:1M
|  +- compile test safe native success 11s MaxRSS:345M
|     +- run exe zxc (program.zig) success 4ms
|     |  +- compile exe zxc safe native (+50 more reused dependencies)
|     +- options cached
+- run test 6 pass (6 total) 3ms MaxRSS:1M
|  +- compile test safe native success 11s MaxRSS:353M
|     +- run exe zxc (program.zig) success 5ms
|     |  +- compile exe zxc safe native (+50 more reused dependencies)
|     +- options cached
+- run test 6 pass (6 total) 3ms MaxRSS:2M
|  +- compile test safe native success 11s MaxRSS:349M
|     +- run exe zxc (program.zig) success 6ms
|     |  +- compile exe zxc safe native (+50 more reused dependencies)
|     +- options cached
+- run test 6 pass (6 total) 2ms MaxRSS:2M
|  +- compile test safe native success 11s MaxRSS:346M
|     +- run exe zxc (program.zig) success 4ms
|     |  +- compile exe zxc safe native (+50 more reused dependencies)
|     +- options cached
+- run test 6 pass (6 total) 3ms MaxRSS:1M
|  +- compile test safe native success 11s MaxRSS:351M
|     +- run exe zxc (program.zig) success 4ms
|     |  +- compile exe zxc safe native (+50 more reused dependencies)
|     +- options cached
+- run test 6 pass (6 total) 2ms MaxRSS:1M
|  +- compile test safe native success 11s MaxRSS:351M
|     +- run exe zxc (program.zig) success 4ms
|     |  +- compile exe zxc safe native (+50 more reused dependencies)
|     +- options cached
+- run test 6 pass (6 total) 2ms MaxRSS:1M
|  +- compile test safe native success 11s MaxRSS:349M
|     +- run exe zxc (program.zig) success 5ms
|     |  +- compile exe zxc safe native (+50 more reused dependencies)
|     +- options cached
+- run test 6 pass (6 total) 3ms MaxRSS:1M
|  +- compile test safe native success 11s MaxRSS:358M
|     +- run exe zxc (program.zig) success 4ms
|     |  +- compile exe zxc safe native (+50 more reused dependencies)
|     +- options cached
+- run test 6 pass (6 total) 1ms MaxRSS:1M
   +- compile test safe native success 11s MaxRSS:347M
      +- run exe zxc (program.zig) success 4ms
      |  +- compile exe zxc safe native (+50 more reused dependencies)
      +- options cached
test-modular-loop success
+- run test modular-loop-simple-source 6 pass (6 total) 3ms MaxRSS:1M
|  +- compile test modular-loop-simple-source safe native success 16s MaxRSS:389M
|     +- run exe compile-modular-loop (source.zig) success 7ms
|     |  +- compile exe compile-modular-loop safe native success 52s MaxRSS:1G
|     |     +- WriteFile interfaces/0.d.zx (+1 more reused dependencies)
|     |     +- options (reused)
|     |     +- run exe generate-parser (parser.zig) (+1 more reused dependencies)
|     |     +- run exe generate-parser (parser.zig) (+1 more reused dependencies)
|     |     +- run exe generate-parser (parser.zig) (+1 more reused dependencies)
|     |     +- run exe generate-parser (parser.zig) (+1 more reused dependencies)
|     |     +- run exe generate-parser (parser.zig) (+1 more reused dependencies)
|     |     +- run exe generate-parser (parser.zig) (+1 more reused dependencies)
|     |     +- run exe generate-parser (parser.zig) (+1 more reused dependencies)
|     |     +- run exe generate-parser (parser.zig) (+1 more reused dependencies)
|     |     +- run exe generate-parser (parser.zig) (+1 more reused dependencies)
|     |     +- run exe generate-parser (parser.zig) (+1 more reused dependencies)
|     |     +- run exe generate-parser (parser.zig) (+1 more reused dependencies)
|     |     +- run exe generate-parser (parser.zig) (+1 more reused dependencies)
|     |     +- run exe generate-parser (parser.zig) (+1 more reused dependencies)
|     |     +- run exe generate-parser (parser.zig) (+1 more reused dependencies)
|     |     +- run exe generate-parser (parser.zig) (+1 more reused dependencies)
|     |     +- run exe generate-parser (parser.zig) (+1 more reused dependencies)
|     |     +- run exe generate-parser (parser.zig) (+1 more reused dependencies)
|     |     +- run exe generate-parser (parser.zig) (+1 more reused dependencies)
|     |     +- run exe generate-parser (parser.zig) (+1 more reused dependencies)
|     |     +- run exe generate-lexer (lexer.zig) (+1 more reused dependencies)
|     |     +- run exe generate-parser (parser.zig) (+1 more reused dependencies)
|     |     +- run exe generate-parser (parser.zig) (+1 more reused dependencies)
|     |     +- run exe generate-parser (parser.zig) (+1 more reused dependencies)
|     |     +- run exe generate-parser (parser.zig) (+1 more reused dependencies)
|     |     +- run exe generate-parser (parser.zig) (+1 more reused dependencies)
|     |     +- run exe generate-parser (parser.zig) (+1 more reused dependencies)
|     |     +- run exe generate-parser (parser.zig) (+1 more reused dependencies)
|     |     +- run exe generate-parser (parser.zig) (+1 more reused dependencies)
|     |     +- run exe generate-parser (parser.zig) (+1 more reused dependencies)
|     |     +- run exe generate-parser (parser.zig) (+1 more reused dependencies)
|     |     +- run exe generate-parser (parser.zig) (+1 more reused dependencies)
|     |     +- run exe generate-parser (parser.zig) (+1 more reused dependencies)
|     |     +- run exe generate-parser (parser.zig) (+1 more reused dependencies)
|     |     +- run exe generate-parser (parser.zig) (+1 more reused dependencies)
|     +- options cached
|     +- run exe compile-modular-loop (source.zig) (+1 more reused dependencies)
+- run test modular-loop-simple-library 6 pass (6 total) 4ms MaxRSS:1M
|  +- compile test modular-loop-simple-library safe native success 16s MaxRSS:384M
|     +- run exe compile-modular-loop (source.zig) (+1 more reused dependencies)
|     +- options cached
|     +- run exe compile-modular-loop (source.zig) (+1 more reused dependencies)
+- run test modular-loop-branch-source 6 pass (6 total) 4ms MaxRSS:1M
|  +- compile test modular-loop-branch-source safe native success 16s MaxRSS:383M
|     +- run exe compile-modular-loop (source.zig) success 10ms
|     |  +- compile exe compile-modular-loop safe native (+36 more reused dependencies)
|     +- options cached
|     +- run exe compile-modular-loop (source.zig) (+1 more reused dependencies)
+- run test modular-loop-branch-library 6 pass (6 total) 4ms MaxRSS:1M
|  +- compile test modular-loop-branch-library safe native success 13s MaxRSS:399M
|     +- run exe compile-modular-loop (source.zig) (+1 more reused dependencies)
|     +- options cached
|     +- run exe compile-modular-loop (source.zig) (+1 more reused dependencies)
+- run test modular-loop-switch-source 6 pass (6 total) 3ms MaxRSS:1M
|  +- compile test modular-loop-switch-source safe native success 16s MaxRSS:393M
|     +- run exe compile-modular-loop (source.zig) success 10ms
|     |  +- compile exe compile-modular-loop safe native (+36 more reused dependencies)
|     +- options cached
|     +- run exe compile-modular-loop (source.zig) (+1 more reused dependencies)
+- run test modular-loop-switch-library 6 pass (6 total) 3ms MaxRSS:1M
|  +- compile test modular-loop-switch-library safe native success 13s MaxRSS:388M
|     +- run exe compile-modular-loop (source.zig) (+1 more reused dependencies)
|     +- options cached
|     +- run exe compile-modular-loop (source.zig) (+1 more reused dependencies)
+- run test modular-loop-chain-source 6 pass (6 total) 4ms MaxRSS:1M
|  +- compile test modular-loop-chain-source safe native success 16s MaxRSS:394M
|     +- run exe compile-modular-loop (source.zig) success 8ms
|     |  +- compile exe compile-modular-loop safe native (+36 more reused dependencies)
|     +- options cached
|     +- run exe compile-modular-loop (source.zig) (+1 more reused dependencies)
+- run test modular-loop-chain-library 6 pass (6 total) 3ms MaxRSS:1M
|  +- compile test modular-loop-chain-library safe native success 13s MaxRSS:395M
|     +- run exe compile-modular-loop (source.zig) (+1 more reused dependencies)
|     +- options cached
|     +- run exe compile-modular-loop (source.zig) (+1 more reused dependencies)
+- run test modular-loop-bounds-source 7 pass (7 total) 3ms MaxRSS:1M
|  +- compile test modular-loop-bounds-source safe native success 13s MaxRSS:385M
|     +- run exe compile-modular-loop (source.zig) success 8ms
|     |  +- compile exe compile-modular-loop safe native (+36 more reused dependencies)
|     +- options cached
|     +- run exe compile-modular-loop (source.zig) (+1 more reused dependencies)
+- run test modular-loop-bounds-library 7 pass (7 total) 6ms MaxRSS:1M
|  +- compile test modular-loop-bounds-library safe native success 16s MaxRSS:386M
|     +- run exe compile-modular-loop (source.zig) (+1 more reused dependencies)
|     +- options cached
|     +- run exe compile-modular-loop (source.zig) (+1 more reused dependencies)
+- run test modular-loop-effects-source 11 pass (11 total) 6ms MaxRSS:1M
|  +- compile test modular-loop-effects-source safe native success 16s MaxRSS:390M
|     +- run exe compile-modular-loop (source.zig) success 8ms
|     |  +- compile exe compile-modular-loop safe native (+36 more reused dependencies)
|     +- options cached
|     +- run exe compile-modular-loop (source.zig) (+1 more reused dependencies)
+- run test modular-loop-effects-library 11 pass (11 total) 4ms MaxRSS:1M
|  +- compile test modular-loop-effects-library safe native success 16s MaxRSS:391M
|     +- run exe compile-modular-loop (source.zig) (+1 more reused dependencies)
|     +- options cached
|     +- run exe compile-modular-loop (source.zig) (+1 more reused dependencies)
+- run test modular-loop-nested-source 6 pass (6 total) 5ms MaxRSS:1M
|  +- compile test modular-loop-nested-source safe native success 16s MaxRSS:384M
|     +- run exe compile-modular-loop (source.zig) success 7ms
|     |  +- compile exe compile-modular-loop safe native (+36 more reused dependencies)
|     +- options cached
|     +- run exe compile-modular-loop (source.zig) (+1 more reused dependencies)
+- run test modular-loop-nested-library 6 pass (6 total) 4ms MaxRSS:1M
|  +- compile test modular-loop-nested-library safe native success 16s MaxRSS:376M
|     +- run exe compile-modular-loop (source.zig) (+1 more reused dependencies)
|     +- options cached
|     +- run exe compile-modular-loop (source.zig) (+1 more reused dependencies)
+- run test modular-loop-escaping-source 6 pass (6 total) 4ms MaxRSS:1M
|  +- compile test modular-loop-escaping-source safe native success 13s MaxRSS:399M
|     +- run exe compile-modular-loop (source.zig) success 8ms
|     |  +- compile exe compile-modular-loop safe native (+36 more reused dependencies)
|     +- options cached
|     +- run exe compile-modular-loop (source.zig) (+1 more reused dependencies)
+- run test modular-loop-escaping-library 6 pass (6 total) 4ms MaxRSS:1M
|  +- compile test modular-loop-escaping-library safe native success 16s MaxRSS:388M
|     +- run exe compile-modular-loop (source.zig) (+1 more reused dependencies)
|     +- options cached
|     +- run exe compile-modular-loop (source.zig) (+1 more reused dependencies)
+- run test modular-loop-changed-source 6 pass (6 total) 5ms MaxRSS:1M
|  +- compile test modular-loop-changed-source safe native success 16s MaxRSS:394M
|     +- run exe compile-modular-loop (source.zig) success 8ms
|     |  +- compile exe compile-modular-loop safe native (+36 more reused dependencies)
|     +- options cached
|     +- run exe compile-modular-loop (source.zig) (+1 more reused dependencies)
+- run test modular-loop-changed-library 6 pass (6 total) 3ms MaxRSS:1M
|  +- compile test modular-loop-changed-library safe native success 13s MaxRSS:401M
|     +- run exe compile-modular-loop (source.zig) (+1 more reused dependencies)
|     +- options cached
|     +- run exe compile-modular-loop (source.zig) (+1 more reused dependencies)
+- run test modular-loop-generation 3 pass (3 total) 367ms MaxRSS:4M
   +- compile test modular-loop-generation safe native success 50s MaxRSS:1G
      +- WriteFile interfaces/0.d.zx (+1 more reused dependencies)
      +- options (reused)
      +- run exe generate-parser (parser.zig) (+1 more reused dependencies)
      +- run exe generate-parser (parser.zig) (+1 more reused dependencies)
      +- run exe generate-parser (parser.zig) (+1 more reused dependencies)
      +- run exe generate-parser (parser.zig) (+1 more reused dependencies)
      +- run exe generate-parser (parser.zig) (+1 more reused dependencies)
      +- run exe generate-parser (parser.zig) (+1 more reused dependencies)
      +- run exe generate-parser (parser.zig) (+1 more reused dependencies)
      +- run exe generate-parser (parser.zig) (+1 more reused dependencies)
      +- run exe generate-parser (parser.zig) (+1 more reused dependencies)
      +- run exe generate-parser (parser.zig) (+1 more reused dependencies)
      +- run exe generate-parser (parser.zig) (+1 more reused dependencies)
      +- run exe generate-parser (parser.zig) (+1 more reused dependencies)
      +- run exe generate-parser (parser.zig) (+1 more reused dependencies)
      +- run exe generate-parser (parser.zig) (+1 more reused dependencies)
      +- run exe generate-parser (parser.zig) (+1 more reused dependencies)
      +- run exe generate-parser (parser.zig) (+1 more reused dependencies)
      +- run exe generate-parser (parser.zig) (+1 more reused dependencies)
      +- run exe generate-parser (parser.zig) (+1 more reused dependencies)
      +- run exe generate-parser (parser.zig) (+1 more reused dependencies)
      +- run exe generate-lexer (lexer.zig) (+1 more reused dependencies)
      +- run exe generate-parser (parser.zig) (+1 more reused dependencies)
      +- run exe generate-parser (parser.zig) (+1 more reused dependencies)
      +- run exe generate-parser (parser.zig) (+1 more reused dependencies)
      +- run exe generate-parser (parser.zig) (+1 more reused dependencies)
      +- run exe generate-parser (parser.zig) (+1 more reused dependencies)
      +- run exe generate-parser (parser.zig) (+1 more reused dependencies)
      +- run exe generate-parser (parser.zig) (+1 more reused dependencies)
      +- run exe generate-parser (parser.zig) (+1 more reused dependencies)
      +- run exe generate-parser (parser.zig) (+1 more reused dependencies)
      +- run exe generate-parser (parser.zig) (+1 more reused dependencies)
      +- run exe generate-parser (parser.zig) (+1 more reused dependencies)
      +- run exe generate-parser (parser.zig) (+1 more reused dependencies)
      +- run exe generate-parser (parser.zig) (+1 more reused dependencies)
      +- run exe generate-parser (parser.zig) (+1 more reused dependencies)
test-detached-reader success
+- run test detached-reader-object-source 8 pass (8 total) 7ms MaxRSS:1M
|  +- compile test detached-reader-object-source safe native success 16s MaxRSS:390M
|     +- run exe compile-detached-reader (source.zig) success 6ms
|     |  +- compile exe compile-detached-reader safe native success 52s MaxRSS:1G
|     |     +- WriteFile interfaces/0.d.zx (+1 more reused dependencies)
|     |     +- options (reused)
|     |     +- run exe generate-parser (parser.zig) (+1 more reused dependencies)
|     |     +- run exe generate-parser (parser.zig) (+1 more reused dependencies)
|     |     +- run exe generate-parser (parser.zig) (+1 more reused dependencies)
|     |     +- run exe generate-parser (parser.zig) (+1 more reused dependencies)
|     |     +- run exe generate-parser (parser.zig) (+1 more reused dependencies)
|     |     +- run exe generate-parser (parser.zig) (+1 more reused dependencies)
|     |     +- run exe generate-parser (parser.zig) (+1 more reused dependencies)
|     |     +- run exe generate-parser (parser.zig) (+1 more reused dependencies)
|     |     +- run exe generate-parser (parser.zig) (+1 more reused dependencies)
|     |     +- run exe generate-parser (parser.zig) (+1 more reused dependencies)
|     |     +- run exe generate-parser (parser.zig) (+1 more reused dependencies)
|     |     +- run exe generate-parser (parser.zig) (+1 more reused dependencies)
|     |     +- run exe generate-parser (parser.zig) (+1 more reused dependencies)
|     |     +- run exe generate-parser (parser.zig) (+1 more reused dependencies)
|     |     +- run exe generate-parser (parser.zig) (+1 more reused dependencies)
|     |     +- run exe generate-parser (parser.zig) (+1 more reused dependencies)
|     |     +- run exe generate-parser (parser.zig) (+1 more reused dependencies)
|     |     +- run exe generate-parser (parser.zig) (+1 more reused dependencies)
|     |     +- run exe generate-parser (parser.zig) (+1 more reused dependencies)
|     |     +- run exe generate-lexer (lexer.zig) (+1 more reused dependencies)
|     |     +- run exe generate-parser (parser.zig) (+1 more reused dependencies)
|     |     +- run exe generate-parser (parser.zig) (+1 more reused dependencies)
|     |     +- run exe generate-parser (parser.zig) (+1 more reused dependencies)
|     |     +- run exe generate-parser (parser.zig) (+1 more reused dependencies)
|     |     +- run exe generate-parser (parser.zig) (+1 more reused dependencies)
|     |     +- run exe generate-parser (parser.zig) (+1 more reused dependencies)
|     |     +- run exe generate-parser (parser.zig) (+1 more reused dependencies)
|     |     +- run exe generate-parser (parser.zig) (+1 more reused dependencies)
|     |     +- run exe generate-parser (parser.zig) (+1 more reused dependencies)
|     |     +- run exe generate-parser (parser.zig) (+1 more reused dependencies)
|     |     +- run exe generate-parser (parser.zig) (+1 more reused dependencies)
|     |     +- run exe generate-parser (parser.zig) (+1 more reused dependencies)
|     |     +- run exe generate-parser (parser.zig) (+1 more reused dependencies)
|     |     +- run exe generate-parser (parser.zig) (+1 more reused dependencies)
|     +- options cached
|     +- run exe compile-detached-reader (source.zig) (+1 more reused dependencies)
+- run test detached-reader-object-library 8 pass (8 total) 6ms MaxRSS:1M
|  +- compile test detached-reader-object-library safe native success 16s MaxRSS:392M
|     +- run exe compile-detached-reader (source.zig) (+1 more reused dependencies)
|     +- options cached
|     +- run exe compile-detached-reader (source.zig) (+1 more reused dependencies)
+- run test detached-reader-tuple-source 8 pass (8 total) 9ms MaxRSS:1M
|  +- compile test detached-reader-tuple-source safe native success 16s MaxRSS:389M
|     +- run exe compile-detached-reader (source.zig) success 7ms
|     |  +- compile exe compile-detached-reader safe native (+36 more reused dependencies)
|     +- options cached
|     +- run exe compile-detached-reader (source.zig) (+1 more reused dependencies)
+- run test detached-reader-tuple-library 8 pass (8 total) 6ms MaxRSS:1M
|  +- compile test detached-reader-tuple-library safe native success 16s MaxRSS:396M
|     +- run exe compile-detached-reader (source.zig) (+1 more reused dependencies)
|     +- options cached
|     +- run exe compile-detached-reader (source.zig) (+1 more reused dependencies)
+- run test detached-reader-optional-source 8 pass (8 total) 7ms MaxRSS:1M
|  +- compile test detached-reader-optional-source safe native success 16s MaxRSS:386M
|     +- run exe compile-detached-reader (source.zig) success 7ms
|     |  +- compile exe compile-detached-reader safe native (+36 more reused dependencies)
|     +- options cached
|     +- run exe compile-detached-reader (source.zig) (+1 more reused dependencies)
+- run test detached-reader-optional-library 8 pass (8 total) 7ms MaxRSS:1M
|  +- compile test detached-reader-optional-library safe native success 16s MaxRSS:389M
|     +- run exe compile-detached-reader (source.zig) (+1 more reused dependencies)
|     +- options cached
|     +- run exe compile-detached-reader (source.zig) (+1 more reused dependencies)
+- run test detached-reader-projection-source 8 pass (8 total) 7ms MaxRSS:1M
|  +- compile test detached-reader-projection-source safe native success 16s MaxRSS:393M
|     +- run exe compile-detached-reader (source.zig) success 7ms
|     |  +- compile exe compile-detached-reader safe native (+36 more reused dependencies)
|     +- options cached
|     +- run exe compile-detached-reader (source.zig) (+1 more reused dependencies)
+- run test detached-reader-projection-library 8 pass (8 total) 7ms MaxRSS:1M
|  +- compile test detached-reader-projection-library safe native success 16s MaxRSS:375M
|     +- run exe compile-detached-reader (source.zig) (+1 more reused dependencies)
|     +- options cached
|     +- run exe compile-detached-reader (source.zig) (+1 more reused dependencies)
+- run test detached-reader-nested-source 8 pass (8 total) 7ms MaxRSS:2M
|  +- compile test detached-reader-nested-source safe native success 16s MaxRSS:398M
|     +- run exe compile-detached-reader (source.zig) success 7ms
|     |  +- compile exe compile-detached-reader safe native (+36 more reused dependencies)
|     +- options cached
|     +- run exe compile-detached-reader (source.zig) (+1 more reused dependencies)
+- run test detached-reader-nested-library 8 pass (8 total) 8ms MaxRSS:2M
|  +- compile test detached-reader-nested-library safe native success 16s MaxRSS:381M
|     +- run exe compile-detached-reader (source.zig) (+1 more reused dependencies)
|     +- options cached
|     +- run exe compile-detached-reader (source.zig) (+1 more reused dependencies)
+- run test detached-reader-concat-source 8 pass (8 total) 9ms MaxRSS:2M
|  +- compile test detached-reader-concat-source safe native success 16s MaxRSS:388M
|     +- run exe compile-detached-reader (source.zig) success 7ms
|     |  +- compile exe compile-detached-reader safe native (+36 more reused dependencies)
|     +- options cached
|     +- run exe compile-detached-reader (source.zig) (+1 more reused dependencies)
+- run test detached-reader-concat-library 8 pass (8 total) 16ms MaxRSS:2M
|  +- compile test detached-reader-concat-library safe native success 16s MaxRSS:390M
|     +- run exe compile-detached-reader (source.zig) (+1 more reused dependencies)
|     +- options cached
|     +- run exe compile-detached-reader (source.zig) (+1 more reused dependencies)
+- run test detached-reader-reference-source 8 pass (8 total) 7ms MaxRSS:2M
|  +- compile test detached-reader-reference-source safe native success 16s MaxRSS:393M
|     +- run exe compile-detached-reader (source.zig) success 6ms
|     |  +- compile exe compile-detached-reader safe native (+36 more reused dependencies)
|     +- options cached
|     +- run exe compile-detached-reader (source.zig) (+1 more reused dependencies)
+- run test detached-reader-reference-library 8 pass (8 total) 10ms MaxRSS:2M
|  +- compile test detached-reader-reference-library safe native success 16s MaxRSS:385M
|     +- run exe compile-detached-reader (source.zig) (+1 more reused dependencies)
|     +- options cached
|     +- run exe compile-detached-reader (source.zig) (+1 more reused dependencies)
+- run test detached-reader-reverse-source 8 pass (8 total) 9ms MaxRSS:4M
|  +- compile test detached-reader-reverse-source safe native success 16s MaxRSS:391M
|     +- run exe compile-detached-reader (source.zig) success 6ms
|     |  +- compile exe compile-detached-reader safe native (+36 more reused dependencies)
|     +- options cached
|     +- run exe compile-detached-reader (source.zig) (+1 more reused dependencies)
+- run test detached-reader-reverse-library 8 pass (8 total) 10ms MaxRSS:4M
   +- compile test detached-reader-reverse-library safe native success 16s MaxRSS:398M
      +- run exe compile-detached-reader (source.zig) (+1 more reused dependencies)
      +- options cached
      +- run exe compile-detached-reader (source.zig) (+1 more reused dependencies)
