Build Summary: 36/36 steps succeeded
install success
+- compile exe dsl-rules safe native cached 49ms MaxRSS:21M
+- compile test safe native success 15s MaxRSS:1G
|  +- options cached
|  +- run exe generate-parser (parser.zig) success 1m
|  |  +- compile exe generate-parser safe native success 44s MaxRSS:1G
|  |     +- options cached
|  |     +- WriteFile interfaces/0.d.zx cached
|  |     |  +- run exe standard-catalog (catalog.zig) cached
|  |     |     +- compile exe standard-catalog fast native cached 7s MaxRSS:21M
|  |     |     +- WriteFile catalog.json cached
|  |     +- options cached
|  +- run exe generate-parser (parser.zig) (+1 more reused dependencies)
|  +- run exe generate-parser (parser.zig) (+1 more reused dependencies)
|  +- run exe generate-parser (parser.zig) (+1 more reused dependencies)
|  +- run exe generate-parser (parser.zig) (+1 more reused dependencies)
|  +- run exe generate-parser (parser.zig) (+1 more reused dependencies)
|  +- run exe generate-parser (parser.zig) (+1 more reused dependencies)
|  +- WriteFile interfaces/0.d.zx success
|  |  +- run exe standard-catalog (catalog.zig) success 2ms
|  |     +- compile exe standard-catalog fast native success 7s MaxRSS:363M
|  |     +- WriteFile catalog.json cached
|  +- options cached
|  +- run exe generate-parser (parser.zig) (+1 more reused dependencies)
|  +- run exe generate-parser (parser.zig) (+1 more reused dependencies)
|  +- run exe generate-parser (parser.zig) (+1 more reused dependencies)
|  +- run exe generate-parser (parser.zig) (+1 more reused dependencies)
|  +- run exe generate-parser (parser.zig) (+1 more reused dependencies)
|  +- run exe generate-parser (parser.zig) (+1 more reused dependencies)
|  +- run exe generate-parser (parser.zig) (+1 more reused dependencies)
|  +- run exe generate-parser (parser.zig) (+1 more reused dependencies)
|  +- run exe generate-parser (parser.zig) (+1 more reused dependencies)
|  +- run exe generate-parser (parser.zig) (+1 more reused dependencies)
|  +- run exe generate-parser (parser.zig) (+1 more reused dependencies)
|  +- run exe generate-parser (parser.zig) (+1 more reused dependencies)
|  +- run exe generate-parser (parser.zig) (+1 more reused dependencies)
|  +- run exe generate-parser (parser.zig) (+1 more reused dependencies)
|  +- run exe generate-parser (parser.zig) (+1 more reused dependencies)
|  +- run exe generate-parser (parser.zig) (+1 more reused dependencies)
|  +- run exe generate-parser (parser.zig) (+1 more reused dependencies)
|  +- run exe generate-parser (parser.zig) (+1 more reused dependencies)
|  +- run exe generate-parser (parser.zig) (+1 more reused dependencies)
|  +- run exe generate-parser (parser.zig) (+1 more reused dependencies)
|  +- run exe generate-parser (parser.zig) (+1 more reused dependencies)
|  +- run exe generate-parser (parser.zig) (+1 more reused dependencies)
|  +- run exe generate-parser (parser.zig) (+1 more reused dependencies)
|  +- run exe generate-parser (parser.zig) (+1 more reused dependencies)
|  +- run exe generate-parser (parser.zig) (+1 more reused dependencies)
|  +- run exe generate-parser (parser.zig) (+1 more reused dependencies)
|  +- run exe generate-parser (parser.zig) (+1 more reused dependencies)
|  +- run exe generate-parser (parser.zig) (+1 more reused dependencies)
|  +- run exe generate-parser (parser.zig) (+1 more reused dependencies)
|  +- run exe generate-parser (parser.zig) (+1 more reused dependencies)
|  +- run exe generate-parser (parser.zig) (+1 more reused dependencies)
|  +- run exe generate-parser (parser.zig) (+1 more reused dependencies)
|  +- run exe generate-parser (parser.zig) (+1 more reused dependencies)
|  +- run exe generate-parser (parser.zig) (+1 more reused dependencies)
|  +- run exe generate-parser (parser.zig) (+1 more reused dependencies)
|  +- run exe generate-parser (parser.zig) (+1 more reused dependencies)
|  +- run exe generate-parser (parser.zig) (+1 more reused dependencies)
|  +- run exe generate-parser (parser.zig) (+1 more reused dependencies)
|  +- run exe generate-parser (parser.zig) (+1 more reused dependencies)
|  +- run exe generate-parser (parser.zig) (+1 more reused dependencies)
|  +- run exe generate-parser (parser.zig) (+1 more reused dependencies)
|  +- run exe generate-parser (parser.zig) (+1 more reused dependencies)
|  +- run exe generate-lexer (lexer.zig) success 182ms
|  |  +- compile exe generate-lexer safe native success 44s MaxRSS:1G
|  |     +- options cached
|  |     +- WriteFile interfaces/0.d.zx cached
|  |     |  +- run exe standard-catalog (catalog.zig) cached
|  |     |     +- compile exe standard-catalog fast native cached 7s MaxRSS:21M
|  |     |     +- WriteFile catalog.json cached
|  |     +- options cached
|  +- run exe generate-parser (parser.zig) (+1 more reused dependencies)
|  +- run exe generate-parser (parser.zig) (+1 more reused dependencies)
|  +- run exe generate-parser (parser.zig) (+1 more reused dependencies)
|  +- run exe generate-parser (parser.zig) (+1 more reused dependencies)
|  +- run exe generate-parser (parser.zig) (+1 more reused dependencies)
|  +- run exe generate-parser (parser.zig) (+1 more reused dependencies)
|  +- run exe generate-parser (parser.zig) (+1 more reused dependencies)
|  +- run exe generate-parser (parser.zig) (+1 more reused dependencies)
|  +- run exe generate-parser (parser.zig) (+1 more reused dependencies)
|  +- run exe generate-parser (parser.zig) (+1 more reused dependencies)
|  +- run exe generate-parser (parser.zig) (+1 more reused dependencies)
|  +- run exe generate-parser (parser.zig) (+1 more reused dependencies)
|  +- run exe generate-parser (parser.zig) (+1 more reused dependencies)
|  +- run exe generate-parser (parser.zig) (+1 more reused dependencies)
|  +- run exe generate-parser (parser.zig) (+1 more reused dependencies)
|  +- run exe generate-parser (parser.zig) (+1 more reused dependencies)
|  +- run exe generate-parser (parser.zig) (+1 more reused dependencies)
|  +- run exe generate-parser (parser.zig) (+1 more reused dependencies)
|  +- run exe generate-parser (parser.zig) (+1 more reused dependencies)
|  +- run exe generate-parser (parser.zig) (+1 more reused dependencies)
|  +- run exe generate-parser (parser.zig) (+1 more reused dependencies)
|  +- run exe generate-parser (parser.zig) (+1 more reused dependencies)
|  +- run exe generate-parser (parser.zig) (+1 more reused dependencies)
|  +- run exe generate-parser (parser.zig) (+1 more reused dependencies)
|  +- run exe generate-parser (parser.zig) (+1 more reused dependencies)
|  +- run exe generate-parser (parser.zig) (+1 more reused dependencies)
|  +- run exe generate-parser (parser.zig) (+1 more reused dependencies)
|  +- run exe generate-parser (parser.zig) (+1 more reused dependencies)
|  +- run exe generate-parser (parser.zig) (+1 more reused dependencies)
|  +- run exe generate-parser (parser.zig) (+1 more reused dependencies)
|  +- run exe generate-parser (parser.zig) (+1 more reused dependencies)
|  +- run exe generate-parser (parser.zig) (+1 more reused dependencies)
|  +- run exe generate-parser (parser.zig) (+1 more reused dependencies)
|  +- run exe generate-parser (parser.zig) (+1 more reused dependencies)
|  +- run exe generate-parser (parser.zig) (+1 more reused dependencies)
+- install zxc success
|  +- compile exe zxc safe native success 4m MaxRSS:5G
|     +- WriteFile cached
|     +- compile lib yaml safe native cached 57ms MaxRSS:20M
|     +- compile lib yaml safe native (reused)
|     +- translate-c cached 56ms MaxRSS:20M
|     +- options success
|     +- run exe bundle-zig (bundle) success 21s
|     |  +- compile exe bundle-zig fast native success 26s MaxRSS:909M
|     |  +- WriteFile bundle_manifest.json cached
|     +- options (reused)
|     +- run exe generate-parser (parser.zig) (+1 more reused dependencies)
|     +- run exe generate-parser (parser.zig) (+1 more reused dependencies)
|     +- run exe generate-parser (parser.zig) (+1 more reused dependencies)
|     +- run exe generate-parser (parser.zig) (+1 more reused dependencies)
|     +- run exe generate-parser (parser.zig) (+1 more reused dependencies)
|     +- run exe generate-parser (parser.zig) (+1 more reused dependencies)
|     +- run exe generate-parser (parser.zig) (+1 more reused dependencies)
|     +- WriteFile interfaces/0.d.zx (+1 more reused dependencies)
|     +- options (reused)
|     +- run exe generate-parser (parser.zig) (+1 more reused dependencies)
|     +- run exe generate-parser (parser.zig) (+1 more reused dependencies)
|     +- run exe generate-parser (parser.zig) (+1 more reused dependencies)
|     +- run exe generate-parser (parser.zig) (+1 more reused dependencies)
|     +- run exe generate-parser (parser.zig) (+1 more reused dependencies)
|     +- run exe generate-parser (parser.zig) (+1 more reused dependencies)
|     +- run exe generate-parser (parser.zig) (+1 more reused dependencies)
|     +- run exe generate-parser (parser.zig) (+1 more reused dependencies)
|     +- run exe generate-parser (parser.zig) (+1 more reused dependencies)
|     +- run exe generate-parser (parser.zig) (+1 more reused dependencies)
|     +- run exe generate-parser (parser.zig) (+1 more reused dependencies)
|     +- run exe generate-parser (parser.zig) (+1 more reused dependencies)
|     +- run exe generate-parser (parser.zig) (+1 more reused dependencies)
|     +- run exe generate-parser (parser.zig) (+1 more reused dependencies)
|     +- run exe generate-parser (parser.zig) (+1 more reused dependencies)
|     +- run exe generate-parser (parser.zig) (+1 more reused dependencies)
|     +- run exe generate-parser (parser.zig) (+1 more reused dependencies)
|     +- run exe generate-parser (parser.zig) (+1 more reused dependencies)
|     +- run exe generate-parser (parser.zig) (+1 more reused dependencies)
|     +- run exe generate-parser (parser.zig) (+1 more reused dependencies)
|     +- run exe generate-parser (parser.zig) (+1 more reused dependencies)
|     +- run exe generate-parser (parser.zig) (+1 more reused dependencies)
|     +- run exe generate-parser (parser.zig) (+1 more reused dependencies)
|     +- run exe generate-parser (parser.zig) (+1 more reused dependencies)
|     +- run exe generate-parser (parser.zig) (+1 more reused dependencies)
|     +- run exe generate-parser (parser.zig) (+1 more reused dependencies)
|     +- run exe generate-parser (parser.zig) (+1 more reused dependencies)
|     +- run exe generate-parser (parser.zig) (+1 more reused dependencies)
|     +- run exe generate-parser (parser.zig) (+1 more reused dependencies)
|     +- run exe generate-parser (parser.zig) (+1 more reused dependencies)
|     +- run exe generate-parser (parser.zig) (+1 more reused dependencies)
|     +- run exe generate-parser (parser.zig) (+1 more reused dependencies)
|     +- run exe generate-parser (parser.zig) (+1 more reused dependencies)
|     +- run exe generate-parser (parser.zig) (+1 more reused dependencies)
|     +- run exe generate-parser (parser.zig) (+1 more reused dependencies)
|     +- run exe generate-parser (parser.zig) (+1 more reused dependencies)
|     +- run exe generate-parser (parser.zig) (+1 more reused dependencies)
|     +- run exe generate-parser (parser.zig) (+1 more reused dependencies)
|     +- run exe generate-parser (parser.zig) (+1 more reused dependencies)
|     +- run exe generate-parser (parser.zig) (+1 more reused dependencies)
|     +- run exe generate-parser (parser.zig) (+1 more reused dependencies)
|     +- run exe generate-parser (parser.zig) (+1 more reused dependencies)
|     +- run exe generate-parser (parser.zig) (+1 more reused dependencies)
|     +- run exe generate-lexer (lexer.zig) (+1 more reused dependencies)
|     +- run exe generate-parser (parser.zig) (+1 more reused dependencies)
|     +- run exe generate-parser (parser.zig) (+1 more reused dependencies)
|     +- run exe generate-parser (parser.zig) (+1 more reused dependencies)
|     +- run exe generate-parser (parser.zig) (+1 more reused dependencies)
|     +- run exe generate-parser (parser.zig) (+1 more reused dependencies)
|     +- run exe generate-parser (parser.zig) (+1 more reused dependencies)
|     +- run exe generate-parser (parser.zig) (+1 more reused dependencies)
|     +- run exe generate-parser (parser.zig) (+1 more reused dependencies)
|     +- run exe generate-parser (parser.zig) (+1 more reused dependencies)
|     +- run exe generate-parser (parser.zig) (+1 more reused dependencies)
|     +- run exe generate-parser (parser.zig) (+1 more reused dependencies)
|     +- run exe generate-parser (parser.zig) (+1 more reused dependencies)
|     +- run exe generate-parser (parser.zig) (+1 more reused dependencies)
|     +- run exe generate-parser (parser.zig) (+1 more reused dependencies)
|     +- run exe generate-parser (parser.zig) (+1 more reused dependencies)
|     +- run exe generate-parser (parser.zig) (+1 more reused dependencies)
|     +- run exe generate-parser (parser.zig) (+1 more reused dependencies)
|     +- run exe generate-parser (parser.zig) (+1 more reused dependencies)
|     +- run exe generate-parser (parser.zig) (+1 more reused dependencies)
|     +- run exe generate-parser (parser.zig) (+1 more reused dependencies)
|     +- run exe generate-parser (parser.zig) (+1 more reused dependencies)
|     +- run exe generate-parser (parser.zig) (+1 more reused dependencies)
|     +- run exe generate-parser (parser.zig) (+1 more reused dependencies)
|     +- run exe generate-parser (parser.zig) (+1 more reused dependencies)
|     +- run exe generate-parser (parser.zig) (+1 more reused dependencies)
|     +- run exe generate-parser (parser.zig) (+1 more reused dependencies)
|     +- run exe generate-parser (parser.zig) (+1 more reused dependencies)
|     +- run exe generate-parser (parser.zig) (+1 more reused dependencies)
|     +- run exe generate-parser (parser.zig) (+1 more reused dependencies)
|     +- run exe generate-parser (parser.zig) (+1 more reused dependencies)
|     +- run exe generate-parser (parser.zig) (+1 more reused dependencies)
|     +- run exe generate-parser (parser.zig) (+1 more reused dependencies)
|     +- run exe generate-parser (parser.zig) (+1 more reused dependencies)
|     +- run exe generate-parser (parser.zig) (+1 more reused dependencies)
+- install dependency to share/zxc/licenses/libyaml.txt cached
+- install build/toolchain/license.txt to share/zxc/licenses/zig.txt cached
