Build Summary: 165/165 steps succeeded; 153/153 tests passed
test-object-construction success
+- run test object-construction-shorthand-duplicate 3 pass (3 total) 4ms MaxRSS:987K
|  +- compile test object-construction-shorthand-duplicate fast native success 12s MaxRSS:402M
|     +- run node (cases.zig) cached
|     +- run exe zxc (program.zig) success 12ms
|        +- compile exe zxc fast native success 1m MaxRSS:3G
|           +- WriteFile cached
|           +- compile lib yaml fast native cached 44ms MaxRSS:20M
|           +- compile lib yaml fast native (reused)
|           +- translate-c cached 43ms MaxRSS:20M
|           +- options success
|           +- run exe bundle-zig (bundle) success 6s
|           |  +- compile exe bundle-zig fast native success 26s MaxRSS:909M
|           |  +- WriteFile bundle_manifest.json cached
|           +- options cached
|           +- run exe generate-parser (parser.zig) success 16s
|           |  +- compile exe generate-parser fast native success 32s MaxRSS:892M
|           |     +- options cached
|           |     +- WriteFile interfaces/0.d.zx success
|           |     |  +- run exe standard-catalog (catalog.zig) success 2ms
|           |     |     +- compile exe standard-catalog fast native cached 7s MaxRSS:21M
|           |     |     +- WriteFile catalog.json cached
|           |     +- options cached
|           +- run exe generate-parser (parser.zig) (+1 more reused dependencies)
|           +- run exe generate-parser (parser.zig) (+1 more reused dependencies)
|           +- run exe generate-parser (parser.zig) (+1 more reused dependencies)
|           +- run exe generate-parser (parser.zig) (+1 more reused dependencies)
|           +- run exe generate-parser (parser.zig) (+1 more reused dependencies)
|           +- run exe generate-parser (parser.zig) (+1 more reused dependencies)
|           +- WriteFile interfaces/0.d.zx cached
|           |  +- run exe standard-catalog (catalog.zig) cached
|           |     +- compile exe standard-catalog fast native success 7s MaxRSS:352M
|           |     +- WriteFile catalog.json cached
|           +- options cached
|           +- run exe generate-parser (parser.zig) (+1 more reused dependencies)
|           +- run exe generate-parser (parser.zig) (+1 more reused dependencies)
|           +- run exe generate-parser (parser.zig) (+1 more reused dependencies)
|           +- run exe generate-parser (parser.zig) (+1 more reused dependencies)
|           +- run exe generate-parser (parser.zig) (+1 more reused dependencies)
|           +- run exe generate-parser (parser.zig) (+1 more reused dependencies)
|           +- run exe generate-parser (parser.zig) (+1 more reused dependencies)
|           +- run exe generate-parser (parser.zig) (+1 more reused dependencies)
|           +- run exe generate-parser (parser.zig) (+1 more reused dependencies)
|           +- run exe generate-parser (parser.zig) (+1 more reused dependencies)
|           +- run exe generate-parser (parser.zig) (+1 more reused dependencies)
|           +- run exe generate-parser (parser.zig) (+1 more reused dependencies)
|           +- run exe generate-parser (parser.zig) (+1 more reused dependencies)
|           +- run exe generate-parser (parser.zig) (+1 more reused dependencies)
|           +- run exe generate-parser (parser.zig) (+1 more reused dependencies)
|           +- run exe generate-parser (parser.zig) (+1 more reused dependencies)
|           +- run exe generate-parser (parser.zig) (+1 more reused dependencies)
|           +- run exe generate-parser (parser.zig) (+1 more reused dependencies)
|           +- run exe generate-parser (parser.zig) (+1 more reused dependencies)
|           +- run exe generate-parser (parser.zig) (+1 more reused dependencies)
|           +- run exe generate-lexer (lexer.zig) success 16ms
|           |  +- compile exe generate-lexer fast native success 26s MaxRSS:745M
|           |     +- WriteFile interfaces/0.d.zx cached
|           |     |  +- run exe standard-catalog (catalog.zig) cached
|           |     |     +- compile exe standard-catalog fast native cached 7s MaxRSS:21M
|           |     |     +- WriteFile catalog.json cached
|           |     +- options cached
|           +- run exe generate-parser (parser.zig) (+1 more reused dependencies)
|           +- run exe generate-parser (parser.zig) (+1 more reused dependencies)
|           +- run exe generate-parser (parser.zig) (+1 more reused dependencies)
|           +- run exe generate-parser (parser.zig) (+1 more reused dependencies)
|           +- run exe generate-parser (parser.zig) (+1 more reused dependencies)
|           +- run exe generate-parser (parser.zig) (+1 more reused dependencies)
|           +- run exe generate-parser (parser.zig) (+1 more reused dependencies)
|           +- run exe generate-parser (parser.zig) (+1 more reused dependencies)
|           +- run exe generate-parser (parser.zig) (+1 more reused dependencies)
|           +- run exe generate-parser (parser.zig) (+1 more reused dependencies)
|           +- run exe generate-parser (parser.zig) (+1 more reused dependencies)
|           +- run exe generate-parser (parser.zig) (+1 more reused dependencies)
|           +- run exe generate-parser (parser.zig) (+1 more reused dependencies)
+- run test object-construction-fields-bool_explicit 2 pass (2 total) 3ms MaxRSS:987K
|  +- compile test object-construction-fields-bool_explicit fast native success 12s MaxRSS:389M
|     +- run node (cases.zig) cached
|     +- run exe zxc (program.zig) success 4ms
|        +- compile exe zxc fast native (+50 more reused dependencies)
+- run test object-construction-fields-bool_shorthand 2 pass (2 total) 4ms MaxRSS:987K
|  +- compile test object-construction-fields-bool_shorthand fast native success 12s MaxRSS:397M
|     +- run node (cases.zig) cached
|     +- run exe zxc (program.zig) success 12ms
|        +- compile exe zxc fast native (+50 more reused dependencies)
+- run test object-construction-fields-number_explicit 3 pass (3 total) 25ms MaxRSS:1M
|  +- compile test object-construction-fields-number_explicit fast native success 12s MaxRSS:389M
|     +- run node (cases.zig) cached
|     +- run exe zxc (program.zig) success 7ms
|        +- compile exe zxc fast native (+50 more reused dependencies)
+- run test object-construction-fields-number_shorthand 3 pass (3 total) 4ms MaxRSS:995K
|  +- compile test object-construction-fields-number_shorthand fast native success 12s MaxRSS:390M
|     +- run node (cases.zig) cached
|     +- run exe zxc (program.zig) success 4ms
|        +- compile exe zxc fast native (+50 more reused dependencies)
+- run test object-construction-fields-string_explicit 3 pass (3 total) 3ms MaxRSS:987K
|  +- compile test object-construction-fields-string_explicit fast native success 12s MaxRSS:401M
|     +- run node (cases.zig) cached
|     +- run exe zxc (program.zig) success 5ms
|        +- compile exe zxc fast native (+50 more reused dependencies)
+- run test object-construction-fields-string_shorthand 3 pass (3 total) 3ms MaxRSS:987K
|  +- compile test object-construction-fields-string_shorthand fast native success 12s MaxRSS:383M
|     +- run node (cases.zig) cached
|     +- run exe zxc (program.zig) success 4ms
|        +- compile exe zxc fast native (+50 more reused dependencies)
+- run test object-construction-fields-optional_explicit 3 pass (3 total) 3ms MaxRSS:987K
|  +- compile test object-construction-fields-optional_explicit fast native success 12s MaxRSS:391M
|     +- run node (cases.zig) cached
|     +- run exe zxc (program.zig) success 4ms
|        +- compile exe zxc fast native (+50 more reused dependencies)
+- run test object-construction-fields-optional_shorthand 3 pass (3 total) 3ms MaxRSS:987K
|  +- compile test object-construction-fields-optional_shorthand fast native success 12s MaxRSS:401M
|     +- run node (cases.zig) cached
|     +- run exe zxc (program.zig) success 9ms
|        +- compile exe zxc fast native (+50 more reused dependencies)
+- run test object-construction-fields-name_undefined 2 pass (2 total) 3ms MaxRSS:987K
|  +- compile test object-construction-fields-name_undefined fast native success 12s MaxRSS:391M
|     +- run node (cases.zig) cached
|     +- run exe zxc (program.zig) success 12ms
|        +- compile exe zxc fast native (+50 more reused dependencies)
+- run test object-construction-copy-prefix 4 pass (4 total) 7ms MaxRSS:1M
|  +- compile test object-construction-copy-prefix fast native success 12s MaxRSS:398M
|     +- run node (cases.zig) cached
|     +- run exe zxc (program.zig) success 13ms
|        +- compile exe zxc fast native (+50 more reused dependencies)
+- run test object-construction-copy 2 pass (2 total) 3ms MaxRSS:1M
|  +- compile test object-construction-copy fast native success 12s MaxRSS:388M
|     +- run node (cases.zig) cached
|     +- run exe zxc (program.zig) success 8ms
|        +- compile exe zxc fast native (+50 more reused dependencies)
+- run test object-construction-duplicate 5 pass (5 total) 3ms MaxRSS:987K
|  +- compile test object-construction-duplicate fast native success 12s MaxRSS:387M
|     +- run node (cases.zig) cached
|     +- run exe zxc (program.zig) success 4ms
|        +- compile exe zxc fast native (+50 more reused dependencies)
+- run test object-construction-merge 4 pass (4 total) 3ms MaxRSS:1M
|  +- compile test object-construction-merge fast native success 12s MaxRSS:394M
|     +- run node (cases.zig) cached
|     +- run exe zxc (program.zig) success 4ms
|        +- compile exe zxc fast native (+50 more reused dependencies)
+- run test object-construction-override 2 pass (2 total) 3ms MaxRSS:1M
   +- compile test object-construction-override fast native success 12s MaxRSS:402M
      +- run node (cases.zig) cached
      +- run exe zxc (program.zig) success 9ms
         +- compile exe zxc fast native (+50 more reused dependencies)
test-typed-try success
+- test-typed-try-native-contract success
|  +- run test 11 pass (11 total) 6ms MaxRSS:2M
|  |  +- compile test fast native success 40s MaxRSS:966M
|  |     +- WriteFile interfaces/0.d.zx (+1 more reused dependencies)
|  |     +- options (reused)
|  |     +- run exe generate-parser (parser.zig) (+1 more reused dependencies)
|  |     +- run exe generate-parser (parser.zig) (+1 more reused dependencies)
|  |     +- run exe generate-parser (parser.zig) (+1 more reused dependencies)
|  |     +- run exe generate-parser (parser.zig) (+1 more reused dependencies)
|  |     +- run exe generate-parser (parser.zig) (+1 more reused dependencies)
|  |     +- run exe generate-parser (parser.zig) (+1 more reused dependencies)
|  |     +- run exe generate-parser (parser.zig) (+1 more reused dependencies)
|  |     +- run exe generate-parser (parser.zig) (+1 more reused dependencies)
|  |     +- run exe generate-parser (parser.zig) (+1 more reused dependencies)
|  |     +- run exe generate-parser (parser.zig) (+1 more reused dependencies)
|  |     +- run exe generate-parser (parser.zig) (+1 more reused dependencies)
|  |     +- run exe generate-parser (parser.zig) (+1 more reused dependencies)
|  |     +- run exe generate-parser (parser.zig) (+1 more reused dependencies)
|  |     +- run exe generate-parser (parser.zig) (+1 more reused dependencies)
|  |     +- run exe generate-parser (parser.zig) (+1 more reused dependencies)
|  |     +- run exe generate-parser (parser.zig) (+1 more reused dependencies)
|  |     +- run exe generate-parser (parser.zig) (+1 more reused dependencies)
|  |     +- run exe generate-parser (parser.zig) (+1 more reused dependencies)
|  |     +- run exe generate-parser (parser.zig) (+1 more reused dependencies)
|  |     +- run exe generate-lexer (lexer.zig) (+1 more reused dependencies)
|  |     +- run exe generate-parser (parser.zig) (+1 more reused dependencies)
|  |     +- run exe generate-parser (parser.zig) (+1 more reused dependencies)
|  |     +- run exe generate-parser (parser.zig) (+1 more reused dependencies)
|  |     +- run exe generate-parser (parser.zig) (+1 more reused dependencies)
|  |     +- run exe generate-parser (parser.zig) (+1 more reused dependencies)
|  |     +- run exe generate-parser (parser.zig) (+1 more reused dependencies)
|  |     +- run exe generate-parser (parser.zig) (+1 more reused dependencies)
|  |     +- run exe generate-parser (parser.zig) (+1 more reused dependencies)
|  |     +- run exe generate-parser (parser.zig) (+1 more reused dependencies)
|  |     +- run exe generate-parser (parser.zig) (+1 more reused dependencies)
|  |     +- run exe generate-parser (parser.zig) (+1 more reused dependencies)
|  |     +- run exe generate-parser (parser.zig) (+1 more reused dependencies)
|  |     +- run exe generate-parser (parser.zig) (+1 more reused dependencies)
|  |     +- run exe generate-parser (parser.zig) (+1 more reused dependencies)
|  +- run test 7 pass (7 total) 4ms MaxRSS:1M
|     +- compile test fast native success 39s MaxRSS:959M
|        +- WriteFile interfaces/0.d.zx (+1 more reused dependencies)
|        +- options (reused)
|        +- run exe generate-parser (parser.zig) (+1 more reused dependencies)
|        +- run exe generate-parser (parser.zig) (+1 more reused dependencies)
|        +- run exe generate-parser (parser.zig) (+1 more reused dependencies)
|        +- run exe generate-parser (parser.zig) (+1 more reused dependencies)
|        +- run exe generate-parser (parser.zig) (+1 more reused dependencies)
|        +- run exe generate-parser (parser.zig) (+1 more reused dependencies)
|        +- run exe generate-parser (parser.zig) (+1 more reused dependencies)
|        +- run exe generate-parser (parser.zig) (+1 more reused dependencies)
|        +- run exe generate-parser (parser.zig) (+1 more reused dependencies)
|        +- run exe generate-parser (parser.zig) (+1 more reused dependencies)
|        +- run exe generate-parser (parser.zig) (+1 more reused dependencies)
|        +- run exe generate-parser (parser.zig) (+1 more reused dependencies)
|        +- run exe generate-parser (parser.zig) (+1 more reused dependencies)
|        +- run exe generate-parser (parser.zig) (+1 more reused dependencies)
|        +- run exe generate-parser (parser.zig) (+1 more reused dependencies)
|        +- run exe generate-parser (parser.zig) (+1 more reused dependencies)
|        +- run exe generate-parser (parser.zig) (+1 more reused dependencies)
|        +- run exe generate-parser (parser.zig) (+1 more reused dependencies)
|        +- run exe generate-parser (parser.zig) (+1 more reused dependencies)
|        +- run exe generate-lexer (lexer.zig) (+1 more reused dependencies)
|        +- run exe generate-parser (parser.zig) (+1 more reused dependencies)
|        +- run exe generate-parser (parser.zig) (+1 more reused dependencies)
|        +- run exe generate-parser (parser.zig) (+1 more reused dependencies)
|        +- run exe generate-parser (parser.zig) (+1 more reused dependencies)
|        +- run exe generate-parser (parser.zig) (+1 more reused dependencies)
|        +- run exe generate-parser (parser.zig) (+1 more reused dependencies)
|        +- run exe generate-parser (parser.zig) (+1 more reused dependencies)
|        +- run exe generate-parser (parser.zig) (+1 more reused dependencies)
|        +- run exe generate-parser (parser.zig) (+1 more reused dependencies)
|        +- run exe generate-parser (parser.zig) (+1 more reused dependencies)
|        +- run exe generate-parser (parser.zig) (+1 more reused dependencies)
|        +- run exe generate-parser (parser.zig) (+1 more reused dependencies)
|        +- run exe generate-parser (parser.zig) (+1 more reused dependencies)
|        +- run exe generate-parser (parser.zig) (+1 more reused dependencies)
+- test-typed-try-analysis success
|  +- run test 13 pass (13 total) 5ms MaxRSS:2M
|  |  +- compile test fast native success 39s MaxRSS:974M
|  |     +- WriteFile interfaces/0.d.zx (+1 more reused dependencies)
|  |     +- options (reused)
|  |     +- run exe generate-parser (parser.zig) (+1 more reused dependencies)
|  |     +- run exe generate-parser (parser.zig) (+1 more reused dependencies)
|  |     +- run exe generate-parser (parser.zig) (+1 more reused dependencies)
|  |     +- run exe generate-parser (parser.zig) (+1 more reused dependencies)
|  |     +- run exe generate-parser (parser.zig) (+1 more reused dependencies)
|  |     +- run exe generate-parser (parser.zig) (+1 more reused dependencies)
|  |     +- run exe generate-parser (parser.zig) (+1 more reused dependencies)
|  |     +- run exe generate-parser (parser.zig) (+1 more reused dependencies)
|  |     +- run exe generate-parser (parser.zig) (+1 more reused dependencies)
|  |     +- run exe generate-parser (parser.zig) (+1 more reused dependencies)
|  |     +- run exe generate-parser (parser.zig) (+1 more reused dependencies)
|  |     +- run exe generate-parser (parser.zig) (+1 more reused dependencies)
|  |     +- run exe generate-parser (parser.zig) (+1 more reused dependencies)
|  |     +- run exe generate-parser (parser.zig) (+1 more reused dependencies)
|  |     +- run exe generate-parser (parser.zig) (+1 more reused dependencies)
|  |     +- run exe generate-parser (parser.zig) (+1 more reused dependencies)
|  |     +- run exe generate-parser (parser.zig) (+1 more reused dependencies)
|  |     +- run exe generate-parser (parser.zig) (+1 more reused dependencies)
|  |     +- run exe generate-parser (parser.zig) (+1 more reused dependencies)
|  |     +- run exe generate-lexer (lexer.zig) (+1 more reused dependencies)
|  |     +- run exe generate-parser (parser.zig) (+1 more reused dependencies)
|  |     +- run exe generate-parser (parser.zig) (+1 more reused dependencies)
|  |     +- run exe generate-parser (parser.zig) (+1 more reused dependencies)
|  |     +- run exe generate-parser (parser.zig) (+1 more reused dependencies)
|  |     +- run exe generate-parser (parser.zig) (+1 more reused dependencies)
|  |     +- run exe generate-parser (parser.zig) (+1 more reused dependencies)
|  |     +- run exe generate-parser (parser.zig) (+1 more reused dependencies)
|  |     +- run exe generate-parser (parser.zig) (+1 more reused dependencies)
|  |     +- run exe generate-parser (parser.zig) (+1 more reused dependencies)
|  |     +- run exe generate-parser (parser.zig) (+1 more reused dependencies)
|  |     +- run exe generate-parser (parser.zig) (+1 more reused dependencies)
|  |     +- run exe generate-parser (parser.zig) (+1 more reused dependencies)
|  |     +- run exe generate-parser (parser.zig) (+1 more reused dependencies)
|  |     +- run exe generate-parser (parser.zig) (+1 more reused dependencies)
|  +- run test 13 pass (13 total) 4ms MaxRSS:2M
|  |  +- compile test fast native success 39s MaxRSS:938M
|  |     +- WriteFile interfaces/0.d.zx (+1 more reused dependencies)
|  |     +- options (reused)
|  |     +- run exe generate-parser (parser.zig) (+1 more reused dependencies)
|  |     +- run exe generate-parser (parser.zig) (+1 more reused dependencies)
|  |     +- run exe generate-parser (parser.zig) (+1 more reused dependencies)
|  |     +- run exe generate-parser (parser.zig) (+1 more reused dependencies)
|  |     +- run exe generate-parser (parser.zig) (+1 more reused dependencies)
|  |     +- run exe generate-parser (parser.zig) (+1 more reused dependencies)
|  |     +- run exe generate-parser (parser.zig) (+1 more reused dependencies)
|  |     +- run exe generate-parser (parser.zig) (+1 more reused dependencies)
|  |     +- run exe generate-parser (parser.zig) (+1 more reused dependencies)
|  |     +- run exe generate-parser (parser.zig) (+1 more reused dependencies)
|  |     +- run exe generate-parser (parser.zig) (+1 more reused dependencies)
|  |     +- run exe generate-parser (parser.zig) (+1 more reused dependencies)
|  |     +- run exe generate-parser (parser.zig) (+1 more reused dependencies)
|  |     +- run exe generate-parser (parser.zig) (+1 more reused dependencies)
|  |     +- run exe generate-parser (parser.zig) (+1 more reused dependencies)
|  |     +- run exe generate-parser (parser.zig) (+1 more reused dependencies)
|  |     +- run exe generate-parser (parser.zig) (+1 more reused dependencies)
|  |     +- run exe generate-parser (parser.zig) (+1 more reused dependencies)
|  |     +- run exe generate-parser (parser.zig) (+1 more reused dependencies)
|  |     +- run exe generate-lexer (lexer.zig) (+1 more reused dependencies)
|  |     +- run exe generate-parser (parser.zig) (+1 more reused dependencies)
|  |     +- run exe generate-parser (parser.zig) (+1 more reused dependencies)
|  |     +- run exe generate-parser (parser.zig) (+1 more reused dependencies)
|  |     +- run exe generate-parser (parser.zig) (+1 more reused dependencies)
|  |     +- run exe generate-parser (parser.zig) (+1 more reused dependencies)
|  |     +- run exe generate-parser (parser.zig) (+1 more reused dependencies)
|  |     +- run exe generate-parser (parser.zig) (+1 more reused dependencies)
|  |     +- run exe generate-parser (parser.zig) (+1 more reused dependencies)
|  |     +- run exe generate-parser (parser.zig) (+1 more reused dependencies)
|  |     +- run exe generate-parser (parser.zig) (+1 more reused dependencies)
|  |     +- run exe generate-parser (parser.zig) (+1 more reused dependencies)
|  |     +- run exe generate-parser (parser.zig) (+1 more reused dependencies)
|  |     +- run exe generate-parser (parser.zig) (+1 more reused dependencies)
|  |     +- run exe generate-parser (parser.zig) (+1 more reused dependencies)
|  +- run test 17 pass (17 total) 4ms MaxRSS:2M
|  |  +- compile test fast native success 40s MaxRSS:968M
|  |     +- WriteFile interfaces/0.d.zx (+1 more reused dependencies)
|  |     +- options (reused)
|  |     +- run exe generate-parser (parser.zig) (+1 more reused dependencies)
|  |     +- run exe generate-parser (parser.zig) (+1 more reused dependencies)
|  |     +- run exe generate-parser (parser.zig) (+1 more reused dependencies)
|  |     +- run exe generate-parser (parser.zig) (+1 more reused dependencies)
|  |     +- run exe generate-parser (parser.zig) (+1 more reused dependencies)
|  |     +- run exe generate-parser (parser.zig) (+1 more reused dependencies)
|  |     +- run exe generate-parser (parser.zig) (+1 more reused dependencies)
|  |     +- run exe generate-parser (parser.zig) (+1 more reused dependencies)
|  |     +- run exe generate-parser (parser.zig) (+1 more reused dependencies)
|  |     +- run exe generate-parser (parser.zig) (+1 more reused dependencies)
|  |     +- run exe generate-parser (parser.zig) (+1 more reused dependencies)
|  |     +- run exe generate-parser (parser.zig) (+1 more reused dependencies)
|  |     +- run exe generate-parser (parser.zig) (+1 more reused dependencies)
|  |     +- run exe generate-parser (parser.zig) (+1 more reused dependencies)
|  |     +- run exe generate-parser (parser.zig) (+1 more reused dependencies)
|  |     +- run exe generate-parser (parser.zig) (+1 more reused dependencies)
|  |     +- run exe generate-parser (parser.zig) (+1 more reused dependencies)
|  |     +- run exe generate-parser (parser.zig) (+1 more reused dependencies)
|  |     +- run exe generate-parser (parser.zig) (+1 more reused dependencies)
|  |     +- run exe generate-lexer (lexer.zig) (+1 more reused dependencies)
|  |     +- run exe generate-parser (parser.zig) (+1 more reused dependencies)
|  |     +- run exe generate-parser (parser.zig) (+1 more reused dependencies)
|  |     +- run exe generate-parser (parser.zig) (+1 more reused dependencies)
|  |     +- run exe generate-parser (parser.zig) (+1 more reused dependencies)
|  |     +- run exe generate-parser (parser.zig) (+1 more reused dependencies)
|  |     +- run exe generate-parser (parser.zig) (+1 more reused dependencies)
|  |     +- run exe generate-parser (parser.zig) (+1 more reused dependencies)
|  |     +- run exe generate-parser (parser.zig) (+1 more reused dependencies)
|  |     +- run exe generate-parser (parser.zig) (+1 more reused dependencies)
|  |     +- run exe generate-parser (parser.zig) (+1 more reused dependencies)
|  |     +- run exe generate-parser (parser.zig) (+1 more reused dependencies)
|  |     +- run exe generate-parser (parser.zig) (+1 more reused dependencies)
|  |     +- run exe generate-parser (parser.zig) (+1 more reused dependencies)
|  |     +- run exe generate-parser (parser.zig) (+1 more reused dependencies)
|  +- run test 2 pass (2 total) 12ms MaxRSS:2M
|     +- compile test fast native success 40s MaxRSS:975M
|        +- WriteFile interfaces/0.d.zx (+1 more reused dependencies)
|        +- options (reused)
|        +- run exe generate-parser (parser.zig) (+1 more reused dependencies)
|        +- run exe generate-parser (parser.zig) (+1 more reused dependencies)
|        +- run exe generate-parser (parser.zig) (+1 more reused dependencies)
|        +- run exe generate-parser (parser.zig) (+1 more reused dependencies)
|        +- run exe generate-parser (parser.zig) (+1 more reused dependencies)
|        +- run exe generate-parser (parser.zig) (+1 more reused dependencies)
|        +- run exe generate-parser (parser.zig) (+1 more reused dependencies)
|        +- run exe generate-parser (parser.zig) (+1 more reused dependencies)
|        +- run exe generate-parser (parser.zig) (+1 more reused dependencies)
|        +- run exe generate-parser (parser.zig) (+1 more reused dependencies)
|        +- run exe generate-parser (parser.zig) (+1 more reused dependencies)
|        +- run exe generate-parser (parser.zig) (+1 more reused dependencies)
|        +- run exe generate-parser (parser.zig) (+1 more reused dependencies)
|        +- run exe generate-parser (parser.zig) (+1 more reused dependencies)
|        +- run exe generate-parser (parser.zig) (+1 more reused dependencies)
|        +- run exe generate-parser (parser.zig) (+1 more reused dependencies)
|        +- run exe generate-parser (parser.zig) (+1 more reused dependencies)
|        +- run exe generate-parser (parser.zig) (+1 more reused dependencies)
|        +- run exe generate-parser (parser.zig) (+1 more reused dependencies)
|        +- run exe generate-lexer (lexer.zig) (+1 more reused dependencies)
|        +- run exe generate-parser (parser.zig) (+1 more reused dependencies)
|        +- run exe generate-parser (parser.zig) (+1 more reused dependencies)
|        +- run exe generate-parser (parser.zig) (+1 more reused dependencies)
|        +- run exe generate-parser (parser.zig) (+1 more reused dependencies)
|        +- run exe generate-parser (parser.zig) (+1 more reused dependencies)
|        +- run exe generate-parser (parser.zig) (+1 more reused dependencies)
|        +- run exe generate-parser (parser.zig) (+1 more reused dependencies)
|        +- run exe generate-parser (parser.zig) (+1 more reused dependencies)
|        +- run exe generate-parser (parser.zig) (+1 more reused dependencies)
|        +- run exe generate-parser (parser.zig) (+1 more reused dependencies)
|        +- run exe generate-parser (parser.zig) (+1 more reused dependencies)
|        +- run exe generate-parser (parser.zig) (+1 more reused dependencies)
|        +- run exe generate-parser (parser.zig) (+1 more reused dependencies)
|        +- run exe generate-parser (parser.zig) (+1 more reused dependencies)
+- test-typed-try-library success
|  +- run test 6 pass (6 total) 4ms MaxRSS:2M
|  |  +- compile test fast native success 43s MaxRSS:1G
|  |     +- WriteFile interfaces/0.d.zx (+1 more reused dependencies)
|  |     +- options (reused)
|  |     +- run exe generate-parser (parser.zig) (+1 more reused dependencies)
|  |     +- run exe generate-parser (parser.zig) (+1 more reused dependencies)
|  |     +- run exe generate-parser (parser.zig) (+1 more reused dependencies)
|  |     +- run exe generate-parser (parser.zig) (+1 more reused dependencies)
|  |     +- run exe generate-parser (parser.zig) (+1 more reused dependencies)
|  |     +- run exe generate-parser (parser.zig) (+1 more reused dependencies)
|  |     +- run exe generate-parser (parser.zig) (+1 more reused dependencies)
|  |     +- run exe generate-parser (parser.zig) (+1 more reused dependencies)
|  |     +- run exe generate-parser (parser.zig) (+1 more reused dependencies)
|  |     +- run exe generate-parser (parser.zig) (+1 more reused dependencies)
|  |     +- run exe generate-parser (parser.zig) (+1 more reused dependencies)
|  |     +- run exe generate-parser (parser.zig) (+1 more reused dependencies)
|  |     +- run exe generate-parser (parser.zig) (+1 more reused dependencies)
|  |     +- run exe generate-parser (parser.zig) (+1 more reused dependencies)
|  |     +- run exe generate-parser (parser.zig) (+1 more reused dependencies)
|  |     +- run exe generate-parser (parser.zig) (+1 more reused dependencies)
|  |     +- run exe generate-parser (parser.zig) (+1 more reused dependencies)
|  |     +- run exe generate-parser (parser.zig) (+1 more reused dependencies)
|  |     +- run exe generate-parser (parser.zig) (+1 more reused dependencies)
|  |     +- run exe generate-lexer (lexer.zig) (+1 more reused dependencies)
|  |     +- run exe generate-parser (parser.zig) (+1 more reused dependencies)
|  |     +- run exe generate-parser (parser.zig) (+1 more reused dependencies)
|  |     +- run exe generate-parser (parser.zig) (+1 more reused dependencies)
|  |     +- run exe generate-parser (parser.zig) (+1 more reused dependencies)
|  |     +- run exe generate-parser (parser.zig) (+1 more reused dependencies)
|  |     +- run exe generate-parser (parser.zig) (+1 more reused dependencies)
|  |     +- run exe generate-parser (parser.zig) (+1 more reused dependencies)
|  |     +- run exe generate-parser (parser.zig) (+1 more reused dependencies)
|  |     +- run exe generate-parser (parser.zig) (+1 more reused dependencies)
|  |     +- run exe generate-parser (parser.zig) (+1 more reused dependencies)
|  |     +- run exe generate-parser (parser.zig) (+1 more reused dependencies)
|  |     +- run exe generate-parser (parser.zig) (+1 more reused dependencies)
|  |     +- run exe generate-parser (parser.zig) (+1 more reused dependencies)
|  |     +- run exe generate-parser (parser.zig) (+1 more reused dependencies)
|  +- run test 4 pass (4 total) 3ms MaxRSS:2M
|  |  +- compile test fast native success 44s MaxRSS:1G
|  |     +- WriteFile interfaces/0.d.zx (+1 more reused dependencies)
|  |     +- options (reused)
|  |     +- run exe generate-parser (parser.zig) (+1 more reused dependencies)
|  |     +- run exe generate-parser (parser.zig) (+1 more reused dependencies)
|  |     +- run exe generate-parser (parser.zig) (+1 more reused dependencies)
|  |     +- run exe generate-parser (parser.zig) (+1 more reused dependencies)
|  |     +- run exe generate-parser (parser.zig) (+1 more reused dependencies)
|  |     +- run exe generate-parser (parser.zig) (+1 more reused dependencies)
|  |     +- run exe generate-parser (parser.zig) (+1 more reused dependencies)
|  |     +- run exe generate-parser (parser.zig) (+1 more reused dependencies)
|  |     +- run exe generate-parser (parser.zig) (+1 more reused dependencies)
|  |     +- run exe generate-parser (parser.zig) (+1 more reused dependencies)
|  |     +- run exe generate-parser (parser.zig) (+1 more reused dependencies)
|  |     +- run exe generate-parser (parser.zig) (+1 more reused dependencies)
|  |     +- run exe generate-parser (parser.zig) (+1 more reused dependencies)
|  |     +- run exe generate-parser (parser.zig) (+1 more reused dependencies)
|  |     +- run exe generate-parser (parser.zig) (+1 more reused dependencies)
|  |     +- run exe generate-parser (parser.zig) (+1 more reused dependencies)
|  |     +- run exe generate-parser (parser.zig) (+1 more reused dependencies)
|  |     +- run exe generate-parser (parser.zig) (+1 more reused dependencies)
|  |     +- run exe generate-parser (parser.zig) (+1 more reused dependencies)
|  |     +- run exe generate-lexer (lexer.zig) (+1 more reused dependencies)
|  |     +- run exe generate-parser (parser.zig) (+1 more reused dependencies)
|  |     +- run exe generate-parser (parser.zig) (+1 more reused dependencies)
|  |     +- run exe generate-parser (parser.zig) (+1 more reused dependencies)
|  |     +- run exe generate-parser (parser.zig) (+1 more reused dependencies)
|  |     +- run exe generate-parser (parser.zig) (+1 more reused dependencies)
|  |     +- run exe generate-parser (parser.zig) (+1 more reused dependencies)
|  |     +- run exe generate-parser (parser.zig) (+1 more reused dependencies)
|  |     +- run exe generate-parser (parser.zig) (+1 more reused dependencies)
|  |     +- run exe generate-parser (parser.zig) (+1 more reused dependencies)
|  |     +- run exe generate-parser (parser.zig) (+1 more reused dependencies)
|  |     +- run exe generate-parser (parser.zig) (+1 more reused dependencies)
|  |     +- run exe generate-parser (parser.zig) (+1 more reused dependencies)
|  |     +- run exe generate-parser (parser.zig) (+1 more reused dependencies)
|  |     +- run exe generate-parser (parser.zig) (+1 more reused dependencies)
|  +- run test 3 pass (3 total) 34ms MaxRSS:2M
|     +- compile test fast native success 43s MaxRSS:1G
|        +- WriteFile interfaces/0.d.zx (+1 more reused dependencies)
|        +- options (reused)
|        +- run exe generate-parser (parser.zig) (+1 more reused dependencies)
|        +- run exe generate-parser (parser.zig) (+1 more reused dependencies)
|        +- run exe generate-parser (parser.zig) (+1 more reused dependencies)
|        +- run exe generate-parser (parser.zig) (+1 more reused dependencies)
|        +- run exe generate-parser (parser.zig) (+1 more reused dependencies)
|        +- run exe generate-parser (parser.zig) (+1 more reused dependencies)
|        +- run exe generate-parser (parser.zig) (+1 more reused dependencies)
|        +- run exe generate-parser (parser.zig) (+1 more reused dependencies)
|        +- run exe generate-parser (parser.zig) (+1 more reused dependencies)
|        +- run exe generate-parser (parser.zig) (+1 more reused dependencies)
|        +- run exe generate-parser (parser.zig) (+1 more reused dependencies)
|        +- run exe generate-parser (parser.zig) (+1 more reused dependencies)
|        +- run exe generate-parser (parser.zig) (+1 more reused dependencies)
|        +- run exe generate-parser (parser.zig) (+1 more reused dependencies)
|        +- run exe generate-parser (parser.zig) (+1 more reused dependencies)
|        +- run exe generate-parser (parser.zig) (+1 more reused dependencies)
|        +- run exe generate-parser (parser.zig) (+1 more reused dependencies)
|        +- run exe generate-parser (parser.zig) (+1 more reused dependencies)
|        +- run exe generate-parser (parser.zig) (+1 more reused dependencies)
|        +- run exe generate-lexer (lexer.zig) (+1 more reused dependencies)
|        +- run exe generate-parser (parser.zig) (+1 more reused dependencies)
|        +- run exe generate-parser (parser.zig) (+1 more reused dependencies)
|        +- run exe generate-parser (parser.zig) (+1 more reused dependencies)
|        +- run exe generate-parser (parser.zig) (+1 more reused dependencies)
|        +- run exe generate-parser (parser.zig) (+1 more reused dependencies)
|        +- run exe generate-parser (parser.zig) (+1 more reused dependencies)
|        +- run exe generate-parser (parser.zig) (+1 more reused dependencies)
|        +- run exe generate-parser (parser.zig) (+1 more reused dependencies)
|        +- run exe generate-parser (parser.zig) (+1 more reused dependencies)
|        +- run exe generate-parser (parser.zig) (+1 more reused dependencies)
|        +- run exe generate-parser (parser.zig) (+1 more reused dependencies)
|        +- run exe generate-parser (parser.zig) (+1 more reused dependencies)
|        +- run exe generate-parser (parser.zig) (+1 more reused dependencies)
|        +- run exe generate-parser (parser.zig) (+1 more reused dependencies)
+- test-typed-try-native-abi success
|  +- compile test typed-try-abi-scalar fast native success 252ms MaxRSS:91M
|  |  +- run exe compile-typed-try-native-abi (program.zig) success 3ms
|  |  |  +- compile exe compile-typed-try-native-abi fast native success 48s MaxRSS:1G
|  |  |     +- WriteFile interfaces/0.d.zx (+1 more reused dependencies)
|  |  |     +- options (reused)
|  |  |     +- run exe generate-parser (parser.zig) (+1 more reused dependencies)
|  |  |     +- run exe generate-parser (parser.zig) (+1 more reused dependencies)
|  |  |     +- run exe generate-parser (parser.zig) (+1 more reused dependencies)
|  |  |     +- run exe generate-parser (parser.zig) (+1 more reused dependencies)
|  |  |     +- run exe generate-parser (parser.zig) (+1 more reused dependencies)
|  |  |     +- run exe generate-parser (parser.zig) (+1 more reused dependencies)
|  |  |     +- run exe generate-parser (parser.zig) (+1 more reused dependencies)
|  |  |     +- run exe generate-parser (parser.zig) (+1 more reused dependencies)
|  |  |     +- run exe generate-parser (parser.zig) (+1 more reused dependencies)
|  |  |     +- run exe generate-parser (parser.zig) (+1 more reused dependencies)
|  |  |     +- run exe generate-parser (parser.zig) (+1 more reused dependencies)
|  |  |     +- run exe generate-parser (parser.zig) (+1 more reused dependencies)
|  |  |     +- run exe generate-parser (parser.zig) (+1 more reused dependencies)
|  |  |     +- run exe generate-parser (parser.zig) (+1 more reused dependencies)
|  |  |     +- run exe generate-parser (parser.zig) (+1 more reused dependencies)
|  |  |     +- run exe generate-parser (parser.zig) (+1 more reused dependencies)
|  |  |     +- run exe generate-parser (parser.zig) (+1 more reused dependencies)
|  |  |     +- run exe generate-parser (parser.zig) (+1 more reused dependencies)
|  |  |     +- run exe generate-parser (parser.zig) (+1 more reused dependencies)
|  |  |     +- run exe generate-lexer (lexer.zig) (+1 more reused dependencies)
|  |  |     +- run exe generate-parser (parser.zig) (+1 more reused dependencies)
|  |  |     +- run exe generate-parser (parser.zig) (+1 more reused dependencies)
|  |  |     +- run exe generate-parser (parser.zig) (+1 more reused dependencies)
|  |  |     +- run exe generate-parser (parser.zig) (+1 more reused dependencies)
|  |  |     +- run exe generate-parser (parser.zig) (+1 more reused dependencies)
|  |  |     +- run exe generate-parser (parser.zig) (+1 more reused dependencies)
|  |  |     +- run exe generate-parser (parser.zig) (+1 more reused dependencies)
|  |  |     +- run exe generate-parser (parser.zig) (+1 more reused dependencies)
|  |  |     +- run exe generate-parser (parser.zig) (+1 more reused dependencies)
|  |  |     +- run exe generate-parser (parser.zig) (+1 more reused dependencies)
|  |  |     +- run exe generate-parser (parser.zig) (+1 more reused dependencies)
|  |  |     +- run exe generate-parser (parser.zig) (+1 more reused dependencies)
|  |  |     +- run exe generate-parser (parser.zig) (+1 more reused dependencies)
|  |  |     +- run exe generate-parser (parser.zig) (+1 more reused dependencies)
|  |  +- run exe compile-typed-try-native-abi (program.zig) (+1 more reused dependencies)
|  +- compile test typed-try-abi-optional fast native success 10s MaxRSS:90M
|  |  +- run exe compile-typed-try-native-abi (program.zig) success 3ms
|  |  |  +- compile exe compile-typed-try-native-abi fast native (+36 more reused dependencies)
|  |  +- run exe compile-typed-try-native-abi (program.zig) (+1 more reused dependencies)
|  +- compile test typed-try-abi-void fast native success 248ms MaxRSS:91M
|  |  +- run exe compile-typed-try-native-abi (program.zig) success 3ms
|  |  |  +- compile exe compile-typed-try-native-abi fast native (+36 more reused dependencies)
|  |  +- run exe compile-typed-try-native-abi (program.zig) (+1 more reused dependencies)
|  +- compile test typed-try-abi-empty fast native success 254ms MaxRSS:90M
|  |  +- run exe compile-typed-try-native-abi (program.zig) success 3ms
|  |  |  +- compile exe compile-typed-try-native-abi fast native (+36 more reused dependencies)
|  |  +- run exe compile-typed-try-native-abi (program.zig) (+1 more reused dependencies)
|  +- compile test typed-try-abi-opaque fast native success 218ms MaxRSS:91M
|  |  +- run exe compile-typed-try-native-abi (program.zig) success 3ms
|  |  |  +- compile exe compile-typed-try-native-abi fast native (+36 more reused dependencies)
|  |  +- run exe compile-typed-try-native-abi (program.zig) (+1 more reused dependencies)
|  +- run test typed-try-abi-exact 1 pass (1 total) 3ms MaxRSS:1M
|  |  +- compile test typed-try-abi-exact fast native success 10s MaxRSS:348M
|  |     +- run exe compile-typed-try-native-abi (program.zig) success 3ms
|  |     |  +- compile exe compile-typed-try-native-abi fast native (+36 more reused dependencies)
|  |     +- run exe compile-typed-try-native-abi (program.zig) (+1 more reused dependencies)
|  +- run test typed-try-abi-subset 1 pass (1 total) 2ms MaxRSS:983K
|  |  +- compile test typed-try-abi-subset fast native success 10s MaxRSS:351M
|  |     +- run exe compile-typed-try-native-abi (program.zig) success 3ms
|  |     |  +- compile exe compile-typed-try-native-abi fast native (+36 more reused dependencies)
|  |     +- run exe compile-typed-try-native-abi (program.zig) (+1 more reused dependencies)
|  +- run test typed-try-abi-infallible 1 pass (1 total) 3ms MaxRSS:983K
|     +- compile test typed-try-abi-infallible fast native success 10s MaxRSS:346M
|        +- run exe compile-typed-try-native-abi (program.zig) success 3ms
|        |  +- compile exe compile-typed-try-native-abi fast native (+36 more reused dependencies)
|        +- run exe compile-typed-try-native-abi (program.zig) (+1 more reused dependencies)
+- test-typed-try-runtime success
   +- run test typed-try-scalar 4 pass (4 total) 2ms MaxRSS:991K
   |  +- compile test typed-try-scalar fast native success 10s MaxRSS:346M
   |     +- run exe compile-typed-try-runtime (program.zig) success 3ms
   |     |  +- compile exe compile-typed-try-runtime fast native success 48s MaxRSS:1G
   |     |     +- WriteFile interfaces/0.d.zx (+1 more reused dependencies)
   |     |     +- options (reused)
   |     |     +- run exe generate-parser (parser.zig) (+1 more reused dependencies)
   |     |     +- run exe generate-parser (parser.zig) (+1 more reused dependencies)
   |     |     +- run exe generate-parser (parser.zig) (+1 more reused dependencies)
   |     |     +- run exe generate-parser (parser.zig) (+1 more reused dependencies)
   |     |     +- run exe generate-parser (parser.zig) (+1 more reused dependencies)
   |     |     +- run exe generate-parser (parser.zig) (+1 more reused dependencies)
   |     |     +- run exe generate-parser (parser.zig) (+1 more reused dependencies)
   |     |     +- run exe generate-parser (parser.zig) (+1 more reused dependencies)
   |     |     +- run exe generate-parser (parser.zig) (+1 more reused dependencies)
   |     |     +- run exe generate-parser (parser.zig) (+1 more reused dependencies)
   |     |     +- run exe generate-parser (parser.zig) (+1 more reused dependencies)
   |     |     +- run exe generate-parser (parser.zig) (+1 more reused dependencies)
   |     |     +- run exe generate-parser (parser.zig) (+1 more reused dependencies)
   |     |     +- run exe generate-parser (parser.zig) (+1 more reused dependencies)
   |     |     +- run exe generate-parser (parser.zig) (+1 more reused dependencies)
   |     |     +- run exe generate-parser (parser.zig) (+1 more reused dependencies)
   |     |     +- run exe generate-parser (parser.zig) (+1 more reused dependencies)
   |     |     +- run exe generate-parser (parser.zig) (+1 more reused dependencies)
   |     |     +- run exe generate-parser (parser.zig) (+1 more reused dependencies)
   |     |     +- run exe generate-lexer (lexer.zig) (+1 more reused dependencies)
   |     |     +- run exe generate-parser (parser.zig) (+1 more reused dependencies)
   |     |     +- run exe generate-parser (parser.zig) (+1 more reused dependencies)
   |     |     +- run exe generate-parser (parser.zig) (+1 more reused dependencies)
   |     |     +- run exe generate-parser (parser.zig) (+1 more reused dependencies)
   |     |     +- run exe generate-parser (parser.zig) (+1 more reused dependencies)
   |     |     +- run exe generate-parser (parser.zig) (+1 more reused dependencies)
   |     |     +- run exe generate-parser (parser.zig) (+1 more reused dependencies)
   |     |     +- run exe generate-parser (parser.zig) (+1 more reused dependencies)
   |     |     +- run exe generate-parser (parser.zig) (+1 more reused dependencies)
   |     |     +- run exe generate-parser (parser.zig) (+1 more reused dependencies)
   |     |     +- run exe generate-parser (parser.zig) (+1 more reused dependencies)
   |     |     +- run exe generate-parser (parser.zig) (+1 more reused dependencies)
   |     |     +- run exe generate-parser (parser.zig) (+1 more reused dependencies)
   |     |     +- run exe generate-parser (parser.zig) (+1 more reused dependencies)
   |     +- run exe compile-typed-try-runtime (program.zig) (+1 more reused dependencies)
   +- run test typed-try-optional 3 pass (3 total) 1ms MaxRSS:983K
   |  +- compile test typed-try-optional fast native success 10s MaxRSS:351M
   |     +- run exe compile-typed-try-runtime (program.zig) success 4ms
   |     |  +- compile exe compile-typed-try-runtime fast native (+36 more reused dependencies)
   |     +- run exe compile-typed-try-runtime (program.zig) (+1 more reused dependencies)
   +- run test typed-try-void 2 pass (2 total) 2ms MaxRSS:978K
   |  +- compile test typed-try-void fast native success 10s MaxRSS:354M
   |     +- run exe compile-typed-try-runtime (program.zig) success 4ms
   |     |  +- compile exe compile-typed-try-runtime fast native (+36 more reused dependencies)
   |     +- run exe compile-typed-try-runtime (program.zig) (+1 more reused dependencies)
   +- run test typed-try-infallible 2 pass (2 total) 3ms MaxRSS:978K
   |  +- compile test typed-try-infallible fast native success 10s MaxRSS:350M
   |     +- run exe compile-typed-try-runtime (program.zig) success 4ms
   |     |  +- compile exe compile-typed-try-runtime fast native (+36 more reused dependencies)
   |     +- run exe compile-typed-try-runtime (program.zig) (+1 more reused dependencies)
   +- run test typed-try-empty 2 pass (2 total) 2ms MaxRSS:978K
   |  +- compile test typed-try-empty fast native success 10s MaxRSS:347M
   |     +- run exe compile-typed-try-runtime (program.zig) success 4ms
   |     |  +- compile exe compile-typed-try-runtime fast native (+36 more reused dependencies)
   |     +- run exe compile-typed-try-runtime (program.zig) (+1 more reused dependencies)
   +- run test typed-try-before 3 pass (3 total) 2ms MaxRSS:974K
   |  +- compile test typed-try-before fast native success 10s MaxRSS:350M
   |     +- run exe compile-typed-try-runtime (program.zig) success 3ms
   |     |  +- compile exe compile-typed-try-runtime fast native (+36 more reused dependencies)
   |     +- run exe compile-typed-try-runtime (program.zig) (+1 more reused dependencies)
   +- run test typed-try-after 4 pass (4 total) 2ms MaxRSS:974K
   |  +- compile test typed-try-after fast native success 10s MaxRSS:345M
   |     +- run exe compile-typed-try-runtime (program.zig) success 3ms
   |     |  +- compile exe compile-typed-try-runtime fast native (+36 more reused dependencies)
   |     +- run exe compile-typed-try-runtime (program.zig) (+1 more reused dependencies)
   +- run test typed-try-nested 4 pass (4 total) 2ms MaxRSS:1M
   |  +- compile test typed-try-nested fast native success 10s MaxRSS:338M
   |     +- run exe compile-typed-try-runtime (program.zig) success 4ms
   |     |  +- compile exe compile-typed-try-runtime fast native (+36 more reused dependencies)
   |     +- run exe compile-typed-try-runtime (program.zig) (+1 more reused dependencies)
   +- run test typed-try-index 3 pass (3 total) 2ms MaxRSS:983K
   |  +- compile test typed-try-index fast native success 10s MaxRSS:349M
   |     +- run exe compile-typed-try-runtime (program.zig) success 4ms
   |     |  +- compile exe compile-typed-try-runtime fast native (+36 more reused dependencies)
   |     +- run exe compile-typed-try-runtime (program.zig) (+1 more reused dependencies)
   +- run test typed-try-compound 3 pass (3 total) 2ms MaxRSS:983K
      +- compile test typed-try-compound fast native success 10s MaxRSS:347M
         +- run exe compile-typed-try-runtime (program.zig) success 3ms
         |  +- compile exe compile-typed-try-runtime fast native (+36 more reused dependencies)
         +- run exe compile-typed-try-runtime (program.zig) (+1 more reused dependencies)

