Build Summary: 64/64 steps succeeded; 89/89 tests passed
test-native-declarations success
+- run test 4 pass (4 total) 6ms MaxRSS:2M
|  +- compile test fast native success 27s MaxRSS:791M
|     +- WriteFile interfaces/0.d.zx cached
|     |  +- run exe standard-catalog (catalog.zig) cached
|     |     +- compile exe standard-catalog fast native cached 52ms MaxRSS:21M
|     |     +- WriteFile catalog.json cached
|     +- options cached
|     +- run exe generate-parser (parser.zig) success 3s
|     |  +- compile exe generate-parser fast native success 32s MaxRSS:903M
|     |     +- options cached
|     |     +- WriteFile interfaces/0.d.zx cached
|     |     |  +- run exe standard-catalog (catalog.zig) cached
|     |     |     +- compile exe standard-catalog fast native cached 52ms MaxRSS:21M
|     |     |     +- WriteFile catalog.json cached
|     |     +- options cached
|     +- run exe generate-parser (parser.zig) (+1 more reused dependencies)
|     +- run exe generate-parser (parser.zig) (+1 more reused dependencies)
|     +- run exe generate-parser (parser.zig) (+1 more reused dependencies)
|     +- run exe generate-parser (parser.zig) (+1 more reused dependencies)
|     +- run exe generate-parser (parser.zig) (+1 more reused dependencies)
|     +- run exe generate-parser (parser.zig) (+1 more reused dependencies)
|     +- run exe generate-parser (parser.zig) (+1 more reused dependencies)
|     +- run exe generate-parser (parser.zig) (+1 more reused dependencies)
|     +- run exe generate-parser (parser.zig) (+1 more reused dependencies)
|     +- run exe generate-parser (parser.zig) (+1 more reused dependencies)
|     +- run exe generate-parser (parser.zig) (+1 more reused dependencies)
|     +- run exe generate-parser (parser.zig) (+1 more reused dependencies)
|     +- run exe generate-parser (parser.zig) (+1 more reused dependencies)
|     +- run exe generate-parser (parser.zig) (+1 more reused dependencies)
|     +- run exe generate-parser (parser.zig) (+1 more reused dependencies)
|     +- run exe generate-parser (parser.zig) (+1 more reused dependencies)
|     +- run exe generate-parser (parser.zig) (+1 more reused dependencies)
|     +- run exe generate-parser (parser.zig) (+1 more reused dependencies)
|     +- run exe generate-lexer (lexer.zig) success 16ms
|     |  +- compile exe generate-lexer fast native success 27s MaxRSS:761M
|     |     +- WriteFile interfaces/0.d.zx cached
|     |     |  +- run exe standard-catalog (catalog.zig) cached
|     |     |     +- compile exe standard-catalog fast native cached 47ms MaxRSS:21M
|     |     |     +- WriteFile catalog.json cached
|     |     +- options cached
|     +- run exe generate-parser (parser.zig) (+1 more reused dependencies)
|     +- run exe generate-parser (parser.zig) (+1 more reused dependencies)
|     +- run exe generate-parser (parser.zig) (+1 more reused dependencies)
|     +- run exe generate-parser (parser.zig) (+1 more reused dependencies)
|     +- run exe generate-parser (parser.zig) (+1 more reused dependencies)
|     +- run exe generate-parser (parser.zig) (+1 more reused dependencies)
|     +- run exe generate-parser (parser.zig) (+1 more reused dependencies)
|     +- run exe generate-parser (parser.zig) (+1 more reused dependencies)
|     +- run exe generate-parser (parser.zig) (+1 more reused dependencies)
|     +- run exe generate-parser (parser.zig) (+1 more reused dependencies)
|     +- run exe generate-parser (parser.zig) (+1 more reused dependencies)
|     +- run exe generate-parser (parser.zig) (+1 more reused dependencies)
|     +- run exe generate-parser (parser.zig) (+1 more reused dependencies)
|     +- run exe generate-parser (parser.zig) (+1 more reused dependencies)
+- run test 4 pass (4 total) 3ms MaxRSS:1M
|  +- compile test fast native success 27s MaxRSS:810M
|     +- WriteFile interfaces/0.d.zx (+1 more reused dependencies)
|     +- options (reused)
|     +- run exe generate-parser (parser.zig) (+1 more reused dependencies)
|     +- run exe generate-parser (parser.zig) (+1 more reused dependencies)
|     +- run exe generate-parser (parser.zig) (+1 more reused dependencies)
|     +- run exe generate-parser (parser.zig) (+1 more reused dependencies)
|     +- run exe generate-parser (parser.zig) (+1 more reused dependencies)
|     +- run exe generate-parser (parser.zig) (+1 more reused dependencies)
|     +- run exe generate-parser (parser.zig) (+1 more reused dependencies)
|     +- run exe generate-parser (parser.zig) (+1 more reused dependencies)
|     +- run exe generate-parser (parser.zig) (+1 more reused dependencies)
|     +- run exe generate-parser (parser.zig) (+1 more reused dependencies)
|     +- run exe generate-parser (parser.zig) (+1 more reused dependencies)
|     +- run exe generate-parser (parser.zig) (+1 more reused dependencies)
|     +- run exe generate-parser (parser.zig) (+1 more reused dependencies)
|     +- run exe generate-parser (parser.zig) (+1 more reused dependencies)
|     +- run exe generate-parser (parser.zig) (+1 more reused dependencies)
|     +- run exe generate-parser (parser.zig) (+1 more reused dependencies)
|     +- run exe generate-parser (parser.zig) (+1 more reused dependencies)
|     +- run exe generate-parser (parser.zig) (+1 more reused dependencies)
|     +- run exe generate-parser (parser.zig) (+1 more reused dependencies)
|     +- run exe generate-lexer (lexer.zig) (+1 more reused dependencies)
|     +- run exe generate-parser (parser.zig) (+1 more reused dependencies)
|     +- run exe generate-parser (parser.zig) (+1 more reused dependencies)
|     +- run exe generate-parser (parser.zig) (+1 more reused dependencies)
|     +- run exe generate-parser (parser.zig) (+1 more reused dependencies)
|     +- run exe generate-parser (parser.zig) (+1 more reused dependencies)
|     +- run exe generate-parser (parser.zig) (+1 more reused dependencies)
|     +- run exe generate-parser (parser.zig) (+1 more reused dependencies)
|     +- run exe generate-parser (parser.zig) (+1 more reused dependencies)
|     +- run exe generate-parser (parser.zig) (+1 more reused dependencies)
|     +- run exe generate-parser (parser.zig) (+1 more reused dependencies)
|     +- run exe generate-parser (parser.zig) (+1 more reused dependencies)
|     +- run exe generate-parser (parser.zig) (+1 more reused dependencies)
|     +- run exe generate-parser (parser.zig) (+1 more reused dependencies)
|     +- run exe generate-parser (parser.zig) (+1 more reused dependencies)
+- run test 2 pass (2 total) 3ms MaxRSS:1M
   +- compile test fast native success 27s MaxRSS:820M
      +- WriteFile interfaces/0.d.zx (+1 more reused dependencies)
      +- options (reused)
      +- run exe generate-parser (parser.zig) (+1 more reused dependencies)
      +- run exe generate-parser (parser.zig) (+1 more reused dependencies)
      +- run exe generate-parser (parser.zig) (+1 more reused dependencies)
      +- run exe generate-parser (parser.zig) (+1 more reused dependencies)
      +- run exe generate-parser (parser.zig) (+1 more reused dependencies)
      +- run exe generate-parser (parser.zig) (+1 more reused dependencies)
      +- run exe generate-parser (parser.zig) (+1 more reused dependencies)
      +- run exe generate-parser (parser.zig) (+1 more reused dependencies)
      +- run exe generate-parser (parser.zig) (+1 more reused dependencies)
      +- run exe generate-parser (parser.zig) (+1 more reused dependencies)
      +- run exe generate-parser (parser.zig) (+1 more reused dependencies)
      +- run exe generate-parser (parser.zig) (+1 more reused dependencies)
      +- run exe generate-parser (parser.zig) (+1 more reused dependencies)
      +- run exe generate-parser (parser.zig) (+1 more reused dependencies)
      +- run exe generate-parser (parser.zig) (+1 more reused dependencies)
      +- run exe generate-parser (parser.zig) (+1 more reused dependencies)
      +- run exe generate-parser (parser.zig) (+1 more reused dependencies)
      +- run exe generate-parser (parser.zig) (+1 more reused dependencies)
      +- run exe generate-parser (parser.zig) (+1 more reused dependencies)
      +- run exe generate-lexer (lexer.zig) (+1 more reused dependencies)
      +- run exe generate-parser (parser.zig) (+1 more reused dependencies)
      +- run exe generate-parser (parser.zig) (+1 more reused dependencies)
      +- run exe generate-parser (parser.zig) (+1 more reused dependencies)
      +- run exe generate-parser (parser.zig) (+1 more reused dependencies)
      +- run exe generate-parser (parser.zig) (+1 more reused dependencies)
      +- run exe generate-parser (parser.zig) (+1 more reused dependencies)
      +- run exe generate-parser (parser.zig) (+1 more reused dependencies)
      +- run exe generate-parser (parser.zig) (+1 more reused dependencies)
      +- run exe generate-parser (parser.zig) (+1 more reused dependencies)
      +- run exe generate-parser (parser.zig) (+1 more reused dependencies)
      +- run exe generate-parser (parser.zig) (+1 more reused dependencies)
      +- run exe generate-parser (parser.zig) (+1 more reused dependencies)
      +- run exe generate-parser (parser.zig) (+1 more reused dependencies)
      +- run exe generate-parser (parser.zig) (+1 more reused dependencies)
test-type-resolution success
+- run test type-resolution-initialization 10 pass (10 total) 2ms MaxRSS:1M
|  +- compile test type-resolution-initialization fast native success 10s MaxRSS:399M
|     +- WriteFile interfaces/0.d.zx (+1 more reused dependencies)
|     +- options (reused)
|     +- run exe generate-parser (parser.zig) (+1 more reused dependencies)
|     +- run exe generate-parser (parser.zig) (+1 more reused dependencies)
|     +- run exe generate-parser (parser.zig) (+1 more reused dependencies)
|     +- run exe generate-parser (parser.zig) (+1 more reused dependencies)
|     +- run exe generate-parser (parser.zig) (+1 more reused dependencies)
|     +- run exe generate-parser (parser.zig) (+1 more reused dependencies)
|     +- run exe generate-parser (parser.zig) (+1 more reused dependencies)
|     +- run exe generate-parser (parser.zig) (+1 more reused dependencies)
|     +- run exe generate-parser (parser.zig) (+1 more reused dependencies)
|     +- run exe generate-parser (parser.zig) (+1 more reused dependencies)
|     +- run exe generate-parser (parser.zig) (+1 more reused dependencies)
|     +- run exe generate-parser (parser.zig) (+1 more reused dependencies)
|     +- run exe generate-parser (parser.zig) (+1 more reused dependencies)
|     +- run exe generate-parser (parser.zig) (+1 more reused dependencies)
|     +- run exe generate-parser (parser.zig) (+1 more reused dependencies)
|     +- run exe generate-parser (parser.zig) (+1 more reused dependencies)
|     +- run exe generate-parser (parser.zig) (+1 more reused dependencies)
|     +- run exe generate-parser (parser.zig) (+1 more reused dependencies)
|     +- run exe generate-parser (parser.zig) (+1 more reused dependencies)
|     +- run exe generate-lexer (lexer.zig) (+1 more reused dependencies)
|     +- run exe generate-parser (parser.zig) (+1 more reused dependencies)
|     +- run exe generate-parser (parser.zig) (+1 more reused dependencies)
|     +- run exe generate-parser (parser.zig) (+1 more reused dependencies)
|     +- run exe generate-parser (parser.zig) (+1 more reused dependencies)
|     +- run exe generate-parser (parser.zig) (+1 more reused dependencies)
|     +- run exe generate-parser (parser.zig) (+1 more reused dependencies)
|     +- run exe generate-parser (parser.zig) (+1 more reused dependencies)
|     +- run exe generate-parser (parser.zig) (+1 more reused dependencies)
|     +- run exe generate-parser (parser.zig) (+1 more reused dependencies)
|     +- run exe generate-parser (parser.zig) (+1 more reused dependencies)
|     +- run exe generate-parser (parser.zig) (+1 more reused dependencies)
|     +- run exe generate-parser (parser.zig) (+1 more reused dependencies)
|     +- run exe generate-parser (parser.zig) (+1 more reused dependencies)
|     +- run exe generate-parser (parser.zig) (+1 more reused dependencies)
+- run test type-resolution-names 19 pass (19 total) 4ms MaxRSS:1M
|  +- compile test type-resolution-names fast native success 10s MaxRSS:396M
|     +- WriteFile interfaces/0.d.zx (+1 more reused dependencies)
|     +- options (reused)
|     +- run exe generate-parser (parser.zig) (+1 more reused dependencies)
|     +- run exe generate-parser (parser.zig) (+1 more reused dependencies)
|     +- run exe generate-parser (parser.zig) (+1 more reused dependencies)
|     +- run exe generate-parser (parser.zig) (+1 more reused dependencies)
|     +- run exe generate-parser (parser.zig) (+1 more reused dependencies)
|     +- run exe generate-parser (parser.zig) (+1 more reused dependencies)
|     +- run exe generate-parser (parser.zig) (+1 more reused dependencies)
|     +- run exe generate-parser (parser.zig) (+1 more reused dependencies)
|     +- run exe generate-parser (parser.zig) (+1 more reused dependencies)
|     +- run exe generate-parser (parser.zig) (+1 more reused dependencies)
|     +- run exe generate-parser (parser.zig) (+1 more reused dependencies)
|     +- run exe generate-parser (parser.zig) (+1 more reused dependencies)
|     +- run exe generate-parser (parser.zig) (+1 more reused dependencies)
|     +- run exe generate-parser (parser.zig) (+1 more reused dependencies)
|     +- run exe generate-parser (parser.zig) (+1 more reused dependencies)
|     +- run exe generate-parser (parser.zig) (+1 more reused dependencies)
|     +- run exe generate-parser (parser.zig) (+1 more reused dependencies)
|     +- run exe generate-parser (parser.zig) (+1 more reused dependencies)
|     +- run exe generate-parser (parser.zig) (+1 more reused dependencies)
|     +- run exe generate-lexer (lexer.zig) (+1 more reused dependencies)
|     +- run exe generate-parser (parser.zig) (+1 more reused dependencies)
|     +- run exe generate-parser (parser.zig) (+1 more reused dependencies)
|     +- run exe generate-parser (parser.zig) (+1 more reused dependencies)
|     +- run exe generate-parser (parser.zig) (+1 more reused dependencies)
|     +- run exe generate-parser (parser.zig) (+1 more reused dependencies)
|     +- run exe generate-parser (parser.zig) (+1 more reused dependencies)
|     +- run exe generate-parser (parser.zig) (+1 more reused dependencies)
|     +- run exe generate-parser (parser.zig) (+1 more reused dependencies)
|     +- run exe generate-parser (parser.zig) (+1 more reused dependencies)
|     +- run exe generate-parser (parser.zig) (+1 more reused dependencies)
|     +- run exe generate-parser (parser.zig) (+1 more reused dependencies)
|     +- run exe generate-parser (parser.zig) (+1 more reused dependencies)
|     +- run exe generate-parser (parser.zig) (+1 more reused dependencies)
|     +- run exe generate-parser (parser.zig) (+1 more reused dependencies)
+- run test type-resolution-nodes 20 pass (20 total) 3ms MaxRSS:1M
|  +- compile test type-resolution-nodes fast native success 10s MaxRSS:392M
|     +- WriteFile interfaces/0.d.zx (+1 more reused dependencies)
|     +- options (reused)
|     +- run exe generate-parser (parser.zig) (+1 more reused dependencies)
|     +- run exe generate-parser (parser.zig) (+1 more reused dependencies)
|     +- run exe generate-parser (parser.zig) (+1 more reused dependencies)
|     +- run exe generate-parser (parser.zig) (+1 more reused dependencies)
|     +- run exe generate-parser (parser.zig) (+1 more reused dependencies)
|     +- run exe generate-parser (parser.zig) (+1 more reused dependencies)
|     +- run exe generate-parser (parser.zig) (+1 more reused dependencies)
|     +- run exe generate-parser (parser.zig) (+1 more reused dependencies)
|     +- run exe generate-parser (parser.zig) (+1 more reused dependencies)
|     +- run exe generate-parser (parser.zig) (+1 more reused dependencies)
|     +- run exe generate-parser (parser.zig) (+1 more reused dependencies)
|     +- run exe generate-parser (parser.zig) (+1 more reused dependencies)
|     +- run exe generate-parser (parser.zig) (+1 more reused dependencies)
|     +- run exe generate-parser (parser.zig) (+1 more reused dependencies)
|     +- run exe generate-parser (parser.zig) (+1 more reused dependencies)
|     +- run exe generate-parser (parser.zig) (+1 more reused dependencies)
|     +- run exe generate-parser (parser.zig) (+1 more reused dependencies)
|     +- run exe generate-parser (parser.zig) (+1 more reused dependencies)
|     +- run exe generate-parser (parser.zig) (+1 more reused dependencies)
|     +- run exe generate-lexer (lexer.zig) (+1 more reused dependencies)
|     +- run exe generate-parser (parser.zig) (+1 more reused dependencies)
|     +- run exe generate-parser (parser.zig) (+1 more reused dependencies)
|     +- run exe generate-parser (parser.zig) (+1 more reused dependencies)
|     +- run exe generate-parser (parser.zig) (+1 more reused dependencies)
|     +- run exe generate-parser (parser.zig) (+1 more reused dependencies)
|     +- run exe generate-parser (parser.zig) (+1 more reused dependencies)
|     +- run exe generate-parser (parser.zig) (+1 more reused dependencies)
|     +- run exe generate-parser (parser.zig) (+1 more reused dependencies)
|     +- run exe generate-parser (parser.zig) (+1 more reused dependencies)
|     +- run exe generate-parser (parser.zig) (+1 more reused dependencies)
|     +- run exe generate-parser (parser.zig) (+1 more reused dependencies)
|     +- run exe generate-parser (parser.zig) (+1 more reused dependencies)
|     +- run exe generate-parser (parser.zig) (+1 more reused dependencies)
|     +- run exe generate-parser (parser.zig) (+1 more reused dependencies)
+- run test type-resolution-views 9 pass (9 total) 8ms MaxRSS:4M
|  +- compile test type-resolution-views fast native success 33s MaxRSS:1G
|     +- WriteFile interfaces/0.d.zx (+1 more reused dependencies)
|     +- options (reused)
|     +- run exe generate-parser (parser.zig) (+1 more reused dependencies)
|     +- run exe generate-parser (parser.zig) (+1 more reused dependencies)
|     +- run exe generate-parser (parser.zig) (+1 more reused dependencies)
|     +- run exe generate-parser (parser.zig) (+1 more reused dependencies)
|     +- run exe generate-parser (parser.zig) (+1 more reused dependencies)
|     +- run exe generate-parser (parser.zig) (+1 more reused dependencies)
|     +- run exe generate-parser (parser.zig) (+1 more reused dependencies)
|     +- run exe generate-parser (parser.zig) (+1 more reused dependencies)
|     +- run exe generate-parser (parser.zig) (+1 more reused dependencies)
|     +- run exe generate-parser (parser.zig) (+1 more reused dependencies)
|     +- run exe generate-parser (parser.zig) (+1 more reused dependencies)
|     +- run exe generate-parser (parser.zig) (+1 more reused dependencies)
|     +- run exe generate-parser (parser.zig) (+1 more reused dependencies)
|     +- run exe generate-parser (parser.zig) (+1 more reused dependencies)
|     +- run exe generate-parser (parser.zig) (+1 more reused dependencies)
|     +- run exe generate-parser (parser.zig) (+1 more reused dependencies)
|     +- run exe generate-parser (parser.zig) (+1 more reused dependencies)
|     +- run exe generate-parser (parser.zig) (+1 more reused dependencies)
|     +- run exe generate-parser (parser.zig) (+1 more reused dependencies)
|     +- run exe generate-lexer (lexer.zig) (+1 more reused dependencies)
|     +- run exe generate-parser (parser.zig) (+1 more reused dependencies)
|     +- run exe generate-parser (parser.zig) (+1 more reused dependencies)
|     +- run exe generate-parser (parser.zig) (+1 more reused dependencies)
|     +- run exe generate-parser (parser.zig) (+1 more reused dependencies)
|     +- run exe generate-parser (parser.zig) (+1 more reused dependencies)
|     +- run exe generate-parser (parser.zig) (+1 more reused dependencies)
|     +- run exe generate-parser (parser.zig) (+1 more reused dependencies)
|     +- run exe generate-parser (parser.zig) (+1 more reused dependencies)
|     +- run exe generate-parser (parser.zig) (+1 more reused dependencies)
|     +- run exe generate-parser (parser.zig) (+1 more reused dependencies)
|     +- run exe generate-parser (parser.zig) (+1 more reused dependencies)
|     +- run exe generate-parser (parser.zig) (+1 more reused dependencies)
|     +- run exe generate-parser (parser.zig) (+1 more reused dependencies)
|     +- run exe generate-parser (parser.zig) (+1 more reused dependencies)
+- run test type-resolution-resources 5 pass (5 total) 6ms MaxRSS:1M
   +- compile test type-resolution-resources fast native success 18s MaxRSS:674M
      +- WriteFile interfaces/0.d.zx (+1 more reused dependencies)
      +- options (reused)
      +- run exe generate-parser (parser.zig) (+1 more reused dependencies)
      +- run exe generate-parser (parser.zig) (+1 more reused dependencies)
      +- run exe generate-parser (parser.zig) (+1 more reused dependencies)
      +- run exe generate-parser (parser.zig) (+1 more reused dependencies)
      +- run exe generate-parser (parser.zig) (+1 more reused dependencies)
      +- run exe generate-parser (parser.zig) (+1 more reused dependencies)
      +- run exe generate-parser (parser.zig) (+1 more reused dependencies)
      +- run exe generate-parser (parser.zig) (+1 more reused dependencies)
      +- run exe generate-parser (parser.zig) (+1 more reused dependencies)
      +- run exe generate-parser (parser.zig) (+1 more reused dependencies)
      +- run exe generate-parser (parser.zig) (+1 more reused dependencies)
      +- run exe generate-parser (parser.zig) (+1 more reused dependencies)
      +- run exe generate-parser (parser.zig) (+1 more reused dependencies)
      +- run exe generate-parser (parser.zig) (+1 more reused dependencies)
      +- run exe generate-parser (parser.zig) (+1 more reused dependencies)
      +- run exe generate-parser (parser.zig) (+1 more reused dependencies)
      +- run exe generate-parser (parser.zig) (+1 more reused dependencies)
      +- run exe generate-parser (parser.zig) (+1 more reused dependencies)
      +- run exe generate-parser (parser.zig) (+1 more reused dependencies)
      +- run exe generate-lexer (lexer.zig) (+1 more reused dependencies)
      +- run exe generate-parser (parser.zig) (+1 more reused dependencies)
      +- run exe generate-parser (parser.zig) (+1 more reused dependencies)
      +- run exe generate-parser (parser.zig) (+1 more reused dependencies)
      +- run exe generate-parser (parser.zig) (+1 more reused dependencies)
      +- run exe generate-parser (parser.zig) (+1 more reused dependencies)
      +- run exe generate-parser (parser.zig) (+1 more reused dependencies)
      +- run exe generate-parser (parser.zig) (+1 more reused dependencies)
      +- run exe generate-parser (parser.zig) (+1 more reused dependencies)
      +- run exe generate-parser (parser.zig) (+1 more reused dependencies)
      +- run exe generate-parser (parser.zig) (+1 more reused dependencies)
      +- run exe generate-parser (parser.zig) (+1 more reused dependencies)
      +- run exe generate-parser (parser.zig) (+1 more reused dependencies)
      +- run exe generate-parser (parser.zig) (+1 more reused dependencies)
      +- run exe generate-parser (parser.zig) (+1 more reused dependencies)
test-type-parser success
+- test-type-parser-resources success
|  +- run test 3 pass (3 total) 2ms MaxRSS:1M
|  |  +- compile test fast native success 10s MaxRSS:373M
|  |     +- run exe zxc (type_parser_zx.zig) success 69ms
|  |        +- compile exe zxc fast native success 1m MaxRSS:3G
|  |           +- WriteFile cached
|  |           +- compile lib yaml fast native cached 41ms MaxRSS:20M
|  |           +- compile lib yaml fast native (reused)
|  |           +- translate-c cached 42ms MaxRSS:20M
|  |           +- options success
|  |           +- run exe bundle-zig (bundle) cached
|  |           |  +- compile exe bundle-zig fast native cached 46ms MaxRSS:21M
|  |           |  +- WriteFile bundle_manifest.json cached
|  |           +- options cached
|  |           +- run exe generate-parser (parser.zig) (+1 more reused dependencies)
|  |           +- run exe generate-parser (parser.zig) (+1 more reused dependencies)
|  |           +- run exe generate-parser (parser.zig) (+1 more reused dependencies)
|  |           +- run exe generate-parser (parser.zig) (+1 more reused dependencies)
|  |           +- run exe generate-parser (parser.zig) (+1 more reused dependencies)
|  |           +- run exe generate-parser (parser.zig) (+1 more reused dependencies)
|  |           +- run exe generate-parser (parser.zig) (+1 more reused dependencies)
|  |           +- WriteFile interfaces/0.d.zx (+1 more reused dependencies)
|  |           +- options (reused)
|  |           +- run exe generate-parser (parser.zig) (+1 more reused dependencies)
|  |           +- run exe generate-parser (parser.zig) (+1 more reused dependencies)
|  |           +- run exe generate-parser (parser.zig) (+1 more reused dependencies)
|  |           +- run exe generate-parser (parser.zig) (+1 more reused dependencies)
|  |           +- run exe generate-parser (parser.zig) (+1 more reused dependencies)
|  |           +- run exe generate-parser (parser.zig) (+1 more reused dependencies)
|  |           +- run exe generate-parser (parser.zig) (+1 more reused dependencies)
|  |           +- run exe generate-parser (parser.zig) (+1 more reused dependencies)
|  |           +- run exe generate-parser (parser.zig) (+1 more reused dependencies)
|  |           +- run exe generate-parser (parser.zig) (+1 more reused dependencies)
|  |           +- run exe generate-parser (parser.zig) (+1 more reused dependencies)
|  |           +- run exe generate-parser (parser.zig) (+1 more reused dependencies)
|  |           +- run exe generate-parser (parser.zig) (+1 more reused dependencies)
|  |           +- run exe generate-parser (parser.zig) (+1 more reused dependencies)
|  |           +- run exe generate-parser (parser.zig) (+1 more reused dependencies)
|  |           +- run exe generate-parser (parser.zig) (+1 more reused dependencies)
|  |           +- run exe generate-parser (parser.zig) (+1 more reused dependencies)
|  |           +- run exe generate-parser (parser.zig) (+1 more reused dependencies)
|  |           +- run exe generate-parser (parser.zig) (+1 more reused dependencies)
|  |           +- run exe generate-parser (parser.zig) (+1 more reused dependencies)
|  |           +- run exe generate-lexer (lexer.zig) (+1 more reused dependencies)
|  |           +- run exe generate-parser (parser.zig) (+1 more reused dependencies)
|  |           +- run exe generate-parser (parser.zig) (+1 more reused dependencies)
|  |           +- run exe generate-parser (parser.zig) (+1 more reused dependencies)
|  |           +- run exe generate-parser (parser.zig) (+1 more reused dependencies)
|  |           +- run exe generate-parser (parser.zig) (+1 more reused dependencies)
|  |           +- run exe generate-parser (parser.zig) (+1 more reused dependencies)
|  |           +- run exe generate-parser (parser.zig) (+1 more reused dependencies)
|  |           +- run exe generate-parser (parser.zig) (+1 more reused dependencies)
|  |           +- run exe generate-parser (parser.zig) (+1 more reused dependencies)
|  |           +- run exe generate-parser (parser.zig) (+1 more reused dependencies)
|  |           +- run exe generate-parser (parser.zig) (+1 more reused dependencies)
|  |           +- run exe generate-parser (parser.zig) (+1 more reused dependencies)
|  |           +- run exe generate-parser (parser.zig) (+1 more reused dependencies)
|  +- run test 3 pass (3 total) 2ms MaxRSS:1M
|     +- compile test fast native success 10s MaxRSS:405M
|        +- run exe zxc (type_parser_rx.zig) success 273ms
|           +- compile exe zxc fast native (+50 more reused dependencies)
+- test-type-parser-parity success
   +- run test 3 pass (3 total) 66ms MaxRSS:2M
   |  +- compile test fast native success 10s MaxRSS:420M
   |     +- run exe zxc (type_parser_zx.zig) (+1 more reused dependencies)
   |     +- WriteFile interfaces/0.d.zx (+1 more reused dependencies)
   |     +- options (reused)
   |     +- run exe generate-parser (parser.zig) (+1 more reused dependencies)
   |     +- run exe generate-parser (parser.zig) (+1 more reused dependencies)
   |     +- run exe generate-parser (parser.zig) (+1 more reused dependencies)
   |     +- run exe generate-parser (parser.zig) (+1 more reused dependencies)
   |     +- run exe generate-parser (parser.zig) (+1 more reused dependencies)
   |     +- run exe generate-parser (parser.zig) (+1 more reused dependencies)
   |     +- run exe generate-parser (parser.zig) (+1 more reused dependencies)
   |     +- run exe generate-parser (parser.zig) (+1 more reused dependencies)
   |     +- run exe generate-parser (parser.zig) (+1 more reused dependencies)
   |     +- run exe generate-parser (parser.zig) (+1 more reused dependencies)
   |     +- run exe generate-parser (parser.zig) (+1 more reused dependencies)
   |     +- run exe generate-parser (parser.zig) (+1 more reused dependencies)
   |     +- run exe generate-parser (parser.zig) (+1 more reused dependencies)
   |     +- run exe generate-parser (parser.zig) (+1 more reused dependencies)
   |     +- run exe generate-parser (parser.zig) (+1 more reused dependencies)
   |     +- run exe generate-parser (parser.zig) (+1 more reused dependencies)
   |     +- run exe generate-parser (parser.zig) (+1 more reused dependencies)
   |     +- run exe generate-parser (parser.zig) (+1 more reused dependencies)
   |     +- run exe generate-parser (parser.zig) (+1 more reused dependencies)
   |     +- run exe generate-lexer (lexer.zig) (+1 more reused dependencies)
   |     +- run exe generate-parser (parser.zig) (+1 more reused dependencies)
   |     +- run exe generate-parser (parser.zig) (+1 more reused dependencies)
   |     +- run exe generate-parser (parser.zig) (+1 more reused dependencies)
   |     +- run exe generate-parser (parser.zig) (+1 more reused dependencies)
   |     +- run exe generate-parser (parser.zig) (+1 more reused dependencies)
   |     +- run exe generate-parser (parser.zig) (+1 more reused dependencies)
   |     +- run exe generate-parser (parser.zig) (+1 more reused dependencies)
   |     +- run exe generate-parser (parser.zig) (+1 more reused dependencies)
   |     +- run exe generate-parser (parser.zig) (+1 more reused dependencies)
   |     +- run exe generate-parser (parser.zig) (+1 more reused dependencies)
   |     +- run exe generate-parser (parser.zig) (+1 more reused dependencies)
   |     +- run exe generate-parser (parser.zig) (+1 more reused dependencies)
   |     +- run exe generate-parser (parser.zig) (+1 more reused dependencies)
   |     +- run exe generate-parser (parser.zig) (+1 more reused dependencies)
   +- run test 2 pass (2 total) 203ms MaxRSS:1M
   |  +- compile test fast native success 9s MaxRSS:391M
   |     +- run exe zxc (type_parser_zx.zig) (+1 more reused dependencies)
   |     +- WriteFile interfaces/0.d.zx (+1 more reused dependencies)
   |     +- options (reused)
   |     +- run exe generate-parser (parser.zig) (+1 more reused dependencies)
   |     +- run exe generate-parser (parser.zig) (+1 more reused dependencies)
   |     +- run exe generate-parser (parser.zig) (+1 more reused dependencies)
   |     +- run exe generate-parser (parser.zig) (+1 more reused dependencies)
   |     +- run exe generate-parser (parser.zig) (+1 more reused dependencies)
   |     +- run exe generate-parser (parser.zig) (+1 more reused dependencies)
   |     +- run exe generate-parser (parser.zig) (+1 more reused dependencies)
   |     +- run exe generate-parser (parser.zig) (+1 more reused dependencies)
   |     +- run exe generate-parser (parser.zig) (+1 more reused dependencies)
   |     +- run exe generate-parser (parser.zig) (+1 more reused dependencies)
   |     +- run exe generate-parser (parser.zig) (+1 more reused dependencies)
   |     +- run exe generate-parser (parser.zig) (+1 more reused dependencies)
   |     +- run exe generate-parser (parser.zig) (+1 more reused dependencies)
   |     +- run exe generate-parser (parser.zig) (+1 more reused dependencies)
   |     +- run exe generate-parser (parser.zig) (+1 more reused dependencies)
   |     +- run exe generate-parser (parser.zig) (+1 more reused dependencies)
   |     +- run exe generate-parser (parser.zig) (+1 more reused dependencies)
   |     +- run exe generate-parser (parser.zig) (+1 more reused dependencies)
   |     +- run exe generate-parser (parser.zig) (+1 more reused dependencies)
   |     +- run exe generate-lexer (lexer.zig) (+1 more reused dependencies)
   |     +- run exe generate-parser (parser.zig) (+1 more reused dependencies)
   |     +- run exe generate-parser (parser.zig) (+1 more reused dependencies)
   |     +- run exe generate-parser (parser.zig) (+1 more reused dependencies)
   |     +- run exe generate-parser (parser.zig) (+1 more reused dependencies)
   |     +- run exe generate-parser (parser.zig) (+1 more reused dependencies)
   |     +- run exe generate-parser (parser.zig) (+1 more reused dependencies)
   |     +- run exe generate-parser (parser.zig) (+1 more reused dependencies)
   |     +- run exe generate-parser (parser.zig) (+1 more reused dependencies)
   |     +- run exe generate-parser (parser.zig) (+1 more reused dependencies)
   |     +- run exe generate-parser (parser.zig) (+1 more reused dependencies)
   |     +- run exe generate-parser (parser.zig) (+1 more reused dependencies)
   |     +- run exe generate-parser (parser.zig) (+1 more reused dependencies)
   |     +- run exe generate-parser (parser.zig) (+1 more reused dependencies)
   |     +- run exe generate-parser (parser.zig) (+1 more reused dependencies)
   +- run test 3 pass (3 total) 86ms MaxRSS:3M
   |  +- compile test fast native success 10s MaxRSS:463M
   |     +- run exe zxc (type_parser_rx.zig) (+1 more reused dependencies)
   |     +- WriteFile interfaces/0.d.zx (+1 more reused dependencies)
   |     +- options (reused)
   |     +- run exe generate-parser (parser.zig) (+1 more reused dependencies)
   |     +- run exe generate-parser (parser.zig) (+1 more reused dependencies)
   |     +- run exe generate-parser (parser.zig) (+1 more reused dependencies)
   |     +- run exe generate-parser (parser.zig) (+1 more reused dependencies)
   |     +- run exe generate-parser (parser.zig) (+1 more reused dependencies)
   |     +- run exe generate-parser (parser.zig) (+1 more reused dependencies)
   |     +- run exe generate-parser (parser.zig) (+1 more reused dependencies)
   |     +- run exe generate-parser (parser.zig) (+1 more reused dependencies)
   |     +- run exe generate-parser (parser.zig) (+1 more reused dependencies)
   |     +- run exe generate-parser (parser.zig) (+1 more reused dependencies)
   |     +- run exe generate-parser (parser.zig) (+1 more reused dependencies)
   |     +- run exe generate-parser (parser.zig) (+1 more reused dependencies)
   |     +- run exe generate-parser (parser.zig) (+1 more reused dependencies)
   |     +- run exe generate-parser (parser.zig) (+1 more reused dependencies)
   |     +- run exe generate-parser (parser.zig) (+1 more reused dependencies)
   |     +- run exe generate-parser (parser.zig) (+1 more reused dependencies)
   |     +- run exe generate-parser (parser.zig) (+1 more reused dependencies)
   |     +- run exe generate-parser (parser.zig) (+1 more reused dependencies)
   |     +- run exe generate-parser (parser.zig) (+1 more reused dependencies)
   |     +- run exe generate-lexer (lexer.zig) (+1 more reused dependencies)
   |     +- run exe generate-parser (parser.zig) (+1 more reused dependencies)
   |     +- run exe generate-parser (parser.zig) (+1 more reused dependencies)
   |     +- run exe generate-parser (parser.zig) (+1 more reused dependencies)
   |     +- run exe generate-parser (parser.zig) (+1 more reused dependencies)
   |     +- run exe generate-parser (parser.zig) (+1 more reused dependencies)
   |     +- run exe generate-parser (parser.zig) (+1 more reused dependencies)
   |     +- run exe generate-parser (parser.zig) (+1 more reused dependencies)
   |     +- run exe generate-parser (parser.zig) (+1 more reused dependencies)
   |     +- run exe generate-parser (parser.zig) (+1 more reused dependencies)
   |     +- run exe generate-parser (parser.zig) (+1 more reused dependencies)
   |     +- run exe generate-parser (parser.zig) (+1 more reused dependencies)
   |     +- run exe generate-parser (parser.zig) (+1 more reused dependencies)
   |     +- run exe generate-parser (parser.zig) (+1 more reused dependencies)
   |     +- run exe generate-parser (parser.zig) (+1 more reused dependencies)
   +- run test 2 pass (2 total) 293ms MaxRSS:1M
      +- compile test fast native success 10s MaxRSS:439M
         +- run exe zxc (type_parser_rx.zig) (+1 more reused dependencies)
         +- WriteFile interfaces/0.d.zx (+1 more reused dependencies)
         +- options (reused)
         +- run exe generate-parser (parser.zig) (+1 more reused dependencies)
         +- run exe generate-parser (parser.zig) (+1 more reused dependencies)
         +- run exe generate-parser (parser.zig) (+1 more reused dependencies)
         +- run exe generate-parser (parser.zig) (+1 more reused dependencies)
         +- run exe generate-parser (parser.zig) (+1 more reused dependencies)
         +- run exe generate-parser (parser.zig) (+1 more reused dependencies)
         +- run exe generate-parser (parser.zig) (+1 more reused dependencies)
         +- run exe generate-parser (parser.zig) (+1 more reused dependencies)
         +- run exe generate-parser (parser.zig) (+1 more reused dependencies)
         +- run exe generate-parser (parser.zig) (+1 more reused dependencies)
         +- run exe generate-parser (parser.zig) (+1 more reused dependencies)
         +- run exe generate-parser (parser.zig) (+1 more reused dependencies)
         +- run exe generate-parser (parser.zig) (+1 more reused dependencies)
         +- run exe generate-parser (parser.zig) (+1 more reused dependencies)
         +- run exe generate-parser (parser.zig) (+1 more reused dependencies)
         +- run exe generate-parser (parser.zig) (+1 more reused dependencies)
         +- run exe generate-parser (parser.zig) (+1 more reused dependencies)
         +- run exe generate-parser (parser.zig) (+1 more reused dependencies)
         +- run exe generate-parser (parser.zig) (+1 more reused dependencies)
         +- run exe generate-lexer (lexer.zig) (+1 more reused dependencies)
         +- run exe generate-parser (parser.zig) (+1 more reused dependencies)
         +- run exe generate-parser (parser.zig) (+1 more reused dependencies)
         +- run exe generate-parser (parser.zig) (+1 more reused dependencies)
         +- run exe generate-parser (parser.zig) (+1 more reused dependencies)
         +- run exe generate-parser (parser.zig) (+1 more reused dependencies)
         +- run exe generate-parser (parser.zig) (+1 more reused dependencies)
         +- run exe generate-parser (parser.zig) (+1 more reused dependencies)
         +- run exe generate-parser (parser.zig) (+1 more reused dependencies)
         +- run exe generate-parser (parser.zig) (+1 more reused dependencies)
         +- run exe generate-parser (parser.zig) (+1 more reused dependencies)
         +- run exe generate-parser (parser.zig) (+1 more reused dependencies)
         +- run exe generate-parser (parser.zig) (+1 more reused dependencies)
         +- run exe generate-parser (parser.zig) (+1 more reused dependencies)
         +- run exe generate-parser (parser.zig) (+1 more reused dependencies)
