test-native-value-boundary
+- run test native-value-boundary-allocation
   +- compile test native-value-boundary-allocation debug native 1 errors
/Users/xiewendao/.local/share/zig/zig-x86_64-macos-0.17.0/lib/std/fmt.zig:130:27: error: expected . or }, found ' '
            if (b != '.') @compileError("expected . or }, found '" ++ &[1]u8{b} ++ "'");
                          ^~~~~~~~~~~~~~~~~~~~~~~~~~~~~~~~~~~~~~~~~~~~~~~~~~~~~~~~~~~~~
/Users/xiewendao/.local/share/zig/zig-x86_64-macos-0.17.0/lib/std/Io/Writer.zig:772:63: note: called at comptime here
        const placeholder = comptime std.fmt.Placeholder.parse(&placeholder_array);
                                     ~~~~~~~~~~~~~~~~~~~~~~~~~^~~~~~~~~~~~~~~~~~~~
referenced by:
    print__func_5771: /Users/xiewendao/.local/share/zig/zig-x86_64-macos-0.17.0/lib/std/mem/Allocator.zig:509:20
    allocPrint__func_1004: /Users/xiewendao/.local/share/zig/zig-x86_64-macos-0.17.0/lib/std/fmt.zig:626:21
    5 reference(s) hidden; use '-freference-trace=7' to see all references
error: 1 compilation errors
failed command: /Users/xiewendao/.local/share/zig/zig-x86_64-macos-0.17.0/zig test -Odebug --dep compiler --dep native_value_checks --dep allocation_testing -Mroot=tests/native/value_boundary/allocation_test.zig -Odebug --dep frontend --dep dsl --dep zx --dep genz --dep lint -Mcompiler=../compiler/src/root.zig -Odebug --dep zx "-Mnative_value_checks=/tmp/zxc-native-value-\345\207\206\345\244\207debug-ff894a53/o/a0b5d2bb5c69f611f369b898e7282f07/root.zig" -Odebug -Mallocation_testing=tests/support/allocation_testing.zig -Odebug --dep lexer --dep zx --dep dsl --dep lint --dep standard_interfaces --dep parser_options --dep type_views --dep merge_workspace_view --dep reference_view --dep nominal_data --dep named_view --dep xml_adapter --dep generated_type_resolution --dep generated_type_construction --dep generated_type_query --dep resolution_workspace --dep generated_parser --dep generated_expression --dep generated_xml --dep generated_specifier --dep generated_integer --dep generated_native --dep generated_type_lookup --dep generated_nominal_lookup --dep generated_origin_validation --dep generated_origin_production --dep origin_writer --dep generated_name_sort --dep generated_type_remap --dep generated_merge_preflight --dep generated_type_extract --dep generated_type_merge --dep generated_type_validation --dep merge_writer_view --dep extract_workspace_view -Mfrontend=../compiler/src/zx/frontend.zig -Odebug -Mdsl=../dsl/src/root.zig -Odebug -Mzx=../core/src/root.zig -Odebug --dep zx -Mgenz=../genz/src/root.zig -Odebug --dep naming --dep dsl --dep zx -Mlint=../lint/src/root.zig -Odebug --dep zx --dep generated -Mlexer=../compiler/src/zx/frontend/lex.zig "-Mstandard_interfaces=/tmp/zxc-native-value-\345\207\206\345\244\207debug-ff894a53/o/43c8d8049a768e4f408ad7e50428aab3/catalog.zig" "-Mparser_options=/tmp/zxc-native-value-\345\207\206\345\244\207debug-ff894a53/o/9be4782c6bcf1fb6c77178a4cbdd2528/options.zig" -Odebug --dep zx -Mtype_views=../compiler/src/zx/analysis/types/view.zig -Odebug --dep zx -Mmerge_workspace_view=../compiler/src/zx/analysis/semantic/merging/workspace.zig -Odebug --dep zx -Mreference_view=../compiler/src/zx/analysis/semantic/remapping/view.zig -Odebug --dep zx -Mnominal_data=../compiler/src/zx/modules/nominal_origins/root.zig -Odebug -Mnamed_view=../compiler/src/zx/analysis/semantic/ordering/view.zig -Odebug --dep dsl -Mxml_adapter=../compiler/src/rx/syntax_adapter/root.zig -Odebug --dep resolution --dep zxc_abi --dep integers "-Mgenerated_type_resolution=/tmp/zxc-native-value-\345\207\206\345\244\207debug-ff894a53/o/ebe063fced441566872e46aa50716679/type_resolution.zig" -Odebug --dep zxc_abi=zxc_abi0 --dep integers "-Mgenerated_type_construction=/tmp/zxc-native-value-\345\207\206\345\244\207debug-ff894a53/o/ebe063fced441566872e46aa50716679/type_construction.zig" -Odebug --dep zxc_abi=zxc_abi1 --dep integers "-Mgenerated_type_query=/tmp/zxc-native-value-\345\207\206\345\244\207debug-ff894a53/o/ebe063fced441566872e46aa50716679/type_query.zig" -Odebug --dep zx --dep type_views --dep named_view --dep generated_parser --dep generated_expression --dep generated_native -Mresolution_workspace=../compiler/src/zx/analysis/semantic/resolution/workspace.zig -Odebug "-Mgenerated_parser=/tmp/zxc-native-value-\345\207\206\345\244\207debug-ff894a53/o/ebe063fced441566872e46aa50716679/parser.zig" -Odebug "-Mgenerated_expression=/tmp/zxc-native-value-\345\207\206\345\244\207debug-ff894a53/o/ebe063fced441566872e46aa50716679/expression.zig" -Odebug "-Mgenerated_xml=/tmp/zxc-native-value-\345\207\206\345\244\207debug-ff894a53/o/ebe063fced441566872e46aa50716679/xml.zig" -Odebug "-Mgenerated_specifier=/tmp/zxc-native-value-\345\207\206\345\244\207debug-ff894a53/o/ebe063fced441566872e46aa50716679/specifier.zig" -Odebug "-Mgenerated_integer=/tmp/zxc-native-value-\345\207\206\345\244\207debug-ff894a53/o/ebe063fced441566872e46aa50716679/integer.zig" -Odebug "-Mgenerated_native=/tmp/zxc-native-value-\345\207\206\345\244\207debug-ff894a53/o/ebe063fced441566872e46aa50716679/native.zig" -Odebug --dep integers --dep zxc_abi=zxc_abi2 "-Mgenerated_type_lookup=/tmp/zxc-native-value-\345\207\206\345\244\207debug-ff894a53/o/ebe063fced441566872e46aa50716679/type_lookup.zig" -Odebug --dep integers --dep zxc_abi=zxc_abi3 "-Mgenerated_nominal_lookup=/tmp/zxc-native-value-\345\207\206\345\244\207debug-ff894a53/o/ebe063fced441566872e46aa50716679/nominal_lookup.zig" -Odebug --dep integers --dep zxc_abi=zxc_abi4 "-Mgenerated_origin_validation=/tmp/zxc-native-value-\345\207\206\345\244\207debug-ff894a53/o/ebe063fced441566872e46aa50716679/origin_validation.zig" -Odebug --dep origin_writer --dep zxc_abi=zxc_abi5 "-Mgenerated_origin_production=/tmp/zxc-native-value-\345\207\206\345\244\207debug-ff894a53/o/ebe063fced441566872e46aa50716679/origin_production.zig" -Odebug --dep nominal_data --dep zxc_abi=zxc_abi5 -Morigin_writer=../compiler/src/zx/analysis/semantic/native/origin_writer.zig -Odebug --dep zxc_abi=zxc_abi6 --dep named_columns "-Mgenerated_name_sort=/tmp/zxc-native-value-\345\207\206\345\244\207debug-ff894a53/o/ebe063fced441566872e46aa50716679/name_sort.zig" -Odebug --dep references --dep integers --dep zxc_abi=zxc_abi7 "-Mgenerated_type_remap=/tmp/zxc-native-value-\345\207\206\345\244\207debug-ff894a53/o/ebe063fced441566872e46aa50716679/type_remap.zig" -Odebug --dep merge_workspace --dep integers --dep zxc_abi=zxc_abi8 "-Mgenerated_merge_preflight=/tmp/zxc-native-value-\345\207\206\345\244\207debug-ff894a53/o/ebe063fced441566872e46aa50716679/merge_preflight.zig" -Odebug --dep extract_workspace --dep references --dep integers --dep zxc_abi=zxc_abi9 "-Mgenerated_type_extract=/tmp/zxc-native-value-\345\207\206\345\244\207debug-ff894a53/o/ebe063fced441566872e46aa50716679/type_extract.zig" -Odebug --dep merge_writer --dep references --dep integers --dep zxc_abi=zxc_abi10 "-Mgenerated_type_merge=/tmp/zxc-native-value-\345\207\206\345\244\207debug-ff894a53/o/ebe063fced441566872e46aa50716679/type_merge.zig" -Odebug --dep integers --dep zxc_abi=zxc_abi11 "-Mgenerated_type_validation=/tmp/zxc-native-value-\345\207\206\345\244\207debug-ff894a53/o/ebe063fced441566872e46aa50716679/type_validation.zig" -Odebug --dep zx --dep reference_view --dep nominal_data -Mmerge_writer_view=../compiler/src/zx/analysis/semantic/merging/writer.zig -Odebug --dep zx --dep reference_view --dep nominal_data -Mextract_workspace_view=../compiler/src/zx/analysis/semantic/extracting/workspace.zig -Odebug --dep generated=generated0 -Mnaming=../lint/src/naming/root.zig -Odebug "-Mgenerated=/tmp/zxc-native-value-\345\207\206\345\244\207debug-ff894a53/o/c27b5f0e68196f205df6953eaa164af7/lexer.zig" -Odebug --dep resolution_workspace --dep zxc_abi --dep generated_name_sort -Mresolution=../compiler/src/zx/analysis/semantic/native/resolution.zig -Odebug "-Mzxc_abi=/tmp/zxc-native-value-\345\207\206\345\244\207debug-ff894a53/o/ebe063fced441566872e46aa50716679/resolution_abi.zig" -Odebug -Mintegers=../compiler/src/zx/analysis/semantic/native/integers.zig -Odebug "-Mzxc_abi0=/tmp/zxc-native-value-\345\207\206\345\244\207debug-ff894a53/o/ebe063fced441566872e46aa50716679/construction_abi.zig" -Odebug "-Mzxc_abi1=/tmp/zxc-native-value-\345\207\206\345\244\207debug-ff894a53/o/ebe063fced441566872e46aa50716679/query_abi.zig" -Odebug "-Mzxc_abi2=/tmp/zxc-native-value-\345\207\206\345\244\207debug-ff894a53/o/ebe063fced441566872e46aa50716679/semantic_abi.zig" -Odebug "-Mzxc_abi3=/tmp/zxc-native-value-\345\207\206\345\244\207debug-ff894a53/o/ebe063fced441566872e46aa50716679/nominal_abi.zig" -Odebug "-Mzxc_abi4=/tmp/zxc-native-value-\345\207\206\345\244\207debug-ff894a53/o/ebe063fced441566872e46aa50716679/origins_abi.zig" -Odebug "-Mzxc_abi5=/tmp/zxc-native-value-\345\207\206\345\244\207debug-ff894a53/o/ebe063fced441566872e46aa50716679/production_abi.zig" -Odebug "-Mzxc_abi6=/tmp/zxc-native-value-\345\207\206\345\244\207debug-ff894a53/o/ebe063fced441566872e46aa50716679/ordering_abi.zig" -Odebug --dep zxc_abi=zxc_abi6 --dep named_view -Mnamed_columns=../compiler/src/zx/analysis/semantic/ordering/columns.zig -Odebug --dep reference_view -Mreferences=../compiler/src/zx/analysis/semantic/native/references.zig -Odebug "-Mzxc_abi7=/tmp/zxc-native-value-\345\207\206\345\244\207debug-ff894a53/o/ebe063fced441566872e46aa50716679/remap_abi.zig" -Odebug --dep merge_workspace_view --dep zx --dep zxc_abi=zxc_abi8 -Mmerge_workspace=../compiler/src/zx/analysis/semantic/native/merge_workspace.zig -Odebug "-Mzxc_abi8=/tmp/zxc-native-value-\345\207\206\345\244\207debug-ff894a53/o/ebe063fced441566872e46aa50716679/preflight_abi.zig" -Odebug --dep extract_workspace_view --dep reference_view --dep nominal_data --dep zx --dep zxc_abi=zxc_abi9 -Mextract_workspace=../compiler/src/zx/analysis/semantic/native/extract_workspace.zig -Odebug "-Mzxc_abi9=/tmp/zxc-native-value-\345\207\206\345\244\207debug-ff894a53/o/ebe063fced441566872e46aa50716679/extract_abi.zig" -Odebug --dep merge_writer_view --dep reference_view --dep nominal_data --dep zxc_abi=zxc_abi10 -Mmerge_writer=../compiler/src/zx/analysis/semantic/native/merge_writer.zig -Odebug "-Mzxc_abi10=/tmp/zxc-native-value-\345\207\206\345\244\207debug-ff894a53/o/ebe063fced441566872e46aa50716679/merge_abi.zig" -Odebug "-Mzxc_abi11=/tmp/zxc-native-value-\345\207\206\345\244\207debug-ff894a53/o/ebe063fced441566872e46aa50716679/validation_abi.zig" -Odebug "-Mgenerated0=/tmp/zxc-native-value-\345\207\206\345\244\207debug-ff894a53/o/ebe063fced441566872e46aa50716679/naming.zig" --cache-dir "/tmp/zxc-native-value-\345\207\206\345\244\207debug-ff894a53" --global-cache-dir /Users/xiewendao/.cache/zig --build-root . --name native-value-boundary-allocation --zig-lib-dir /Users/xiewendao/.local/share/zig/zig-x86_64-macos-0.17.0/lib/ --listen=-

test-native-value-boundary
+- run test native-value-boundary-borrowing
   +- compile test native-value-boundary-borrowing debug native 1 errors
/Users/xiewendao/.local/share/zig/zig-x86_64-macos-0.17.0/lib/std/fmt.zig:130:27: error: expected . or }, found ' '
            if (b != '.') @compileError("expected . or }, found '" ++ &[1]u8{b} ++ "'");
                          ^~~~~~~~~~~~~~~~~~~~~~~~~~~~~~~~~~~~~~~~~~~~~~~~~~~~~~~~~~~~~
/Users/xiewendao/.local/share/zig/zig-x86_64-macos-0.17.0/lib/std/Io/Writer.zig:772:63: note: called at comptime here
        const placeholder = comptime std.fmt.Placeholder.parse(&placeholder_array);
                                     ~~~~~~~~~~~~~~~~~~~~~~~~~^~~~~~~~~~~~~~~~~~~~
referenced by:
    print__func_1022: /Users/xiewendao/.local/share/zig/zig-x86_64-macos-0.17.0/lib/std/mem/Allocator.zig:509:20
    allocPrint__func_1003: /Users/xiewendao/.local/share/zig/zig-x86_64-macos-0.17.0/lib/std/fmt.zig:626:21
    3 reference(s) hidden; use '-freference-trace=5' to see all references
error: 1 compilation errors
failed command: /Users/xiewendao/.local/share/zig/zig-x86_64-macos-0.17.0/zig test -Odebug --dep compiler --dep native_value_checks --dep allocation_testing -Mroot=tests/native/value_boundary/borrowing_test.zig -Odebug --dep frontend --dep dsl --dep zx --dep genz --dep lint -Mcompiler=../compiler/src/root.zig -Odebug --dep zx "-Mnative_value_checks=/tmp/zxc-native-value-\345\207\206\345\244\207debug-ff894a53/o/a0b5d2bb5c69f611f369b898e7282f07/root.zig" -Odebug -Mallocation_testing=tests/support/allocation_testing.zig -Odebug --dep lexer --dep zx --dep dsl --dep lint --dep standard_interfaces --dep parser_options --dep type_views --dep merge_workspace_view --dep reference_view --dep nominal_data --dep named_view --dep xml_adapter --dep generated_type_resolution --dep generated_type_construction --dep generated_type_query --dep resolution_workspace --dep generated_parser --dep generated_expression --dep generated_xml --dep generated_specifier --dep generated_integer --dep generated_native --dep generated_type_lookup --dep generated_nominal_lookup --dep generated_origin_validation --dep generated_origin_production --dep origin_writer --dep generated_name_sort --dep generated_type_remap --dep generated_merge_preflight --dep generated_type_extract --dep generated_type_merge --dep generated_type_validation --dep merge_writer_view --dep extract_workspace_view -Mfrontend=../compiler/src/zx/frontend.zig -Odebug -Mdsl=../dsl/src/root.zig -Odebug -Mzx=../core/src/root.zig -Odebug --dep zx -Mgenz=../genz/src/root.zig -Odebug --dep naming --dep dsl --dep zx -Mlint=../lint/src/root.zig -Odebug --dep zx --dep generated -Mlexer=../compiler/src/zx/frontend/lex.zig "-Mstandard_interfaces=/tmp/zxc-native-value-\345\207\206\345\244\207debug-ff894a53/o/43c8d8049a768e4f408ad7e50428aab3/catalog.zig" "-Mparser_options=/tmp/zxc-native-value-\345\207\206\345\244\207debug-ff894a53/o/9be4782c6bcf1fb6c77178a4cbdd2528/options.zig" -Odebug --dep zx -Mtype_views=../compiler/src/zx/analysis/types/view.zig -Odebug --dep zx -Mmerge_workspace_view=../compiler/src/zx/analysis/semantic/merging/workspace.zig -Odebug --dep zx -Mreference_view=../compiler/src/zx/analysis/semantic/remapping/view.zig -Odebug --dep zx -Mnominal_data=../compiler/src/zx/modules/nominal_origins/root.zig -Odebug -Mnamed_view=../compiler/src/zx/analysis/semantic/ordering/view.zig -Odebug --dep dsl -Mxml_adapter=../compiler/src/rx/syntax_adapter/root.zig -Odebug --dep resolution --dep zxc_abi --dep integers "-Mgenerated_type_resolution=/tmp/zxc-native-value-\345\207\206\345\244\207debug-ff894a53/o/ebe063fced441566872e46aa50716679/type_resolution.zig" -Odebug --dep zxc_abi=zxc_abi0 --dep integers "-Mgenerated_type_construction=/tmp/zxc-native-value-\345\207\206\345\244\207debug-ff894a53/o/ebe063fced441566872e46aa50716679/type_construction.zig" -Odebug --dep zxc_abi=zxc_abi1 --dep integers "-Mgenerated_type_query=/tmp/zxc-native-value-\345\207\206\345\244\207debug-ff894a53/o/ebe063fced441566872e46aa50716679/type_query.zig" -Odebug --dep zx --dep type_views --dep named_view --dep generated_parser --dep generated_expression --dep generated_native -Mresolution_workspace=../compiler/src/zx/analysis/semantic/resolution/workspace.zig -Odebug "-Mgenerated_parser=/tmp/zxc-native-value-\345\207\206\345\244\207debug-ff894a53/o/ebe063fced441566872e46aa50716679/parser.zig" -Odebug "-Mgenerated_expression=/tmp/zxc-native-value-\345\207\206\345\244\207debug-ff894a53/o/ebe063fced441566872e46aa50716679/expression.zig" -Odebug "-Mgenerated_xml=/tmp/zxc-native-value-\345\207\206\345\244\207debug-ff894a53/o/ebe063fced441566872e46aa50716679/xml.zig" -Odebug "-Mgenerated_specifier=/tmp/zxc-native-value-\345\207\206\345\244\207debug-ff894a53/o/ebe063fced441566872e46aa50716679/specifier.zig" -Odebug "-Mgenerated_integer=/tmp/zxc-native-value-\345\207\206\345\244\207debug-ff894a53/o/ebe063fced441566872e46aa50716679/integer.zig" -Odebug "-Mgenerated_native=/tmp/zxc-native-value-\345\207\206\345\244\207debug-ff894a53/o/ebe063fced441566872e46aa50716679/native.zig" -Odebug --dep integers --dep zxc_abi=zxc_abi2 "-Mgenerated_type_lookup=/tmp/zxc-native-value-\345\207\206\345\244\207debug-ff894a53/o/ebe063fced441566872e46aa50716679/type_lookup.zig" -Odebug --dep integers --dep zxc_abi=zxc_abi3 "-Mgenerated_nominal_lookup=/tmp/zxc-native-value-\345\207\206\345\244\207debug-ff894a53/o/ebe063fced441566872e46aa50716679/nominal_lookup.zig" -Odebug --dep integers --dep zxc_abi=zxc_abi4 "-Mgenerated_origin_validation=/tmp/zxc-native-value-\345\207\206\345\244\207debug-ff894a53/o/ebe063fced441566872e46aa50716679/origin_validation.zig" -Odebug --dep origin_writer --dep zxc_abi=zxc_abi5 "-Mgenerated_origin_production=/tmp/zxc-native-value-\345\207\206\345\244\207debug-ff894a53/o/ebe063fced441566872e46aa50716679/origin_production.zig" -Odebug --dep nominal_data --dep zxc_abi=zxc_abi5 -Morigin_writer=../compiler/src/zx/analysis/semantic/native/origin_writer.zig -Odebug --dep zxc_abi=zxc_abi6 --dep named_columns "-Mgenerated_name_sort=/tmp/zxc-native-value-\345\207\206\345\244\207debug-ff894a53/o/ebe063fced441566872e46aa50716679/name_sort.zig" -Odebug --dep references --dep integers --dep zxc_abi=zxc_abi7 "-Mgenerated_type_remap=/tmp/zxc-native-value-\345\207\206\345\244\207debug-ff894a53/o/ebe063fced441566872e46aa50716679/type_remap.zig" -Odebug --dep merge_workspace --dep integers --dep zxc_abi=zxc_abi8 "-Mgenerated_merge_preflight=/tmp/zxc-native-value-\345\207\206\345\244\207debug-ff894a53/o/ebe063fced441566872e46aa50716679/merge_preflight.zig" -Odebug --dep extract_workspace --dep references --dep integers --dep zxc_abi=zxc_abi9 "-Mgenerated_type_extract=/tmp/zxc-native-value-\345\207\206\345\244\207debug-ff894a53/o/ebe063fced441566872e46aa50716679/type_extract.zig" -Odebug --dep merge_writer --dep references --dep integers --dep zxc_abi=zxc_abi10 "-Mgenerated_type_merge=/tmp/zxc-native-value-\345\207\206\345\244\207debug-ff894a53/o/ebe063fced441566872e46aa50716679/type_merge.zig" -Odebug --dep integers --dep zxc_abi=zxc_abi11 "-Mgenerated_type_validation=/tmp/zxc-native-value-\345\207\206\345\244\207debug-ff894a53/o/ebe063fced441566872e46aa50716679/type_validation.zig" -Odebug --dep zx --dep reference_view --dep nominal_data -Mmerge_writer_view=../compiler/src/zx/analysis/semantic/merging/writer.zig -Odebug --dep zx --dep reference_view --dep nominal_data -Mextract_workspace_view=../compiler/src/zx/analysis/semantic/extracting/workspace.zig -Odebug --dep generated=generated0 -Mnaming=../lint/src/naming/root.zig -Odebug "-Mgenerated=/tmp/zxc-native-value-\345\207\206\345\244\207debug-ff894a53/o/c27b5f0e68196f205df6953eaa164af7/lexer.zig" -Odebug --dep resolution_workspace --dep zxc_abi --dep generated_name_sort -Mresolution=../compiler/src/zx/analysis/semantic/native/resolution.zig -Odebug "-Mzxc_abi=/tmp/zxc-native-value-\345\207\206\345\244\207debug-ff894a53/o/ebe063fced441566872e46aa50716679/resolution_abi.zig" -Odebug -Mintegers=../compiler/src/zx/analysis/semantic/native/integers.zig -Odebug "-Mzxc_abi0=/tmp/zxc-native-value-\345\207\206\345\244\207debug-ff894a53/o/ebe063fced441566872e46aa50716679/construction_abi.zig" -Odebug "-Mzxc_abi1=/tmp/zxc-native-value-\345\207\206\345\244\207debug-ff894a53/o/ebe063fced441566872e46aa50716679/query_abi.zig" -Odebug "-Mzxc_abi2=/tmp/zxc-native-value-\345\207\206\345\244\207debug-ff894a53/o/ebe063fced441566872e46aa50716679/semantic_abi.zig" -Odebug "-Mzxc_abi3=/tmp/zxc-native-value-\345\207\206\345\244\207debug-ff894a53/o/ebe063fced441566872e46aa50716679/nominal_abi.zig" -Odebug "-Mzxc_abi4=/tmp/zxc-native-value-\345\207\206\345\244\207debug-ff894a53/o/ebe063fced441566872e46aa50716679/origins_abi.zig" -Odebug "-Mzxc_abi5=/tmp/zxc-native-value-\345\207\206\345\244\207debug-ff894a53/o/ebe063fced441566872e46aa50716679/production_abi.zig" -Odebug "-Mzxc_abi6=/tmp/zxc-native-value-\345\207\206\345\244\207debug-ff894a53/o/ebe063fced441566872e46aa50716679/ordering_abi.zig" -Odebug --dep zxc_abi=zxc_abi6 --dep named_view -Mnamed_columns=../compiler/src/zx/analysis/semantic/ordering/columns.zig -Odebug --dep reference_view -Mreferences=../compiler/src/zx/analysis/semantic/native/references.zig -Odebug "-Mzxc_abi7=/tmp/zxc-native-value-\345\207\206\345\244\207debug-ff894a53/o/ebe063fced441566872e46aa50716679/remap_abi.zig" -Odebug --dep merge_workspace_view --dep zx --dep zxc_abi=zxc_abi8 -Mmerge_workspace=../compiler/src/zx/analysis/semantic/native/merge_workspace.zig -Odebug "-Mzxc_abi8=/tmp/zxc-native-value-\345\207\206\345\244\207debug-ff894a53/o/ebe063fced441566872e46aa50716679/preflight_abi.zig" -Odebug --dep extract_workspace_view --dep reference_view --dep nominal_data --dep zx --dep zxc_abi=zxc_abi9 -Mextract_workspace=../compiler/src/zx/analysis/semantic/native/extract_workspace.zig -Odebug "-Mzxc_abi9=/tmp/zxc-native-value-\345\207\206\345\244\207debug-ff894a53/o/ebe063fced441566872e46aa50716679/extract_abi.zig" -Odebug --dep merge_writer_view --dep reference_view --dep nominal_data --dep zxc_abi=zxc_abi10 -Mmerge_writer=../compiler/src/zx/analysis/semantic/native/merge_writer.zig -Odebug "-Mzxc_abi10=/tmp/zxc-native-value-\345\207\206\345\244\207debug-ff894a53/o/ebe063fced441566872e46aa50716679/merge_abi.zig" -Odebug "-Mzxc_abi11=/tmp/zxc-native-value-\345\207\206\345\244\207debug-ff894a53/o/ebe063fced441566872e46aa50716679/validation_abi.zig" -Odebug "-Mgenerated0=/tmp/zxc-native-value-\345\207\206\345\244\207debug-ff894a53/o/ebe063fced441566872e46aa50716679/naming.zig" --cache-dir "/tmp/zxc-native-value-\345\207\206\345\244\207debug-ff894a53" --global-cache-dir /Users/xiewendao/.cache/zig --build-root . --name native-value-boundary-borrowing --zig-lib-dir /Users/xiewendao/.local/share/zig/zig-x86_64-macos-0.17.0/lib/ --listen=-

test-native-value-boundary
+- run test native-value-boundary-guards
   +- compile test native-value-boundary-guards debug native 1 errors
/Users/xiewendao/.local/share/zig/zig-x86_64-macos-0.17.0/lib/std/fmt.zig:130:27: error: expected . or }, found ' '
            if (b != '.') @compileError("expected . or }, found '" ++ &[1]u8{b} ++ "'");
                          ^~~~~~~~~~~~~~~~~~~~~~~~~~~~~~~~~~~~~~~~~~~~~~~~~~~~~~~~~~~~~
/Users/xiewendao/.local/share/zig/zig-x86_64-macos-0.17.0/lib/std/Io/Writer.zig:772:63: note: called at comptime here
        const placeholder = comptime std.fmt.Placeholder.parse(&placeholder_array);
                                     ~~~~~~~~~~~~~~~~~~~~~~~~~^~~~~~~~~~~~~~~~~~~~
referenced by:
    print__func_1022: /Users/xiewendao/.local/share/zig/zig-x86_64-macos-0.17.0/lib/std/mem/Allocator.zig:509:20
    allocPrint__func_1003: /Users/xiewendao/.local/share/zig/zig-x86_64-macos-0.17.0/lib/std/fmt.zig:626:21
    3 reference(s) hidden; use '-freference-trace=5' to see all references
error: 1 compilation errors
failed command: /Users/xiewendao/.local/share/zig/zig-x86_64-macos-0.17.0/zig test -Odebug --dep compiler --dep native_value_checks --dep allocation_testing -Mroot=tests/native/value_boundary/guards_test.zig -Odebug --dep frontend --dep dsl --dep zx --dep genz --dep lint -Mcompiler=../compiler/src/root.zig -Odebug --dep zx "-Mnative_value_checks=/tmp/zxc-native-value-\345\207\206\345\244\207debug-ff894a53/o/a0b5d2bb5c69f611f369b898e7282f07/root.zig" -Odebug -Mallocation_testing=tests/support/allocation_testing.zig -Odebug --dep lexer --dep zx --dep dsl --dep lint --dep standard_interfaces --dep parser_options --dep type_views --dep merge_workspace_view --dep reference_view --dep nominal_data --dep named_view --dep xml_adapter --dep generated_type_resolution --dep generated_type_construction --dep generated_type_query --dep resolution_workspace --dep generated_parser --dep generated_expression --dep generated_xml --dep generated_specifier --dep generated_integer --dep generated_native --dep generated_type_lookup --dep generated_nominal_lookup --dep generated_origin_validation --dep generated_origin_production --dep origin_writer --dep generated_name_sort --dep generated_type_remap --dep generated_merge_preflight --dep generated_type_extract --dep generated_type_merge --dep generated_type_validation --dep merge_writer_view --dep extract_workspace_view -Mfrontend=../compiler/src/zx/frontend.zig -Odebug -Mdsl=../dsl/src/root.zig -Odebug -Mzx=../core/src/root.zig -Odebug --dep zx -Mgenz=../genz/src/root.zig -Odebug --dep naming --dep dsl --dep zx -Mlint=../lint/src/root.zig -Odebug --dep zx --dep generated -Mlexer=../compiler/src/zx/frontend/lex.zig "-Mstandard_interfaces=/tmp/zxc-native-value-\345\207\206\345\244\207debug-ff894a53/o/43c8d8049a768e4f408ad7e50428aab3/catalog.zig" "-Mparser_options=/tmp/zxc-native-value-\345\207\206\345\244\207debug-ff894a53/o/9be4782c6bcf1fb6c77178a4cbdd2528/options.zig" -Odebug --dep zx -Mtype_views=../compiler/src/zx/analysis/types/view.zig -Odebug --dep zx -Mmerge_workspace_view=../compiler/src/zx/analysis/semantic/merging/workspace.zig -Odebug --dep zx -Mreference_view=../compiler/src/zx/analysis/semantic/remapping/view.zig -Odebug --dep zx -Mnominal_data=../compiler/src/zx/modules/nominal_origins/root.zig -Odebug -Mnamed_view=../compiler/src/zx/analysis/semantic/ordering/view.zig -Odebug --dep dsl -Mxml_adapter=../compiler/src/rx/syntax_adapter/root.zig -Odebug --dep resolution --dep zxc_abi --dep integers "-Mgenerated_type_resolution=/tmp/zxc-native-value-\345\207\206\345\244\207debug-ff894a53/o/ebe063fced441566872e46aa50716679/type_resolution.zig" -Odebug --dep zxc_abi=zxc_abi0 --dep integers "-Mgenerated_type_construction=/tmp/zxc-native-value-\345\207\206\345\244\207debug-ff894a53/o/ebe063fced441566872e46aa50716679/type_construction.zig" -Odebug --dep zxc_abi=zxc_abi1 --dep integers "-Mgenerated_type_query=/tmp/zxc-native-value-\345\207\206\345\244\207debug-ff894a53/o/ebe063fced441566872e46aa50716679/type_query.zig" -Odebug --dep zx --dep type_views --dep named_view --dep generated_parser --dep generated_expression --dep generated_native -Mresolution_workspace=../compiler/src/zx/analysis/semantic/resolution/workspace.zig -Odebug "-Mgenerated_parser=/tmp/zxc-native-value-\345\207\206\345\244\207debug-ff894a53/o/ebe063fced441566872e46aa50716679/parser.zig" -Odebug "-Mgenerated_expression=/tmp/zxc-native-value-\345\207\206\345\244\207debug-ff894a53/o/ebe063fced441566872e46aa50716679/expression.zig" -Odebug "-Mgenerated_xml=/tmp/zxc-native-value-\345\207\206\345\244\207debug-ff894a53/o/ebe063fced441566872e46aa50716679/xml.zig" -Odebug "-Mgenerated_specifier=/tmp/zxc-native-value-\345\207\206\345\244\207debug-ff894a53/o/ebe063fced441566872e46aa50716679/specifier.zig" -Odebug "-Mgenerated_integer=/tmp/zxc-native-value-\345\207\206\345\244\207debug-ff894a53/o/ebe063fced441566872e46aa50716679/integer.zig" -Odebug "-Mgenerated_native=/tmp/zxc-native-value-\345\207\206\345\244\207debug-ff894a53/o/ebe063fced441566872e46aa50716679/native.zig" -Odebug --dep integers --dep zxc_abi=zxc_abi2 "-Mgenerated_type_lookup=/tmp/zxc-native-value-\345\207\206\345\244\207debug-ff894a53/o/ebe063fced441566872e46aa50716679/type_lookup.zig" -Odebug --dep integers --dep zxc_abi=zxc_abi3 "-Mgenerated_nominal_lookup=/tmp/zxc-native-value-\345\207\206\345\244\207debug-ff894a53/o/ebe063fced441566872e46aa50716679/nominal_lookup.zig" -Odebug --dep integers --dep zxc_abi=zxc_abi4 "-Mgenerated_origin_validation=/tmp/zxc-native-value-\345\207\206\345\244\207debug-ff894a53/o/ebe063fced441566872e46aa50716679/origin_validation.zig" -Odebug --dep origin_writer --dep zxc_abi=zxc_abi5 "-Mgenerated_origin_production=/tmp/zxc-native-value-\345\207\206\345\244\207debug-ff894a53/o/ebe063fced441566872e46aa50716679/origin_production.zig" -Odebug --dep nominal_data --dep zxc_abi=zxc_abi5 -Morigin_writer=../compiler/src/zx/analysis/semantic/native/origin_writer.zig -Odebug --dep zxc_abi=zxc_abi6 --dep named_columns "-Mgenerated_name_sort=/tmp/zxc-native-value-\345\207\206\345\244\207debug-ff894a53/o/ebe063fced441566872e46aa50716679/name_sort.zig" -Odebug --dep references --dep integers --dep zxc_abi=zxc_abi7 "-Mgenerated_type_remap=/tmp/zxc-native-value-\345\207\206\345\244\207debug-ff894a53/o/ebe063fced441566872e46aa50716679/type_remap.zig" -Odebug --dep merge_workspace --dep integers --dep zxc_abi=zxc_abi8 "-Mgenerated_merge_preflight=/tmp/zxc-native-value-\345\207\206\345\244\207debug-ff894a53/o/ebe063fced441566872e46aa50716679/merge_preflight.zig" -Odebug --dep extract_workspace --dep references --dep integers --dep zxc_abi=zxc_abi9 "-Mgenerated_type_extract=/tmp/zxc-native-value-\345\207\206\345\244\207debug-ff894a53/o/ebe063fced441566872e46aa50716679/type_extract.zig" -Odebug --dep merge_writer --dep references --dep integers --dep zxc_abi=zxc_abi10 "-Mgenerated_type_merge=/tmp/zxc-native-value-\345\207\206\345\244\207debug-ff894a53/o/ebe063fced441566872e46aa50716679/type_merge.zig" -Odebug --dep integers --dep zxc_abi=zxc_abi11 "-Mgenerated_type_validation=/tmp/zxc-native-value-\345\207\206\345\244\207debug-ff894a53/o/ebe063fced441566872e46aa50716679/type_validation.zig" -Odebug --dep zx --dep reference_view --dep nominal_data -Mmerge_writer_view=../compiler/src/zx/analysis/semantic/merging/writer.zig -Odebug --dep zx --dep reference_view --dep nominal_data -Mextract_workspace_view=../compiler/src/zx/analysis/semantic/extracting/workspace.zig -Odebug --dep generated=generated0 -Mnaming=../lint/src/naming/root.zig -Odebug "-Mgenerated=/tmp/zxc-native-value-\345\207\206\345\244\207debug-ff894a53/o/c27b5f0e68196f205df6953eaa164af7/lexer.zig" -Odebug --dep resolution_workspace --dep zxc_abi --dep generated_name_sort -Mresolution=../compiler/src/zx/analysis/semantic/native/resolution.zig -Odebug "-Mzxc_abi=/tmp/zxc-native-value-\345\207\206\345\244\207debug-ff894a53/o/ebe063fced441566872e46aa50716679/resolution_abi.zig" -Odebug -Mintegers=../compiler/src/zx/analysis/semantic/native/integers.zig -Odebug "-Mzxc_abi0=/tmp/zxc-native-value-\345\207\206\345\244\207debug-ff894a53/o/ebe063fced441566872e46aa50716679/construction_abi.zig" -Odebug "-Mzxc_abi1=/tmp/zxc-native-value-\345\207\206\345\244\207debug-ff894a53/o/ebe063fced441566872e46aa50716679/query_abi.zig" -Odebug "-Mzxc_abi2=/tmp/zxc-native-value-\345\207\206\345\244\207debug-ff894a53/o/ebe063fced441566872e46aa50716679/semantic_abi.zig" -Odebug "-Mzxc_abi3=/tmp/zxc-native-value-\345\207\206\345\244\207debug-ff894a53/o/ebe063fced441566872e46aa50716679/nominal_abi.zig" -Odebug "-Mzxc_abi4=/tmp/zxc-native-value-\345\207\206\345\244\207debug-ff894a53/o/ebe063fced441566872e46aa50716679/origins_abi.zig" -Odebug "-Mzxc_abi5=/tmp/zxc-native-value-\345\207\206\345\244\207debug-ff894a53/o/ebe063fced441566872e46aa50716679/production_abi.zig" -Odebug "-Mzxc_abi6=/tmp/zxc-native-value-\345\207\206\345\244\207debug-ff894a53/o/ebe063fced441566872e46aa50716679/ordering_abi.zig" -Odebug --dep zxc_abi=zxc_abi6 --dep named_view -Mnamed_columns=../compiler/src/zx/analysis/semantic/ordering/columns.zig -Odebug --dep reference_view -Mreferences=../compiler/src/zx/analysis/semantic/native/references.zig -Odebug "-Mzxc_abi7=/tmp/zxc-native-value-\345\207\206\345\244\207debug-ff894a53/o/ebe063fced441566872e46aa50716679/remap_abi.zig" -Odebug --dep merge_workspace_view --dep zx --dep zxc_abi=zxc_abi8 -Mmerge_workspace=../compiler/src/zx/analysis/semantic/native/merge_workspace.zig -Odebug "-Mzxc_abi8=/tmp/zxc-native-value-\345\207\206\345\244\207debug-ff894a53/o/ebe063fced441566872e46aa50716679/preflight_abi.zig" -Odebug --dep extract_workspace_view --dep reference_view --dep nominal_data --dep zx --dep zxc_abi=zxc_abi9 -Mextract_workspace=../compiler/src/zx/analysis/semantic/native/extract_workspace.zig -Odebug "-Mzxc_abi9=/tmp/zxc-native-value-\345\207\206\345\244\207debug-ff894a53/o/ebe063fced441566872e46aa50716679/extract_abi.zig" -Odebug --dep merge_writer_view --dep reference_view --dep nominal_data --dep zxc_abi=zxc_abi10 -Mmerge_writer=../compiler/src/zx/analysis/semantic/native/merge_writer.zig -Odebug "-Mzxc_abi10=/tmp/zxc-native-value-\345\207\206\345\244\207debug-ff894a53/o/ebe063fced441566872e46aa50716679/merge_abi.zig" -Odebug "-Mzxc_abi11=/tmp/zxc-native-value-\345\207\206\345\244\207debug-ff894a53/o/ebe063fced441566872e46aa50716679/validation_abi.zig" -Odebug "-Mgenerated0=/tmp/zxc-native-value-\345\207\206\345\244\207debug-ff894a53/o/ebe063fced441566872e46aa50716679/naming.zig" --cache-dir "/tmp/zxc-native-value-\345\207\206\345\244\207debug-ff894a53" --global-cache-dir /Users/xiewendao/.cache/zig --build-root . --name native-value-boundary-guards --zig-lib-dir /Users/xiewendao/.local/share/zig/zig-x86_64-macos-0.17.0/lib/ --listen=-

Build Summary: 21/28 steps succeeded (3 failed)
test-native-value-boundary transitive failure
+- run test native-value-boundary-borrowing transitive failure
|  +- compile test native-value-boundary-borrowing debug native 1 errors
|     +- WriteFile root.zig cached
|     +- WriteFile interfaces/0.d.zx cached
|     |  +- run exe standard-catalog (catalog.zig) cached
|     |     +- compile exe standard-catalog fast native cached 45ms MaxRSS:21M
|     |     +- WriteFile catalog.json cached
|     +- options cached
|     +- run exe generate-parser (parser.zig) cached
|     |  +- compile exe generate-parser debug native cached 45ms MaxRSS:21M
|     |     +- options cached
|     |     +- WriteFile interfaces/0.d.zx cached
|     |     |  +- run exe standard-catalog (catalog.zig) cached
|     |     |     +- compile exe standard-catalog fast native cached 49ms MaxRSS:21M
|     |     |     +- WriteFile catalog.json cached
|     |     +- options cached
|     +- run exe generate-parser (parser.zig) (+1 more reused dependencies)
|     +- run exe generate-parser (parser.zig) (+1 more reused dependencies)
|     +- run exe generate-parser (parser.zig) (+1 more reused dependencies)
|     +- run exe generate-parser (parser.zig) (+1 more reused dependencies)
|     +- run exe generate-parser (parser.zig) (+1 more reused dependencies)
|     +- run exe generate-parser (parser.zig) (+1 more reused dependencies)
|     +- run exe generate-parser (parser.zig) (+1 more reused dependencies)
|     +- run exe generate-parser (parser.zig) (+1 more reused dependencies)
|     +- run exe generate-parser (parser.zig) (+1 more reused dependencies)
|     +- run exe generate-parser (parser.zig) (+1 more reused dependencies)
|     +- run exe generate-parser (parser.zig) (+1 more reused dependencies)
|     +- run exe generate-parser (parser.zig) (+1 more reused dependencies)
|     +- run exe generate-parser (parser.zig) (+1 more reused dependencies)
|     +- run exe generate-parser (parser.zig) (+1 more reused dependencies)
|     +- run exe generate-parser (parser.zig) (+1 more reused dependencies)
|     +- run exe generate-parser (parser.zig) (+1 more reused dependencies)
|     +- run exe generate-parser (parser.zig) (+1 more reused dependencies)
|     +- run exe generate-parser (parser.zig) (+1 more reused dependencies)
|     +- run exe generate-lexer (lexer.zig) cached
|     |  +- compile exe generate-lexer debug native cached 46ms MaxRSS:21M
|     |     +- WriteFile interfaces/0.d.zx cached
|     |     |  +- run exe standard-catalog (catalog.zig) cached
|     |     |     +- compile exe standard-catalog fast native cached 45ms MaxRSS:21M
|     |     |     +- WriteFile catalog.json cached
|     |     +- options cached
|     +- run exe generate-parser (parser.zig) (+1 more reused dependencies)
|     +- run exe generate-parser (parser.zig) (+1 more reused dependencies)
|     +- run exe generate-parser (parser.zig) (+1 more reused dependencies)
|     +- run exe generate-parser (parser.zig) (+1 more reused dependencies)
|     +- run exe generate-parser (parser.zig) (+1 more reused dependencies)
|     +- run exe generate-parser (parser.zig) (+1 more reused dependencies)
|     +- run exe generate-parser (parser.zig) (+1 more reused dependencies)
|     +- run exe generate-parser (parser.zig) (+1 more reused dependencies)
|     +- run exe generate-parser (parser.zig) (+1 more reused dependencies)
|     +- run exe generate-parser (parser.zig) (+1 more reused dependencies)
|     +- run exe generate-parser (parser.zig) (+1 more reused dependencies)
|     +- run exe generate-parser (parser.zig) (+1 more reused dependencies)
|     +- run exe generate-parser (parser.zig) (+1 more reused dependencies)
|     +- run exe generate-parser (parser.zig) (+1 more reused dependencies)
+- run test native-value-boundary-guards transitive failure
|  +- compile test native-value-boundary-guards debug native 1 errors
|     +- WriteFile root.zig (reused)
|     +- WriteFile interfaces/0.d.zx (+1 more reused dependencies)
|     +- options (reused)
|     +- run exe generate-parser (parser.zig) (+1 more reused dependencies)
|     +- run exe generate-parser (parser.zig) (+1 more reused dependencies)
|     +- run exe generate-parser (parser.zig) (+1 more reused dependencies)
|     +- run exe generate-parser (parser.zig) (+1 more reused dependencies)
|     +- run exe generate-parser (parser.zig) (+1 more reused dependencies)
|     +- run exe generate-parser (parser.zig) (+1 more reused dependencies)
|     +- run exe generate-parser (parser.zig) (+1 more reused dependencies)
|     +- run exe generate-parser (parser.zig) (+1 more reused dependencies)
|     +- run exe generate-parser (parser.zig) (+1 more reused dependencies)
|     +- run exe generate-parser (parser.zig) (+1 more reused dependencies)
|     +- run exe generate-parser (parser.zig) (+1 more reused dependencies)
|     +- run exe generate-parser (parser.zig) (+1 more reused dependencies)
|     +- run exe generate-parser (parser.zig) (+1 more reused dependencies)
|     +- run exe generate-parser (parser.zig) (+1 more reused dependencies)
|     +- run exe generate-parser (parser.zig) (+1 more reused dependencies)
|     +- run exe generate-parser (parser.zig) (+1 more reused dependencies)
|     +- run exe generate-parser (parser.zig) (+1 more reused dependencies)
|     +- run exe generate-parser (parser.zig) (+1 more reused dependencies)
|     +- run exe generate-parser (parser.zig) (+1 more reused dependencies)
|     +- run exe generate-lexer (lexer.zig) (+1 more reused dependencies)
|     +- run exe generate-parser (parser.zig) (+1 more reused dependencies)
|     +- run exe generate-parser (parser.zig) (+1 more reused dependencies)
|     +- run exe generate-parser (parser.zig) (+1 more reused dependencies)
|     +- run exe generate-parser (parser.zig) (+1 more reused dependencies)
|     +- run exe generate-parser (parser.zig) (+1 more reused dependencies)
|     +- run exe generate-parser (parser.zig) (+1 more reused dependencies)
|     +- run exe generate-parser (parser.zig) (+1 more reused dependencies)
|     +- run exe generate-parser (parser.zig) (+1 more reused dependencies)
|     +- run exe generate-parser (parser.zig) (+1 more reused dependencies)
|     +- run exe generate-parser (parser.zig) (+1 more reused dependencies)
|     +- run exe generate-parser (parser.zig) (+1 more reused dependencies)
|     +- run exe generate-parser (parser.zig) (+1 more reused dependencies)
|     +- run exe generate-parser (parser.zig) (+1 more reused dependencies)
|     +- run exe generate-parser (parser.zig) (+1 more reused dependencies)
+- run test native-value-boundary-allocation transitive failure
   +- compile test native-value-boundary-allocation debug native 1 errors
      +- WriteFile root.zig (reused)
      +- WriteFile interfaces/0.d.zx (+1 more reused dependencies)
      +- options (reused)
      +- run exe generate-parser (parser.zig) (+1 more reused dependencies)
      +- run exe generate-parser (parser.zig) (+1 more reused dependencies)
      +- run exe generate-parser (parser.zig) (+1 more reused dependencies)
      +- run exe generate-parser (parser.zig) (+1 more reused dependencies)
      +- run exe generate-parser (parser.zig) (+1 more reused dependencies)
      +- run exe generate-parser (parser.zig) (+1 more reused dependencies)
      +- run exe generate-parser (parser.zig) (+1 more reused dependencies)
      +- run exe generate-parser (parser.zig) (+1 more reused dependencies)
      +- run exe generate-parser (parser.zig) (+1 more reused dependencies)
      +- run exe generate-parser (parser.zig) (+1 more reused dependencies)
      +- run exe generate-parser (parser.zig) (+1 more reused dependencies)
      +- run exe generate-parser (parser.zig) (+1 more reused dependencies)
      +- run exe generate-parser (parser.zig) (+1 more reused dependencies)
      +- run exe generate-parser (parser.zig) (+1 more reused dependencies)
      +- run exe generate-parser (parser.zig) (+1 more reused dependencies)
      +- run exe generate-parser (parser.zig) (+1 more reused dependencies)
      +- run exe generate-parser (parser.zig) (+1 more reused dependencies)
      +- run exe generate-parser (parser.zig) (+1 more reused dependencies)
      +- run exe generate-parser (parser.zig) (+1 more reused dependencies)
      +- run exe generate-lexer (lexer.zig) (+1 more reused dependencies)
      +- run exe generate-parser (parser.zig) (+1 more reused dependencies)
      +- run exe generate-parser (parser.zig) (+1 more reused dependencies)
      +- run exe generate-parser (parser.zig) (+1 more reused dependencies)
      +- run exe generate-parser (parser.zig) (+1 more reused dependencies)
      +- run exe generate-parser (parser.zig) (+1 more reused dependencies)
      +- run exe generate-parser (parser.zig) (+1 more reused dependencies)
      +- run exe generate-parser (parser.zig) (+1 more reused dependencies)
      +- run exe generate-parser (parser.zig) (+1 more reused dependencies)
      +- run exe generate-parser (parser.zig) (+1 more reused dependencies)
      +- run exe generate-parser (parser.zig) (+1 more reused dependencies)
      +- run exe generate-parser (parser.zig) (+1 more reused dependencies)
      +- run exe generate-parser (parser.zig) (+1 more reused dependencies)
      +- run exe generate-parser (parser.zig) (+1 more reused dependencies)
      +- run exe generate-parser (parser.zig) (+1 more reused dependencies)

