1/20 borrowing_test.test.unsigned scalar preserves both native boundaries...OK
2/20 borrowing_test.test.signed scalar preserves both native boundaries...OK
3/20 borrowing_test.test.floating scalar preserves both native boundaries...OK
4/20 borrowing_test.test.boolean scalar preserves both native boundaries...OK
5/20 borrowing_test.test.string input permits local values without buffer purity...OK
6/20 borrowing_test.test.optional string input remains a borrowed boundary...OK
7/20 borrowing_test.test.scalar list input permits local values without buffer purity...OK
8/20 borrowing_test.test.string list input permits local values without buffer purity...OK
9/20 borrowing_test.test.optional scalar list input remains a borrowed boundary...OK
10/20 borrowing_test.test.list of optional strings remains a borrowed boundary...OK
11/20 borrowing_test.test.nested scalar list recursively preserves borrowing...OK
12/20 borrowing_test.test.native reference input preserves both boundaries...OK
13/20 borrowing_test.test.optional native reference input preserves both boundaries...OK
14/20 borrowing_test.test.native reference list input permits local values...OK
15/20 borrowing_test.test.expanded scalar arguments preserve both boundaries...OK
16/20 borrowing_test.test.expanded string argument separates borrowing from purity...OK
17/20 borrowing_test.test.string result keeps ordinary product callers eligible...OK
18/20 borrowing_test.test.optional string result keeps ordinary product callers eligible...OK
19/20 borrowing_test.test.nested scalar list result keeps ordinary product callers eligible...OK
20/20 borrowing_test.test.allocator injection preserves string borrowing...OK
All 20 tests passed.
