Build Summary: 23/23 steps succeeded; 258/258 tests passed
test-rx-text success
+- run test 4 pass (4 total) 3ms MaxRSS:1M
|  +- compile test Debug native cached 45ms MaxRSS:21M
|     +- WriteFile interfaces/0.d.zx cached
+- run test 3 pass (3 total) 3ms MaxRSS:1M
|  +- compile test Debug native cached 44ms MaxRSS:21M
|     +- WriteFile interfaces/0.d.zx (reused)
+- run test 2 pass (2 total) 21ms MaxRSS:3M
|  +- compile test Debug native cached 49ms MaxRSS:21M
|     +- WriteFile interfaces/0.d.zx (reused)
+- run test 30 pass (30 total) 4ms MaxRSS:1M
|  +- compile test Debug native cached 42ms MaxRSS:21M
|     +- WriteFile interfaces/0.d.zx (reused)
+- run test 14 pass (14 total) 3ms MaxRSS:1M
|  +- compile test Debug native cached 45ms MaxRSS:21M
|     +- WriteFile interfaces/0.d.zx (reused)
+- run test 26 pass (26 total) 4ms MaxRSS:1M
|  +- compile test Debug native cached 45ms MaxRSS:21M
|     +- WriteFile interfaces/0.d.zx (reused)
+- run test 6 pass (6 total) 6ms MaxRSS:1M
|  +- compile test Debug native cached 46ms MaxRSS:21M
|     +- WriteFile interfaces/0.d.zx (reused)
+- run test 29 pass (29 total) 4ms MaxRSS:1M
|  +- compile test Debug native cached 46ms MaxRSS:21M
|     +- WriteFile interfaces/0.d.zx (reused)
+- run test 6 pass (6 total) 3ms MaxRSS:1M
   +- compile test Debug native cached 43ms MaxRSS:21M
      +- WriteFile interfaces/0.d.zx (reused)
test-rx-inference success
+- run test 138 pass (138 total) 282ms MaxRSS:4M
   +- compile test Debug native success 3s MaxRSS:510M
      +- WriteFile interfaces/0.d.zx (reused)
