49 RX attribute executions passed (ReleaseSafe)
Build Summary: 37/37 steps succeeded; 406/406 tests passed
test-rx-attributes success
+- run test 70 pass (70 total) 7ms MaxRSS:1M
|  +- compile test ReleaseSafe native success 7s MaxRSS:440M
|     +- WriteFile interfaces/0.d.zx cached
+- run test 78 pass (78 total) 11ms MaxRSS:1M
|  +- compile test ReleaseSafe native success 8s MaxRSS:356M
|     +- WriteFile interfaces/0.d.zx (reused)
+- test-rx-attribute-runtime success
   +- run node success 2m
      +- compile exe zxc ReleaseSafe native success 52s MaxRSS:2G
         +- WriteFile cached
         +- compile lib yaml ReleaseSafe native cached 39ms MaxRSS:20M
         +- compile lib yaml ReleaseSafe native (reused)
         +- options success
         +- run exe bundle-zig (bundle) cached
         |  +- compile exe bundle-zig ReleaseFast native cached 46ms MaxRSS:21M
         |  +- WriteFile bundle_manifest.json cached
         +- WriteFile interfaces/0.d.zx (reused)
test-rx-text success
+- run test 4 pass (4 total) 3ms MaxRSS:1M
|  +- compile test ReleaseSafe native success 6s MaxRSS:331M
|     +- WriteFile interfaces/0.d.zx (reused)
+- run test 3 pass (3 total) 3ms MaxRSS:1M
|  +- compile test ReleaseSafe native success 7s MaxRSS:347M
|     +- WriteFile interfaces/0.d.zx (reused)
+- run test 2 pass (2 total) 10ms MaxRSS:1M
|  +- compile test ReleaseSafe native success 6s MaxRSS:338M
|     +- WriteFile interfaces/0.d.zx (reused)
+- run test 30 pass (30 total) 4ms MaxRSS:1M
|  +- compile test ReleaseSafe native success 7s MaxRSS:330M
|     +- WriteFile interfaces/0.d.zx (reused)
+- run test 14 pass (14 total) 3ms MaxRSS:1M
|  +- compile test ReleaseSafe native success 7s MaxRSS:349M
|     +- WriteFile interfaces/0.d.zx (reused)
+- run test 26 pass (26 total) 3ms MaxRSS:1M
|  +- compile test ReleaseSafe native success 7s MaxRSS:335M
|     +- WriteFile interfaces/0.d.zx (reused)
+- run test 6 pass (6 total) 3ms MaxRSS:1M
|  +- compile test ReleaseSafe native success 7s MaxRSS:342M
|     +- WriteFile interfaces/0.d.zx (reused)
+- run test 29 pass (29 total) 3ms MaxRSS:1M
|  +- compile test ReleaseSafe native success 7s MaxRSS:349M
|     +- WriteFile interfaces/0.d.zx (reused)
+- run test 6 pass (6 total) 3ms MaxRSS:1M
   +- compile test ReleaseSafe native success 7s MaxRSS:346M
      +- WriteFile interfaces/0.d.zx (reused)
test-rx-inference success
+- run test 138 pass (138 total) 99ms MaxRSS:2M
   +- compile test ReleaseSafe native success 19s MaxRSS:773M
      +- WriteFile interfaces/0.d.zx (reused)
