Build Summary: 34/34 steps succeeded; 403/403 tests passed
test-decimal-original success
+- run test decimal-original 403 pass (403 total) 6ms MaxRSS:1M
   +- compile test decimal-original debug native success 1s MaxRSS:280M
      +- run node (cases.zig) success 60ms
      +- run exe zxc (program.zig) success 206ms
         +- compile exe zxc debug native success 24s MaxRSS:3G
            +- WriteFile cached
            +- compile lib yaml debug native cached 39ms MaxRSS:20M
            +- compile lib yaml debug native (reused)
            +- translate-c cached 38ms MaxRSS:20M
            +- options success
            +- run exe bundle-zig (bundle) cached
            |  +- compile exe bundle-zig fast native cached 44ms MaxRSS:21M
            |  +- WriteFile bundle_manifest.json cached
            +- options cached
            +- run exe generate-parser (parser.zig) cached
            |  +- compile exe generate-parser debug native cached 44ms MaxRSS:21M
            |     +- options cached
            |     +- WriteFile interfaces/0.d.zx cached
            |     |  +- run exe standard-catalog (catalog.zig) cached
            |     |     +- compile exe standard-catalog fast native cached 42ms MaxRSS:21M
            |     |     +- WriteFile catalog.json cached
            |     +- options cached
            +- run exe generate-parser (parser.zig) (+1 more reused dependencies)
            +- run exe generate-parser (parser.zig) (+1 more reused dependencies)
            +- run exe generate-parser (parser.zig) (+1 more reused dependencies)
            +- run exe generate-parser (parser.zig) (+1 more reused dependencies)
            +- run exe generate-parser (parser.zig) (+1 more reused dependencies)
            +- run exe generate-parser (parser.zig) (+1 more reused dependencies)
            +- WriteFile interfaces/0.d.zx cached
            |  +- run exe standard-catalog (catalog.zig) cached
            |     +- compile exe standard-catalog fast native cached 44ms MaxRSS:21M
            |     +- WriteFile catalog.json cached
            +- options cached
            +- run exe generate-parser (parser.zig) (+1 more reused dependencies)
            +- run exe generate-parser (parser.zig) (+1 more reused dependencies)
            +- run exe generate-parser (parser.zig) (+1 more reused dependencies)
            +- run exe generate-parser (parser.zig) (+1 more reused dependencies)
            +- run exe generate-parser (parser.zig) (+1 more reused dependencies)
            +- run exe generate-parser (parser.zig) (+1 more reused dependencies)
            +- run exe generate-parser (parser.zig) (+1 more reused dependencies)
            +- run exe generate-parser (parser.zig) (+1 more reused dependencies)
            +- run exe generate-parser (parser.zig) (+1 more reused dependencies)
            +- run exe generate-parser (parser.zig) (+1 more reused dependencies)
            +- run exe generate-parser (parser.zig) (+1 more reused dependencies)
            +- run exe generate-parser (parser.zig) (+1 more reused dependencies)
            +- run exe generate-parser (parser.zig) (+1 more reused dependencies)
            +- run exe generate-parser (parser.zig) (+1 more reused dependencies)
            +- run exe generate-parser (parser.zig) (+1 more reused dependencies)
            +- run exe generate-parser (parser.zig) (+1 more reused dependencies)
            +- run exe generate-parser (parser.zig) (+1 more reused dependencies)
            +- run exe generate-parser (parser.zig) (+1 more reused dependencies)
            +- run exe generate-parser (parser.zig) (+1 more reused dependencies)
            +- run exe generate-parser (parser.zig) (+1 more reused dependencies)
            +- run exe generate-parser (parser.zig) (+1 more reused dependencies)
            +- run exe generate-parser (parser.zig) (+1 more reused dependencies)
            +- run exe generate-parser (parser.zig) (+1 more reused dependencies)
            +- run exe generate-parser (parser.zig) (+1 more reused dependencies)
            +- run exe generate-parser (parser.zig) (+1 more reused dependencies)
            +- run exe generate-parser (parser.zig) (+1 more reused dependencies)
            +- run exe generate-parser (parser.zig) (+1 more reused dependencies)
            +- run exe generate-parser (parser.zig) (+1 more reused dependencies)
            +- run exe generate-parser (parser.zig) (+1 more reused dependencies)
            +- run exe generate-parser (parser.zig) (+1 more reused dependencies)
            +- run exe generate-parser (parser.zig) (+1 more reused dependencies)
            +- run exe generate-parser (parser.zig) (+1 more reused dependencies)
            +- run exe generate-parser (parser.zig) (+1 more reused dependencies)
            +- run exe generate-parser (parser.zig) (+1 more reused dependencies)
            +- run exe generate-parser (parser.zig) (+1 more reused dependencies)
            +- run exe generate-parser (parser.zig) (+1 more reused dependencies)
            +- run exe generate-parser (parser.zig) (+1 more reused dependencies)
            +- run exe generate-lexer (lexer.zig) cached
            |  +- compile exe generate-lexer debug native cached 43ms MaxRSS:21M
            |     +- WriteFile interfaces/0.d.zx cached
            |     |  +- run exe standard-catalog (catalog.zig) cached
            |     |     +- compile exe standard-catalog fast native cached 43ms MaxRSS:21M
            |     |     +- WriteFile catalog.json cached
            |     +- options cached
            +- run exe generate-parser (parser.zig) (+1 more reused dependencies)
            +- run exe generate-parser (parser.zig) (+1 more reused dependencies)
            +- run exe generate-parser (parser.zig) (+1 more reused dependencies)
            +- run exe generate-parser (parser.zig) (+1 more reused dependencies)
            +- run exe generate-parser (parser.zig) (+1 more reused dependencies)
            +- run exe generate-parser (parser.zig) (+1 more reused dependencies)
            +- run exe generate-parser (parser.zig) (+1 more reused dependencies)
            +- run exe generate-parser (parser.zig) (+1 more reused dependencies)
            +- run exe generate-parser (parser.zig) (+1 more reused dependencies)
            +- run exe generate-parser (parser.zig) (+1 more reused dependencies)
            +- run exe generate-parser (parser.zig) (+1 more reused dependencies)
            +- run exe generate-parser (parser.zig) (+1 more reused dependencies)
            +- run exe generate-parser (parser.zig) (+1 more reused dependencies)
            +- run exe generate-parser (parser.zig) (+1 more reused dependencies)
            +- run exe generate-parser (parser.zig) (+1 more reused dependencies)
            +- run exe generate-parser (parser.zig) (+1 more reused dependencies)
            +- run exe generate-parser (parser.zig) (+1 more reused dependencies)
            +- run exe generate-parser (parser.zig) (+1 more reused dependencies)
            +- run exe generate-parser (parser.zig) (+1 more reused dependencies)
            +- run exe generate-parser (parser.zig) (+1 more reused dependencies)
            +- run exe generate-parser (parser.zig) (+1 more reused dependencies)
            +- run exe generate-parser (parser.zig) (+1 more reused dependencies)
            +- run exe generate-parser (parser.zig) (+1 more reused dependencies)
            +- run exe generate-parser (parser.zig) (+1 more reused dependencies)
            +- run exe generate-parser (parser.zig) (+1 more reused dependencies)
            +- run exe generate-parser (parser.zig) (+1 more reused dependencies)
            +- run exe generate-parser (parser.zig) (+1 more reused dependencies)
            +- run exe generate-parser (parser.zig) (+1 more reused dependencies)
            +- run exe generate-parser (parser.zig) (+1 more reused dependencies)
            +- run exe generate-parser (parser.zig) (+1 more reused dependencies)

