Build Summary: 144/144 steps succeeded; 224/224 tests passed
test-modular-loop success
+- run test modular-loop-simple-source 6 pass (6 total) 4ms MaxRSS:1M
|  +- compile test modular-loop-simple-source debug native success 1s MaxRSS:269M
|     +- run exe compile-modular-loop (source.zig) success 37ms
|     |  +- compile exe compile-modular-loop debug native success 14s MaxRSS:1G
|     |     +- WriteFile interfaces/0.d.zx success
|     |     |  +- run exe standard-catalog (catalog.zig) success 2ms
|     |     |     +- compile exe standard-catalog fast native cached 7s MaxRSS:21M
|     |     |     +- WriteFile catalog.json cached
|     |     +- options cached
|     |     +- run exe generate-parser (parser.zig) success 1m
|     |     |  +- compile exe generate-parser debug native success 6s MaxRSS:725M
|     |     |     +- options cached
|     |     |     +- WriteFile interfaces/0.d.zx cached
|     |     |     |  +- run exe standard-catalog (catalog.zig) cached
|     |     |     |     +- compile exe standard-catalog fast native success 7s MaxRSS:356M
|     |     |     |     +- WriteFile catalog.json cached
|     |     |     +- options cached
|     |     +- run exe generate-parser (parser.zig) (+1 more reused dependencies)
|     |     +- run exe generate-parser (parser.zig) (+1 more reused dependencies)
|     |     +- run exe generate-parser (parser.zig) (+1 more reused dependencies)
|     |     +- run exe generate-parser (parser.zig) (+1 more reused dependencies)
|     |     +- run exe generate-parser (parser.zig) (+1 more reused dependencies)
|     |     +- run exe generate-parser (parser.zig) (+1 more reused dependencies)
|     |     +- run exe generate-parser (parser.zig) (+1 more reused dependencies)
|     |     +- run exe generate-parser (parser.zig) (+1 more reused dependencies)
|     |     +- run exe generate-parser (parser.zig) (+1 more reused dependencies)
|     |     +- run exe generate-parser (parser.zig) (+1 more reused dependencies)
|     |     +- run exe generate-parser (parser.zig) (+1 more reused dependencies)
|     |     +- run exe generate-parser (parser.zig) (+1 more reused dependencies)
|     |     +- run exe generate-parser (parser.zig) (+1 more reused dependencies)
|     |     +- run exe generate-parser (parser.zig) (+1 more reused dependencies)
|     |     +- run exe generate-parser (parser.zig) (+1 more reused dependencies)
|     |     +- run exe generate-parser (parser.zig) (+1 more reused dependencies)
|     |     +- run exe generate-parser (parser.zig) (+1 more reused dependencies)
|     |     +- run exe generate-parser (parser.zig) (+1 more reused dependencies)
|     |     +- run exe generate-parser (parser.zig) (+1 more reused dependencies)
|     |     +- run exe generate-parser (parser.zig) (+1 more reused dependencies)
|     |     +- run exe generate-parser (parser.zig) (+1 more reused dependencies)
|     |     +- run exe generate-parser (parser.zig) (+1 more reused dependencies)
|     |     +- run exe generate-parser (parser.zig) (+1 more reused dependencies)
|     |     +- run exe generate-parser (parser.zig) (+1 more reused dependencies)
|     |     +- run exe generate-parser (parser.zig) (+1 more reused dependencies)
|     |     +- run exe generate-parser (parser.zig) (+1 more reused dependencies)
|     |     +- run exe generate-parser (parser.zig) (+1 more reused dependencies)
|     |     +- run exe generate-parser (parser.zig) (+1 more reused dependencies)
|     |     +- run exe generate-parser (parser.zig) (+1 more reused dependencies)
|     |     +- run exe generate-parser (parser.zig) (+1 more reused dependencies)
|     |     +- run exe generate-parser (parser.zig) (+1 more reused dependencies)
|     |     +- run exe generate-parser (parser.zig) (+1 more reused dependencies)
|     |     +- run exe generate-parser (parser.zig) (+1 more reused dependencies)
|     |     +- run exe generate-parser (parser.zig) (+1 more reused dependencies)
|     |     +- run exe generate-parser (parser.zig) (+1 more reused dependencies)
|     |     +- run exe generate-lexer (lexer.zig) success 160ms
|     |     |  +- compile exe generate-lexer debug native success 5s MaxRSS:621M
|     |     |     +- WriteFile interfaces/0.d.zx cached
|     |     |     |  +- run exe standard-catalog (catalog.zig) cached
|     |     |     |     +- compile exe standard-catalog fast native cached 48ms MaxRSS:21M
|     |     |     |     +- WriteFile catalog.json cached
|     |     |     +- options cached
|     |     +- run exe generate-parser (parser.zig) (+1 more reused dependencies)
|     |     +- run exe generate-parser (parser.zig) (+1 more reused dependencies)
|     |     +- run exe generate-parser (parser.zig) (+1 more reused dependencies)
|     |     +- run exe generate-parser (parser.zig) (+1 more reused dependencies)
|     |     +- run exe generate-parser (parser.zig) (+1 more reused dependencies)
|     |     +- run exe generate-parser (parser.zig) (+1 more reused dependencies)
|     |     +- run exe generate-parser (parser.zig) (+1 more reused dependencies)
|     |     +- run exe generate-parser (parser.zig) (+1 more reused dependencies)
|     |     +- run exe generate-parser (parser.zig) (+1 more reused dependencies)
|     |     +- run exe generate-parser (parser.zig) (+1 more reused dependencies)
|     |     +- run exe generate-parser (parser.zig) (+1 more reused dependencies)
|     |     +- run exe generate-parser (parser.zig) (+1 more reused dependencies)
|     |     +- run exe generate-parser (parser.zig) (+1 more reused dependencies)
|     |     +- run exe generate-parser (parser.zig) (+1 more reused dependencies)
|     |     +- run exe generate-parser (parser.zig) (+1 more reused dependencies)
|     |     +- run exe generate-parser (parser.zig) (+1 more reused dependencies)
|     |     +- run exe generate-parser (parser.zig) (+1 more reused dependencies)
|     |     +- run exe generate-parser (parser.zig) (+1 more reused dependencies)
|     |     +- run exe generate-parser (parser.zig) (+1 more reused dependencies)
|     |     +- run exe generate-parser (parser.zig) (+1 more reused dependencies)
|     |     +- run exe generate-parser (parser.zig) (+1 more reused dependencies)
|     |     +- run exe generate-parser (parser.zig) (+1 more reused dependencies)
|     |     +- run exe generate-parser (parser.zig) (+1 more reused dependencies)
|     |     +- run exe generate-parser (parser.zig) (+1 more reused dependencies)
|     |     +- run exe generate-parser (parser.zig) (+1 more reused dependencies)
|     |     +- run exe generate-parser (parser.zig) (+1 more reused dependencies)
|     |     +- run exe generate-parser (parser.zig) (+1 more reused dependencies)
|     |     +- run exe generate-parser (parser.zig) (+1 more reused dependencies)
|     |     +- run exe generate-parser (parser.zig) (+1 more reused dependencies)
|     |     +- run exe generate-parser (parser.zig) (+1 more reused dependencies)
|     |     +- run exe generate-parser (parser.zig) (+1 more reused dependencies)
|     +- options cached
|     +- run exe compile-modular-loop (source.zig) (+1 more reused dependencies)
+- run test modular-loop-simple-library 6 pass (6 total) 4ms MaxRSS:1M
|  +- compile test modular-loop-simple-library debug native success 1s MaxRSS:270M
|     +- run exe compile-modular-loop (source.zig) (+1 more reused dependencies)
|     +- options cached
|     +- run exe compile-modular-loop (source.zig) (+1 more reused dependencies)
+- run test modular-loop-branch-source 6 pass (6 total) 4ms MaxRSS:1M
|  +- compile test modular-loop-branch-source debug native success 1s MaxRSS:273M
|     +- run exe compile-modular-loop (source.zig) success 51ms
|     |  +- compile exe compile-modular-loop debug native (+70 more reused dependencies)
|     +- options cached
|     +- run exe compile-modular-loop (source.zig) (+1 more reused dependencies)
+- run test modular-loop-branch-library 6 pass (6 total) 4ms MaxRSS:1M
|  +- compile test modular-loop-branch-library debug native success 1s MaxRSS:266M
|     +- run exe compile-modular-loop (source.zig) (+1 more reused dependencies)
|     +- options cached
|     +- run exe compile-modular-loop (source.zig) (+1 more reused dependencies)
+- run test modular-loop-switch-source 6 pass (6 total) 4ms MaxRSS:1M
|  +- compile test modular-loop-switch-source debug native success 1s MaxRSS:269M
|     +- run exe compile-modular-loop (source.zig) success 58ms
|     |  +- compile exe compile-modular-loop debug native (+70 more reused dependencies)
|     +- options cached
|     +- run exe compile-modular-loop (source.zig) (+1 more reused dependencies)
+- run test modular-loop-switch-library 6 pass (6 total) 4ms MaxRSS:1M
|  +- compile test modular-loop-switch-library debug native success 1s MaxRSS:280M
|     +- run exe compile-modular-loop (source.zig) (+1 more reused dependencies)
|     +- options cached
|     +- run exe compile-modular-loop (source.zig) (+1 more reused dependencies)
+- run test modular-loop-chain-source 6 pass (6 total) 4ms MaxRSS:1M
|  +- compile test modular-loop-chain-source debug native success 1s MaxRSS:270M
|     +- run exe compile-modular-loop (source.zig) success 37ms
|     |  +- compile exe compile-modular-loop debug native (+70 more reused dependencies)
|     +- options cached
|     +- run exe compile-modular-loop (source.zig) (+1 more reused dependencies)
+- run test modular-loop-chain-library 6 pass (6 total) 4ms MaxRSS:1M
|  +- compile test modular-loop-chain-library debug native success 1s MaxRSS:263M
|     +- run exe compile-modular-loop (source.zig) (+1 more reused dependencies)
|     +- options cached
|     +- run exe compile-modular-loop (source.zig) (+1 more reused dependencies)
+- run test modular-loop-bounds-source 7 pass (7 total) 5ms MaxRSS:1M
|  +- compile test modular-loop-bounds-source debug native success 1s MaxRSS:272M
|     +- run exe compile-modular-loop (source.zig) success 38ms
|     |  +- compile exe compile-modular-loop debug native (+70 more reused dependencies)
|     +- options cached
|     +- run exe compile-modular-loop (source.zig) (+1 more reused dependencies)
+- run test modular-loop-bounds-library 7 pass (7 total) 5ms MaxRSS:1M
|  +- compile test modular-loop-bounds-library debug native success 1s MaxRSS:274M
|     +- run exe compile-modular-loop (source.zig) (+1 more reused dependencies)
|     +- options cached
|     +- run exe compile-modular-loop (source.zig) (+1 more reused dependencies)
+- run test modular-loop-effects-source 11 pass (11 total) 6ms MaxRSS:1M
|  +- compile test modular-loop-effects-source debug native success 1s MaxRSS:270M
|     +- run exe compile-modular-loop (source.zig) success 50ms
|     |  +- compile exe compile-modular-loop debug native (+70 more reused dependencies)
|     +- options cached
|     +- run exe compile-modular-loop (source.zig) (+1 more reused dependencies)
+- run test modular-loop-effects-library 11 pass (11 total) 6ms MaxRSS:1M
|  +- compile test modular-loop-effects-library debug native success 1s MaxRSS:271M
|     +- run exe compile-modular-loop (source.zig) (+1 more reused dependencies)
|     +- options cached
|     +- run exe compile-modular-loop (source.zig) (+1 more reused dependencies)
+- run test modular-loop-nested-source 6 pass (6 total) 5ms MaxRSS:1M
|  +- compile test modular-loop-nested-source debug native success 1s MaxRSS:268M
|     +- run exe compile-modular-loop (source.zig) success 39ms
|     |  +- compile exe compile-modular-loop debug native (+70 more reused dependencies)
|     +- options cached
|     +- run exe compile-modular-loop (source.zig) (+1 more reused dependencies)
+- run test modular-loop-nested-library 6 pass (6 total) 5ms MaxRSS:1M
|  +- compile test modular-loop-nested-library debug native success 1s MaxRSS:264M
|     +- run exe compile-modular-loop (source.zig) (+1 more reused dependencies)
|     +- options cached
|     +- run exe compile-modular-loop (source.zig) (+1 more reused dependencies)
+- run test modular-loop-escaping-source 6 pass (6 total) 5ms MaxRSS:1M
|  +- compile test modular-loop-escaping-source debug native success 1s MaxRSS:268M
|     +- run exe compile-modular-loop (source.zig) success 36ms
|     |  +- compile exe compile-modular-loop debug native (+70 more reused dependencies)
|     +- options cached
|     +- run exe compile-modular-loop (source.zig) (+1 more reused dependencies)
+- run test modular-loop-escaping-library 6 pass (6 total) 5ms MaxRSS:1M
|  +- compile test modular-loop-escaping-library debug native success 1s MaxRSS:266M
|     +- run exe compile-modular-loop (source.zig) (+1 more reused dependencies)
|     +- options cached
|     +- run exe compile-modular-loop (source.zig) (+1 more reused dependencies)
+- run test modular-loop-changed-source 6 pass (6 total) 4ms MaxRSS:1M
|  +- compile test modular-loop-changed-source debug native success 1s MaxRSS:279M
|     +- run exe compile-modular-loop (source.zig) success 37ms
|     |  +- compile exe compile-modular-loop debug native (+70 more reused dependencies)
|     +- options cached
|     +- run exe compile-modular-loop (source.zig) (+1 more reused dependencies)
+- run test modular-loop-changed-library 6 pass (6 total) 5ms MaxRSS:1M
|  +- compile test modular-loop-changed-library debug native success 1s MaxRSS:260M
|     +- run exe compile-modular-loop (source.zig) (+1 more reused dependencies)
|     +- options cached
|     +- run exe compile-modular-loop (source.zig) (+1 more reused dependencies)
+- run test modular-loop-generation 3 pass (3 total) 2s MaxRSS:16M
   +- compile test modular-loop-generation debug native success 13s MaxRSS:1G
      +- WriteFile interfaces/0.d.zx (+1 more reused dependencies)
      +- options (reused)
      +- run exe generate-parser (parser.zig) (+1 more reused dependencies)
      +- run exe generate-parser (parser.zig) (+1 more reused dependencies)
      +- run exe generate-parser (parser.zig) (+1 more reused dependencies)
      +- run exe generate-parser (parser.zig) (+1 more reused dependencies)
      +- run exe generate-parser (parser.zig) (+1 more reused dependencies)
      +- run exe generate-parser (parser.zig) (+1 more reused dependencies)
      +- run exe generate-parser (parser.zig) (+1 more reused dependencies)
      +- run exe generate-parser (parser.zig) (+1 more reused dependencies)
      +- run exe generate-parser (parser.zig) (+1 more reused dependencies)
      +- run exe generate-parser (parser.zig) (+1 more reused dependencies)
      +- run exe generate-parser (parser.zig) (+1 more reused dependencies)
      +- run exe generate-parser (parser.zig) (+1 more reused dependencies)
      +- run exe generate-parser (parser.zig) (+1 more reused dependencies)
      +- run exe generate-parser (parser.zig) (+1 more reused dependencies)
      +- run exe generate-parser (parser.zig) (+1 more reused dependencies)
      +- run exe generate-parser (parser.zig) (+1 more reused dependencies)
      +- run exe generate-parser (parser.zig) (+1 more reused dependencies)
      +- run exe generate-parser (parser.zig) (+1 more reused dependencies)
      +- run exe generate-parser (parser.zig) (+1 more reused dependencies)
      +- run exe generate-parser (parser.zig) (+1 more reused dependencies)
      +- run exe generate-parser (parser.zig) (+1 more reused dependencies)
      +- run exe generate-parser (parser.zig) (+1 more reused dependencies)
      +- run exe generate-parser (parser.zig) (+1 more reused dependencies)
      +- run exe generate-parser (parser.zig) (+1 more reused dependencies)
      +- run exe generate-parser (parser.zig) (+1 more reused dependencies)
      +- run exe generate-parser (parser.zig) (+1 more reused dependencies)
      +- run exe generate-parser (parser.zig) (+1 more reused dependencies)
      +- run exe generate-parser (parser.zig) (+1 more reused dependencies)
      +- run exe generate-parser (parser.zig) (+1 more reused dependencies)
      +- run exe generate-parser (parser.zig) (+1 more reused dependencies)
      +- run exe generate-parser (parser.zig) (+1 more reused dependencies)
      +- run exe generate-parser (parser.zig) (+1 more reused dependencies)
      +- run exe generate-parser (parser.zig) (+1 more reused dependencies)
      +- run exe generate-parser (parser.zig) (+1 more reused dependencies)
      +- run exe generate-parser (parser.zig) (+1 more reused dependencies)
      +- run exe generate-parser (parser.zig) (+1 more reused dependencies)
      +- run exe generate-lexer (lexer.zig) (+1 more reused dependencies)
      +- run exe generate-parser (parser.zig) (+1 more reused dependencies)
      +- run exe generate-parser (parser.zig) (+1 more reused dependencies)
      +- run exe generate-parser (parser.zig) (+1 more reused dependencies)
      +- run exe generate-parser (parser.zig) (+1 more reused dependencies)
      +- run exe generate-parser (parser.zig) (+1 more reused dependencies)
      +- run exe generate-parser (parser.zig) (+1 more reused dependencies)
      +- run exe generate-parser (parser.zig) (+1 more reused dependencies)
      +- run exe generate-parser (parser.zig) (+1 more reused dependencies)
      +- run exe generate-parser (parser.zig) (+1 more reused dependencies)
      +- run exe generate-parser (parser.zig) (+1 more reused dependencies)
      +- run exe generate-parser (parser.zig) (+1 more reused dependencies)
      +- run exe generate-parser (parser.zig) (+1 more reused dependencies)
      +- run exe generate-parser (parser.zig) (+1 more reused dependencies)
      +- run exe generate-parser (parser.zig) (+1 more reused dependencies)
      +- run exe generate-parser (parser.zig) (+1 more reused dependencies)
      +- run exe generate-parser (parser.zig) (+1 more reused dependencies)
      +- run exe generate-parser (parser.zig) (+1 more reused dependencies)
      +- run exe generate-parser (parser.zig) (+1 more reused dependencies)
      +- run exe generate-parser (parser.zig) (+1 more reused dependencies)
      +- run exe generate-parser (parser.zig) (+1 more reused dependencies)
      +- run exe generate-parser (parser.zig) (+1 more reused dependencies)
      +- run exe generate-parser (parser.zig) (+1 more reused dependencies)
      +- run exe generate-parser (parser.zig) (+1 more reused dependencies)
      +- run exe generate-parser (parser.zig) (+1 more reused dependencies)
      +- run exe generate-parser (parser.zig) (+1 more reused dependencies)
      +- run exe generate-parser (parser.zig) (+1 more reused dependencies)
      +- run exe generate-parser (parser.zig) (+1 more reused dependencies)
      +- run exe generate-parser (parser.zig) (+1 more reused dependencies)
      +- run exe generate-parser (parser.zig) (+1 more reused dependencies)
      +- run exe generate-parser (parser.zig) (+1 more reused dependencies)
      +- run exe generate-parser (parser.zig) (+1 more reused dependencies)
test-iterate-buffer success
+- run test 6 pass (6 total) 3ms MaxRSS:1M
|  +- compile test debug native success 1s MaxRSS:257M
|     +- run exe zxc (program.zig) success 15ms
|     |  +- compile exe zxc debug native success 25s MaxRSS:3G
|     |     +- WriteFile cached
|     |     +- compile lib yaml debug native cached 40ms MaxRSS:20M
|     |     +- compile lib yaml debug native (reused)
|     |     +- translate-c cached 42ms MaxRSS:20M
|     |     +- options success
|     |     +- run exe bundle-zig (bundle) success 6s
|     |     |  +- compile exe bundle-zig fast native success 26s MaxRSS:904M
|     |     |  +- WriteFile bundle_manifest.json cached
|     |     +- options cached
|     |     +- run exe generate-parser (parser.zig) (+1 more reused dependencies)
|     |     +- run exe generate-parser (parser.zig) (+1 more reused dependencies)
|     |     +- run exe generate-parser (parser.zig) (+1 more reused dependencies)
|     |     +- run exe generate-parser (parser.zig) (+1 more reused dependencies)
|     |     +- run exe generate-parser (parser.zig) (+1 more reused dependencies)
|     |     +- run exe generate-parser (parser.zig) (+1 more reused dependencies)
|     |     +- run exe generate-parser (parser.zig) (+1 more reused dependencies)
|     |     +- WriteFile interfaces/0.d.zx (+1 more reused dependencies)
|     |     +- options (reused)
|     |     +- run exe generate-parser (parser.zig) (+1 more reused dependencies)
|     |     +- run exe generate-parser (parser.zig) (+1 more reused dependencies)
|     |     +- run exe generate-parser (parser.zig) (+1 more reused dependencies)
|     |     +- run exe generate-parser (parser.zig) (+1 more reused dependencies)
|     |     +- run exe generate-parser (parser.zig) (+1 more reused dependencies)
|     |     +- run exe generate-parser (parser.zig) (+1 more reused dependencies)
|     |     +- run exe generate-parser (parser.zig) (+1 more reused dependencies)
|     |     +- run exe generate-parser (parser.zig) (+1 more reused dependencies)
|     |     +- run exe generate-parser (parser.zig) (+1 more reused dependencies)
|     |     +- run exe generate-parser (parser.zig) (+1 more reused dependencies)
|     |     +- run exe generate-parser (parser.zig) (+1 more reused dependencies)
|     |     +- run exe generate-parser (parser.zig) (+1 more reused dependencies)
|     |     +- run exe generate-parser (parser.zig) (+1 more reused dependencies)
|     |     +- run exe generate-parser (parser.zig) (+1 more reused dependencies)
|     |     +- run exe generate-parser (parser.zig) (+1 more reused dependencies)
|     |     +- run exe generate-parser (parser.zig) (+1 more reused dependencies)
|     |     +- run exe generate-parser (parser.zig) (+1 more reused dependencies)
|     |     +- run exe generate-parser (parser.zig) (+1 more reused dependencies)
|     |     +- run exe generate-parser (parser.zig) (+1 more reused dependencies)
|     |     +- run exe generate-parser (parser.zig) (+1 more reused dependencies)
|     |     +- run exe generate-parser (parser.zig) (+1 more reused dependencies)
|     |     +- run exe generate-parser (parser.zig) (+1 more reused dependencies)
|     |     +- run exe generate-parser (parser.zig) (+1 more reused dependencies)
|     |     +- run exe generate-parser (parser.zig) (+1 more reused dependencies)
|     |     +- run exe generate-parser (parser.zig) (+1 more reused dependencies)
|     |     +- run exe generate-parser (parser.zig) (+1 more reused dependencies)
|     |     +- run exe generate-parser (parser.zig) (+1 more reused dependencies)
|     |     +- run exe generate-parser (parser.zig) (+1 more reused dependencies)
|     |     +- run exe generate-parser (parser.zig) (+1 more reused dependencies)
|     |     +- run exe generate-parser (parser.zig) (+1 more reused dependencies)
|     |     +- run exe generate-parser (parser.zig) (+1 more reused dependencies)
|     |     +- run exe generate-parser (parser.zig) (+1 more reused dependencies)
|     |     +- run exe generate-parser (parser.zig) (+1 more reused dependencies)
|     |     +- run exe generate-parser (parser.zig) (+1 more reused dependencies)
|     |     +- run exe generate-parser (parser.zig) (+1 more reused dependencies)
|     |     +- run exe generate-parser (parser.zig) (+1 more reused dependencies)
|     |     +- run exe generate-parser (parser.zig) (+1 more reused dependencies)
|     |     +- run exe generate-lexer (lexer.zig) (+1 more reused dependencies)
|     |     +- run exe generate-parser (parser.zig) (+1 more reused dependencies)
|     |     +- run exe generate-parser (parser.zig) (+1 more reused dependencies)
|     |     +- run exe generate-parser (parser.zig) (+1 more reused dependencies)
|     |     +- run exe generate-parser (parser.zig) (+1 more reused dependencies)
|     |     +- run exe generate-parser (parser.zig) (+1 more reused dependencies)
|     |     +- run exe generate-parser (parser.zig) (+1 more reused dependencies)
|     |     +- run exe generate-parser (parser.zig) (+1 more reused dependencies)
|     |     +- run exe generate-parser (parser.zig) (+1 more reused dependencies)
|     |     +- run exe generate-parser (parser.zig) (+1 more reused dependencies)
|     |     +- run exe generate-parser (parser.zig) (+1 more reused dependencies)
|     |     +- run exe generate-parser (parser.zig) (+1 more reused dependencies)
|     |     +- run exe generate-parser (parser.zig) (+1 more reused dependencies)
|     |     +- run exe generate-parser (parser.zig) (+1 more reused dependencies)
|     |     +- run exe generate-parser (parser.zig) (+1 more reused dependencies)
|     |     +- run exe generate-parser (parser.zig) (+1 more reused dependencies)
|     |     +- run exe generate-parser (parser.zig) (+1 more reused dependencies)
|     |     +- run exe generate-parser (parser.zig) (+1 more reused dependencies)
|     |     +- run exe generate-parser (parser.zig) (+1 more reused dependencies)
|     |     +- run exe generate-parser (parser.zig) (+1 more reused dependencies)
|     |     +- run exe generate-parser (parser.zig) (+1 more reused dependencies)
|     |     +- run exe generate-parser (parser.zig) (+1 more reused dependencies)
|     |     +- run exe generate-parser (parser.zig) (+1 more reused dependencies)
|     |     +- run exe generate-parser (parser.zig) (+1 more reused dependencies)
|     |     +- run exe generate-parser (parser.zig) (+1 more reused dependencies)
|     |     +- run exe generate-parser (parser.zig) (+1 more reused dependencies)
|     |     +- run exe generate-parser (parser.zig) (+1 more reused dependencies)
|     |     +- run exe generate-parser (parser.zig) (+1 more reused dependencies)
|     |     +- run exe generate-parser (parser.zig) (+1 more reused dependencies)
|     |     +- run exe generate-parser (parser.zig) (+1 more reused dependencies)
|     |     +- run exe generate-parser (parser.zig) (+1 more reused dependencies)
|     +- options cached
+- run test 6 pass (6 total) 3ms MaxRSS:2M
|  +- compile test debug native success 1s MaxRSS:268M
|     +- run exe zxc (program.zig) success 16ms
|     |  +- compile exe zxc debug native (+84 more reused dependencies)
|     +- options cached
+- run test 6 pass (6 total) 2ms MaxRSS:1M
|  +- compile test debug native success 1s MaxRSS:272M
|     +- run exe zxc (program.zig) success 18ms
|     |  +- compile exe zxc debug native (+84 more reused dependencies)
|     +- options cached
+- run test 6 pass (6 total) 2ms MaxRSS:1M
|  +- compile test debug native success 1s MaxRSS:271M
|     +- run exe zxc (program.zig) success 12ms
|     |  +- compile exe zxc debug native (+84 more reused dependencies)
|     +- options cached
+- run test 6 pass (6 total) 3ms MaxRSS:2M
|  +- compile test debug native success 1s MaxRSS:267M
|     +- run exe zxc (program.zig) success 15ms
|     |  +- compile exe zxc debug native (+84 more reused dependencies)
|     +- options cached
+- run test 6 pass (6 total) 4ms MaxRSS:2M
|  +- compile test debug native success 1s MaxRSS:272M
|     +- run exe zxc (program.zig) success 15ms
|     |  +- compile exe zxc debug native (+84 more reused dependencies)
|     +- options cached
+- run test 6 pass (6 total) 3ms MaxRSS:1M
|  +- compile test debug native success 1s MaxRSS:257M
|     +- run exe zxc (program.zig) success 16ms
|     |  +- compile exe zxc debug native (+84 more reused dependencies)
|     +- options cached
+- run test 6 pass (6 total) 3ms MaxRSS:1M
|  +- compile test debug native success 1s MaxRSS:255M
|     +- run exe zxc (program.zig) success 18ms
|     |  +- compile exe zxc debug native (+84 more reused dependencies)
|     +- options cached
+- run test 6 pass (6 total) 2ms MaxRSS:1M
|  +- compile test debug native success 1s MaxRSS:263M
|     +- run exe zxc (program.zig) success 20ms
|     |  +- compile exe zxc debug native (+84 more reused dependencies)
|     +- options cached
+- run test 6 pass (6 total) 3ms MaxRSS:1M
|  +- compile test debug native success 1s MaxRSS:265M
|     +- run exe zxc (program.zig) success 16ms
|     |  +- compile exe zxc debug native (+84 more reused dependencies)
|     +- options cached
+- run test 6 pass (6 total) 2ms MaxRSS:1M
   +- compile test debug native success 1s MaxRSS:260M
      +- run exe zxc (program.zig) success 16ms
      |  +- compile exe zxc debug native (+84 more reused dependencies)
      +- options cached
test-field-ownership success
+- run test 35 pass (35 total) 3s MaxRSS:12M
   +- compile test debug native success 12s MaxRSS:1G
      +- WriteFile interfaces/0.d.zx (+1 more reused dependencies)
      +- options (reused)
      +- run exe generate-parser (parser.zig) (+1 more reused dependencies)
      +- run exe generate-parser (parser.zig) (+1 more reused dependencies)
      +- run exe generate-parser (parser.zig) (+1 more reused dependencies)
      +- run exe generate-parser (parser.zig) (+1 more reused dependencies)
      +- run exe generate-parser (parser.zig) (+1 more reused dependencies)
      +- run exe generate-parser (parser.zig) (+1 more reused dependencies)
      +- run exe generate-parser (parser.zig) (+1 more reused dependencies)
      +- run exe generate-parser (parser.zig) (+1 more reused dependencies)
      +- run exe generate-parser (parser.zig) (+1 more reused dependencies)
      +- run exe generate-parser (parser.zig) (+1 more reused dependencies)
      +- run exe generate-parser (parser.zig) (+1 more reused dependencies)
      +- run exe generate-parser (parser.zig) (+1 more reused dependencies)
      +- run exe generate-parser (parser.zig) (+1 more reused dependencies)
      +- run exe generate-parser (parser.zig) (+1 more reused dependencies)
      +- run exe generate-parser (parser.zig) (+1 more reused dependencies)
      +- run exe generate-parser (parser.zig) (+1 more reused dependencies)
      +- run exe generate-parser (parser.zig) (+1 more reused dependencies)
      +- run exe generate-parser (parser.zig) (+1 more reused dependencies)
      +- run exe generate-parser (parser.zig) (+1 more reused dependencies)
      +- run exe generate-parser (parser.zig) (+1 more reused dependencies)
      +- run exe generate-parser (parser.zig) (+1 more reused dependencies)
      +- run exe generate-parser (parser.zig) (+1 more reused dependencies)
      +- run exe generate-parser (parser.zig) (+1 more reused dependencies)
      +- run exe generate-parser (parser.zig) (+1 more reused dependencies)
      +- run exe generate-parser (parser.zig) (+1 more reused dependencies)
      +- run exe generate-parser (parser.zig) (+1 more reused dependencies)
      +- run exe generate-parser (parser.zig) (+1 more reused dependencies)
      +- run exe generate-parser (parser.zig) (+1 more reused dependencies)
      +- run exe generate-parser (parser.zig) (+1 more reused dependencies)
      +- run exe generate-parser (parser.zig) (+1 more reused dependencies)
      +- run exe generate-parser (parser.zig) (+1 more reused dependencies)
      +- run exe generate-parser (parser.zig) (+1 more reused dependencies)
      +- run exe generate-parser (parser.zig) (+1 more reused dependencies)
      +- run exe generate-parser (parser.zig) (+1 more reused dependencies)
      +- run exe generate-parser (parser.zig) (+1 more reused dependencies)
      +- run exe generate-parser (parser.zig) (+1 more reused dependencies)
      +- run exe generate-lexer (lexer.zig) (+1 more reused dependencies)
      +- run exe generate-parser (parser.zig) (+1 more reused dependencies)
      +- run exe generate-parser (parser.zig) (+1 more reused dependencies)
      +- run exe generate-parser (parser.zig) (+1 more reused dependencies)
      +- run exe generate-parser (parser.zig) (+1 more reused dependencies)
      +- run exe generate-parser (parser.zig) (+1 more reused dependencies)
      +- run exe generate-parser (parser.zig) (+1 more reused dependencies)
      +- run exe generate-parser (parser.zig) (+1 more reused dependencies)
      +- run exe generate-parser (parser.zig) (+1 more reused dependencies)
      +- run exe generate-parser (parser.zig) (+1 more reused dependencies)
      +- run exe generate-parser (parser.zig) (+1 more reused dependencies)
      +- run exe generate-parser (parser.zig) (+1 more reused dependencies)
      +- run exe generate-parser (parser.zig) (+1 more reused dependencies)
      +- run exe generate-parser (parser.zig) (+1 more reused dependencies)
      +- run exe generate-parser (parser.zig) (+1 more reused dependencies)
      +- run exe generate-parser (parser.zig) (+1 more reused dependencies)
      +- run exe generate-parser (parser.zig) (+1 more reused dependencies)
      +- run exe generate-parser (parser.zig) (+1 more reused dependencies)
      +- run exe generate-parser (parser.zig) (+1 more reused dependencies)
      +- run exe generate-parser (parser.zig) (+1 more reused dependencies)
      +- run exe generate-parser (parser.zig) (+1 more reused dependencies)
      +- run exe generate-parser (parser.zig) (+1 more reused dependencies)
      +- run exe generate-parser (parser.zig) (+1 more reused dependencies)
      +- run exe generate-parser (parser.zig) (+1 more reused dependencies)
      +- run exe generate-parser (parser.zig) (+1 more reused dependencies)
      +- run exe generate-parser (parser.zig) (+1 more reused dependencies)
      +- run exe generate-parser (parser.zig) (+1 more reused dependencies)
      +- run exe generate-parser (parser.zig) (+1 more reused dependencies)
      +- run exe generate-parser (parser.zig) (+1 more reused dependencies)
      +- run exe generate-parser (parser.zig) (+1 more reused dependencies)
      +- run exe generate-parser (parser.zig) (+1 more reused dependencies)
      +- run exe generate-parser (parser.zig) (+1 more reused dependencies)

