1/18 root.test.empty reduce never calls subject...OK
2/18 root.test.zero arm calls subject once and keeps original alias...OK
3/18 root.test.first update observes old accumulator...OK
4/18 root.test.fallback and spread updates have distinct results...OK
5/18 root.test.mixed subjects preserve exact call order and values...OK
6/18 root.test.all zero subjects suppress patterns and values...OK
7/18 root.test.effectful match allocation remains bounded as source grows...OK
8/18 root.test.bounded effectful match does not require in place resize...OK
9/18 root.test.mixed effectful branches release all failed allocations...OK
10/18 root.test.unchanged effectful branches release all failed allocations...OK
11/18 failure.test.subject failure stops exactly at each invocation and recovers...OK
12/18 failure.test.pattern failure stops before amount and recovers...OK
13/18 failure.test.amount failure stops before later subjects and recovers...OK
14/18 failure.test.selected zero arm suppresses failing pattern...OK
15/18 failure.test.selected zero arm suppresses failing update value...OK
16/18 failure.test.subject error and recovery release failed allocations...OK
17/18 failure.test.pattern error and recovery release failed allocations...OK
18/18 failure.test.amount error and recovery release failed allocations...OK
All 18 tests passed.
✔ effectful object reduction match ./tests/collections/object_reduce/effects/root.zig (debug) (1664.956528ms)
ℹ tests 1
ℹ suites 0
ℹ pass 1
ℹ fail 0
ℹ cancelled 0
ℹ skipped 0
ℹ todo 0
ℹ duration_ms 1668.563034
1/18 root.test.empty reduce never calls subject...OK
2/18 root.test.zero arm calls subject once and keeps original alias...OK
3/18 root.test.first update observes old accumulator...OK
4/18 root.test.fallback and spread updates have distinct results...OK
5/18 root.test.mixed subjects preserve exact call order and values...OK
6/18 root.test.all zero subjects suppress patterns and values...OK
7/18 root.test.effectful match allocation remains bounded as source grows...OK
8/18 root.test.bounded effectful match does not require in place resize...OK
9/18 root.test.mixed effectful branches release all failed allocations...OK
10/18 root.test.unchanged effectful branches release all failed allocations...OK
11/18 failure.test.subject failure stops exactly at each invocation and recovers...OK
12/18 failure.test.pattern failure stops before amount and recovers...OK
13/18 failure.test.amount failure stops before later subjects and recovers...OK
14/18 failure.test.selected zero arm suppresses failing pattern...OK
15/18 failure.test.selected zero arm suppresses failing update value...OK
16/18 failure.test.subject error and recovery release failed allocations...OK
17/18 failure.test.pattern error and recovery release failed allocations...OK
18/18 failure.test.amount error and recovery release failed allocations...OK
All 18 tests passed.
✔ effectful object reduction match ./tests/collections/object_reduce/effects/root.zig (debug) (1638.780695ms)
ℹ tests 1
ℹ suites 0
ℹ pass 1
ℹ fail 0
ℹ cancelled 0
ℹ skipped 0
ℹ todo 0
ℹ duration_ms 1642.533055
Build Summary: 245/245 steps succeeded; 850/850 tests passed
test-decimal-original success
+- run test decimal-original 403 pass (403 total) 6ms MaxRSS:1M
   +- compile test decimal-original debug native success 1s MaxRSS:284M
      +- run node (cases.zig) success 85ms
      +- run exe zxc (program.zig) success 185ms
         +- compile exe zxc debug native success 25s MaxRSS:3G
            +- WriteFile cached
            +- compile lib yaml debug native cached 41ms MaxRSS:20M
            +- compile lib yaml debug native (reused)
            +- translate-c cached 44ms MaxRSS:20M
            +- options cached
            +- run exe bundle-zig (bundle) success 6s
            |  +- compile exe bundle-zig fast native cached 27s MaxRSS:21M
            |  +- WriteFile bundle_manifest.json cached
            +- options cached
            +- run exe generate-parser (parser.zig) success 1m
            |  +- compile exe generate-parser debug native cached 6s MaxRSS:21M
            |     +- options cached
            |     +- WriteFile interfaces/0.d.zx cached
            |     |  +- run exe standard-catalog (catalog.zig) cached
            |     |     +- compile exe standard-catalog fast native cached 49ms MaxRSS:21M
            |     |     +- WriteFile catalog.json cached
            |     +- options cached
            +- run exe generate-parser (parser.zig) (+1 more reused dependencies)
            +- run exe generate-parser (parser.zig) (+1 more reused dependencies)
            +- run exe generate-parser (parser.zig) (+1 more reused dependencies)
            +- run exe generate-parser (parser.zig) (+1 more reused dependencies)
            +- run exe generate-parser (parser.zig) (+1 more reused dependencies)
            +- run exe generate-parser (parser.zig) (+1 more reused dependencies)
            +- WriteFile interfaces/0.d.zx cached
            |  +- run exe standard-catalog (catalog.zig) cached
            |     +- compile exe standard-catalog fast native cached 57ms MaxRSS:21M
            |     +- WriteFile catalog.json cached
            +- options cached
            +- run exe generate-parser (parser.zig) (+1 more reused dependencies)
            +- run exe generate-parser (parser.zig) (+1 more reused dependencies)
            +- run exe generate-parser (parser.zig) (+1 more reused dependencies)
            +- run exe generate-parser (parser.zig) (+1 more reused dependencies)
            +- run exe generate-parser (parser.zig) (+1 more reused dependencies)
            +- run exe generate-parser (parser.zig) (+1 more reused dependencies)
            +- run exe generate-parser (parser.zig) (+1 more reused dependencies)
            +- run exe generate-parser (parser.zig) (+1 more reused dependencies)
            +- run exe generate-parser (parser.zig) (+1 more reused dependencies)
            +- run exe generate-parser (parser.zig) (+1 more reused dependencies)
            +- run exe generate-parser (parser.zig) (+1 more reused dependencies)
            +- run exe generate-parser (parser.zig) (+1 more reused dependencies)
            +- run exe generate-parser (parser.zig) (+1 more reused dependencies)
            +- run exe generate-parser (parser.zig) (+1 more reused dependencies)
            +- run exe generate-parser (parser.zig) (+1 more reused dependencies)
            +- run exe generate-parser (parser.zig) (+1 more reused dependencies)
            +- run exe generate-parser (parser.zig) (+1 more reused dependencies)
            +- run exe generate-parser (parser.zig) (+1 more reused dependencies)
            +- run exe generate-parser (parser.zig) (+1 more reused dependencies)
            +- run exe generate-parser (parser.zig) (+1 more reused dependencies)
            +- run exe generate-parser (parser.zig) (+1 more reused dependencies)
            +- run exe generate-parser (parser.zig) (+1 more reused dependencies)
            +- run exe generate-parser (parser.zig) (+1 more reused dependencies)
            +- run exe generate-parser (parser.zig) (+1 more reused dependencies)
            +- run exe generate-parser (parser.zig) (+1 more reused dependencies)
            +- run exe generate-parser (parser.zig) (+1 more reused dependencies)
            +- run exe generate-parser (parser.zig) (+1 more reused dependencies)
            +- run exe generate-parser (parser.zig) (+1 more reused dependencies)
            +- run exe generate-parser (parser.zig) (+1 more reused dependencies)
            +- run exe generate-parser (parser.zig) (+1 more reused dependencies)
            +- run exe generate-parser (parser.zig) (+1 more reused dependencies)
            +- run exe generate-parser (parser.zig) (+1 more reused dependencies)
            +- run exe generate-parser (parser.zig) (+1 more reused dependencies)
            +- run exe generate-parser (parser.zig) (+1 more reused dependencies)
            +- run exe generate-parser (parser.zig) (+1 more reused dependencies)
            +- run exe generate-parser (parser.zig) (+1 more reused dependencies)
            +- run exe generate-parser (parser.zig) (+1 more reused dependencies)
            +- run exe generate-lexer (lexer.zig) success 163ms
            |  +- compile exe generate-lexer debug native cached 5s MaxRSS:21M
            |     +- WriteFile interfaces/0.d.zx cached
            |     |  +- run exe standard-catalog (catalog.zig) cached
            |     |     +- compile exe standard-catalog fast native cached 70ms MaxRSS:21M
            |     |     +- WriteFile catalog.json cached
            |     +- options cached
            +- run exe generate-parser (parser.zig) (+1 more reused dependencies)
            +- run exe generate-parser (parser.zig) (+1 more reused dependencies)
            +- run exe generate-parser (parser.zig) (+1 more reused dependencies)
            +- run exe generate-parser (parser.zig) (+1 more reused dependencies)
            +- run exe generate-parser (parser.zig) (+1 more reused dependencies)
            +- run exe generate-parser (parser.zig) (+1 more reused dependencies)
            +- run exe generate-parser (parser.zig) (+1 more reused dependencies)
            +- run exe generate-parser (parser.zig) (+1 more reused dependencies)
            +- run exe generate-parser (parser.zig) (+1 more reused dependencies)
            +- run exe generate-parser (parser.zig) (+1 more reused dependencies)
            +- run exe generate-parser (parser.zig) (+1 more reused dependencies)
            +- run exe generate-parser (parser.zig) (+1 more reused dependencies)
            +- run exe generate-parser (parser.zig) (+1 more reused dependencies)
            +- run exe generate-parser (parser.zig) (+1 more reused dependencies)
            +- run exe generate-parser (parser.zig) (+1 more reused dependencies)
            +- run exe generate-parser (parser.zig) (+1 more reused dependencies)
            +- run exe generate-parser (parser.zig) (+1 more reused dependencies)
            +- run exe generate-parser (parser.zig) (+1 more reused dependencies)
            +- run exe generate-parser (parser.zig) (+1 more reused dependencies)
            +- run exe generate-parser (parser.zig) (+1 more reused dependencies)
            +- run exe generate-parser (parser.zig) (+1 more reused dependencies)
            +- run exe generate-parser (parser.zig) (+1 more reused dependencies)
            +- run exe generate-parser (parser.zig) (+1 more reused dependencies)
            +- run exe generate-parser (parser.zig) (+1 more reused dependencies)
            +- run exe generate-parser (parser.zig) (+1 more reused dependencies)
            +- run exe generate-parser (parser.zig) (+1 more reused dependencies)
            +- run exe generate-parser (parser.zig) (+1 more reused dependencies)
            +- run exe generate-parser (parser.zig) (+1 more reused dependencies)
            +- run exe generate-parser (parser.zig) (+1 more reused dependencies)
            +- run exe generate-parser (parser.zig) (+1 more reused dependencies)
test-scanner-metadata success
+- run test 3 pass (3 total) 99ms MaxRSS:1M
|  +- compile test debug native success 1s MaxRSS:291M
|     +- run exe generate-lexer (lexer.zig) (+1 more reused dependencies)
+- run test 4 pass (4 total) 40ms MaxRSS:1M
|  +- compile test debug native success 1s MaxRSS:294M
|     +- run exe generate-lexer (lexer.zig) (+1 more reused dependencies)
+- run test 1 pass (1 total) 61ms MaxRSS:1M
|  +- compile test debug native success 1s MaxRSS:281M
|     +- run exe generate-lexer (lexer.zig) (+1 more reused dependencies)
+- run test 1 pass (1 total) 17ms MaxRSS:1M
|  +- compile test debug native success 1s MaxRSS:295M
|     +- run exe generate-lexer (lexer.zig) (+1 more reused dependencies)
+- run test 2 pass (2 total) 2ms MaxRSS:1M
   +- compile test debug native success 1s MaxRSS:282M
      +- run exe generate-lexer (lexer.zig) (+1 more reused dependencies)
test-iterate-buffer success
+- run test 6 pass (6 total) 3ms MaxRSS:1M
|  +- compile test debug native success 1s MaxRSS:262M
|     +- run exe zxc (program.zig) success 15ms
|     |  +- compile exe zxc debug native (+84 more reused dependencies)
|     +- options cached
+- run test 6 pass (6 total) 3ms MaxRSS:2M
|  +- compile test debug native success 1s MaxRSS:264M
|     +- run exe zxc (program.zig) success 16ms
|     |  +- compile exe zxc debug native (+84 more reused dependencies)
|     +- options cached
+- run test 6 pass (6 total) 2ms MaxRSS:1M
|  +- compile test debug native success 1s MaxRSS:271M
|     +- run exe zxc (program.zig) success 19ms
|     |  +- compile exe zxc debug native (+84 more reused dependencies)
|     +- options cached
+- run test 6 pass (6 total) 2ms MaxRSS:1M
|  +- compile test debug native success 1s MaxRSS:257M
|     +- run exe zxc (program.zig) success 13ms
|     |  +- compile exe zxc debug native (+84 more reused dependencies)
|     +- options cached
+- run test 6 pass (6 total) 3ms MaxRSS:2M
|  +- compile test debug native success 1s MaxRSS:265M
|     +- run exe zxc (program.zig) success 17ms
|     |  +- compile exe zxc debug native (+84 more reused dependencies)
|     +- options cached
+- run test 6 pass (6 total) 3ms MaxRSS:2M
|  +- compile test debug native success 1s MaxRSS:252M
|     +- run exe zxc (program.zig) success 17ms
|     |  +- compile exe zxc debug native (+84 more reused dependencies)
|     +- options cached
+- run test 6 pass (6 total) 3ms MaxRSS:1M
|  +- compile test debug native success 1s MaxRSS:268M
|     +- run exe zxc (program.zig) success 17ms
|     |  +- compile exe zxc debug native (+84 more reused dependencies)
|     +- options cached
+- run test 6 pass (6 total) 3ms MaxRSS:1M
|  +- compile test debug native success 1s MaxRSS:272M
|     +- run exe zxc (program.zig) success 19ms
|     |  +- compile exe zxc debug native (+84 more reused dependencies)
|     +- options cached
+- run test 6 pass (6 total) 3ms MaxRSS:1M
|  +- compile test debug native success 1s MaxRSS:274M
|     +- run exe zxc (program.zig) success 20ms
|     |  +- compile exe zxc debug native (+84 more reused dependencies)
|     +- options cached
+- run test 6 pass (6 total) 2ms MaxRSS:1M
|  +- compile test debug native success 1s MaxRSS:264M
|     +- run exe zxc (program.zig) success 18ms
|     |  +- compile exe zxc debug native (+84 more reused dependencies)
|     +- options cached
+- run test 6 pass (6 total) 2ms MaxRSS:1M
   +- compile test debug native success 1s MaxRSS:270M
      +- run exe zxc (program.zig) success 17ms
      |  +- compile exe zxc debug native (+84 more reused dependencies)
      +- options cached
test-modular-loop success
+- run test modular-loop-simple-source 6 pass (6 total) 4ms MaxRSS:1M
|  +- compile test modular-loop-simple-source debug native success 1s MaxRSS:271M
|     +- run exe compile-modular-loop (source.zig) success 38ms
|     |  +- compile exe compile-modular-loop debug native success 14s MaxRSS:1G
|     |     +- WriteFile interfaces/0.d.zx (+1 more reused dependencies)
|     |     +- options (reused)
|     |     +- run exe generate-parser (parser.zig) (+1 more reused dependencies)
|     |     +- run exe generate-parser (parser.zig) (+1 more reused dependencies)
|     |     +- run exe generate-parser (parser.zig) (+1 more reused dependencies)
|     |     +- run exe generate-parser (parser.zig) (+1 more reused dependencies)
|     |     +- run exe generate-parser (parser.zig) (+1 more reused dependencies)
|     |     +- run exe generate-parser (parser.zig) (+1 more reused dependencies)
|     |     +- run exe generate-parser (parser.zig) (+1 more reused dependencies)
|     |     +- run exe generate-parser (parser.zig) (+1 more reused dependencies)
|     |     +- run exe generate-parser (parser.zig) (+1 more reused dependencies)
|     |     +- run exe generate-parser (parser.zig) (+1 more reused dependencies)
|     |     +- run exe generate-parser (parser.zig) (+1 more reused dependencies)
|     |     +- run exe generate-parser (parser.zig) (+1 more reused dependencies)
|     |     +- run exe generate-parser (parser.zig) (+1 more reused dependencies)
|     |     +- run exe generate-parser (parser.zig) (+1 more reused dependencies)
|     |     +- run exe generate-parser (parser.zig) (+1 more reused dependencies)
|     |     +- run exe generate-parser (parser.zig) (+1 more reused dependencies)
|     |     +- run exe generate-parser (parser.zig) (+1 more reused dependencies)
|     |     +- run exe generate-parser (parser.zig) (+1 more reused dependencies)
|     |     +- run exe generate-parser (parser.zig) (+1 more reused dependencies)
|     |     +- run exe generate-parser (parser.zig) (+1 more reused dependencies)
|     |     +- run exe generate-parser (parser.zig) (+1 more reused dependencies)
|     |     +- run exe generate-parser (parser.zig) (+1 more reused dependencies)
|     |     +- run exe generate-parser (parser.zig) (+1 more reused dependencies)
|     |     +- run exe generate-parser (parser.zig) (+1 more reused dependencies)
|     |     +- run exe generate-parser (parser.zig) (+1 more reused dependencies)
|     |     +- run exe generate-parser (parser.zig) (+1 more reused dependencies)
|     |     +- run exe generate-parser (parser.zig) (+1 more reused dependencies)
|     |     +- run exe generate-parser (parser.zig) (+1 more reused dependencies)
|     |     +- run exe generate-parser (parser.zig) (+1 more reused dependencies)
|     |     +- run exe generate-parser (parser.zig) (+1 more reused dependencies)
|     |     +- run exe generate-parser (parser.zig) (+1 more reused dependencies)
|     |     +- run exe generate-parser (parser.zig) (+1 more reused dependencies)
|     |     +- run exe generate-parser (parser.zig) (+1 more reused dependencies)
|     |     +- run exe generate-parser (parser.zig) (+1 more reused dependencies)
|     |     +- run exe generate-parser (parser.zig) (+1 more reused dependencies)
|     |     +- run exe generate-parser (parser.zig) (+1 more reused dependencies)
|     |     +- run exe generate-lexer (lexer.zig) (+1 more reused dependencies)
|     |     +- run exe generate-parser (parser.zig) (+1 more reused dependencies)
|     |     +- run exe generate-parser (parser.zig) (+1 more reused dependencies)
|     |     +- run exe generate-parser (parser.zig) (+1 more reused dependencies)
|     |     +- run exe generate-parser (parser.zig) (+1 more reused dependencies)
|     |     +- run exe generate-parser (parser.zig) (+1 more reused dependencies)
|     |     +- run exe generate-parser (parser.zig) (+1 more reused dependencies)
|     |     +- run exe generate-parser (parser.zig) (+1 more reused dependencies)
|     |     +- run exe generate-parser (parser.zig) (+1 more reused dependencies)
|     |     +- run exe generate-parser (parser.zig) (+1 more reused dependencies)
|     |     +- run exe generate-parser (parser.zig) (+1 more reused dependencies)
|     |     +- run exe generate-parser (parser.zig) (+1 more reused dependencies)
|     |     +- run exe generate-parser (parser.zig) (+1 more reused dependencies)
|     |     +- run exe generate-parser (parser.zig) (+1 more reused dependencies)
|     |     +- run exe generate-parser (parser.zig) (+1 more reused dependencies)
|     |     +- run exe generate-parser (parser.zig) (+1 more reused dependencies)
|     |     +- run exe generate-parser (parser.zig) (+1 more reused dependencies)
|     |     +- run exe generate-parser (parser.zig) (+1 more reused dependencies)
|     |     +- run exe generate-parser (parser.zig) (+1 more reused dependencies)
|     |     +- run exe generate-parser (parser.zig) (+1 more reused dependencies)
|     |     +- run exe generate-parser (parser.zig) (+1 more reused dependencies)
|     |     +- run exe generate-parser (parser.zig) (+1 more reused dependencies)
|     |     +- run exe generate-parser (parser.zig) (+1 more reused dependencies)
|     |     +- run exe generate-parser (parser.zig) (+1 more reused dependencies)
|     |     +- run exe generate-parser (parser.zig) (+1 more reused dependencies)
|     |     +- run exe generate-parser (parser.zig) (+1 more reused dependencies)
|     |     +- run exe generate-parser (parser.zig) (+1 more reused dependencies)
|     |     +- run exe generate-parser (parser.zig) (+1 more reused dependencies)
|     |     +- run exe generate-parser (parser.zig) (+1 more reused dependencies)
|     |     +- run exe generate-parser (parser.zig) (+1 more reused dependencies)
|     |     +- run exe generate-parser (parser.zig) (+1 more reused dependencies)
|     |     +- run exe generate-parser (parser.zig) (+1 more reused dependencies)
|     +- options cached
|     +- run exe compile-modular-loop (source.zig) (+1 more reused dependencies)
+- run test modular-loop-simple-library 6 pass (6 total) 4ms MaxRSS:1M
|  +- compile test modular-loop-simple-library debug native success 1s MaxRSS:269M
|     +- run exe compile-modular-loop (source.zig) (+1 more reused dependencies)
|     +- options cached
|     +- run exe compile-modular-loop (source.zig) (+1 more reused dependencies)
+- run test modular-loop-branch-source 6 pass (6 total) 4ms MaxRSS:1M
|  +- compile test modular-loop-branch-source debug native success 1s MaxRSS:265M
|     +- run exe compile-modular-loop (source.zig) success 51ms
|     |  +- compile exe compile-modular-loop debug native (+70 more reused dependencies)
|     +- options cached
|     +- run exe compile-modular-loop (source.zig) (+1 more reused dependencies)
+- run test modular-loop-branch-library 6 pass (6 total) 4ms MaxRSS:1M
|  +- compile test modular-loop-branch-library debug native success 1s MaxRSS:273M
|     +- run exe compile-modular-loop (source.zig) (+1 more reused dependencies)
|     +- options cached
|     +- run exe compile-modular-loop (source.zig) (+1 more reused dependencies)
+- run test modular-loop-switch-source 6 pass (6 total) 4ms MaxRSS:1M
|  +- compile test modular-loop-switch-source debug native success 1s MaxRSS:267M
|     +- run exe compile-modular-loop (source.zig) success 60ms
|     |  +- compile exe compile-modular-loop debug native (+70 more reused dependencies)
|     +- options cached
|     +- run exe compile-modular-loop (source.zig) (+1 more reused dependencies)
+- run test modular-loop-switch-library 6 pass (6 total) 4ms MaxRSS:1M
|  +- compile test modular-loop-switch-library debug native success 1s MaxRSS:265M
|     +- run exe compile-modular-loop (source.zig) (+1 more reused dependencies)
|     +- options cached
|     +- run exe compile-modular-loop (source.zig) (+1 more reused dependencies)
+- run test modular-loop-chain-source 6 pass (6 total) 4ms MaxRSS:1M
|  +- compile test modular-loop-chain-source debug native success 1s MaxRSS:269M
|     +- run exe compile-modular-loop (source.zig) success 38ms
|     |  +- compile exe compile-modular-loop debug native (+70 more reused dependencies)
|     +- options cached
|     +- run exe compile-modular-loop (source.zig) (+1 more reused dependencies)
+- run test modular-loop-chain-library 6 pass (6 total) 4ms MaxRSS:1M
|  +- compile test modular-loop-chain-library debug native success 1s MaxRSS:268M
|     +- run exe compile-modular-loop (source.zig) (+1 more reused dependencies)
|     +- options cached
|     +- run exe compile-modular-loop (source.zig) (+1 more reused dependencies)
+- run test modular-loop-bounds-source 7 pass (7 total) 5ms MaxRSS:1M
|  +- compile test modular-loop-bounds-source debug native success 1s MaxRSS:267M
|     +- run exe compile-modular-loop (source.zig) success 39ms
|     |  +- compile exe compile-modular-loop debug native (+70 more reused dependencies)
|     +- options cached
|     +- run exe compile-modular-loop (source.zig) (+1 more reused dependencies)
+- run test modular-loop-bounds-library 7 pass (7 total) 5ms MaxRSS:1M
|  +- compile test modular-loop-bounds-library debug native success 1s MaxRSS:265M
|     +- run exe compile-modular-loop (source.zig) (+1 more reused dependencies)
|     +- options cached
|     +- run exe compile-modular-loop (source.zig) (+1 more reused dependencies)
+- run test modular-loop-effects-source 11 pass (11 total) 6ms MaxRSS:1M
|  +- compile test modular-loop-effects-source debug native success 1s MaxRSS:268M
|     +- run exe compile-modular-loop (source.zig) success 50ms
|     |  +- compile exe compile-modular-loop debug native (+70 more reused dependencies)
|     +- options cached
|     +- run exe compile-modular-loop (source.zig) (+1 more reused dependencies)
+- run test modular-loop-effects-library 11 pass (11 total) 6ms MaxRSS:1M
|  +- compile test modular-loop-effects-library debug native success 1s MaxRSS:273M
|     +- run exe compile-modular-loop (source.zig) (+1 more reused dependencies)
|     +- options cached
|     +- run exe compile-modular-loop (source.zig) (+1 more reused dependencies)
+- run test modular-loop-nested-source 6 pass (6 total) 5ms MaxRSS:1M
|  +- compile test modular-loop-nested-source debug native success 1s MaxRSS:273M
|     +- run exe compile-modular-loop (source.zig) success 38ms
|     |  +- compile exe compile-modular-loop debug native (+70 more reused dependencies)
|     +- options cached
|     +- run exe compile-modular-loop (source.zig) (+1 more reused dependencies)
+- run test modular-loop-nested-library 6 pass (6 total) 5ms MaxRSS:1M
|  +- compile test modular-loop-nested-library debug native success 1s MaxRSS:269M
|     +- run exe compile-modular-loop (source.zig) (+1 more reused dependencies)
|     +- options cached
|     +- run exe compile-modular-loop (source.zig) (+1 more reused dependencies)
+- run test modular-loop-escaping-source 6 pass (6 total) 5ms MaxRSS:1M
|  +- compile test modular-loop-escaping-source debug native success 1s MaxRSS:268M
|     +- run exe compile-modular-loop (source.zig) success 37ms
|     |  +- compile exe compile-modular-loop debug native (+70 more reused dependencies)
|     +- options cached
|     +- run exe compile-modular-loop (source.zig) (+1 more reused dependencies)
+- run test modular-loop-escaping-library 6 pass (6 total) 5ms MaxRSS:1M
|  +- compile test modular-loop-escaping-library debug native success 1s MaxRSS:272M
|     +- run exe compile-modular-loop (source.zig) (+1 more reused dependencies)
|     +- options cached
|     +- run exe compile-modular-loop (source.zig) (+1 more reused dependencies)
+- run test modular-loop-changed-source 6 pass (6 total) 4ms MaxRSS:1M
|  +- compile test modular-loop-changed-source debug native success 1s MaxRSS:274M
|     +- run exe compile-modular-loop (source.zig) success 37ms
|     |  +- compile exe compile-modular-loop debug native (+70 more reused dependencies)
|     +- options cached
|     +- run exe compile-modular-loop (source.zig) (+1 more reused dependencies)
+- run test modular-loop-changed-library 6 pass (6 total) 4ms MaxRSS:1M
|  +- compile test modular-loop-changed-library debug native success 1s MaxRSS:268M
|     +- run exe compile-modular-loop (source.zig) (+1 more reused dependencies)
|     +- options cached
|     +- run exe compile-modular-loop (source.zig) (+1 more reused dependencies)
+- run test modular-loop-generation 3 pass (3 total) 3s MaxRSS:16M
   +- compile test modular-loop-generation debug native success 14s MaxRSS:1G
      +- WriteFile interfaces/0.d.zx (+1 more reused dependencies)
      +- options (reused)
      +- run exe generate-parser (parser.zig) (+1 more reused dependencies)
      +- run exe generate-parser (parser.zig) (+1 more reused dependencies)
      +- run exe generate-parser (parser.zig) (+1 more reused dependencies)
      +- run exe generate-parser (parser.zig) (+1 more reused dependencies)
      +- run exe generate-parser (parser.zig) (+1 more reused dependencies)
      +- run exe generate-parser (parser.zig) (+1 more reused dependencies)
      +- run exe generate-parser (parser.zig) (+1 more reused dependencies)
      +- run exe generate-parser (parser.zig) (+1 more reused dependencies)
      +- run exe generate-parser (parser.zig) (+1 more reused dependencies)
      +- run exe generate-parser (parser.zig) (+1 more reused dependencies)
      +- run exe generate-parser (parser.zig) (+1 more reused dependencies)
      +- run exe generate-parser (parser.zig) (+1 more reused dependencies)
      +- run exe generate-parser (parser.zig) (+1 more reused dependencies)
      +- run exe generate-parser (parser.zig) (+1 more reused dependencies)
      +- run exe generate-parser (parser.zig) (+1 more reused dependencies)
      +- run exe generate-parser (parser.zig) (+1 more reused dependencies)
      +- run exe generate-parser (parser.zig) (+1 more reused dependencies)
      +- run exe generate-parser (parser.zig) (+1 more reused dependencies)
      +- run exe generate-parser (parser.zig) (+1 more reused dependencies)
      +- run exe generate-parser (parser.zig) (+1 more reused dependencies)
      +- run exe generate-parser (parser.zig) (+1 more reused dependencies)
      +- run exe generate-parser (parser.zig) (+1 more reused dependencies)
      +- run exe generate-parser (parser.zig) (+1 more reused dependencies)
      +- run exe generate-parser (parser.zig) (+1 more reused dependencies)
      +- run exe generate-parser (parser.zig) (+1 more reused dependencies)
      +- run exe generate-parser (parser.zig) (+1 more reused dependencies)
      +- run exe generate-parser (parser.zig) (+1 more reused dependencies)
      +- run exe generate-parser (parser.zig) (+1 more reused dependencies)
      +- run exe generate-parser (parser.zig) (+1 more reused dependencies)
      +- run exe generate-parser (parser.zig) (+1 more reused dependencies)
      +- run exe generate-parser (parser.zig) (+1 more reused dependencies)
      +- run exe generate-parser (parser.zig) (+1 more reused dependencies)
      +- run exe generate-parser (parser.zig) (+1 more reused dependencies)
      +- run exe generate-parser (parser.zig) (+1 more reused dependencies)
      +- run exe generate-parser (parser.zig) (+1 more reused dependencies)
      +- run exe generate-parser (parser.zig) (+1 more reused dependencies)
      +- run exe generate-lexer (lexer.zig) (+1 more reused dependencies)
      +- run exe generate-parser (parser.zig) (+1 more reused dependencies)
      +- run exe generate-parser (parser.zig) (+1 more reused dependencies)
      +- run exe generate-parser (parser.zig) (+1 more reused dependencies)
      +- run exe generate-parser (parser.zig) (+1 more reused dependencies)
      +- run exe generate-parser (parser.zig) (+1 more reused dependencies)
      +- run exe generate-parser (parser.zig) (+1 more reused dependencies)
      +- run exe generate-parser (parser.zig) (+1 more reused dependencies)
      +- run exe generate-parser (parser.zig) (+1 more reused dependencies)
      +- run exe generate-parser (parser.zig) (+1 more reused dependencies)
      +- run exe generate-parser (parser.zig) (+1 more reused dependencies)
      +- run exe generate-parser (parser.zig) (+1 more reused dependencies)
      +- run exe generate-parser (parser.zig) (+1 more reused dependencies)
      +- run exe generate-parser (parser.zig) (+1 more reused dependencies)
      +- run exe generate-parser (parser.zig) (+1 more reused dependencies)
      +- run exe generate-parser (parser.zig) (+1 more reused dependencies)
      +- run exe generate-parser (parser.zig) (+1 more reused dependencies)
      +- run exe generate-parser (parser.zig) (+1 more reused dependencies)
      +- run exe generate-parser (parser.zig) (+1 more reused dependencies)
      +- run exe generate-parser (parser.zig) (+1 more reused dependencies)
      +- run exe generate-parser (parser.zig) (+1 more reused dependencies)
      +- run exe generate-parser (parser.zig) (+1 more reused dependencies)
      +- run exe generate-parser (parser.zig) (+1 more reused dependencies)
      +- run exe generate-parser (parser.zig) (+1 more reused dependencies)
      +- run exe generate-parser (parser.zig) (+1 more reused dependencies)
      +- run exe generate-parser (parser.zig) (+1 more reused dependencies)
      +- run exe generate-parser (parser.zig) (+1 more reused dependencies)
      +- run exe generate-parser (parser.zig) (+1 more reused dependencies)
      +- run exe generate-parser (parser.zig) (+1 more reused dependencies)
      +- run exe generate-parser (parser.zig) (+1 more reused dependencies)
      +- run exe generate-parser (parser.zig) (+1 more reused dependencies)
      +- run exe generate-parser (parser.zig) (+1 more reused dependencies)
test-object-reduce success
+- run test object-reduce-plain-source 10 pass (10 total) 4ms MaxRSS:1M
|  +- compile test object-reduce-plain-source debug native success 1s MaxRSS:265M
|     +- run exe compile-object-reduce (source.zig) success 15ms
|     |  +- compile exe compile-object-reduce debug native success 15s MaxRSS:1G
|     |     +- WriteFile interfaces/0.d.zx (+1 more reused dependencies)
|     |     +- options (reused)
|     |     +- run exe generate-parser (parser.zig) (+1 more reused dependencies)
|     |     +- run exe generate-parser (parser.zig) (+1 more reused dependencies)
|     |     +- run exe generate-parser (parser.zig) (+1 more reused dependencies)
|     |     +- run exe generate-parser (parser.zig) (+1 more reused dependencies)
|     |     +- run exe generate-parser (parser.zig) (+1 more reused dependencies)
|     |     +- run exe generate-parser (parser.zig) (+1 more reused dependencies)
|     |     +- run exe generate-parser (parser.zig) (+1 more reused dependencies)
|     |     +- run exe generate-parser (parser.zig) (+1 more reused dependencies)
|     |     +- run exe generate-parser (parser.zig) (+1 more reused dependencies)
|     |     +- run exe generate-parser (parser.zig) (+1 more reused dependencies)
|     |     +- run exe generate-parser (parser.zig) (+1 more reused dependencies)
|     |     +- run exe generate-parser (parser.zig) (+1 more reused dependencies)
|     |     +- run exe generate-parser (parser.zig) (+1 more reused dependencies)
|     |     +- run exe generate-parser (parser.zig) (+1 more reused dependencies)
|     |     +- run exe generate-parser (parser.zig) (+1 more reused dependencies)
|     |     +- run exe generate-parser (parser.zig) (+1 more reused dependencies)
|     |     +- run exe generate-parser (parser.zig) (+1 more reused dependencies)
|     |     +- run exe generate-parser (parser.zig) (+1 more reused dependencies)
|     |     +- run exe generate-parser (parser.zig) (+1 more reused dependencies)
|     |     +- run exe generate-parser (parser.zig) (+1 more reused dependencies)
|     |     +- run exe generate-parser (parser.zig) (+1 more reused dependencies)
|     |     +- run exe generate-parser (parser.zig) (+1 more reused dependencies)
|     |     +- run exe generate-parser (parser.zig) (+1 more reused dependencies)
|     |     +- run exe generate-parser (parser.zig) (+1 more reused dependencies)
|     |     +- run exe generate-parser (parser.zig) (+1 more reused dependencies)
|     |     +- run exe generate-parser (parser.zig) (+1 more reused dependencies)
|     |     +- run exe generate-parser (parser.zig) (+1 more reused dependencies)
|     |     +- run exe generate-parser (parser.zig) (+1 more reused dependencies)
|     |     +- run exe generate-parser (parser.zig) (+1 more reused dependencies)
|     |     +- run exe generate-parser (parser.zig) (+1 more reused dependencies)
|     |     +- run exe generate-parser (parser.zig) (+1 more reused dependencies)
|     |     +- run exe generate-parser (parser.zig) (+1 more reused dependencies)
|     |     +- run exe generate-parser (parser.zig) (+1 more reused dependencies)
|     |     +- run exe generate-parser (parser.zig) (+1 more reused dependencies)
|     |     +- run exe generate-parser (parser.zig) (+1 more reused dependencies)
|     |     +- run exe generate-parser (parser.zig) (+1 more reused dependencies)
|     |     +- run exe generate-lexer (lexer.zig) (+1 more reused dependencies)
|     |     +- run exe generate-parser (parser.zig) (+1 more reused dependencies)
|     |     +- run exe generate-parser (parser.zig) (+1 more reused dependencies)
|     |     +- run exe generate-parser (parser.zig) (+1 more reused dependencies)
|     |     +- run exe generate-parser (parser.zig) (+1 more reused dependencies)
|     |     +- run exe generate-parser (parser.zig) (+1 more reused dependencies)
|     |     +- run exe generate-parser (parser.zig) (+1 more reused dependencies)
|     |     +- run exe generate-parser (parser.zig) (+1 more reused dependencies)
|     |     +- run exe generate-parser (parser.zig) (+1 more reused dependencies)
|     |     +- run exe generate-parser (parser.zig) (+1 more reused dependencies)
|     |     +- run exe generate-parser (parser.zig) (+1 more reused dependencies)
|     |     +- run exe generate-parser (parser.zig) (+1 more reused dependencies)
|     |     +- run exe generate-parser (parser.zig) (+1 more reused dependencies)
|     |     +- run exe generate-parser (parser.zig) (+1 more reused dependencies)
|     |     +- run exe generate-parser (parser.zig) (+1 more reused dependencies)
|     |     +- run exe generate-parser (parser.zig) (+1 more reused dependencies)
|     |     +- run exe generate-parser (parser.zig) (+1 more reused dependencies)
|     |     +- run exe generate-parser (parser.zig) (+1 more reused dependencies)
|     |     +- run exe generate-parser (parser.zig) (+1 more reused dependencies)
|     |     +- run exe generate-parser (parser.zig) (+1 more reused dependencies)
|     |     +- run exe generate-parser (parser.zig) (+1 more reused dependencies)
|     |     +- run exe generate-parser (parser.zig) (+1 more reused dependencies)
|     |     +- run exe generate-parser (parser.zig) (+1 more reused dependencies)
|     |     +- run exe generate-parser (parser.zig) (+1 more reused dependencies)
|     |     +- run exe generate-parser (parser.zig) (+1 more reused dependencies)
|     |     +- run exe generate-parser (parser.zig) (+1 more reused dependencies)
|     |     +- run exe generate-parser (parser.zig) (+1 more reused dependencies)
|     |     +- run exe generate-parser (parser.zig) (+1 more reused dependencies)
|     |     +- run exe generate-parser (parser.zig) (+1 more reused dependencies)
|     |     +- run exe generate-parser (parser.zig) (+1 more reused dependencies)
|     |     +- run exe generate-parser (parser.zig) (+1 more reused dependencies)
|     |     +- run exe generate-parser (parser.zig) (+1 more reused dependencies)
|     +- options success
|     +- run exe compile-object-reduce (source.zig) (+1 more reused dependencies)
+- run test object-reduce-plain-library 10 pass (10 total) 3ms MaxRSS:1M
|  +- compile test object-reduce-plain-library debug native success 1s MaxRSS:257M
|     +- run exe compile-object-reduce (source.zig) (+1 more reused dependencies)
|     +- options cached
|     +- run exe compile-object-reduce (source.zig) (+1 more reused dependencies)
+- run test object-reduce-spread-source 10 pass (10 total) 4ms MaxRSS:1M
|  +- compile test object-reduce-spread-source debug native success 1s MaxRSS:271M
|     +- run exe compile-object-reduce (source.zig) success 16ms
|     |  +- compile exe compile-object-reduce debug native (+70 more reused dependencies)
|     +- options cached
|     +- run exe compile-object-reduce (source.zig) (+1 more reused dependencies)
+- run test object-reduce-spread-library 10 pass (10 total) 4ms MaxRSS:1M
|  +- compile test object-reduce-spread-library debug native success 1s MaxRSS:260M
|     +- run exe compile-object-reduce (source.zig) (+1 more reused dependencies)
|     +- options success
|     +- run exe compile-object-reduce (source.zig) (+1 more reused dependencies)
+- run test object-reduce-select-source 10 pass (10 total) 4ms MaxRSS:1M
|  +- compile test object-reduce-select-source debug native success 1s MaxRSS:273M
|     +- run exe compile-object-reduce (source.zig) success 16ms
|     |  +- compile exe compile-object-reduce debug native (+70 more reused dependencies)
|     +- options cached
|     +- run exe compile-object-reduce (source.zig) (+1 more reused dependencies)
+- run test object-reduce-select-library 10 pass (10 total) 4ms MaxRSS:1M
|  +- compile test object-reduce-select-library debug native success 1s MaxRSS:265M
|     +- run exe compile-object-reduce (source.zig) (+1 more reused dependencies)
|     +- options cached
|     +- run exe compile-object-reduce (source.zig) (+1 more reused dependencies)
+- run test object-reduce-nested-source 10 pass (10 total) 4ms MaxRSS:1M
|  +- compile test object-reduce-nested-source debug native success 1s MaxRSS:265M
|     +- run exe compile-object-reduce (source.zig) success 21ms
|     |  +- compile exe compile-object-reduce debug native (+70 more reused dependencies)
|     +- options cached
|     +- run exe compile-object-reduce (source.zig) (+1 more reused dependencies)
+- run test object-reduce-nested-library 10 pass (10 total) 3ms MaxRSS:1M
|  +- compile test object-reduce-nested-library debug native success 1s MaxRSS:265M
|     +- run exe compile-object-reduce (source.zig) (+1 more reused dependencies)
|     +- options success
|     +- run exe compile-object-reduce (source.zig) (+1 more reused dependencies)
+- run test object-reduce-subject-source 10 pass (10 total) 3ms MaxRSS:1M
|  +- compile test object-reduce-subject-source debug native success 1s MaxRSS:268M
|     +- run exe compile-object-reduce (source.zig) success 22ms
|     |  +- compile exe compile-object-reduce debug native (+70 more reused dependencies)
|     +- options success
|     +- run exe compile-object-reduce (source.zig) (+1 more reused dependencies)
+- run test object-reduce-subject-library 10 pass (10 total) 3ms MaxRSS:1M
|  +- compile test object-reduce-subject-library debug native success 1s MaxRSS:268M
|     +- run exe compile-object-reduce (source.zig) (+1 more reused dependencies)
|     +- options cached
|     +- run exe compile-object-reduce (source.zig) (+1 more reused dependencies)
+- run test object-reduce-field_call-source 10 pass (10 total) 4ms MaxRSS:1M
|  +- compile test object-reduce-field_call-source debug native success 1s MaxRSS:269M
|     +- run exe compile-object-reduce (source.zig) success 17ms
|     |  +- compile exe compile-object-reduce debug native (+70 more reused dependencies)
|     +- options cached
|     +- run exe compile-object-reduce (source.zig) (+1 more reused dependencies)
+- run test object-reduce-field_call-library 10 pass (10 total) 4ms MaxRSS:1M
|  +- compile test object-reduce-field_call-library debug native success 1s MaxRSS:263M
|     +- run exe compile-object-reduce (source.zig) (+1 more reused dependencies)
|     +- options success
|     +- run exe compile-object-reduce (source.zig) (+1 more reused dependencies)
+- run test object-reduce-escape_call-source 8 pass (8 total) 3ms MaxRSS:1M
|  +- compile test object-reduce-escape_call-source debug native success 1s MaxRSS:256M
|     +- run exe compile-object-reduce (source.zig) success 20ms
|     |  +- compile exe compile-object-reduce debug native (+70 more reused dependencies)
|     +- options success
|     +- run exe compile-object-reduce (source.zig) (+1 more reused dependencies)
+- run test object-reduce-escape_call-library 8 pass (8 total) 3ms MaxRSS:1M
|  +- compile test object-reduce-escape_call-library debug native success 1s MaxRSS:268M
|     +- run exe compile-object-reduce (source.zig) (+1 more reused dependencies)
|     +- options cached
|     +- run exe compile-object-reduce (source.zig) (+1 more reused dependencies)
+- run test object-reduce-root_call-source 8 pass (8 total) 3ms MaxRSS:1M
|  +- compile test object-reduce-root_call-source debug native success 1s MaxRSS:258M
|     +- run exe compile-object-reduce (source.zig) success 19ms
|     |  +- compile exe compile-object-reduce debug native (+70 more reused dependencies)
|     +- options success
|     +- run exe compile-object-reduce (source.zig) (+1 more reused dependencies)
+- run test object-reduce-root_call-library 8 pass (8 total) 2ms MaxRSS:1M
|  +- compile test object-reduce-root_call-library debug native success 1s MaxRSS:268M
|     +- run exe compile-object-reduce (source.zig) (+1 more reused dependencies)
|     +- options cached
|     +- run exe compile-object-reduce (source.zig) (+1 more reused dependencies)
+- run test object-reduce-nested_object-source 8 pass (8 total) 2ms MaxRSS:1M
|  +- compile test object-reduce-nested_object-source debug native success 1s MaxRSS:266M
|     +- run exe compile-object-reduce (source.zig) success 17ms
|     |  +- compile exe compile-object-reduce debug native (+70 more reused dependencies)
|     +- options cached
|     +- run exe compile-object-reduce (source.zig) (+1 more reused dependencies)
+- run test object-reduce-nested_object-library 8 pass (8 total) 2ms MaxRSS:1M
|  +- compile test object-reduce-nested_object-library debug native success 1s MaxRSS:265M
|     +- run exe compile-object-reduce (source.zig) (+1 more reused dependencies)
|     +- options success
|     +- run exe compile-object-reduce (source.zig) (+1 more reused dependencies)
+- run test object-reduce-checked-source 12 pass (12 total) 3ms MaxRSS:1M
|  +- compile test object-reduce-checked-source debug native success 1s MaxRSS:263M
|     +- run exe compile-object-reduce (source.zig) success 16ms
|     |  +- compile exe compile-object-reduce debug native (+70 more reused dependencies)
|     +- options success
|     +- run exe compile-object-reduce (source.zig) (+1 more reused dependencies)
+- run test object-reduce-checked-library 12 pass (12 total) 4ms MaxRSS:1M
|  +- compile test object-reduce-checked-library debug native success 1s MaxRSS:268M
|     +- run exe compile-object-reduce (source.zig) (+1 more reused dependencies)
|     +- options cached
|     +- run exe compile-object-reduce (source.zig) (+1 more reused dependencies)
+- run test object-reduce-initial_call-source 10 pass (10 total) 3ms MaxRSS:1M
|  +- compile test object-reduce-initial_call-source debug native success 1s MaxRSS:263M
|     +- run exe compile-object-reduce (source.zig) success 20ms
|     |  +- compile exe compile-object-reduce debug native (+70 more reused dependencies)
|     +- options success
|     +- run exe compile-object-reduce (source.zig) (+1 more reused dependencies)
+- run test object-reduce-initial_call-library 10 pass (10 total) 3ms MaxRSS:1M
|  +- compile test object-reduce-initial_call-library debug native success 1s MaxRSS:270M
|     +- run exe compile-object-reduce (source.zig) (+1 more reused dependencies)
|     +- options cached
|     +- run exe compile-object-reduce (source.zig) (+1 more reused dependencies)
+- test-object-reduce-effects success
   +- run node (object-reduce-effects-source) success 1s
   |  +- run exe compile-object-reduce-effects (source) success 13ms
   |     +- compile exe compile-object-reduce-effects debug native success 15s MaxRSS:1G
   |        +- WriteFile interfaces/0.d.zx (+1 more reused dependencies)
   |        +- options (reused)
   |        +- run exe generate-parser (parser.zig) (+1 more reused dependencies)
   |        +- run exe generate-parser (parser.zig) (+1 more reused dependencies)
   |        +- run exe generate-parser (parser.zig) (+1 more reused dependencies)
   |        +- run exe generate-parser (parser.zig) (+1 more reused dependencies)
   |        +- run exe generate-parser (parser.zig) (+1 more reused dependencies)
   |        +- run exe generate-parser (parser.zig) (+1 more reused dependencies)
   |        +- run exe generate-parser (parser.zig) (+1 more reused dependencies)
   |        +- run exe generate-parser (parser.zig) (+1 more reused dependencies)
   |        +- run exe generate-parser (parser.zig) (+1 more reused dependencies)
   |        +- run exe generate-parser (parser.zig) (+1 more reused dependencies)
   |        +- run exe generate-parser (parser.zig) (+1 more reused dependencies)
   |        +- run exe generate-parser (parser.zig) (+1 more reused dependencies)
   |        +- run exe generate-parser (parser.zig) (+1 more reused dependencies)
   |        +- run exe generate-parser (parser.zig) (+1 more reused dependencies)
   |        +- run exe generate-parser (parser.zig) (+1 more reused dependencies)
   |        +- run exe generate-parser (parser.zig) (+1 more reused dependencies)
   |        +- run exe generate-parser (parser.zig) (+1 more reused dependencies)
   |        +- run exe generate-parser (parser.zig) (+1 more reused dependencies)
   |        +- run exe generate-parser (parser.zig) (+1 more reused dependencies)
   |        +- run exe generate-parser (parser.zig) (+1 more reused dependencies)
   |        +- run exe generate-parser (parser.zig) (+1 more reused dependencies)
   |        +- run exe generate-parser (parser.zig) (+1 more reused dependencies)
   |        +- run exe generate-parser (parser.zig) (+1 more reused dependencies)
   |        +- run exe generate-parser (parser.zig) (+1 more reused dependencies)
   |        +- run exe generate-parser (parser.zig) (+1 more reused dependencies)
   |        +- run exe generate-parser (parser.zig) (+1 more reused dependencies)
   |        +- run exe generate-parser (parser.zig) (+1 more reused dependencies)
   |        +- run exe generate-parser (parser.zig) (+1 more reused dependencies)
   |        +- run exe generate-parser (parser.zig) (+1 more reused dependencies)
   |        +- run exe generate-parser (parser.zig) (+1 more reused dependencies)
   |        +- run exe generate-parser (parser.zig) (+1 more reused dependencies)
   |        +- run exe generate-parser (parser.zig) (+1 more reused dependencies)
   |        +- run exe generate-parser (parser.zig) (+1 more reused dependencies)
   |        +- run exe generate-parser (parser.zig) (+1 more reused dependencies)
   |        +- run exe generate-parser (parser.zig) (+1 more reused dependencies)
   |        +- run exe generate-parser (parser.zig) (+1 more reused dependencies)
   |        +- run exe generate-lexer (lexer.zig) (+1 more reused dependencies)
   |        +- run exe generate-parser (parser.zig) (+1 more reused dependencies)
   |        +- run exe generate-parser (parser.zig) (+1 more reused dependencies)
   |        +- run exe generate-parser (parser.zig) (+1 more reused dependencies)
   |        +- run exe generate-parser (parser.zig) (+1 more reused dependencies)
   |        +- run exe generate-parser (parser.zig) (+1 more reused dependencies)
   |        +- run exe generate-parser (parser.zig) (+1 more reused dependencies)
   |        +- run exe generate-parser (parser.zig) (+1 more reused dependencies)
   |        +- run exe generate-parser (parser.zig) (+1 more reused dependencies)
   |        +- run exe generate-parser (parser.zig) (+1 more reused dependencies)
   |        +- run exe generate-parser (parser.zig) (+1 more reused dependencies)
   |        +- run exe generate-parser (parser.zig) (+1 more reused dependencies)
   |        +- run exe generate-parser (parser.zig) (+1 more reused dependencies)
   |        +- run exe generate-parser (parser.zig) (+1 more reused dependencies)
   |        +- run exe generate-parser (parser.zig) (+1 more reused dependencies)
   |        +- run exe generate-parser (parser.zig) (+1 more reused dependencies)
   |        +- run exe generate-parser (parser.zig) (+1 more reused dependencies)
   |        +- run exe generate-parser (parser.zig) (+1 more reused dependencies)
   |        +- run exe generate-parser (parser.zig) (+1 more reused dependencies)
   |        +- run exe generate-parser (parser.zig) (+1 more reused dependencies)
   |        +- run exe generate-parser (parser.zig) (+1 more reused dependencies)
   |        +- run exe generate-parser (parser.zig) (+1 more reused dependencies)
   |        +- run exe generate-parser (parser.zig) (+1 more reused dependencies)
   |        +- run exe generate-parser (parser.zig) (+1 more reused dependencies)
   |        +- run exe generate-parser (parser.zig) (+1 more reused dependencies)
   |        +- run exe generate-parser (parser.zig) (+1 more reused dependencies)
   |        +- run exe generate-parser (parser.zig) (+1 more reused dependencies)
   |        +- run exe generate-parser (parser.zig) (+1 more reused dependencies)
   |        +- run exe generate-parser (parser.zig) (+1 more reused dependencies)
   |        +- run exe generate-parser (parser.zig) (+1 more reused dependencies)
   |        +- run exe generate-parser (parser.zig) (+1 more reused dependencies)
   |        +- run exe generate-parser (parser.zig) (+1 more reused dependencies)
   +- run node (object-reduce-effects-library) success 1s
      +- run exe compile-object-reduce-effects (library) success 22ms
         +- compile exe compile-object-reduce-effects debug native (+70 more reused dependencies)
test-field-ownership success
+- run test 35 pass (35 total) 4s MaxRSS:12M
   +- compile test debug native success 13s MaxRSS:1G
      +- WriteFile interfaces/0.d.zx (+1 more reused dependencies)
      +- options (reused)
      +- run exe generate-parser (parser.zig) (+1 more reused dependencies)
      +- run exe generate-parser (parser.zig) (+1 more reused dependencies)
      +- run exe generate-parser (parser.zig) (+1 more reused dependencies)
      +- run exe generate-parser (parser.zig) (+1 more reused dependencies)
      +- run exe generate-parser (parser.zig) (+1 more reused dependencies)
      +- run exe generate-parser (parser.zig) (+1 more reused dependencies)
      +- run exe generate-parser (parser.zig) (+1 more reused dependencies)
      +- run exe generate-parser (parser.zig) (+1 more reused dependencies)
      +- run exe generate-parser (parser.zig) (+1 more reused dependencies)
      +- run exe generate-parser (parser.zig) (+1 more reused dependencies)
      +- run exe generate-parser (parser.zig) (+1 more reused dependencies)
      +- run exe generate-parser (parser.zig) (+1 more reused dependencies)
      +- run exe generate-parser (parser.zig) (+1 more reused dependencies)
      +- run exe generate-parser (parser.zig) (+1 more reused dependencies)
      +- run exe generate-parser (parser.zig) (+1 more reused dependencies)
      +- run exe generate-parser (parser.zig) (+1 more reused dependencies)
      +- run exe generate-parser (parser.zig) (+1 more reused dependencies)
      +- run exe generate-parser (parser.zig) (+1 more reused dependencies)
      +- run exe generate-parser (parser.zig) (+1 more reused dependencies)
      +- run exe generate-parser (parser.zig) (+1 more reused dependencies)
      +- run exe generate-parser (parser.zig) (+1 more reused dependencies)
      +- run exe generate-parser (parser.zig) (+1 more reused dependencies)
      +- run exe generate-parser (parser.zig) (+1 more reused dependencies)
      +- run exe generate-parser (parser.zig) (+1 more reused dependencies)
      +- run exe generate-parser (parser.zig) (+1 more reused dependencies)
      +- run exe generate-parser (parser.zig) (+1 more reused dependencies)
      +- run exe generate-parser (parser.zig) (+1 more reused dependencies)
      +- run exe generate-parser (parser.zig) (+1 more reused dependencies)
      +- run exe generate-parser (parser.zig) (+1 more reused dependencies)
      +- run exe generate-parser (parser.zig) (+1 more reused dependencies)
      +- run exe generate-parser (parser.zig) (+1 more reused dependencies)
      +- run exe generate-parser (parser.zig) (+1 more reused dependencies)
      +- run exe generate-parser (parser.zig) (+1 more reused dependencies)
      +- run exe generate-parser (parser.zig) (+1 more reused dependencies)
      +- run exe generate-parser (parser.zig) (+1 more reused dependencies)
      +- run exe generate-parser (parser.zig) (+1 more reused dependencies)
      +- run exe generate-lexer (lexer.zig) (+1 more reused dependencies)
      +- run exe generate-parser (parser.zig) (+1 more reused dependencies)
      +- run exe generate-parser (parser.zig) (+1 more reused dependencies)
      +- run exe generate-parser (parser.zig) (+1 more reused dependencies)
      +- run exe generate-parser (parser.zig) (+1 more reused dependencies)
      +- run exe generate-parser (parser.zig) (+1 more reused dependencies)
      +- run exe generate-parser (parser.zig) (+1 more reused dependencies)
      +- run exe generate-parser (parser.zig) (+1 more reused dependencies)
      +- run exe generate-parser (parser.zig) (+1 more reused dependencies)
      +- run exe generate-parser (parser.zig) (+1 more reused dependencies)
      +- run exe generate-parser (parser.zig) (+1 more reused dependencies)
      +- run exe generate-parser (parser.zig) (+1 more reused dependencies)
      +- run exe generate-parser (parser.zig) (+1 more reused dependencies)
      +- run exe generate-parser (parser.zig) (+1 more reused dependencies)
      +- run exe generate-parser (parser.zig) (+1 more reused dependencies)
      +- run exe generate-parser (parser.zig) (+1 more reused dependencies)
      +- run exe generate-parser (parser.zig) (+1 more reused dependencies)
      +- run exe generate-parser (parser.zig) (+1 more reused dependencies)
      +- run exe generate-parser (parser.zig) (+1 more reused dependencies)
      +- run exe generate-parser (parser.zig) (+1 more reused dependencies)
      +- run exe generate-parser (parser.zig) (+1 more reused dependencies)
      +- run exe generate-parser (parser.zig) (+1 more reused dependencies)
      +- run exe generate-parser (parser.zig) (+1 more reused dependencies)
      +- run exe generate-parser (parser.zig) (+1 more reused dependencies)
      +- run exe generate-parser (parser.zig) (+1 more reused dependencies)
      +- run exe generate-parser (parser.zig) (+1 more reused dependencies)
      +- run exe generate-parser (parser.zig) (+1 more reused dependencies)
      +- run exe generate-parser (parser.zig) (+1 more reused dependencies)
      +- run exe generate-parser (parser.zig) (+1 more reused dependencies)
      +- run exe generate-parser (parser.zig) (+1 more reused dependencies)
      +- run exe generate-parser (parser.zig) (+1 more reused dependencies)
      +- run exe generate-parser (parser.zig) (+1 more reused dependencies)

