1/25 root.test.function update effects: source index value after in order...OK
2/25 root.test.function update effects: single round...OK
3/25 root.test.function update effects: repeated calls...OK
4/25 root.test.function update effects: zero outer skips all native calls...OK
5/25 root.test.function update effects: zero inner skips all native calls...OK
6/25 root.test.function update effects: empty list zero rounds...OK
7/25 root.test.function update effects: last element...OK
8/25 root.test.function update effects: negative delta...OK
9/25 root.test.function update effects: source fails first...OK
10/25 root.test.function update effects: index fails before value...OK
11/25 root.test.function update effects: value fails before later statements...OK
12/25 root.test.function update effects: after failure...OK
13/25 root.test.function update effects: later source failure...OK
14/25 root.test.function update effects: later index failure...OK
15/25 root.test.function update effects: later value failure...OK
16/25 root.test.function update effects: later after failure...OK
17/25 root.test.function update effects: unreached failure...OK
18/25 root.test.function update effects: empty write bounds...OK
19/25 root.test.function update effects: invalid index bounds...OK
20/25 root.test.function update effects: invalid index and source failure...OK
21/25 root.test.function update effects: invalid index and index failure...OK
22/25 root.test.function update effects: invalid index and value failure...OK
23/25 root.test.function update effects: invalid index skips after...OK
24/25 root.test.function update effects clean every allocation failure...OK
25/25 root.test.function update effects clean allocation failures before native value failure...OK
All 25 tests passed.
1/25 root.test.function update effects: source index value after in order...OK
2/25 root.test.function update effects: single round...OK
3/25 root.test.function update effects: repeated calls...OK
4/25 root.test.function update effects: zero outer skips all native calls...OK
5/25 root.test.function update effects: zero inner skips all native calls...OK
6/25 root.test.function update effects: empty list zero rounds...OK
7/25 root.test.function update effects: last element...OK
8/25 root.test.function update effects: negative delta...OK
9/25 root.test.function update effects: source fails first...OK
10/25 root.test.function update effects: index fails before value...OK
11/25 root.test.function update effects: value fails before later statements...OK
12/25 root.test.function update effects: after failure...OK
13/25 root.test.function update effects: later source failure...OK
14/25 root.test.function update effects: later index failure...OK
15/25 root.test.function update effects: later value failure...OK
16/25 root.test.function update effects: later after failure...OK
17/25 root.test.function update effects: unreached failure...OK
18/25 root.test.function update effects: empty write bounds...OK
19/25 root.test.function update effects: invalid index bounds...OK
20/25 root.test.function update effects: invalid index and source failure...OK
21/25 root.test.function update effects: invalid index and index failure...OK
22/25 root.test.function update effects: invalid index and value failure...OK
23/25 root.test.function update effects: invalid index skips after...OK
24/25 root.test.function update effects clean every allocation failure...OK
25/25 root.test.function update effects clean allocation failures before native value failure...OK
All 25 tests passed.
1/25 root.test.function update effects: source index value after in order...OK
2/25 root.test.function update effects: single round...OK
3/25 root.test.function update effects: repeated calls...OK
4/25 root.test.function update effects: zero outer skips all native calls...OK
5/25 root.test.function update effects: zero inner skips all native calls...OK
6/25 root.test.function update effects: empty list zero rounds...OK
7/25 root.test.function update effects: last element...OK
8/25 root.test.function update effects: negative delta...OK
9/25 root.test.function update effects: source fails first...OK
10/25 root.test.function update effects: index fails before value...OK
11/25 root.test.function update effects: value fails before later statements...OK
12/25 root.test.function update effects: after failure...OK
13/25 root.test.function update effects: later source failure...OK
14/25 root.test.function update effects: later index failure...OK
15/25 root.test.function update effects: later value failure...OK
16/25 root.test.function update effects: later after failure...OK
17/25 root.test.function update effects: unreached failure...OK
18/25 root.test.function update effects: empty write bounds...OK
19/25 root.test.function update effects: invalid index bounds...OK
20/25 root.test.function update effects: invalid index and source failure...OK
21/25 root.test.function update effects: invalid index and index failure...OK
22/25 root.test.function update effects: invalid index and value failure...OK
23/25 root.test.function update effects: invalid index skips after...OK
24/25 root.test.function update effects clean every allocation failure...OK
25/25 root.test.function update effects clean allocation failures before native value failure...OK
All 25 tests passed.
1/33 root.test.function update effects: source index value after in order...OK
2/33 root.test.function update effects: single round...OK
3/33 root.test.function update effects: repeated calls...OK
4/33 root.test.function update effects: zero outer skips all native calls...OK
5/33 root.test.function update effects: zero inner skips all native calls...OK
6/33 root.test.function update effects: empty list zero rounds...OK
7/33 root.test.function update effects: last element...OK
8/33 root.test.function update effects: negative delta...OK
9/33 root.test.function update effects: source fails first...OK
10/33 root.test.function update effects: index fails before value...OK
11/33 root.test.function update effects: value fails before later statements...OK
12/33 root.test.function update effects: after failure...OK
13/33 root.test.function update effects: later source failure...OK
14/33 root.test.function update effects: later index failure...OK
15/33 root.test.function update effects: later value failure...OK
16/33 root.test.function update effects: later after failure...OK
17/33 root.test.function update effects: unreached failure...OK
18/33 root.test.function update effects: empty write bounds...OK
19/33 root.test.function update effects: invalid index bounds...OK
20/33 root.test.function update effects: invalid index and source failure...OK
21/33 root.test.function update effects: invalid index and index failure...OK
22/33 root.test.function update effects: invalid index and value failure...OK
23/33 root.test.function update effects: invalid index skips after...OK
24/33 root.test.function update effects clean every allocation failure...OK
25/33 root.test.function update effects clean allocation failures before native value failure...OK
26/33 parent.test.nested function updates: parent access is required...OK
27/33 parent.test.nested function updates: parent access skips index failure...OK
28/33 parent.test.nested function updates: parent access skips RHS failure...OK
29/33 parent.test.nested function updates: source failure before parent...OK
30/33 parent.test.nested function updates: container failure before parent read...OK
31/33 parent.test.nested function updates: later container failure...OK
32/33 parent.test.nested function updates: zero rounds skip invalid parent...OK
33/33 parent.test.nested function updates: zero calls skip invalid parent...OK
All 33 tests passed.
1/25 root.test.function update effects: source index value after in order...OK
2/25 root.test.function update effects: single round...OK
3/25 root.test.function update effects: repeated calls...OK
4/25 root.test.function update effects: zero outer skips all native calls...OK
5/25 root.test.function update effects: zero inner skips all native calls...OK
6/25 root.test.function update effects: empty list zero rounds...OK
7/25 root.test.function update effects: last element...OK
8/25 root.test.function update effects: negative delta...OK
9/25 root.test.function update effects: source fails first...OK
10/25 root.test.function update effects: index fails before value...OK
11/25 root.test.function update effects: value fails before later statements...OK
12/25 root.test.function update effects: after failure...OK
13/25 root.test.function update effects: later source failure...OK
14/25 root.test.function update effects: later index failure...OK
15/25 root.test.function update effects: later value failure...OK
16/25 root.test.function update effects: later after failure...OK
17/25 root.test.function update effects: unreached failure...OK
18/25 root.test.function update effects: empty write bounds...OK
19/25 root.test.function update effects: invalid index bounds...OK
20/25 root.test.function update effects: invalid index and source failure...OK
21/25 root.test.function update effects: invalid index and index failure...OK
22/25 root.test.function update effects: invalid index and value failure...OK
23/25 root.test.function update effects: invalid index skips after...OK
24/25 root.test.function update effects clean every allocation failure...OK
25/25 root.test.function update effects clean allocation failures before native value failure...OK
All 25 tests passed.
1/33 root.test.function update effects: source index value after in order...OK
2/33 root.test.function update effects: single round...OK
3/33 root.test.function update effects: repeated calls...OK
4/33 root.test.function update effects: zero outer skips all native calls...OK
5/33 root.test.function update effects: zero inner skips all native calls...OK
6/33 root.test.function update effects: empty list zero rounds...OK
7/33 root.test.function update effects: last element...OK
8/33 root.test.function update effects: negative delta...OK
9/33 root.test.function update effects: source fails first...OK
10/33 root.test.function update effects: index fails before value...OK
11/33 root.test.function update effects: value fails before later statements...OK
12/33 root.test.function update effects: after failure...OK
13/33 root.test.function update effects: later source failure...OK
14/33 root.test.function update effects: later index failure...OK
15/33 root.test.function update effects: later value failure...OK
16/33 root.test.function update effects: later after failure...OK
17/33 root.test.function update effects: unreached failure...OK
18/33 root.test.function update effects: empty write bounds...OK
19/33 root.test.function update effects: invalid index bounds...OK
20/33 root.test.function update effects: invalid index and source failure...OK
21/33 root.test.function update effects: invalid index and index failure...OK
22/33 root.test.function update effects: invalid index and value failure...OK
23/33 root.test.function update effects: invalid index skips after...OK
24/33 root.test.function update effects clean every allocation failure...OK
25/33 root.test.function update effects clean allocation failures before native value failure...OK
26/33 parent.test.nested function updates: parent access is required...OK
27/33 parent.test.nested function updates: parent access skips index failure...OK
28/33 parent.test.nested function updates: parent access skips RHS failure...OK
29/33 parent.test.nested function updates: source failure before parent...OK
30/33 parent.test.nested function updates: container failure before parent read...OK
31/33 parent.test.nested function updates: later container failure...OK
32/33 parent.test.nested function updates: zero rounds skip invalid parent...OK
33/33 parent.test.nested function updates: zero calls skip invalid parent...OK
All 33 tests passed.
1/33 root.test.function update effects: source index value after in order...OK
2/33 root.test.function update effects: single round...OK
3/33 root.test.function update effects: repeated calls...OK
4/33 root.test.function update effects: zero outer skips all native calls...OK
5/33 root.test.function update effects: zero inner skips all native calls...OK
6/33 root.test.function update effects: empty list zero rounds...OK
7/33 root.test.function update effects: last element...OK
8/33 root.test.function update effects: negative delta...OK
9/33 root.test.function update effects: source fails first...OK
10/33 root.test.function update effects: index fails before value...OK
11/33 root.test.function update effects: value fails before later statements...OK
12/33 root.test.function update effects: after failure...OK
13/33 root.test.function update effects: later source failure...OK
14/33 root.test.function update effects: later index failure...OK
15/33 root.test.function update effects: later value failure...OK
16/33 root.test.function update effects: later after failure...OK
17/33 root.test.function update effects: unreached failure...OK
18/33 root.test.function update effects: empty write bounds...OK
19/33 root.test.function update effects: invalid index bounds...OK
20/33 root.test.function update effects: invalid index and source failure...OK
21/33 root.test.function update effects: invalid index and index failure...OK
22/33 root.test.function update effects: invalid index and value failure...OK
23/33 root.test.function update effects: invalid index skips after...OK
24/33 root.test.function update effects clean every allocation failure...OK
25/33 root.test.function update effects clean allocation failures before native value failure...OK
26/33 parent.test.nested function updates: parent access is required...OK
27/33 parent.test.nested function updates: parent access skips index failure...OK
28/33 parent.test.nested function updates: parent access skips RHS failure...OK
29/33 parent.test.nested function updates: source failure before parent...OK
30/33 parent.test.nested function updates: container failure before parent read...OK
31/33 parent.test.nested function updates: later container failure...OK
32/33 parent.test.nested function updates: zero rounds skip invalid parent...OK
33/33 parent.test.nested function updates: zero calls skip invalid parent...OK
All 33 tests passed.
1/33 root.test.function update effects: source index value after in order...OK
2/33 root.test.function update effects: single round...OK
3/33 root.test.function update effects: repeated calls...OK
4/33 root.test.function update effects: zero outer skips all native calls...OK
5/33 root.test.function update effects: zero inner skips all native calls...OK
6/33 root.test.function update effects: empty list zero rounds...OK
7/33 root.test.function update effects: last element...OK
8/33 root.test.function update effects: negative delta...OK
9/33 root.test.function update effects: source fails first...OK
10/33 root.test.function update effects: index fails before value...OK
11/33 root.test.function update effects: value fails before later statements...OK
12/33 root.test.function update effects: after failure...OK
13/33 root.test.function update effects: later source failure...OK
14/33 root.test.function update effects: later index failure...OK
15/33 root.test.function update effects: later value failure...OK
16/33 root.test.function update effects: later after failure...OK
17/33 root.test.function update effects: unreached failure...OK
18/33 root.test.function update effects: empty write bounds...OK
19/33 root.test.function update effects: invalid index bounds...OK
20/33 root.test.function update effects: invalid index and source failure...OK
21/33 root.test.function update effects: invalid index and index failure...OK
22/33 root.test.function update effects: invalid index and value failure...OK
23/33 root.test.function update effects: invalid index skips after...OK
24/33 root.test.function update effects clean every allocation failure...OK
25/33 root.test.function update effects clean allocation failures before native value failure...OK
26/33 parent.test.nested function updates: parent access is required...OK
27/33 parent.test.nested function updates: parent access skips index failure...OK
28/33 parent.test.nested function updates: parent access skips RHS failure...OK
29/33 parent.test.nested function updates: source failure before parent...OK
30/33 parent.test.nested function updates: container failure before parent read...OK
31/33 parent.test.nested function updates: later container failure...OK
32/33 parent.test.nested function updates: zero rounds skip invalid parent...OK
33/33 parent.test.nested function updates: zero calls skip invalid parent...OK
All 33 tests passed.
Build Summary: 97/97 steps succeeded; 352/352 tests passed
test-function-updates success
+- run test function-updates-flat-source 20 pass (20 total) 4ms MaxRSS:3M
|  +- compile test function-updates-flat-source debug native cached 45ms MaxRSS:20M
|     +- run exe compile-function-updates (source.zig) cached
|     |  +- compile exe compile-function-updates debug native cached 47ms MaxRSS:21M
|     |     +- WriteFile interfaces/0.d.zx cached
|     |     |  +- run exe standard-catalog (catalog.zig) cached
|     |     |     +- compile exe standard-catalog fast native cached 50ms MaxRSS:21M
|     |     |     +- WriteFile catalog.json cached
|     |     +- options cached
|     |     +- run exe generate-parser (parser.zig) cached
|     |     |  +- compile exe generate-parser debug native cached 45ms MaxRSS:21M
|     |     |     +- options cached
|     |     |     +- WriteFile interfaces/0.d.zx cached
|     |     |     |  +- run exe standard-catalog (catalog.zig) cached
|     |     |     |     +- compile exe standard-catalog fast native cached 50ms MaxRSS:21M
|     |     |     |     +- WriteFile catalog.json cached
|     |     |     +- options cached
|     |     +- run exe generate-parser (parser.zig) (+1 more reused dependencies)
|     |     +- run exe generate-parser (parser.zig) (+1 more reused dependencies)
|     |     +- run exe generate-parser (parser.zig) (+1 more reused dependencies)
|     |     +- run exe generate-parser (parser.zig) (+1 more reused dependencies)
|     |     +- run exe generate-parser (parser.zig) (+1 more reused dependencies)
|     |     +- run exe generate-parser (parser.zig) (+1 more reused dependencies)
|     |     +- run exe generate-parser (parser.zig) (+1 more reused dependencies)
|     |     +- run exe generate-parser (parser.zig) (+1 more reused dependencies)
|     |     +- run exe generate-parser (parser.zig) (+1 more reused dependencies)
|     |     +- run exe generate-parser (parser.zig) (+1 more reused dependencies)
|     |     +- run exe generate-parser (parser.zig) (+1 more reused dependencies)
|     |     +- run exe generate-parser (parser.zig) (+1 more reused dependencies)
|     |     +- run exe generate-parser (parser.zig) (+1 more reused dependencies)
|     |     +- run exe generate-parser (parser.zig) (+1 more reused dependencies)
|     |     +- run exe generate-parser (parser.zig) (+1 more reused dependencies)
|     |     +- run exe generate-parser (parser.zig) (+1 more reused dependencies)
|     |     +- run exe generate-parser (parser.zig) (+1 more reused dependencies)
|     |     +- run exe generate-parser (parser.zig) (+1 more reused dependencies)
|     |     +- run exe generate-lexer (lexer.zig) cached
|     |     |  +- compile exe generate-lexer debug native cached 47ms MaxRSS:21M
|     |     |     +- WriteFile interfaces/0.d.zx cached
|     |     |     |  +- run exe standard-catalog (catalog.zig) cached
|     |     |     |     +- compile exe standard-catalog fast native cached 43ms MaxRSS:21M
|     |     |     |     +- WriteFile catalog.json cached
|     |     |     +- options cached
|     |     +- run exe generate-parser (parser.zig) (+1 more reused dependencies)
|     |     +- run exe generate-parser (parser.zig) (+1 more reused dependencies)
|     |     +- run exe generate-parser (parser.zig) (+1 more reused dependencies)
|     |     +- run exe generate-parser (parser.zig) (+1 more reused dependencies)
|     |     +- run exe generate-parser (parser.zig) (+1 more reused dependencies)
|     |     +- run exe generate-parser (parser.zig) (+1 more reused dependencies)
|     |     +- run exe generate-parser (parser.zig) (+1 more reused dependencies)
|     |     +- run exe generate-parser (parser.zig) (+1 more reused dependencies)
|     |     +- run exe generate-parser (parser.zig) (+1 more reused dependencies)
|     |     +- run exe generate-parser (parser.zig) (+1 more reused dependencies)
|     |     +- run exe generate-parser (parser.zig) (+1 more reused dependencies)
|     |     +- run exe generate-parser (parser.zig) (+1 more reused dependencies)
|     |     +- run exe generate-parser (parser.zig) (+1 more reused dependencies)
|     |     +- run exe generate-parser (parser.zig) (+1 more reused dependencies)
|     +- options cached
|     +- run exe compile-function-updates (source.zig) (+1 more reused dependencies)
+- run test function-updates-flat-library 20 pass (20 total) 7ms MaxRSS:3M
|  +- compile test function-updates-flat-library debug native cached 46ms MaxRSS:21M
|     +- run exe compile-function-updates (source.zig) (+1 more reused dependencies)
|     +- options cached
|     +- run exe compile-function-updates (source.zig) (+1 more reused dependencies)
+- run test function-updates-branch-source 20 pass (20 total) 5ms MaxRSS:3M
|  +- compile test function-updates-branch-source debug native cached 45ms MaxRSS:20M
|     +- run exe compile-function-updates (source.zig) cached
|     |  +- compile exe compile-function-updates debug native (+36 more reused dependencies)
|     +- options cached
|     +- run exe compile-function-updates (source.zig) (+1 more reused dependencies)
+- run test function-updates-branch-library 20 pass (20 total) 8ms MaxRSS:3M
|  +- compile test function-updates-branch-library debug native cached 41ms MaxRSS:20M
|     +- run exe compile-function-updates (source.zig) (+1 more reused dependencies)
|     +- options cached
|     +- run exe compile-function-updates (source.zig) (+1 more reused dependencies)
+- run test function-updates-chain-source 20 pass (20 total) 8ms MaxRSS:3M
|  +- compile test function-updates-chain-source debug native cached 42ms MaxRSS:21M
|     +- run exe compile-function-updates (source.zig) cached
|     |  +- compile exe compile-function-updates debug native (+36 more reused dependencies)
|     +- options cached
|     +- run exe compile-function-updates (source.zig) (+1 more reused dependencies)
+- run test function-updates-chain-library 20 pass (20 total) 5ms MaxRSS:3M
|  +- compile test function-updates-chain-library debug native cached 44ms MaxRSS:21M
|     +- run exe compile-function-updates (source.zig) (+1 more reused dependencies)
|     +- options cached
|     +- run exe compile-function-updates (source.zig) (+1 more reused dependencies)
+- run test function-updates-captured-source 19 pass (19 total) 3ms MaxRSS:1M
|  +- compile test function-updates-captured-source debug native cached 42ms MaxRSS:21M
|     +- run exe compile-function-updates (source.zig) cached
|     |  +- compile exe compile-function-updates debug native (+36 more reused dependencies)
|     +- options cached
|     +- run exe compile-function-updates (source.zig) (+1 more reused dependencies)
+- run test function-updates-captured-library 19 pass (19 total) 3ms MaxRSS:1M
|  +- compile test function-updates-captured-library debug native cached 46ms MaxRSS:21M
|     +- run exe compile-function-updates (source.zig) (+1 more reused dependencies)
|     +- options cached
|     +- run exe compile-function-updates (source.zig) (+1 more reused dependencies)
+- run test function-updates-duplicate-source 19 pass (19 total) 3ms MaxRSS:1M
|  +- compile test function-updates-duplicate-source debug native cached 45ms MaxRSS:21M
|     +- run exe compile-function-updates (source.zig) cached
|     |  +- compile exe compile-function-updates debug native (+36 more reused dependencies)
|     +- options cached
|     +- run exe compile-function-updates (source.zig) (+1 more reused dependencies)
+- run test function-updates-duplicate-library 19 pass (19 total) 5ms MaxRSS:1M
|  +- compile test function-updates-duplicate-library debug native cached 48ms MaxRSS:21M
|     +- run exe compile-function-updates (source.zig) (+1 more reused dependencies)
|     +- options cached
|     +- run exe compile-function-updates (source.zig) (+1 more reused dependencies)
+- run test function-updates-fallback-source 20 pass (20 total) 4ms MaxRSS:3M
|  +- compile test function-updates-fallback-source debug native cached 46ms MaxRSS:21M
|     +- run exe compile-function-updates (source.zig) cached
|     |  +- compile exe compile-function-updates debug native (+36 more reused dependencies)
|     +- options cached
|     +- run exe compile-function-updates (source.zig) (+1 more reused dependencies)
+- run test function-updates-fallback-library 20 pass (20 total) 4ms MaxRSS:3M
|  +- compile test function-updates-fallback-library debug native cached 43ms MaxRSS:21M
|     +- run exe compile-function-updates (source.zig) (+1 more reused dependencies)
|     +- options cached
|     +- run exe compile-function-updates (source.zig) (+1 more reused dependencies)
+- run test function-updates-mixed-source 20 pass (20 total) 5ms MaxRSS:4M
|  +- compile test function-updates-mixed-source debug native cached 45ms MaxRSS:21M
|     +- run exe compile-function-updates (source.zig) cached
|     |  +- compile exe compile-function-updates debug native (+36 more reused dependencies)
|     +- options cached
|     +- run exe compile-function-updates (source.zig) (+1 more reused dependencies)
+- run test function-updates-mixed-library 20 pass (20 total) 7ms MaxRSS:4M
|  +- compile test function-updates-mixed-library debug native cached 41ms MaxRSS:21M
|     +- run exe compile-function-updates (source.zig) (+1 more reused dependencies)
|     +- options cached
|     +- run exe compile-function-updates (source.zig) (+1 more reused dependencies)
+- run test function-updates-escape_before-source 19 pass (19 total) 4ms MaxRSS:1M
|  +- compile test function-updates-escape_before-source debug native cached 45ms MaxRSS:21M
|     +- run exe compile-function-updates (source.zig) cached
|     |  +- compile exe compile-function-updates debug native (+36 more reused dependencies)
|     +- options cached
|     +- run exe compile-function-updates (source.zig) (+1 more reused dependencies)
+- run test function-updates-escape_before-library 19 pass (19 total) 6ms MaxRSS:1M
|  +- compile test function-updates-escape_before-library debug native cached 47ms MaxRSS:21M
|     +- run exe compile-function-updates (source.zig) (+1 more reused dependencies)
|     +- options cached
|     +- run exe compile-function-updates (source.zig) (+1 more reused dependencies)
+- run test function-updates-escape_after-source 19 pass (19 total) 4ms MaxRSS:1M
|  +- compile test function-updates-escape_after-source debug native cached 45ms MaxRSS:21M
|     +- run exe compile-function-updates (source.zig) cached
|     |  +- compile exe compile-function-updates debug native (+36 more reused dependencies)
|     +- options cached
|     +- run exe compile-function-updates (source.zig) (+1 more reused dependencies)
+- run test function-updates-escape_after-library 19 pass (19 total) 7ms MaxRSS:1M
|  +- compile test function-updates-escape_after-library debug native cached 47ms MaxRSS:21M
|     +- run exe compile-function-updates (source.zig) (+1 more reused dependencies)
|     +- options cached
|     +- run exe compile-function-updates (source.zig) (+1 more reused dependencies)
+- run node (function-updates-effects_set-source) success 1s
|  +- run exe compile-function-updates (source.zig) cached
|  |  +- compile exe compile-function-updates debug native (+36 more reused dependencies)
|  +- run exe compile-function-updates (source.zig) (+1 more reused dependencies)
|  +- run exe compile-function-updates (source.zig) (+1 more reused dependencies)
+- run node (function-updates-effects_set-library) success 1s
|  +- run exe compile-function-updates (source.zig) (+1 more reused dependencies)
|  +- run exe compile-function-updates (source.zig) (+1 more reused dependencies)
|  +- run exe compile-function-updates (source.zig) (+1 more reused dependencies)
+- run node (function-updates-effects_add-source) success 1s
|  +- run exe compile-function-updates (source.zig) cached
|  |  +- compile exe compile-function-updates debug native (+36 more reused dependencies)
|  +- run exe compile-function-updates (source.zig) (+1 more reused dependencies)
|  +- run exe compile-function-updates (source.zig) (+1 more reused dependencies)
+- run node (function-updates-effects_add-library) success 1s
|  +- run exe compile-function-updates (source.zig) (+1 more reused dependencies)
|  +- run exe compile-function-updates (source.zig) (+1 more reused dependencies)
|  +- run exe compile-function-updates (source.zig) (+1 more reused dependencies)
+- run node (function-updates-effects_nested_set-source) success 1s
|  +- run exe compile-function-updates (source.zig) cached
|  |  +- compile exe compile-function-updates debug native (+36 more reused dependencies)
|  +- run exe compile-function-updates (source.zig) (+1 more reused dependencies)
|  +- run exe compile-function-updates (source.zig) (+1 more reused dependencies)
+- run node (function-updates-effects_nested_set-library) success 1s
|  +- run exe compile-function-updates (source.zig) (+1 more reused dependencies)
|  +- run exe compile-function-updates (source.zig) (+1 more reused dependencies)
|  +- run exe compile-function-updates (source.zig) (+1 more reused dependencies)
+- run node (function-updates-effects_nested_add-source) success 1s
|  +- run exe compile-function-updates (source.zig) cached
|  |  +- compile exe compile-function-updates debug native (+36 more reused dependencies)
|  +- run exe compile-function-updates (source.zig) (+1 more reused dependencies)
|  +- run exe compile-function-updates (source.zig) (+1 more reused dependencies)
+- run node (function-updates-effects_nested_add-library) success 1s
   +- run exe compile-function-updates (source.zig) (+1 more reused dependencies)
   +- run exe compile-function-updates (source.zig) (+1 more reused dependencies)
   +- run exe compile-function-updates (source.zig) (+1 more reused dependencies)

