Build Summary: 417/417 steps succeeded; 11423/11423 tests passed
test-module-generation success
+- run test 3 pass (3 total) 5ms MaxRSS:2M
|  +- compile test fast native success 41s MaxRSS:1G
|     +- WriteFile interfaces/0.d.zx cached
|     |  +- run exe standard-catalog (catalog.zig) cached
|     |     +- compile exe standard-catalog fast native cached 7s MaxRSS:21M
|     |     +- WriteFile catalog.json cached
|     +- options cached
|     +- run exe generate-parser (parser.zig) success 3s
|     |  +- compile exe generate-parser fast native success 32s MaxRSS:881M
|     |     +- options cached
|     |     +- WriteFile interfaces/0.d.zx cached
|     |     |  +- run exe standard-catalog (catalog.zig) cached
|     |     |     +- compile exe standard-catalog fast native success 7s MaxRSS:359M
|     |     |     +- WriteFile catalog.json cached
|     |     +- options cached
|     +- run exe generate-parser (parser.zig) (+1 more reused dependencies)
|     +- run exe generate-parser (parser.zig) (+1 more reused dependencies)
|     +- run exe generate-parser (parser.zig) (+1 more reused dependencies)
|     +- run exe generate-parser (parser.zig) (+1 more reused dependencies)
|     +- run exe generate-parser (parser.zig) (+1 more reused dependencies)
|     +- run exe generate-parser (parser.zig) (+1 more reused dependencies)
|     +- run exe generate-parser (parser.zig) (+1 more reused dependencies)
|     +- run exe generate-parser (parser.zig) (+1 more reused dependencies)
|     +- run exe generate-parser (parser.zig) (+1 more reused dependencies)
|     +- run exe generate-parser (parser.zig) (+1 more reused dependencies)
|     +- run exe generate-parser (parser.zig) (+1 more reused dependencies)
|     +- run exe generate-parser (parser.zig) (+1 more reused dependencies)
|     +- run exe generate-parser (parser.zig) (+1 more reused dependencies)
|     +- run exe generate-parser (parser.zig) (+1 more reused dependencies)
|     +- run exe generate-parser (parser.zig) (+1 more reused dependencies)
|     +- run exe generate-parser (parser.zig) (+1 more reused dependencies)
|     +- run exe generate-parser (parser.zig) (+1 more reused dependencies)
|     +- run exe generate-parser (parser.zig) (+1 more reused dependencies)
|     +- run exe generate-lexer (lexer.zig) success 16ms
|     |  +- compile exe generate-lexer fast native success 27s MaxRSS:774M
|     |     +- WriteFile interfaces/0.d.zx success
|     |     |  +- run exe standard-catalog (catalog.zig) success 2ms
|     |     |     +- compile exe standard-catalog fast native cached 7s MaxRSS:21M
|     |     |     +- WriteFile catalog.json cached
|     |     +- options cached
|     +- run exe generate-parser (parser.zig) (+1 more reused dependencies)
|     +- run exe generate-parser (parser.zig) (+1 more reused dependencies)
|     +- run exe generate-parser (parser.zig) (+1 more reused dependencies)
|     +- run exe generate-parser (parser.zig) (+1 more reused dependencies)
|     +- run exe generate-parser (parser.zig) (+1 more reused dependencies)
|     +- run exe generate-parser (parser.zig) (+1 more reused dependencies)
|     +- run exe generate-parser (parser.zig) (+1 more reused dependencies)
|     +- run exe generate-parser (parser.zig) (+1 more reused dependencies)
|     +- run exe generate-parser (parser.zig) (+1 more reused dependencies)
|     +- run exe generate-parser (parser.zig) (+1 more reused dependencies)
|     +- run exe generate-parser (parser.zig) (+1 more reused dependencies)
|     +- run exe generate-parser (parser.zig) (+1 more reused dependencies)
|     +- run exe generate-parser (parser.zig) (+1 more reused dependencies)
|     +- run exe generate-parser (parser.zig) (+1 more reused dependencies)
+- run test 4 pass (4 total) 3ms MaxRSS:2M
|  +- compile test fast native success 42s MaxRSS:1G
|     +- WriteFile interfaces/0.d.zx (+1 more reused dependencies)
|     +- options (reused)
|     +- run exe generate-parser (parser.zig) (+1 more reused dependencies)
|     +- run exe generate-parser (parser.zig) (+1 more reused dependencies)
|     +- run exe generate-parser (parser.zig) (+1 more reused dependencies)
|     +- run exe generate-parser (parser.zig) (+1 more reused dependencies)
|     +- run exe generate-parser (parser.zig) (+1 more reused dependencies)
|     +- run exe generate-parser (parser.zig) (+1 more reused dependencies)
|     +- run exe generate-parser (parser.zig) (+1 more reused dependencies)
|     +- run exe generate-parser (parser.zig) (+1 more reused dependencies)
|     +- run exe generate-parser (parser.zig) (+1 more reused dependencies)
|     +- run exe generate-parser (parser.zig) (+1 more reused dependencies)
|     +- run exe generate-parser (parser.zig) (+1 more reused dependencies)
|     +- run exe generate-parser (parser.zig) (+1 more reused dependencies)
|     +- run exe generate-parser (parser.zig) (+1 more reused dependencies)
|     +- run exe generate-parser (parser.zig) (+1 more reused dependencies)
|     +- run exe generate-parser (parser.zig) (+1 more reused dependencies)
|     +- run exe generate-parser (parser.zig) (+1 more reused dependencies)
|     +- run exe generate-parser (parser.zig) (+1 more reused dependencies)
|     +- run exe generate-parser (parser.zig) (+1 more reused dependencies)
|     +- run exe generate-parser (parser.zig) (+1 more reused dependencies)
|     +- run exe generate-lexer (lexer.zig) (+1 more reused dependencies)
|     +- run exe generate-parser (parser.zig) (+1 more reused dependencies)
|     +- run exe generate-parser (parser.zig) (+1 more reused dependencies)
|     +- run exe generate-parser (parser.zig) (+1 more reused dependencies)
|     +- run exe generate-parser (parser.zig) (+1 more reused dependencies)
|     +- run exe generate-parser (parser.zig) (+1 more reused dependencies)
|     +- run exe generate-parser (parser.zig) (+1 more reused dependencies)
|     +- run exe generate-parser (parser.zig) (+1 more reused dependencies)
|     +- run exe generate-parser (parser.zig) (+1 more reused dependencies)
|     +- run exe generate-parser (parser.zig) (+1 more reused dependencies)
|     +- run exe generate-parser (parser.zig) (+1 more reused dependencies)
|     +- run exe generate-parser (parser.zig) (+1 more reused dependencies)
|     +- run exe generate-parser (parser.zig) (+1 more reused dependencies)
|     +- run exe generate-parser (parser.zig) (+1 more reused dependencies)
|     +- run exe generate-parser (parser.zig) (+1 more reused dependencies)
+- run test 2 pass (2 total) 127ms MaxRSS:2M
|  +- compile test fast native success 41s MaxRSS:1G
|     +- WriteFile interfaces/0.d.zx (+1 more reused dependencies)
|     +- options (reused)
|     +- run exe generate-parser (parser.zig) (+1 more reused dependencies)
|     +- run exe generate-parser (parser.zig) (+1 more reused dependencies)
|     +- run exe generate-parser (parser.zig) (+1 more reused dependencies)
|     +- run exe generate-parser (parser.zig) (+1 more reused dependencies)
|     +- run exe generate-parser (parser.zig) (+1 more reused dependencies)
|     +- run exe generate-parser (parser.zig) (+1 more reused dependencies)
|     +- run exe generate-parser (parser.zig) (+1 more reused dependencies)
|     +- run exe generate-parser (parser.zig) (+1 more reused dependencies)
|     +- run exe generate-parser (parser.zig) (+1 more reused dependencies)
|     +- run exe generate-parser (parser.zig) (+1 more reused dependencies)
|     +- run exe generate-parser (parser.zig) (+1 more reused dependencies)
|     +- run exe generate-parser (parser.zig) (+1 more reused dependencies)
|     +- run exe generate-parser (parser.zig) (+1 more reused dependencies)
|     +- run exe generate-parser (parser.zig) (+1 more reused dependencies)
|     +- run exe generate-parser (parser.zig) (+1 more reused dependencies)
|     +- run exe generate-parser (parser.zig) (+1 more reused dependencies)
|     +- run exe generate-parser (parser.zig) (+1 more reused dependencies)
|     +- run exe generate-parser (parser.zig) (+1 more reused dependencies)
|     +- run exe generate-parser (parser.zig) (+1 more reused dependencies)
|     +- run exe generate-lexer (lexer.zig) (+1 more reused dependencies)
|     +- run exe generate-parser (parser.zig) (+1 more reused dependencies)
|     +- run exe generate-parser (parser.zig) (+1 more reused dependencies)
|     +- run exe generate-parser (parser.zig) (+1 more reused dependencies)
|     +- run exe generate-parser (parser.zig) (+1 more reused dependencies)
|     +- run exe generate-parser (parser.zig) (+1 more reused dependencies)
|     +- run exe generate-parser (parser.zig) (+1 more reused dependencies)
|     +- run exe generate-parser (parser.zig) (+1 more reused dependencies)
|     +- run exe generate-parser (parser.zig) (+1 more reused dependencies)
|     +- run exe generate-parser (parser.zig) (+1 more reused dependencies)
|     +- run exe generate-parser (parser.zig) (+1 more reused dependencies)
|     +- run exe generate-parser (parser.zig) (+1 more reused dependencies)
|     +- run exe generate-parser (parser.zig) (+1 more reused dependencies)
|     +- run exe generate-parser (parser.zig) (+1 more reused dependencies)
|     +- run exe generate-parser (parser.zig) (+1 more reused dependencies)
+- run test 5 pass (5 total) 8ms MaxRSS:3M
|  +- compile test fast native success 41s MaxRSS:1G
|     +- WriteFile interfaces/0.d.zx (+1 more reused dependencies)
|     +- options (reused)
|     +- run exe generate-parser (parser.zig) (+1 more reused dependencies)
|     +- run exe generate-parser (parser.zig) (+1 more reused dependencies)
|     +- run exe generate-parser (parser.zig) (+1 more reused dependencies)
|     +- run exe generate-parser (parser.zig) (+1 more reused dependencies)
|     +- run exe generate-parser (parser.zig) (+1 more reused dependencies)
|     +- run exe generate-parser (parser.zig) (+1 more reused dependencies)
|     +- run exe generate-parser (parser.zig) (+1 more reused dependencies)
|     +- run exe generate-parser (parser.zig) (+1 more reused dependencies)
|     +- run exe generate-parser (parser.zig) (+1 more reused dependencies)
|     +- run exe generate-parser (parser.zig) (+1 more reused dependencies)
|     +- run exe generate-parser (parser.zig) (+1 more reused dependencies)
|     +- run exe generate-parser (parser.zig) (+1 more reused dependencies)
|     +- run exe generate-parser (parser.zig) (+1 more reused dependencies)
|     +- run exe generate-parser (parser.zig) (+1 more reused dependencies)
|     +- run exe generate-parser (parser.zig) (+1 more reused dependencies)
|     +- run exe generate-parser (parser.zig) (+1 more reused dependencies)
|     +- run exe generate-parser (parser.zig) (+1 more reused dependencies)
|     +- run exe generate-parser (parser.zig) (+1 more reused dependencies)
|     +- run exe generate-parser (parser.zig) (+1 more reused dependencies)
|     +- run exe generate-lexer (lexer.zig) (+1 more reused dependencies)
|     +- run exe generate-parser (parser.zig) (+1 more reused dependencies)
|     +- run exe generate-parser (parser.zig) (+1 more reused dependencies)
|     +- run exe generate-parser (parser.zig) (+1 more reused dependencies)
|     +- run exe generate-parser (parser.zig) (+1 more reused dependencies)
|     +- run exe generate-parser (parser.zig) (+1 more reused dependencies)
|     +- run exe generate-parser (parser.zig) (+1 more reused dependencies)
|     +- run exe generate-parser (parser.zig) (+1 more reused dependencies)
|     +- run exe generate-parser (parser.zig) (+1 more reused dependencies)
|     +- run exe generate-parser (parser.zig) (+1 more reused dependencies)
|     +- run exe generate-parser (parser.zig) (+1 more reused dependencies)
|     +- run exe generate-parser (parser.zig) (+1 more reused dependencies)
|     +- run exe generate-parser (parser.zig) (+1 more reused dependencies)
|     +- run exe generate-parser (parser.zig) (+1 more reused dependencies)
|     +- run exe generate-parser (parser.zig) (+1 more reused dependencies)
+- run test 3 pass (3 total) 8ms MaxRSS:3M
|  +- compile test fast native success 41s MaxRSS:1G
|     +- WriteFile interfaces/0.d.zx (+1 more reused dependencies)
|     +- options (reused)
|     +- run exe generate-parser (parser.zig) (+1 more reused dependencies)
|     +- run exe generate-parser (parser.zig) (+1 more reused dependencies)
|     +- run exe generate-parser (parser.zig) (+1 more reused dependencies)
|     +- run exe generate-parser (parser.zig) (+1 more reused dependencies)
|     +- run exe generate-parser (parser.zig) (+1 more reused dependencies)
|     +- run exe generate-parser (parser.zig) (+1 more reused dependencies)
|     +- run exe generate-parser (parser.zig) (+1 more reused dependencies)
|     +- run exe generate-parser (parser.zig) (+1 more reused dependencies)
|     +- run exe generate-parser (parser.zig) (+1 more reused dependencies)
|     +- run exe generate-parser (parser.zig) (+1 more reused dependencies)
|     +- run exe generate-parser (parser.zig) (+1 more reused dependencies)
|     +- run exe generate-parser (parser.zig) (+1 more reused dependencies)
|     +- run exe generate-parser (parser.zig) (+1 more reused dependencies)
|     +- run exe generate-parser (parser.zig) (+1 more reused dependencies)
|     +- run exe generate-parser (parser.zig) (+1 more reused dependencies)
|     +- run exe generate-parser (parser.zig) (+1 more reused dependencies)
|     +- run exe generate-parser (parser.zig) (+1 more reused dependencies)
|     +- run exe generate-parser (parser.zig) (+1 more reused dependencies)
|     +- run exe generate-parser (parser.zig) (+1 more reused dependencies)
|     +- run exe generate-lexer (lexer.zig) (+1 more reused dependencies)
|     +- run exe generate-parser (parser.zig) (+1 more reused dependencies)
|     +- run exe generate-parser (parser.zig) (+1 more reused dependencies)
|     +- run exe generate-parser (parser.zig) (+1 more reused dependencies)
|     +- run exe generate-parser (parser.zig) (+1 more reused dependencies)
|     +- run exe generate-parser (parser.zig) (+1 more reused dependencies)
|     +- run exe generate-parser (parser.zig) (+1 more reused dependencies)
|     +- run exe generate-parser (parser.zig) (+1 more reused dependencies)
|     +- run exe generate-parser (parser.zig) (+1 more reused dependencies)
|     +- run exe generate-parser (parser.zig) (+1 more reused dependencies)
|     +- run exe generate-parser (parser.zig) (+1 more reused dependencies)
|     +- run exe generate-parser (parser.zig) (+1 more reused dependencies)
|     +- run exe generate-parser (parser.zig) (+1 more reused dependencies)
|     +- run exe generate-parser (parser.zig) (+1 more reused dependencies)
|     +- run exe generate-parser (parser.zig) (+1 more reused dependencies)
+- run test 3 pass (3 total) 192ms MaxRSS:3M
|  +- compile test fast native success 41s MaxRSS:1G
|     +- WriteFile interfaces/0.d.zx (+1 more reused dependencies)
|     +- options (reused)
|     +- run exe generate-parser (parser.zig) (+1 more reused dependencies)
|     +- run exe generate-parser (parser.zig) (+1 more reused dependencies)
|     +- run exe generate-parser (parser.zig) (+1 more reused dependencies)
|     +- run exe generate-parser (parser.zig) (+1 more reused dependencies)
|     +- run exe generate-parser (parser.zig) (+1 more reused dependencies)
|     +- run exe generate-parser (parser.zig) (+1 more reused dependencies)
|     +- run exe generate-parser (parser.zig) (+1 more reused dependencies)
|     +- run exe generate-parser (parser.zig) (+1 more reused dependencies)
|     +- run exe generate-parser (parser.zig) (+1 more reused dependencies)
|     +- run exe generate-parser (parser.zig) (+1 more reused dependencies)
|     +- run exe generate-parser (parser.zig) (+1 more reused dependencies)
|     +- run exe generate-parser (parser.zig) (+1 more reused dependencies)
|     +- run exe generate-parser (parser.zig) (+1 more reused dependencies)
|     +- run exe generate-parser (parser.zig) (+1 more reused dependencies)
|     +- run exe generate-parser (parser.zig) (+1 more reused dependencies)
|     +- run exe generate-parser (parser.zig) (+1 more reused dependencies)
|     +- run exe generate-parser (parser.zig) (+1 more reused dependencies)
|     +- run exe generate-parser (parser.zig) (+1 more reused dependencies)
|     +- run exe generate-parser (parser.zig) (+1 more reused dependencies)
|     +- run exe generate-lexer (lexer.zig) (+1 more reused dependencies)
|     +- run exe generate-parser (parser.zig) (+1 more reused dependencies)
|     +- run exe generate-parser (parser.zig) (+1 more reused dependencies)
|     +- run exe generate-parser (parser.zig) (+1 more reused dependencies)
|     +- run exe generate-parser (parser.zig) (+1 more reused dependencies)
|     +- run exe generate-parser (parser.zig) (+1 more reused dependencies)
|     +- run exe generate-parser (parser.zig) (+1 more reused dependencies)
|     +- run exe generate-parser (parser.zig) (+1 more reused dependencies)
|     +- run exe generate-parser (parser.zig) (+1 more reused dependencies)
|     +- run exe generate-parser (parser.zig) (+1 more reused dependencies)
|     +- run exe generate-parser (parser.zig) (+1 more reused dependencies)
|     +- run exe generate-parser (parser.zig) (+1 more reused dependencies)
|     +- run exe generate-parser (parser.zig) (+1 more reused dependencies)
|     +- run exe generate-parser (parser.zig) (+1 more reused dependencies)
|     +- run exe generate-parser (parser.zig) (+1 more reused dependencies)
+- run test 3 pass (3 total) 146ms MaxRSS:3M
   +- compile test fast native success 41s MaxRSS:1G
      +- WriteFile interfaces/0.d.zx (+1 more reused dependencies)
      +- options (reused)
      +- run exe generate-parser (parser.zig) (+1 more reused dependencies)
      +- run exe generate-parser (parser.zig) (+1 more reused dependencies)
      +- run exe generate-parser (parser.zig) (+1 more reused dependencies)
      +- run exe generate-parser (parser.zig) (+1 more reused dependencies)
      +- run exe generate-parser (parser.zig) (+1 more reused dependencies)
      +- run exe generate-parser (parser.zig) (+1 more reused dependencies)
      +- run exe generate-parser (parser.zig) (+1 more reused dependencies)
      +- run exe generate-parser (parser.zig) (+1 more reused dependencies)
      +- run exe generate-parser (parser.zig) (+1 more reused dependencies)
      +- run exe generate-parser (parser.zig) (+1 more reused dependencies)
      +- run exe generate-parser (parser.zig) (+1 more reused dependencies)
      +- run exe generate-parser (parser.zig) (+1 more reused dependencies)
      +- run exe generate-parser (parser.zig) (+1 more reused dependencies)
      +- run exe generate-parser (parser.zig) (+1 more reused dependencies)
      +- run exe generate-parser (parser.zig) (+1 more reused dependencies)
      +- run exe generate-parser (parser.zig) (+1 more reused dependencies)
      +- run exe generate-parser (parser.zig) (+1 more reused dependencies)
      +- run exe generate-parser (parser.zig) (+1 more reused dependencies)
      +- run exe generate-parser (parser.zig) (+1 more reused dependencies)
      +- run exe generate-lexer (lexer.zig) (+1 more reused dependencies)
      +- run exe generate-parser (parser.zig) (+1 more reused dependencies)
      +- run exe generate-parser (parser.zig) (+1 more reused dependencies)
      +- run exe generate-parser (parser.zig) (+1 more reused dependencies)
      +- run exe generate-parser (parser.zig) (+1 more reused dependencies)
      +- run exe generate-parser (parser.zig) (+1 more reused dependencies)
      +- run exe generate-parser (parser.zig) (+1 more reused dependencies)
      +- run exe generate-parser (parser.zig) (+1 more reused dependencies)
      +- run exe generate-parser (parser.zig) (+1 more reused dependencies)
      +- run exe generate-parser (parser.zig) (+1 more reused dependencies)
      +- run exe generate-parser (parser.zig) (+1 more reused dependencies)
      +- run exe generate-parser (parser.zig) (+1 more reused dependencies)
      +- run exe generate-parser (parser.zig) (+1 more reused dependencies)
      +- run exe generate-parser (parser.zig) (+1 more reused dependencies)
      +- run exe generate-parser (parser.zig) (+1 more reused dependencies)
test-value-return success
+- run test value-return-direct-source 8 pass (8 total) 2ms MaxRSS:1M
|  +- compile test value-return-direct-source fast native success 12s MaxRSS:405M
|     +- run exe compile-value-return (source.zig) success 4ms
|     |  +- compile exe compile-value-return fast native success 43s MaxRSS:1G
|     |     +- WriteFile interfaces/0.d.zx (+1 more reused dependencies)
|     |     +- options (reused)
|     |     +- run exe generate-parser (parser.zig) (+1 more reused dependencies)
|     |     +- run exe generate-parser (parser.zig) (+1 more reused dependencies)
|     |     +- run exe generate-parser (parser.zig) (+1 more reused dependencies)
|     |     +- run exe generate-parser (parser.zig) (+1 more reused dependencies)
|     |     +- run exe generate-parser (parser.zig) (+1 more reused dependencies)
|     |     +- run exe generate-parser (parser.zig) (+1 more reused dependencies)
|     |     +- run exe generate-parser (parser.zig) (+1 more reused dependencies)
|     |     +- run exe generate-parser (parser.zig) (+1 more reused dependencies)
|     |     +- run exe generate-parser (parser.zig) (+1 more reused dependencies)
|     |     +- run exe generate-parser (parser.zig) (+1 more reused dependencies)
|     |     +- run exe generate-parser (parser.zig) (+1 more reused dependencies)
|     |     +- run exe generate-parser (parser.zig) (+1 more reused dependencies)
|     |     +- run exe generate-parser (parser.zig) (+1 more reused dependencies)
|     |     +- run exe generate-parser (parser.zig) (+1 more reused dependencies)
|     |     +- run exe generate-parser (parser.zig) (+1 more reused dependencies)
|     |     +- run exe generate-parser (parser.zig) (+1 more reused dependencies)
|     |     +- run exe generate-parser (parser.zig) (+1 more reused dependencies)
|     |     +- run exe generate-parser (parser.zig) (+1 more reused dependencies)
|     |     +- run exe generate-parser (parser.zig) (+1 more reused dependencies)
|     |     +- run exe generate-lexer (lexer.zig) (+1 more reused dependencies)
|     |     +- run exe generate-parser (parser.zig) (+1 more reused dependencies)
|     |     +- run exe generate-parser (parser.zig) (+1 more reused dependencies)
|     |     +- run exe generate-parser (parser.zig) (+1 more reused dependencies)
|     |     +- run exe generate-parser (parser.zig) (+1 more reused dependencies)
|     |     +- run exe generate-parser (parser.zig) (+1 more reused dependencies)
|     |     +- run exe generate-parser (parser.zig) (+1 more reused dependencies)
|     |     +- run exe generate-parser (parser.zig) (+1 more reused dependencies)
|     |     +- run exe generate-parser (parser.zig) (+1 more reused dependencies)
|     |     +- run exe generate-parser (parser.zig) (+1 more reused dependencies)
|     |     +- run exe generate-parser (parser.zig) (+1 more reused dependencies)
|     |     +- run exe generate-parser (parser.zig) (+1 more reused dependencies)
|     |     +- run exe generate-parser (parser.zig) (+1 more reused dependencies)
|     |     +- run exe generate-parser (parser.zig) (+1 more reused dependencies)
|     |     +- run exe generate-parser (parser.zig) (+1 more reused dependencies)
|     +- options cached
|     +- run exe compile-value-return (source.zig) (+1 more reused dependencies)
+- run test value-return-direct-library 8 pass (8 total) 2ms MaxRSS:1M
|  +- compile test value-return-direct-library fast native success 12s MaxRSS:400M
|     +- run exe compile-value-return (source.zig) (+1 more reused dependencies)
|     +- options cached
|     +- run exe compile-value-return (source.zig) (+1 more reused dependencies)
+- run test value-return-wrapped-source 8 pass (8 total) 3ms MaxRSS:1M
|  +- compile test value-return-wrapped-source fast native success 12s MaxRSS:418M
|     +- run exe compile-value-return (source.zig) success 4ms
|     |  +- compile exe compile-value-return fast native (+36 more reused dependencies)
|     +- options cached
|     +- run exe compile-value-return (source.zig) (+1 more reused dependencies)
+- run test value-return-wrapped-library 8 pass (8 total) 3ms MaxRSS:1M
|  +- compile test value-return-wrapped-library fast native success 12s MaxRSS:401M
|     +- run exe compile-value-return (source.zig) (+1 more reused dependencies)
|     +- options cached
|     +- run exe compile-value-return (source.zig) (+1 more reused dependencies)
+- run test value-return-chained-source 8 pass (8 total) 2ms MaxRSS:1M
|  +- compile test value-return-chained-source fast native success 12s MaxRSS:392M
|     +- run exe compile-value-return (source.zig) success 5ms
|     |  +- compile exe compile-value-return fast native (+36 more reused dependencies)
|     +- options cached
|     +- run exe compile-value-return (source.zig) (+1 more reused dependencies)
+- run test value-return-chained-library 8 pass (8 total) 3ms MaxRSS:1M
|  +- compile test value-return-chained-library fast native success 12s MaxRSS:390M
|     +- run exe compile-value-return (source.zig) (+1 more reused dependencies)
|     +- options cached
|     +- run exe compile-value-return (source.zig) (+1 more reused dependencies)
+- run test value-return-conditional-source 8 pass (8 total) 3ms MaxRSS:1M
|  +- compile test value-return-conditional-source fast native success 12s MaxRSS:406M
|     +- run exe compile-value-return (source.zig) success 5ms
|     |  +- compile exe compile-value-return fast native (+36 more reused dependencies)
|     +- options cached
|     +- run exe compile-value-return (source.zig) (+1 more reused dependencies)
+- run test value-return-conditional-library 8 pass (8 total) 2ms MaxRSS:1M
|  +- compile test value-return-conditional-library fast native success 12s MaxRSS:392M
|     +- run exe compile-value-return (source.zig) (+1 more reused dependencies)
|     +- options cached
|     +- run exe compile-value-return (source.zig) (+1 more reused dependencies)
+- run test value-return-fallible-source 4 pass (4 total) 2ms MaxRSS:1M
|  +- compile test value-return-fallible-source fast native success 12s MaxRSS:402M
|     +- run exe compile-value-return (source.zig) success 5ms
|     |  +- compile exe compile-value-return fast native (+36 more reused dependencies)
|     +- options cached
|     +- run exe compile-value-return (source.zig) (+1 more reused dependencies)
+- run test value-return-fallible-library 4 pass (4 total) 2ms MaxRSS:1M
|  +- compile test value-return-fallible-library fast native success 12s MaxRSS:402M
|     +- run exe compile-value-return (source.zig) (+1 more reused dependencies)
|     +- options cached
|     +- run exe compile-value-return (source.zig) (+1 more reused dependencies)
+- run test value-return-enumeration-source 3 pass (3 total) 3ms MaxRSS:1M
|  +- compile test value-return-enumeration-source fast native success 12s MaxRSS:404M
|     +- run exe compile-value-return (source.zig) success 5ms
|     |  +- compile exe compile-value-return fast native (+36 more reused dependencies)
|     +- options cached
|     +- run exe compile-value-return (source.zig) (+1 more reused dependencies)
+- run test value-return-enumeration-library 3 pass (3 total) 3ms MaxRSS:1M
|  +- compile test value-return-enumeration-library fast native success 12s MaxRSS:402M
|     +- run exe compile-value-return (source.zig) (+1 more reused dependencies)
|     +- options cached
|     +- run exe compile-value-return (source.zig) (+1 more reused dependencies)
+- run test value-return-references-source 3 pass (3 total) 3ms MaxRSS:1M
|  +- compile test value-return-references-source fast native success 12s MaxRSS:401M
|     +- run exe compile-value-return (source.zig) success 4ms
|     |  +- compile exe compile-value-return fast native (+36 more reused dependencies)
|     +- options cached
|     +- run exe compile-value-return (source.zig) (+1 more reused dependencies)
+- run test value-return-references-library 3 pass (3 total) 3ms MaxRSS:1M
|  +- compile test value-return-references-library fast native success 12s MaxRSS:411M
|     +- run exe compile-value-return (source.zig) (+1 more reused dependencies)
|     +- options cached
|     +- run exe compile-value-return (source.zig) (+1 more reused dependencies)
+- run test value-return-escaping-source 2 pass (2 total) 4ms MaxRSS:1M
|  +- compile test value-return-escaping-source fast native success 12s MaxRSS:404M
|     +- run exe compile-value-return (source.zig) success 4ms
|     |  +- compile exe compile-value-return fast native (+36 more reused dependencies)
|     +- options cached
|     +- run exe compile-value-return (source.zig) (+1 more reused dependencies)
+- run test value-return-escaping-library 2 pass (2 total) 3ms MaxRSS:1M
|  +- compile test value-return-escaping-library fast native success 12s MaxRSS:397M
|     +- run exe compile-value-return (source.zig) (+1 more reused dependencies)
|     +- options cached
|     +- run exe compile-value-return (source.zig) (+1 more reused dependencies)
+- run test value-return-escape_optional-source 2 pass (2 total) 3ms MaxRSS:1M
|  +- compile test value-return-escape_optional-source fast native success 12s MaxRSS:402M
|     +- run exe compile-value-return (source.zig) success 3ms
|     |  +- compile exe compile-value-return fast native (+36 more reused dependencies)
|     +- options cached
|     +- run exe compile-value-return (source.zig) (+1 more reused dependencies)
+- run test value-return-escape_optional-library 2 pass (2 total) 3ms MaxRSS:1M
|  +- compile test value-return-escape_optional-library fast native success 12s MaxRSS:397M
|     +- run exe compile-value-return (source.zig) (+1 more reused dependencies)
|     +- options cached
|     +- run exe compile-value-return (source.zig) (+1 more reused dependencies)
+- run test value-return-escape_list-source 2 pass (2 total) 3ms MaxRSS:1M
|  +- compile test value-return-escape_list-source fast native success 12s MaxRSS:408M
|     +- run exe compile-value-return (source.zig) success 5ms
|     |  +- compile exe compile-value-return fast native (+36 more reused dependencies)
|     +- options cached
|     +- run exe compile-value-return (source.zig) (+1 more reused dependencies)
+- run test value-return-escape_list-library 2 pass (2 total) 3ms MaxRSS:1M
|  +- compile test value-return-escape_list-library fast native success 12s MaxRSS:395M
|     +- run exe compile-value-return (source.zig) (+1 more reused dependencies)
|     +- options cached
|     +- run exe compile-value-return (source.zig) (+1 more reused dependencies)
+- run test value-return-escape_tuple-source 2 pass (2 total) 3ms MaxRSS:1M
|  +- compile test value-return-escape_tuple-source fast native success 12s MaxRSS:400M
|     +- run exe compile-value-return (source.zig) success 4ms
|     |  +- compile exe compile-value-return fast native (+36 more reused dependencies)
|     +- options cached
|     +- run exe compile-value-return (source.zig) (+1 more reused dependencies)
+- run test value-return-escape_tuple-library 2 pass (2 total) 11ms MaxRSS:1M
|  +- compile test value-return-escape_tuple-library fast native success 12s MaxRSS:392M
|     +- run exe compile-value-return (source.zig) (+1 more reused dependencies)
|     +- options cached
|     +- run exe compile-value-return (source.zig) (+1 more reused dependencies)
+- run test value-return-escape_nested-source 2 pass (2 total) 4ms MaxRSS:1M
|  +- compile test value-return-escape_nested-source fast native success 12s MaxRSS:405M
|     +- run exe compile-value-return (source.zig) success 5ms
|     |  +- compile exe compile-value-return fast native (+36 more reused dependencies)
|     +- options cached
|     +- run exe compile-value-return (source.zig) (+1 more reused dependencies)
+- run test value-return-escape_nested-library 2 pass (2 total) 3ms MaxRSS:1M
|  +- compile test value-return-escape_nested-library fast native success 12s MaxRSS:409M
|     +- run exe compile-value-return (source.zig) (+1 more reused dependencies)
|     +- options cached
|     +- run exe compile-value-return (source.zig) (+1 more reused dependencies)
+- run test value-return-native_scalar-source 3 pass (3 total) 2ms MaxRSS:1M
|  +- compile test value-return-native_scalar-source fast native success 13s MaxRSS:403M
|     +- run exe compile-value-return (source.zig) success 5ms
|     |  +- compile exe compile-value-return fast native (+36 more reused dependencies)
|     +- options cached
|     +- run exe compile-value-return (source.zig) (+1 more reused dependencies)
+- run test value-return-native_scalar-library 3 pass (3 total) 2ms MaxRSS:1M
|  +- compile test value-return-native_scalar-library fast native success 13s MaxRSS:415M
|     +- run exe compile-value-return (source.zig) (+1 more reused dependencies)
|     +- options cached
|     +- run exe compile-value-return (source.zig) (+1 more reused dependencies)
+- run test value-return-borrowed_objects-source 3 pass (3 total) 3ms MaxRSS:1M
|  +- compile test value-return-borrowed_objects-source fast native success 13s MaxRSS:406M
|     +- run exe compile-value-return (source.zig) success 6ms
|     |  +- compile exe compile-value-return fast native (+36 more reused dependencies)
|     +- options cached
|     +- run exe compile-value-return (source.zig) (+1 more reused dependencies)
+- run test value-return-borrowed_objects-library 3 pass (3 total) 3ms MaxRSS:1M
   +- compile test value-return-borrowed_objects-library fast native success 13s MaxRSS:411M
      +- run exe compile-value-return (source.zig) (+1 more reused dependencies)
      +- options cached
      +- run exe compile-value-return (source.zig) (+1 more reused dependencies)
test-owned-collections success
+- run test list-push-owned-0 3 pass (3 total) 2ms MaxRSS:999K
|  +- compile test list-push-owned-0 fast native success 12s MaxRSS:399M
|     +- run node (cases.zig) success 190ms
|     +- run exe zxc (program.zig) success 6ms
|        +- compile exe zxc fast native success 1m MaxRSS:3G
|           +- WriteFile cached
|           +- compile lib yaml fast native cached 60ms MaxRSS:20M
|           +- compile lib yaml fast native (reused)
|           +- translate-c cached 60ms MaxRSS:20M
|           +- options success
|           +- run exe bundle-zig (bundle) success 7s
|           |  +- compile exe bundle-zig fast native success 26s MaxRSS:918M
|           |  +- WriteFile bundle_manifest.json cached
|           +- options cached
|           +- run exe generate-parser (parser.zig) (+1 more reused dependencies)
|           +- run exe generate-parser (parser.zig) (+1 more reused dependencies)
|           +- run exe generate-parser (parser.zig) (+1 more reused dependencies)
|           +- run exe generate-parser (parser.zig) (+1 more reused dependencies)
|           +- run exe generate-parser (parser.zig) (+1 more reused dependencies)
|           +- run exe generate-parser (parser.zig) (+1 more reused dependencies)
|           +- run exe generate-parser (parser.zig) (+1 more reused dependencies)
|           +- WriteFile interfaces/0.d.zx (+1 more reused dependencies)
|           +- options (reused)
|           +- run exe generate-parser (parser.zig) (+1 more reused dependencies)
|           +- run exe generate-parser (parser.zig) (+1 more reused dependencies)
|           +- run exe generate-parser (parser.zig) (+1 more reused dependencies)
|           +- run exe generate-parser (parser.zig) (+1 more reused dependencies)
|           +- run exe generate-parser (parser.zig) (+1 more reused dependencies)
|           +- run exe generate-parser (parser.zig) (+1 more reused dependencies)
|           +- run exe generate-parser (parser.zig) (+1 more reused dependencies)
|           +- run exe generate-parser (parser.zig) (+1 more reused dependencies)
|           +- run exe generate-parser (parser.zig) (+1 more reused dependencies)
|           +- run exe generate-parser (parser.zig) (+1 more reused dependencies)
|           +- run exe generate-parser (parser.zig) (+1 more reused dependencies)
|           +- run exe generate-parser (parser.zig) (+1 more reused dependencies)
|           +- run exe generate-parser (parser.zig) (+1 more reused dependencies)
|           +- run exe generate-parser (parser.zig) (+1 more reused dependencies)
|           +- run exe generate-parser (parser.zig) (+1 more reused dependencies)
|           +- run exe generate-parser (parser.zig) (+1 more reused dependencies)
|           +- run exe generate-parser (parser.zig) (+1 more reused dependencies)
|           +- run exe generate-parser (parser.zig) (+1 more reused dependencies)
|           +- run exe generate-parser (parser.zig) (+1 more reused dependencies)
|           +- run exe generate-parser (parser.zig) (+1 more reused dependencies)
|           +- run exe generate-lexer (lexer.zig) (+1 more reused dependencies)
|           +- run exe generate-parser (parser.zig) (+1 more reused dependencies)
|           +- run exe generate-parser (parser.zig) (+1 more reused dependencies)
|           +- run exe generate-parser (parser.zig) (+1 more reused dependencies)
|           +- run exe generate-parser (parser.zig) (+1 more reused dependencies)
|           +- run exe generate-parser (parser.zig) (+1 more reused dependencies)
|           +- run exe generate-parser (parser.zig) (+1 more reused dependencies)
|           +- run exe generate-parser (parser.zig) (+1 more reused dependencies)
|           +- run exe generate-parser (parser.zig) (+1 more reused dependencies)
|           +- run exe generate-parser (parser.zig) (+1 more reused dependencies)
|           +- run exe generate-parser (parser.zig) (+1 more reused dependencies)
|           +- run exe generate-parser (parser.zig) (+1 more reused dependencies)
|           +- run exe generate-parser (parser.zig) (+1 more reused dependencies)
|           +- run exe generate-parser (parser.zig) (+1 more reused dependencies)
+- run test list-push-owned-1 9 pass (9 total) 3ms MaxRSS:995K
|  +- compile test list-push-owned-1 fast native success 12s MaxRSS:394M
|     +- run node (cases.zig) success 185ms
|     +- run exe zxc (program.zig) success 8ms
|        +- compile exe zxc fast native (+50 more reused dependencies)
+- run test list-push-owned-2 30 pass (30 total) 5ms MaxRSS:999K
|  +- compile test list-push-owned-2 fast native success 12s MaxRSS:412M
|     +- run node (cases.zig) success 116ms
|     +- run exe zxc (program.zig) success 10ms
|        +- compile exe zxc fast native (+50 more reused dependencies)
+- run test list-push-owned-3 81 pass (81 total) 5ms MaxRSS:1M
|  +- compile test list-push-owned-3 fast native success 8s MaxRSS:327M
|     +- run node (cases.zig) success 69ms
|     +- run exe zxc (program.zig) success 3ms
|        +- compile exe zxc fast native (+50 more reused dependencies)
+- run test list-push-owned-4 246 pass (246 total) 8ms MaxRSS:1M
|  +- compile test list-push-owned-4 fast native success 8s MaxRSS:331M
|     +- run node (cases.zig) success 194ms
|     +- run exe zxc (program.zig) success 3ms
|        +- compile exe zxc fast native (+50 more reused dependencies)
+- run test list-push-owned-5 3 pass (3 total) 3ms MaxRSS:999K
|  +- compile test list-push-owned-5 fast native success 12s MaxRSS:396M
|     +- run node (cases.zig) success 197ms
|     +- run exe zxc (program.zig) success 8ms
|        +- compile exe zxc fast native (+50 more reused dependencies)
+- run test list-pop-owned-0 1 pass (1 total) 3ms MaxRSS:995K
|  +- compile test list-pop-owned-0 fast native success 12s MaxRSS:407M
|     +- run node (cases.zig) success 137ms
|     +- run exe zxc (program.zig) success 9ms
|        +- compile exe zxc fast native (+50 more reused dependencies)
+- run test list-pop-owned-1 3 pass (3 total) 3ms MaxRSS:1M
|  +- compile test list-pop-owned-1 fast native success 13s MaxRSS:404M
|     +- run node (cases.zig) success 102ms
|     +- run exe zxc (program.zig) success 10ms
|        +- compile exe zxc fast native (+50 more reused dependencies)
+- run test list-pop-owned-2 11 pass (11 total) 3ms MaxRSS:1M
|  +- compile test list-pop-owned-2 fast native success 13s MaxRSS:395M
|     +- run node (cases.zig) success 114ms
|     +- run exe zxc (program.zig) success 5ms
|        +- compile exe zxc fast native (+50 more reused dependencies)
+- run test list-pop-owned-3 28 pass (28 total) 2ms MaxRSS:1M
|  +- compile test list-pop-owned-3 fast native success 9s MaxRSS:341M
|     +- run node (cases.zig) success 69ms
|     +- run exe zxc (program.zig) success 3ms
|        +- compile exe zxc fast native (+50 more reused dependencies)
+- run test list-pop-owned-4 82 pass (82 total) 3ms MaxRSS:1M
|  +- compile test list-pop-owned-4 fast native success 8s MaxRSS:333M
|     +- run node (cases.zig) success 185ms
|     +- run exe zxc (program.zig) success 3ms
|        +- compile exe zxc fast native (+50 more reused dependencies)
+- run test list-pop-owned-5 1 pass (1 total) 3ms MaxRSS:1M
|  +- compile test list-pop-owned-5 fast native success 12s MaxRSS:395M
|     +- run node (cases.zig) success 117ms
|     +- run exe zxc (program.zig) success 26ms
|        +- compile exe zxc fast native (+50 more reused dependencies)
+- run test list-reverse-owned-0 1 pass (1 total) 4ms MaxRSS:995K
|  +- compile test list-reverse-owned-0 fast native success 12s MaxRSS:398M
|     +- run node (cases.zig) success 182ms
|     +- run exe zxc (program.zig) success 7ms
|        +- compile exe zxc fast native (+50 more reused dependencies)
+- run test list-reverse-owned-1 3 pass (3 total) 4ms MaxRSS:1M
|  +- compile test list-reverse-owned-1 fast native success 12s MaxRSS:412M
|     +- run node (cases.zig) success 116ms
|     +- run exe zxc (program.zig) success 10ms
|        +- compile exe zxc fast native (+50 more reused dependencies)
+- run test list-reverse-owned-2 11 pass (11 total) 4ms MaxRSS:1M
|  +- compile test list-reverse-owned-2 fast native success 12s MaxRSS:396M
|     +- run node (cases.zig) success 196ms
|     +- run exe zxc (program.zig) success 6ms
|        +- compile exe zxc fast native (+50 more reused dependencies)
+- run test list-reverse-owned-3 28 pass (28 total) 4ms MaxRSS:1M
|  +- compile test list-reverse-owned-3 fast native success 12s MaxRSS:395M
|     +- run node (cases.zig) success 194ms
|     +- run exe zxc (program.zig) success 7ms
|        +- compile exe zxc fast native (+50 more reused dependencies)
+- run test list-reverse-owned-4 82 pass (82 total) 6ms MaxRSS:1M
|  +- compile test list-reverse-owned-4 fast native success 12s MaxRSS:399M
|     +- run node (cases.zig) success 118ms
|     +- run exe zxc (program.zig) success 7ms
|        +- compile exe zxc fast native (+50 more reused dependencies)
+- run test list-reverse-owned-5 1 pass (1 total) 3ms MaxRSS:995K
|  +- compile test list-reverse-owned-5 fast native success 12s MaxRSS:386M
|     +- run node (cases.zig) success 195ms
|     +- run exe zxc (program.zig) success 6ms
|        +- compile exe zxc fast native (+50 more reused dependencies)
+- run test list-sort-owned-0 1 pass (1 total) 3ms MaxRSS:1M
|  +- compile test list-sort-owned-0 fast native success 12s MaxRSS:403M
|     +- run node (cases.zig) success 197ms
|     +- run exe zxc (program.zig) success 6ms
|        +- compile exe zxc fast native (+50 more reused dependencies)
+- run test list-sort-owned-1 3 pass (3 total) 3ms MaxRSS:1M
|  +- compile test list-sort-owned-1 fast native success 13s MaxRSS:415M
|     +- run node (cases.zig) success 111ms
|     +- run exe zxc (program.zig) success 24ms
|        +- compile exe zxc fast native (+50 more reused dependencies)
+- run test list-sort-owned-2 11 pass (11 total) 4ms MaxRSS:1M
|  +- compile test list-sort-owned-2 fast native success 13s MaxRSS:406M
|     +- run node (cases.zig) success 138ms
|     +- run exe zxc (program.zig) success 5ms
|        +- compile exe zxc fast native (+50 more reused dependencies)
+- run test list-sort-owned-3 28 pass (28 total) 5ms MaxRSS:1M
|  +- compile test list-sort-owned-3 fast native success 13s MaxRSS:414M
|     +- run node (cases.zig) success 115ms
|     +- run exe zxc (program.zig) success 22ms
|        +- compile exe zxc fast native (+50 more reused dependencies)
+- run test list-sort-owned-4 82 pass (82 total) 8ms MaxRSS:1M
|  +- compile test list-sort-owned-4 fast native success 13s MaxRSS:424M
|     +- run node (cases.zig) success 131ms
|     +- run exe zxc (program.zig) success 8ms
|        +- compile exe zxc fast native (+50 more reused dependencies)
+- run test list-sort-owned-5 1 pass (1 total) 4ms MaxRSS:1M
|  +- compile test list-sort-owned-5 fast native success 13s MaxRSS:406M
|     +- run node (cases.zig) success 130ms
|     +- run exe zxc (program.zig) success 12ms
|        +- compile exe zxc fast native (+50 more reused dependencies)
+- run test list-concat-owned-0 5 pass (5 total) 4ms MaxRSS:991K
|  +- compile test list-concat-owned-0 fast native success 12s MaxRSS:403M
|     +- run node (cases.zig) success 130ms
|     +- run exe zxc (program.zig) success 23ms
|        +- compile exe zxc fast native (+50 more reused dependencies)
+- run test list-concat-owned-1 15 pass (15 total) 4ms MaxRSS:995K
|  +- compile test list-concat-owned-1 fast native success 12s MaxRSS:409M
|     +- run node (cases.zig) success 196ms
|     +- run exe zxc (program.zig) success 7ms
|        +- compile exe zxc fast native (+50 more reused dependencies)
+- run test list-concat-owned-2 50 pass (50 total) 6ms MaxRSS:1M
|  +- compile test list-concat-owned-2 fast native success 13s MaxRSS:399M
|     +- run node (cases.zig) success 137ms
|     +- run exe zxc (program.zig) success 8ms
|        +- compile exe zxc fast native (+50 more reused dependencies)
+- run test list-concat-owned-3 135 pass (135 total) 10ms MaxRSS:1M
|  +- compile test list-concat-owned-3 fast native success 12s MaxRSS:405M
|     +- run node (cases.zig) success 139ms
|     +- run exe zxc (program.zig) success 17ms
|        +- compile exe zxc fast native (+50 more reused dependencies)
+- run test list-concat-owned-4 410 pass (410 total) 15ms MaxRSS:1M
|  +- compile test list-concat-owned-4 fast native success 12s MaxRSS:418M
|     +- run node (cases.zig) success 138ms
|     +- run exe zxc (program.zig) success 6ms
|        +- compile exe zxc fast native (+50 more reused dependencies)
+- run test list-concat-owned-5 5 pass (5 total) 2ms MaxRSS:999K
|  +- compile test list-concat-owned-5 fast native success 12s MaxRSS:400M
|     +- run node (cases.zig) success 198ms
|     +- run exe zxc (program.zig) success 6ms
|        +- compile exe zxc fast native (+50 more reused dependencies)
+- run test list-concat_reverse-owned-0 5 pass (5 total) 3ms MaxRSS:1M
|  +- compile test list-concat_reverse-owned-0 fast native success 12s MaxRSS:401M
|     +- run node (cases.zig) success 137ms
|     +- run exe zxc (program.zig) success 4ms
|        +- compile exe zxc fast native (+50 more reused dependencies)
+- run test list-concat_reverse-owned-1 15 pass (15 total) 4ms MaxRSS:1M
|  +- compile test list-concat_reverse-owned-1 fast native success 12s MaxRSS:401M
|     +- run node (cases.zig) success 139ms
|     +- run exe zxc (program.zig) success 6ms
|        +- compile exe zxc fast native (+50 more reused dependencies)
+- run test list-concat_reverse-owned-2 50 pass (50 total) 6ms MaxRSS:1M
|  +- compile test list-concat_reverse-owned-2 fast native success 12s MaxRSS:398M
|     +- run node (cases.zig) success 139ms
|     +- run exe zxc (program.zig) success 5ms
|        +- compile exe zxc fast native (+50 more reused dependencies)
+- run test list-concat_reverse-owned-3 135 pass (135 total) 6ms MaxRSS:1M
|  +- compile test list-concat_reverse-owned-3 fast native success 8s MaxRSS:334M
|     +- run node (cases.zig) success 68ms
|     +- run exe zxc (program.zig) success 3ms
|        +- compile exe zxc fast native (+50 more reused dependencies)
+- run test list-concat_reverse-owned-4 410 pass (410 total) 19ms MaxRSS:1M
|  +- compile test list-concat_reverse-owned-4 fast native success 13s MaxRSS:410M
|     +- run node (cases.zig) success 121ms
|     +- run exe zxc (program.zig) success 4ms
|        +- compile exe zxc fast native (+50 more reused dependencies)
+- run test list-concat_reverse-owned-5 5 pass (5 total) 2ms MaxRSS:1M
|  +- compile test list-concat_reverse-owned-5 fast native success 12s MaxRSS:389M
|     +- run node (cases.zig) success 198ms
|     +- run exe zxc (program.zig) success 7ms
|        +- compile exe zxc fast native (+50 more reused dependencies)
+- run test list-splice-owned-0 9 pass (9 total) 3ms MaxRSS:1M
|  +- compile test list-splice-owned-0 fast native success 13s MaxRSS:406M
|     +- run node (cases.zig) success 132ms
|     +- run exe zxc (program.zig) success 10ms
|        +- compile exe zxc fast native (+50 more reused dependencies)
+- run test list-splice-owned-1 60 pass (60 total) 4ms MaxRSS:1M
|  +- compile test list-splice-owned-1 fast native success 12s MaxRSS:399M
|     +- run node (cases.zig) success 137ms
|     +- run exe zxc (program.zig) success 6ms
|        +- compile exe zxc fast native (+50 more reused dependencies)
+- run test list-splice-owned-2 350 pass (350 total) 17ms MaxRSS:1M
|  +- compile test list-splice-owned-2 fast native success 13s MaxRSS:420M
|     +- run node (cases.zig) success 139ms
|     +- run exe zxc (program.zig) success 4ms
|        +- compile exe zxc fast native (+50 more reused dependencies)
+- run test list-splice-owned-3 1485 pass (1485 total) 27ms MaxRSS:1M
|  +- compile test list-splice-owned-3 fast native success 9s MaxRSS:386M
|     +- run node (cases.zig) success 214ms
|     +- run exe zxc (program.zig) success 5ms
|        +- compile exe zxc fast native (+50 more reused dependencies)
+- run test list-splice-owned-4 6561 pass (6561 total) 216ms MaxRSS:3M
|  +- compile test list-splice-owned-4 fast native success 18s MaxRSS:597M
|     +- run node (cases.zig) success 261ms
|     +- run exe zxc (program.zig) success 6ms
|        +- compile exe zxc fast native (+50 more reused dependencies)
+- run test list-splice-owned-5 110 pass (110 total) 4ms MaxRSS:1M
|  +- compile test list-splice-owned-5 fast native success 12s MaxRSS:410M
|     +- run node (cases.zig) success 199ms
|     +- run exe zxc (program.zig) success 8ms
|        +- compile exe zxc fast native (+50 more reused dependencies)
+- run test list-splice_reverse-owned-0 9 pass (9 total) 3ms MaxRSS:999K
|  +- compile test list-splice_reverse-owned-0 fast native success 12s MaxRSS:406M
|     +- run node (cases.zig) success 189ms
|     +- run exe zxc (program.zig) success 8ms
|        +- compile exe zxc fast native (+50 more reused dependencies)
+- run test list-splice_reverse-owned-1 20 pass (20 total) 4ms MaxRSS:1M
|  +- compile test list-splice_reverse-owned-1 fast native success 12s MaxRSS:405M
|     +- run node (cases.zig) success 140ms
|     +- run exe zxc (program.zig) success 6ms
|        +- compile exe zxc fast native (+50 more reused dependencies)
+- run test list-splice_reverse-owned-3 55 pass (55 total) 6ms MaxRSS:1M
|  +- compile test list-splice_reverse-owned-3 fast native success 13s MaxRSS:408M
|     +- run node (cases.zig) success 137ms
|     +- run exe zxc (program.zig) success 12ms
|        +- compile exe zxc fast native (+50 more reused dependencies)
+- run test list-splice_reverse-owned-4 80 pass (80 total) 3ms MaxRSS:1M
|  +- compile test list-splice_reverse-owned-4 fast native success 9s MaxRSS:348M
|     +- run node (cases.zig) success 67ms
|     +- run exe zxc (program.zig) success 3ms
|        +- compile exe zxc fast native (+50 more reused dependencies)
+- run test string-sort-owned-0_0 1 pass (1 total) 2ms MaxRSS:1M
|  +- compile test string-sort-owned-0_0 fast native success 9s MaxRSS:331M
|     +- run node (cases.zig) success 196ms
|     +- run exe zxc (program.zig) success 4ms
|        +- compile exe zxc fast native (+50 more reused dependencies)
+- run test string-sort-owned-1_0 4 pass (4 total) 3ms MaxRSS:1M
|  +- compile test string-sort-owned-1_0 fast native success 14s MaxRSS:413M
|     +- run node (cases.zig) success 115ms
|     +- run exe zxc (program.zig) success 5ms
|        +- compile exe zxc fast native (+50 more reused dependencies)
+- run test string-sort-owned-26_0 1 pass (1 total) 3ms MaxRSS:1M
|  +- compile test string-sort-owned-26_0 fast native success 13s MaxRSS:415M
|     +- run node (cases.zig) success 117ms
|     +- run exe zxc (program.zig) success 8ms
|        +- compile exe zxc fast native (+50 more reused dependencies)
+- run test string-sort-owned-33_0 1 pass (1 total) 3ms MaxRSS:1M
|  +- compile test string-sort-owned-33_0 fast native success 13s MaxRSS:408M
|     +- run node (cases.zig) success 116ms
|     +- run exe zxc (program.zig) success 12ms
|        +- compile exe zxc fast native (+50 more reused dependencies)
+- run test string-sort-owned-2_0 17 pass (17 total) 3ms MaxRSS:1M
|  +- compile test string-sort-owned-2_0 fast native success 12s MaxRSS:418M
|     +- run node (cases.zig) success 197ms
|     +- run exe zxc (program.zig) success 7ms
|        +- compile exe zxc fast native (+50 more reused dependencies)
+- run test string-sort-owned-3_0 65 pass (65 total) 6ms MaxRSS:1M
|  +- compile test string-sort-owned-3_0 fast native success 13s MaxRSS:420M
|     +- run node (cases.zig) success 139ms
|     +- run exe zxc (program.zig) success 25ms
|        +- compile exe zxc fast native (+50 more reused dependencies)
+- run test string-concat_reverse-owned-0_0 1 pass (1 total) 3ms MaxRSS:995K
|  +- compile test string-concat_reverse-owned-0_0 fast native success 12s MaxRSS:402M
|     +- run node (cases.zig) success 192ms
|     +- run exe zxc (program.zig) success 5ms
|        +- compile exe zxc fast native (+50 more reused dependencies)
+- run test string-concat_reverse-owned-0_1 1 pass (1 total) 3ms MaxRSS:995K
|  +- compile test string-concat_reverse-owned-0_1 fast native success 12s MaxRSS:403M
|     +- run node (cases.zig) success 118ms
|     +- run exe zxc (program.zig) success 5ms
|        +- compile exe zxc fast native (+50 more reused dependencies)
+- run test string-concat_reverse-owned-0_2 2 pass (2 total) 3ms MaxRSS:1M
|  +- compile test string-concat_reverse-owned-0_2 fast native success 13s MaxRSS:407M
|     +- run node (cases.zig) success 106ms
|     +- run exe zxc (program.zig) success 4ms
|        +- compile exe zxc fast native (+50 more reused dependencies)
+- run test string-concat_reverse-owned-1_0 4 pass (4 total) 3ms MaxRSS:1M
|  +- compile test string-concat_reverse-owned-1_0 fast native success 13s MaxRSS:411M
|     +- run node (cases.zig) success 124ms
|     +- run exe zxc (program.zig) success 6ms
|        +- compile exe zxc fast native (+50 more reused dependencies)
+- run test string-concat_reverse-owned-1_1 4 pass (4 total) 2ms MaxRSS:999K
|  +- compile test string-concat_reverse-owned-1_1 fast native success 12s MaxRSS:402M
|     +- run node (cases.zig) success 182ms
|     +- run exe zxc (program.zig) success 6ms
|        +- compile exe zxc fast native (+50 more reused dependencies)
+- run test string-concat_reverse-owned-1_2 8 pass (8 total) 4ms MaxRSS:1M
|  +- compile test string-concat_reverse-owned-1_2 fast native success 13s MaxRSS:404M
|     +- run node (cases.zig) success 117ms
|     +- run exe zxc (program.zig) success 10ms
|        +- compile exe zxc fast native (+50 more reused dependencies)
+- run test string-concat_reverse-owned-2_0 16 pass (16 total) 3ms MaxRSS:1M
|  +- compile test string-concat_reverse-owned-2_0 fast native success 12s MaxRSS:404M
|     +- run node (cases.zig) success 197ms
|     +- run exe zxc (program.zig) success 7ms
|        +- compile exe zxc fast native (+50 more reused dependencies)
+- run test string-concat_reverse-owned-2_1 16 pass (16 total) 2ms MaxRSS:1M
|  +- compile test string-concat_reverse-owned-2_1 fast native success 12s MaxRSS:401M
|     +- run node (cases.zig) success 169ms
|     +- run exe zxc (program.zig) success 5ms
|        +- compile exe zxc fast native (+50 more reused dependencies)
+- run test string-concat_reverse-owned-2_2 32 pass (32 total) 3ms MaxRSS:1M
|  +- compile test string-concat_reverse-owned-2_2 fast native success 12s MaxRSS:390M
|     +- run node (cases.zig) success 191ms
|     +- run exe zxc (program.zig) success 7ms
|        +- compile exe zxc fast native (+50 more reused dependencies)
+- run test string-concat_reverse-owned-3_0 64 pass (64 total) 3ms MaxRSS:1M
|  +- compile test string-concat_reverse-owned-3_0 fast native success 9s MaxRSS:336M
|     +- run node (cases.zig) success 197ms
|     +- run exe zxc (program.zig) success 4ms
|        +- compile exe zxc fast native (+50 more reused dependencies)
+- run test string-concat_reverse-owned-3_1 64 pass (64 total) 5ms MaxRSS:1M
|  +- compile test string-concat_reverse-owned-3_1 fast native success 13s MaxRSS:407M
|     +- run node (cases.zig) success 118ms
|     +- run exe zxc (program.zig) success 9ms
|        +- compile exe zxc fast native (+50 more reused dependencies)
+- run test string-concat_reverse-owned-3_2 128 pass (128 total) 5ms MaxRSS:1M
|  +- compile test string-concat_reverse-owned-3_2 fast native success 12s MaxRSS:405M
|     +- run node (cases.zig) success 199ms
|     +- run exe zxc (program.zig) success 8ms
|        +- compile exe zxc fast native (+50 more reused dependencies)
+- run test list-concat-three-owned-0 26 pass (26 total) 4ms MaxRSS:1M
|  +- compile test list-concat-three-owned-0 fast native success 12s MaxRSS:408M
|     +- run node (cases.zig) success 119ms
|     +- run exe zxc (program.zig) success 6ms
|        +- compile exe zxc fast native (+50 more reused dependencies)
+- run test list-concat-three-owned-1 50 pass (50 total) 5ms MaxRSS:1M
|  +- compile test list-concat-three-owned-1 fast native success 12s MaxRSS:404M
|     +- run node (cases.zig) success 132ms
|     +- run exe zxc (program.zig) success 5ms
|        +- compile exe zxc fast native (+50 more reused dependencies)
+- run test list-concat-three-owned-2 25 pass (25 total) 3ms MaxRSS:1M
|  +- compile test list-concat-three-owned-2 fast native success 12s MaxRSS:398M
|     +- run node (cases.zig) success 197ms
|     +- run exe zxc (program.zig) success 6ms
|        +- compile exe zxc fast native (+50 more reused dependencies)
+- run test list-concat-three-owned-3 25 pass (25 total) 3ms MaxRSS:1M
   +- compile test list-concat-three-owned-3 fast native success 12s MaxRSS:405M
      +- run node (cases.zig) success 200ms
      +- run exe zxc (program.zig) success 7ms
         +- compile exe zxc fast native (+50 more reused dependencies)
