✔ package workspace / no workspace (14.546442ms)
✔ package workspace / empty patterns (11.951191ms)
✔ package workspace / literal path (11.569942ms)
✔ package workspace / single segment star and sorting (11.791145ms)
✔ package workspace / globstar zero and multiple segments (12.477499ms)
✔ package workspace / globstar followed by literal (11.997978ms)
✔ package workspace / question one byte (10.891469ms)
✔ package workspace / star within segment (12.513218ms)
✔ package workspace / exclude before include (11.680165ms)
✔ package workspace / exclude after include (12.039051ms)
✔ package workspace / recursive exclusion (12.750023ms)
✔ package workspace / overlapping includes once (11.848148ms)
✔ package workspace / exclude alone includes nothing (11.535124ms)
✔ package workspace / matched directory without manifest (12.185556ms)
✔ package workspace / duplicate member names (11.311256ms)
✔ package workspace / duplicate root name (10.069513ms)
✔ package workspace / invalid member manifest (11.493068ms)
✔ package workspace / nested workspace does not rescan (12.078806ms)
✔ package workspace / directory symlink ignored (10.931181ms)
✔ package workspace / manifest symlink inside root (11.318543ms)
✔ package workspace / manifest symlink escapes root (10.629395ms)
✔ package workspace / ignore .git (11.292495ms)
✔ package workspace / ignore .zxc (11.709318ms)
✔ package workspace / ignore .zig-cache (11.722873ms)
✔ package workspace / ignore zig-out (11.247983ms)
✔ package workspace / ignore zig-pkg (12.012941ms)
✔ package workspace / ignore node_modules (11.893361ms)
✔ package workspace / unsupported pkgs/[ab] (10.023644ms)
✔ package workspace / unsupported pkgs/{a,b} (10.407766ms)
✔ package workspace / unsupported pkgs/@(a) (9.011018ms)
✔ package workspace / unsupported pkgs/a** (10.325703ms)
ℹ tests 31
ℹ suites 0
ℹ pass 31
ℹ fail 0
ℹ cancelled 0
ℹ skipped 0
ℹ todo 0
ℹ duration_ms 365.770757
✔ package imports / declared transitive execution (13076.82527ms)
✔ package imports / member entry discovers workspace (12807.723399ms)
✔ package imports / root alias belongs to owner (12916.066709ms)
✔ package imports / member relative file (8718.055579ms)
✔ package imports / development dependency visible (6912.550566ms)
✔ package imports / declared package alias (6959.856418ms)
✔ package imports / scoped package import (6951.576863ms)
✔ package imports / root cannot import transitive dependency (7.294928ms)
✔ package imports / member needs its own dependency (7.505964ms)
✔ package imports / alias does not expose original name (6.659533ms)
✔ package imports / root relative path cannot cross member (6.718897ms)
✔ package imports / member relative path cannot cross sibling (6.812498ms)
✔ package imports / root alias cannot cross member (6.171365ms)
✔ package imports / undiscovered nested package is not a plain directory (6.182285ms)
✔ package imports / declared target needs ZX entry (5.46495ms)
✔ package imports / source symlink cannot disguise owner (6.088058ms)
ℹ tests 16
ℹ suites 0
ℹ pass 16
ℹ fail 0
ℹ cancelled 0
ℹ skipped 0
ℹ todo 0
ℹ duration_ms 68406.571156
✔ package manifest / minimal (7.815547ms)
✔ package manifest / scoped prerelease (5.669351ms)
✔ package manifest / private boolean (5.556138ms)
✔ package manifest / entry with spaces (5.575698ms)
✔ package manifest / dependency groups (5.716436ms)
✔ package manifest / workspace patterns (5.276301ms)
✔ package manifest / root sequence (4.992279ms)
✔ package manifest / duplicate key (5.644747ms)
✔ package manifest / missing name (5.129805ms)
✔ package manifest / missing version (5.070082ms)
✔ package manifest / uppercase name (4.75252ms)
✔ package manifest / invalid version (4.971376ms)
✔ package manifest / empty name (5.459648ms)
✔ package manifest / NUL name (5.588315ms)
✔ package manifest / unknown field (5.492399ms)
✔ package manifest / quoted boolean (5.291993ms)
✔ package manifest / nonboolean private (5.069497ms)
✔ package manifest / parent entry (5.164698ms)
✔ package manifest / absolute entry (4.690883ms)
✔ package manifest / wrong entry extension (4.488953ms)
✔ package manifest / dependency sequence (4.787843ms)
✔ package manifest / unknown workspace field (5.080508ms)
✔ package manifest / workspace scalar (5.725636ms)
✔ package manifest / escaping workspace (5.434927ms)
✔ package manifest / native native_interfaces must be sequence (4.900364ms)
✔ package manifest / native native_modules must be sequence (5.928833ms)
✔ package manifest / native externals must be sequence (7.526928ms)
✔ package manifest / native libraries must be sequence (7.365561ms)
✔ package manifest / native include_paths must be sequence (5.079234ms)
✔ package manifest / native library_paths must be sequence (5.549706ms)
✔ package manifest / native interface missing specifier (4.720174ms)
✔ package manifest / native interface missing path (4.619756ms)
✔ package manifest / native interface missing module (4.649864ms)
✔ package manifest / native interface unknown field (4.555175ms)
✔ package manifest / native interface duplicate key (4.627056ms)
✔ package manifest / native namespace scalar (4.954687ms)
✔ package manifest / native namespace empty item (4.848771ms)
✔ package manifest / native module missing name (4.514025ms)
✔ package manifest / native module missing source (4.518084ms)
✔ package manifest / native module ambiguous source (4.675332ms)
✔ package manifest / native header bundled files (5.073424ms)
✔ package manifest / native module unknown field (5.305647ms)
✔ package manifest / native module dependencies mapping (5.258095ms)
✔ package manifest / native module bundled files scalar (5.042806ms)
✔ package manifest / native external incomplete (4.538074ms)
✔ package manifest / native external unknown field (4.31727ms)
✔ package manifest / native external implementation scalar (4.370654ms)
✔ package manifest / native implementation unknown field (4.265174ms)
✔ package manifest / native library nonstring item (4.538126ms)
✔ package manifest / native library empty item (4.755234ms)
✔ package manifest / native allocator_argument rejects "true" (4.658796ms)
✔ package manifest / native allocator_argument rejects yes (4.418125ms)
✔ package manifest / native expand_tuple rejects "true" (4.349188ms)
✔ package manifest / native expand_tuple rejects yes (4.34017ms)
✔ package manifest / native fallible rejects "true" (4.337196ms)
✔ package manifest / native fallible rejects yes (4.344023ms)
✔ package manifest / native roundtrip 0 (5.308973ms)
✔ package manifest / native roundtrip 1 (5.136453ms)
✔ package manifest / native roundtrip 2 (5.310138ms)
✔ package manifest / native roundtrip 3 (5.038546ms)
✔ package manifest / native roundtrip 4 (4.875812ms)
✔ package manifest / native external flags false/false/false (4.765637ms)
✔ package manifest / native external flags false/false/true (4.815866ms)
✔ package manifest / native external flags false/true/false (4.882464ms)
✔ package manifest / native external flags false/true/true (4.887251ms)
✔ package manifest / native external flags true/false/false (4.975094ms)
✔ package manifest / native external flags true/false/true (4.869575ms)
✔ package manifest / native external flags true/true/false (4.831641ms)
✔ package manifest / native external flags true/true/true (4.863083ms)
ℹ tests 69
ℹ suites 0
ℹ pass 69
ℹ fail 0
ℹ cancelled 0
ℹ skipped 0
ℹ todo 0
ℹ duration_ms 355.648386
✔ package graph / root only (14.116542ms)
✔ package graph / members not implicitly linked (7.318925ms)
✔ package graph / direct dependency (6.644702ms)
✔ package graph / development dependency (7.029113ms)
✔ package graph / separate dependency classes (8.069328ms)
✔ package graph / owner dependency scope (7.46361ms)
✔ package graph / alias targets another name (7.308726ms)
✔ package graph / scoped name (7.066998ms)
✔ package graph / scoped alias (6.215014ms)
✔ package graph / relative root target (6.208257ms)
✔ package graph / relative member target (6.153136ms)
✔ package graph / missing local target (5.464943ms)
✔ package graph / relative path outside members (5.372538ms)
✔ package graph / external does not use same named local (5.256212ms)
✔ package graph / duplicate dependency classes (5.555464ms)
✔ package graph / missing alias name (6.345414ms)
✔ package graph / invalid range (5.79027ms)
✔ package graph / root self cycle (5.18725ms)
✔ package graph / unreferenced member self cycle (5.764452ms)
✔ package graph / unreferenced indirect cycle (5.946026ms)
✔ package graph / development edge participates in cycle (5.61578ms)
✔ package graph / diamond is not a cycle (6.55826ms)
✔ package graph / version 1.2.3 (6.805834ms)
✔ package graph / version 1.2.4 (6.144353ms)
✔ package graph / version ^1.0.0 (6.670182ms)
✔ package graph / version ^2.0.0 (6.474066ms)
✔ package graph / version ~1.2.0 (6.625266ms)
✔ package graph / version ~1.1.0 (5.821882ms)
✔ package graph / version >=1.2.0 <2.0.0 (6.093734ms)
✔ package graph / version >=2.0.0 (5.68985ms)
✔ package graph / version ^ (6.042136ms)
✔ package graph / version ~ (6.220315ms)
✔ package graph / range "1.2.3" / 0.0.0 (5.305194ms)
✔ package graph / range "1.2.3" / 0.0.2 (5.195445ms)
✔ package graph / range "1.2.3" / 0.0.3 (5.042026ms)
✔ package graph / range "1.2.3" / 0.1.0 (5.136539ms)
✔ package graph / range "1.2.3" / 0.2.3 (5.060428ms)
✔ package graph / range "1.2.3" / 0.2.4 (5.133346ms)
✔ package graph / range "1.2.3" / 0.3.0 (5.027744ms)
✔ package graph / range "1.2.3" / 1.0.0 (5.06142ms)
✔ package graph / range "1.2.3" / 1.2.0 (5.110559ms)
✔ package graph / range "1.2.3" / 1.2.2 (4.998143ms)
✔ package graph / range "1.2.3" / 1.2.3-0 (5.024279ms)
✔ package graph / range "1.2.3" / 1.2.3-alpha (4.988363ms)
✔ package graph / range "1.2.3" / 1.2.3-alpha.2 (6.96325ms)
✔ package graph / range "1.2.3" / 1.2.3-alpha.10 (6.734078ms)
✔ package graph / range "1.2.3" / 1.2.3-beta (5.292627ms)
✔ package graph / range "1.2.3" / 1.2.3 (5.6092ms)
✔ package graph / range "1.2.3" / 1.2.3+build.9 (5.569382ms)
✔ package graph / range "1.2.3" / 1.2.4-alpha (4.994241ms)
✔ package graph / range "1.2.3" / 1.2.4 (4.935658ms)
✔ package graph / range "1.2.3" / 1.3.0-0 (4.947801ms)
✔ package graph / range "1.2.3" / 1.3.0 (4.942444ms)
✔ package graph / range "1.2.3" / 2.0.0-alpha (5.045359ms)
✔ package graph / range "1.2.3" / 2.0.0 (4.882775ms)
✔ package graph / range "1.2.3" / 2.3.4 (5.030622ms)
✔ package graph / range "1.2.3" / 3.0.0 (5.246912ms)
✔ package graph / range "=1.2.3" / 0.0.0 (5.054545ms)
✔ package graph / range "=1.2.3" / 0.0.2 (5.011966ms)
✔ package graph / range "=1.2.3" / 0.0.3 (4.969763ms)
✔ package graph / range "=1.2.3" / 0.1.0 (5.112637ms)
✔ package graph / range "=1.2.3" / 0.2.3 (5.007449ms)
✔ package graph / range "=1.2.3" / 0.2.4 (4.948221ms)
✔ package graph / range "=1.2.3" / 0.3.0 (5.08964ms)
✔ package graph / range "=1.2.3" / 1.0.0 (5.149414ms)
✔ package graph / range "=1.2.3" / 1.2.0 (5.068246ms)
✔ package graph / range "=1.2.3" / 1.2.2 (4.977222ms)
✔ package graph / range "=1.2.3" / 1.2.3-0 (4.913743ms)
✔ package graph / range "=1.2.3" / 1.2.3-alpha (5.047301ms)
✔ package graph / range "=1.2.3" / 1.2.3-alpha.2 (4.937115ms)
✔ package graph / range "=1.2.3" / 1.2.3-alpha.10 (4.977435ms)
✔ package graph / range "=1.2.3" / 1.2.3-beta (4.992539ms)
✔ package graph / range "=1.2.3" / 1.2.3 (5.403115ms)
✔ package graph / range "=1.2.3" / 1.2.3+build.9 (5.339364ms)
✔ package graph / range "=1.2.3" / 1.2.4-alpha (4.908804ms)
✔ package graph / range "=1.2.3" / 1.2.4 (4.924469ms)
✔ package graph / range "=1.2.3" / 1.3.0-0 (4.967654ms)
✔ package graph / range "=1.2.3" / 1.3.0 (4.818691ms)
✔ package graph / range "=1.2.3" / 2.0.0-alpha (4.90247ms)
✔ package graph / range "=1.2.3" / 2.0.0 (4.998275ms)
✔ package graph / range "=1.2.3" / 2.3.4 (5.210651ms)
✔ package graph / range "=1.2.3" / 3.0.0 (4.937424ms)
✔ package graph / range "1.2.3+different" / 0.0.0 (4.952706ms)
✔ package graph / range "1.2.3+different" / 0.0.2 (4.87061ms)
✔ package graph / range "1.2.3+different" / 0.0.3 (4.867168ms)
✔ package graph / range "1.2.3+different" / 0.1.0 (4.862881ms)
✔ package graph / range "1.2.3+different" / 0.2.3 (4.874477ms)
✔ package graph / range "1.2.3+different" / 0.2.4 (4.843443ms)
✔ package graph / range "1.2.3+different" / 0.3.0 (4.888155ms)
✔ package graph / range "1.2.3+different" / 1.0.0 (5.086906ms)
✔ package graph / range "1.2.3+different" / 1.2.0 (5.324458ms)
✔ package graph / range "1.2.3+different" / 1.2.2 (5.212835ms)
✔ package graph / range "1.2.3+different" / 1.2.3-0 (5.041808ms)
✔ package graph / range "1.2.3+different" / 1.2.3-alpha (5.025559ms)
✔ package graph / range "1.2.3+different" / 1.2.3-alpha.2 (5.154248ms)
✔ package graph / range "1.2.3+different" / 1.2.3-alpha.10 (4.985223ms)
✔ package graph / range "1.2.3+different" / 1.2.3-beta (5.010394ms)
✔ package graph / range "1.2.3+different" / 1.2.3 (5.411395ms)
✔ package graph / range "1.2.3+different" / 1.2.3+build.9 (5.436189ms)
✔ package graph / range "1.2.3+different" / 1.2.4-alpha (5.122671ms)
✔ package graph / range "1.2.3+different" / 1.2.4 (5.017584ms)
✔ package graph / range "1.2.3+different" / 1.3.0-0 (5.325445ms)
✔ package graph / range "1.2.3+different" / 1.3.0 (5.167564ms)
✔ package graph / range "1.2.3+different" / 2.0.0-alpha (5.121376ms)
✔ package graph / range "1.2.3+different" / 2.0.0 (5.191891ms)
✔ package graph / range "1.2.3+different" / 2.3.4 (5.211087ms)
✔ package graph / range "1.2.3+different" / 3.0.0 (5.338709ms)
✔ package graph / range "1" / 0.0.0 (5.06882ms)
✔ package graph / range "1" / 0.0.2 (5.030617ms)
✔ package graph / range "1" / 0.0.3 (4.966146ms)
✔ package graph / range "1" / 0.1.0 (4.885583ms)
✔ package graph / range "1" / 0.2.3 (4.953659ms)
✔ package graph / range "1" / 0.2.4 (4.989808ms)
✔ package graph / range "1" / 0.3.0 (4.904939ms)
✔ package graph / range "1" / 1.0.0 (5.493729ms)
✔ package graph / range "1" / 1.2.0 (5.382367ms)
✔ package graph / range "1" / 1.2.2 (5.929505ms)
✔ package graph / range "1" / 1.2.3-0 (5.144979ms)
✔ package graph / range "1" / 1.2.3-alpha (4.980819ms)
✔ package graph / range "1" / 1.2.3-alpha.2 (4.955561ms)
✔ package graph / range "1" / 1.2.3-alpha.10 (5.218714ms)
✔ package graph / range "1" / 1.2.3-beta (5.643047ms)
✔ package graph / range "1" / 1.2.3 (6.14783ms)
✔ package graph / range "1" / 1.2.3+build.9 (5.973862ms)
✔ package graph / range "1" / 1.2.4-alpha (5.261597ms)
✔ package graph / range "1" / 1.2.4 (5.460798ms)
✔ package graph / range "1" / 1.3.0-0 (4.96318ms)
✔ package graph / range "1" / 1.3.0 (5.401266ms)
✔ package graph / range "1" / 2.0.0-alpha (4.881426ms)
✔ package graph / range "1" / 2.0.0 (5.640529ms)
✔ package graph / range "1" / 2.3.4 (5.937415ms)
✔ package graph / range "1" / 3.0.0 (6.066554ms)
✔ package graph / range "1.2" / 0.0.0 (5.752659ms)
✔ package graph / range "1.2" / 0.0.2 (5.562679ms)
✔ package graph / range "1.2" / 0.0.3 (5.203933ms)
✔ package graph / range "1.2" / 0.1.0 (5.029675ms)
✔ package graph / range "1.2" / 0.2.3 (5.013279ms)
✔ package graph / range "1.2" / 0.2.4 (5.191528ms)
✔ package graph / range "1.2" / 0.3.0 (5.141368ms)
✔ package graph / range "1.2" / 1.0.0 (4.956806ms)
✔ package graph / range "1.2" / 1.2.0 (5.488017ms)
✔ package graph / range "1.2" / 1.2.2 (5.470665ms)
✔ package graph / range "1.2" / 1.2.3-0 (4.958798ms)
✔ package graph / range "1.2" / 1.2.3-alpha (4.960513ms)
✔ package graph / range "1.2" / 1.2.3-alpha.2 (4.872559ms)
✔ package graph / range "1.2" / 1.2.3-alpha.10 (4.811908ms)
✔ package graph / range "1.2" / 1.2.3-beta (4.953173ms)
✔ package graph / range "1.2" / 1.2.3 (5.450675ms)
✔ package graph / range "1.2" / 1.2.3+build.9 (5.462603ms)
✔ package graph / range "1.2" / 1.2.4-alpha (4.914135ms)
✔ package graph / range "1.2" / 1.2.4 (5.330981ms)
✔ package graph / range "1.2" / 1.3.0-0 (4.793137ms)
✔ package graph / range "1.2" / 1.3.0 (4.975586ms)
✔ package graph / range "1.2" / 2.0.0-alpha (4.941211ms)
✔ package graph / range "1.2" / 2.0.0 (5.045076ms)
✔ package graph / range "1.2" / 2.3.4 (5.080836ms)
✔ package graph / range "1.2" / 3.0.0 (5.006581ms)
✔ package graph / range "1.x" / 0.0.0 (5.076453ms)
✔ package graph / range "1.x" / 0.0.2 (4.984116ms)
✔ package graph / range "1.x" / 0.0.3 (4.927921ms)
✔ package graph / range "1.x" / 0.1.0 (4.833477ms)
✔ package graph / range "1.x" / 0.2.3 (4.968071ms)
✔ package graph / range "1.x" / 0.2.4 (5.006719ms)
✔ package graph / range "1.x" / 0.3.0 (5.03119ms)
✔ package graph / range "1.x" / 1.0.0 (5.427746ms)
✔ package graph / range "1.x" / 1.2.0 (5.461581ms)
✔ package graph / range "1.x" / 1.2.2 (5.509912ms)
✔ package graph / range "1.x" / 1.2.3-0 (5.109982ms)
✔ package graph / range "1.x" / 1.2.3-alpha (4.989199ms)
✔ package graph / range "1.x" / 1.2.3-alpha.2 (4.911703ms)
✔ package graph / range "1.x" / 1.2.3-alpha.10 (5.154693ms)
✔ package graph / range "1.x" / 1.2.3-beta (5.397285ms)
✔ package graph / range "1.x" / 1.2.3 (5.836308ms)
✔ package graph / range "1.x" / 1.2.3+build.9 (5.432634ms)
✔ package graph / range "1.x" / 1.2.4-alpha (4.969919ms)
✔ package graph / range "1.x" / 1.2.4 (5.348956ms)
✔ package graph / range "1.x" / 1.3.0-0 (4.97014ms)
✔ package graph / range "1.x" / 1.3.0 (5.604652ms)
✔ package graph / range "1.x" / 2.0.0-alpha (5.032167ms)
✔ package graph / range "1.x" / 2.0.0 (4.961661ms)
✔ package graph / range "1.x" / 2.3.4 (4.876506ms)
✔ package graph / range "1.x" / 3.0.0 (5.061059ms)
✔ package graph / range "1.2.X" / 0.0.0 (5.120082ms)
✔ package graph / range "1.2.X" / 0.0.2 (5.356496ms)
✔ package graph / range "1.2.X" / 0.0.3 (5.096607ms)
✔ package graph / range "1.2.X" / 0.1.0 (4.885839ms)
✔ package graph / range "1.2.X" / 0.2.3 (5.497427ms)
✔ package graph / range "1.2.X" / 0.2.4 (4.997974ms)
✔ package graph / range "1.2.X" / 0.3.0 (5.16535ms)
✔ package graph / range "1.2.X" / 1.0.0 (5.015188ms)
✔ package graph / range "1.2.X" / 1.2.0 (5.43135ms)
✔ package graph / range "1.2.X" / 1.2.2 (5.520775ms)
✔ package graph / range "1.2.X" / 1.2.3-0 (5.022745ms)
✔ package graph / range "1.2.X" / 1.2.3-alpha (4.988803ms)
✔ package graph / range "1.2.X" / 1.2.3-alpha.2 (4.915758ms)
✔ package graph / range "1.2.X" / 1.2.3-alpha.10 (4.916888ms)
✔ package graph / range "1.2.X" / 1.2.3-beta (5.197349ms)
✔ package graph / range "1.2.X" / 1.2.3 (5.622552ms)
✔ package graph / range "1.2.X" / 1.2.3+build.9 (5.422693ms)
✔ package graph / range "1.2.X" / 1.2.4-alpha (5.119162ms)
✔ package graph / range "1.2.X" / 1.2.4 (5.413945ms)
✔ package graph / range "1.2.X" / 1.3.0-0 (4.859733ms)
✔ package graph / range "1.2.X" / 1.3.0 (4.825124ms)
✔ package graph / range "1.2.X" / 2.0.0-alpha (4.874964ms)
✔ package graph / range "1.2.X" / 2.0.0 (4.920463ms)
✔ package graph / range "1.2.X" / 2.3.4 (4.99474ms)
✔ package graph / range "1.2.X" / 3.0.0 (4.960204ms)
✔ package graph / range "x" / 0.0.0 (5.297888ms)
✔ package graph / range "x" / 0.0.2 (5.326163ms)
✔ package graph / range "x" / 0.0.3 (5.631395ms)
✔ package graph / range "x" / 0.1.0 (5.542162ms)
✔ package graph / range "x" / 0.2.3 (5.381012ms)
✔ package graph / range "x" / 0.2.4 (5.40326ms)
✔ package graph / range "x" / 0.3.0 (5.561413ms)
✔ package graph / range "x" / 1.0.0 (5.483336ms)
✔ package graph / range "x" / 1.2.0 (5.663434ms)
✔ package graph / range "x" / 1.2.2 (5.438095ms)
✔ package graph / range "x" / 1.2.3-0 (4.989487ms)
✔ package graph / range "x" / 1.2.3-alpha (4.853453ms)
✔ package graph / range "x" / 1.2.3-alpha.2 (4.907563ms)
✔ package graph / range "x" / 1.2.3-alpha.10 (4.95428ms)
✔ package graph / range "x" / 1.2.3-beta (4.854271ms)
✔ package graph / range "x" / 1.2.3 (5.558958ms)
✔ package graph / range "x" / 1.2.3+build.9 (5.306495ms)
✔ package graph / range "x" / 1.2.4-alpha (4.879124ms)
✔ package graph / range "x" / 1.2.4 (5.567255ms)
✔ package graph / range "x" / 1.3.0-0 (5.431135ms)
✔ package graph / range "x" / 1.3.0 (5.787531ms)
✔ package graph / range "x" / 2.0.0-alpha (5.130344ms)
✔ package graph / range "x" / 2.0.0 (5.560711ms)
✔ package graph / range "x" / 2.3.4 (5.54795ms)
✔ package graph / range "x" / 3.0.0 (5.544273ms)
✔ package graph / range "X" / 0.0.0 (5.542527ms)
✔ package graph / range "X" / 0.0.2 (5.697393ms)
✔ package graph / range "X" / 0.0.3 (6.065336ms)
✔ package graph / range "X" / 0.1.0 (5.740255ms)
✔ package graph / range "X" / 0.2.3 (5.499493ms)
✔ package graph / range "X" / 0.2.4 (5.485062ms)
✔ package graph / range "X" / 0.3.0 (5.537135ms)
✔ package graph / range "X" / 1.0.0 (5.512689ms)
✔ package graph / range "X" / 1.2.0 (5.464009ms)
✔ package graph / range "X" / 1.2.2 (5.577511ms)
✔ package graph / range "X" / 1.2.3-0 (5.327535ms)
✔ package graph / range "X" / 1.2.3-alpha (5.055715ms)
✔ package graph / range "X" / 1.2.3-alpha.2 (5.035034ms)
✔ package graph / range "X" / 1.2.3-alpha.10 (4.883665ms)
✔ package graph / range "X" / 1.2.3-beta (4.857494ms)
✔ package graph / range "X" / 1.2.3 (5.412315ms)
✔ package graph / range "X" / 1.2.3+build.9 (5.534735ms)
✔ package graph / range "X" / 1.2.4-alpha (5.061288ms)
✔ package graph / range "X" / 1.2.4 (5.465451ms)
✔ package graph / range "X" / 1.3.0-0 (5.091431ms)
✔ package graph / range "X" / 1.3.0 (5.503012ms)
✔ package graph / range "X" / 2.0.0-alpha (5.032719ms)
✔ package graph / range "X" / 2.0.0 (5.507728ms)
✔ package graph / range "X" / 2.3.4 (6.314282ms)
✔ package graph / range "X" / 3.0.0 (5.665408ms)
✔ package graph / range ">=1.2.3" / 0.0.0 (5.080702ms)
✔ package graph / range ">=1.2.3" / 0.0.2 (4.941264ms)
✔ package graph / range ">=1.2.3" / 0.0.3 (5.017658ms)
✔ package graph / range ">=1.2.3" / 0.1.0 (5.063424ms)
✔ package graph / range ">=1.2.3" / 0.2.3 (5.049077ms)
✔ package graph / range ">=1.2.3" / 0.2.4 (5.016214ms)
✔ package graph / range ">=1.2.3" / 0.3.0 (5.184283ms)
✔ package graph / range ">=1.2.3" / 1.0.0 (5.075995ms)
✔ package graph / range ">=1.2.3" / 1.2.0 (5.141113ms)
✔ package graph / range ">=1.2.3" / 1.2.2 (5.084008ms)
✔ package graph / range ">=1.2.3" / 1.2.3-0 (5.198831ms)
✔ package graph / range ">=1.2.3" / 1.2.3-alpha (5.089142ms)
✔ package graph / range ">=1.2.3" / 1.2.3-alpha.2 (4.98568ms)
✔ package graph / range ">=1.2.3" / 1.2.3-alpha.10 (5.04572ms)
✔ package graph / range ">=1.2.3" / 1.2.3-beta (5.104528ms)
✔ package graph / range ">=1.2.3" / 1.2.3 (5.599537ms)
✔ package graph / range ">=1.2.3" / 1.2.3+build.9 (6.023716ms)
✔ package graph / range ">=1.2.3" / 1.2.4-alpha (5.43562ms)
✔ package graph / range ">=1.2.3" / 1.2.4 (5.913946ms)
✔ package graph / range ">=1.2.3" / 1.3.0-0 (5.348154ms)
✔ package graph / range ">=1.2.3" / 1.3.0 (5.963273ms)
✔ package graph / range ">=1.2.3" / 2.0.0-alpha (5.264866ms)
✔ package graph / range ">=1.2.3" / 2.0.0 (5.626083ms)
✔ package graph / range ">=1.2.3" / 2.3.4 (5.91086ms)
✔ package graph / range ">=1.2.3" / 3.0.0 (5.781757ms)
✔ package graph / range ">1.2.3" / 0.0.0 (5.205615ms)
✔ package graph / range ">1.2.3" / 0.0.2 (5.294732ms)
✔ package graph / range ">1.2.3" / 0.0.3 (5.207068ms)
✔ package graph / range ">1.2.3" / 0.1.0 (5.140036ms)
✔ package graph / range ">1.2.3" / 0.2.3 (5.20216ms)
✔ package graph / range ">1.2.3" / 0.2.4 (5.314184ms)
✔ package graph / range ">1.2.3" / 0.3.0 (5.258795ms)
✔ package graph / range ">1.2.3" / 1.0.0 (5.166279ms)
✔ package graph / range ">1.2.3" / 1.2.0 (5.012388ms)
✔ package graph / range ">1.2.3" / 1.2.2 (5.285693ms)
✔ package graph / range ">1.2.3" / 1.2.3-0 (5.004244ms)
✔ package graph / range ">1.2.3" / 1.2.3-alpha (5.046148ms)
✔ package graph / range ">1.2.3" / 1.2.3-alpha.2 (4.90289ms)
✔ package graph / range ">1.2.3" / 1.2.3-alpha.10 (5.171744ms)
✔ package graph / range ">1.2.3" / 1.2.3-beta (5.205149ms)
✔ package graph / range ">1.2.3" / 1.2.3 (4.976589ms)
✔ package graph / range ">1.2.3" / 1.2.3+build.9 (5.159922ms)
✔ package graph / range ">1.2.3" / 1.2.4-alpha (5.351401ms)
✔ package graph / range ">1.2.3" / 1.2.4 (5.899397ms)
✔ package graph / range ">1.2.3" / 1.3.0-0 (5.770317ms)
✔ package graph / range ">1.2.3" / 1.3.0 (6.643083ms)
✔ package graph / range ">1.2.3" / 2.0.0-alpha (5.80598ms)
✔ package graph / range ">1.2.3" / 2.0.0 (5.667007ms)
✔ package graph / range ">1.2.3" / 2.3.4 (5.750167ms)
✔ package graph / range ">1.2.3" / 3.0.0 (5.591346ms)
✔ package graph / range "<1.2.3" / 0.0.0 (5.448322ms)
✔ package graph / range "<1.2.3" / 0.0.2 (5.441435ms)
✔ package graph / range "<1.2.3" / 0.0.3 (5.563456ms)
✔ package graph / range "<1.2.3" / 0.1.0 (5.708984ms)
✔ package graph / range "<1.2.3" / 0.2.3 (5.520677ms)
✔ package graph / range "<1.2.3" / 0.2.4 (5.578333ms)
✔ package graph / range "<1.2.3" / 0.3.0 (5.617733ms)
✔ package graph / range "<1.2.3" / 1.0.0 (5.765068ms)
✔ package graph / range "<1.2.3" / 1.2.0 (5.624467ms)
✔ package graph / range "<1.2.3" / 1.2.2 (5.672162ms)
✔ package graph / range "<1.2.3" / 1.2.3-0 (5.343299ms)
✔ package graph / range "<1.2.3" / 1.2.3-alpha (5.115238ms)
✔ package graph / range "<1.2.3" / 1.2.3-alpha.2 (5.07152ms)
✔ package graph / range "<1.2.3" / 1.2.3-alpha.10 (5.158614ms)
✔ package graph / range "<1.2.3" / 1.2.3-beta (5.052555ms)
✔ package graph / range "<1.2.3" / 1.2.3 (4.921668ms)
✔ package graph / range "<1.2.3" / 1.2.3+build.9 (4.80848ms)
✔ package graph / range "<1.2.3" / 1.2.4-alpha (4.861006ms)
✔ package graph / range "<1.2.3" / 1.2.4 (4.97621ms)
✔ package graph / range "<1.2.3" / 1.3.0-0 (5.009483ms)
✔ package graph / range "<1.2.3" / 1.3.0 (5.183701ms)
✔ package graph / range "<1.2.3" / 2.0.0-alpha (5.150064ms)
✔ package graph / range "<1.2.3" / 2.0.0 (5.074934ms)
✔ package graph / range "<1.2.3" / 2.3.4 (5.227164ms)
✔ package graph / range "<1.2.3" / 3.0.0 (5.277339ms)
✔ package graph / range "<=1.2.3" / 0.0.0 (5.660226ms)
✔ package graph / range "<=1.2.3" / 0.0.2 (5.877687ms)
✔ package graph / range "<=1.2.3" / 0.0.3 (5.676083ms)
✔ package graph / range "<=1.2.3" / 0.1.0 (5.680027ms)
✔ package graph / range "<=1.2.3" / 0.2.3 (5.783704ms)
✔ package graph / range "<=1.2.3" / 0.2.4 (5.765176ms)
✔ package graph / range "<=1.2.3" / 0.3.0 (6.345774ms)
✔ package graph / range "<=1.2.3" / 1.0.0 (5.904017ms)
✔ package graph / range "<=1.2.3" / 1.2.0 (5.931919ms)
✔ package graph / range "<=1.2.3" / 1.2.2 (5.767289ms)
✔ package graph / range "<=1.2.3" / 1.2.3-0 (5.202157ms)
✔ package graph / range "<=1.2.3" / 1.2.3-alpha (5.100157ms)
✔ package graph / range "<=1.2.3" / 1.2.3-alpha.2 (5.004743ms)
✔ package graph / range "<=1.2.3" / 1.2.3-alpha.10 (4.944026ms)
✔ package graph / range "<=1.2.3" / 1.2.3-beta (5.020218ms)
✔ package graph / range "<=1.2.3" / 1.2.3 (5.628417ms)
✔ package graph / range "<=1.2.3" / 1.2.3+build.9 (5.931081ms)
✔ package graph / range "<=1.2.3" / 1.2.4-alpha (5.159981ms)
✔ package graph / range "<=1.2.3" / 1.2.4 (5.111981ms)
✔ package graph / range "<=1.2.3" / 1.3.0-0 (5.037711ms)
✔ package graph / range "<=1.2.3" / 1.3.0 (5.030922ms)
✔ package graph / range "<=1.2.3" / 2.0.0-alpha (4.90583ms)
✔ package graph / range "<=1.2.3" / 2.0.0 (4.911982ms)
✔ package graph / range "<=1.2.3" / 2.3.4 (5.009136ms)
✔ package graph / range "<=1.2.3" / 3.0.0 (4.966917ms)
✔ package graph / range ">= 1.2.3" / 0.0.0 (4.965753ms)
✔ package graph / range ">= 1.2.3" / 0.0.2 (4.848413ms)
✔ package graph / range ">= 1.2.3" / 0.0.3 (4.902753ms)
✔ package graph / range ">= 1.2.3" / 0.1.0 (4.88577ms)
✔ package graph / range ">= 1.2.3" / 0.2.3 (4.822662ms)
✔ package graph / range ">= 1.2.3" / 0.2.4 (4.925199ms)
✔ package graph / range ">= 1.2.3" / 0.3.0 (5.110461ms)
✔ package graph / range ">= 1.2.3" / 1.0.0 (4.936928ms)
✔ package graph / range ">= 1.2.3" / 1.2.0 (5.030806ms)
✔ package graph / range ">= 1.2.3" / 1.2.2 (4.95292ms)
✔ package graph / range ">= 1.2.3" / 1.2.3-0 (4.932449ms)
✔ package graph / range ">= 1.2.3" / 1.2.3-alpha (4.886949ms)
✔ package graph / range ">= 1.2.3" / 1.2.3-alpha.2 (4.902398ms)
✔ package graph / range ">= 1.2.3" / 1.2.3-alpha.10 (4.863698ms)
✔ package graph / range ">= 1.2.3" / 1.2.3-beta (4.796342ms)
✔ package graph / range ">= 1.2.3" / 1.2.3 (5.362036ms)
✔ package graph / range ">= 1.2.3" / 1.2.3+build.9 (5.576576ms)
✔ package graph / range ">= 1.2.3" / 1.2.4-alpha (5.585899ms)
✔ package graph / range ">= 1.2.3" / 1.2.4 (5.638723ms)
✔ package graph / range ">= 1.2.3" / 1.3.0-0 (5.188391ms)
✔ package graph / range ">= 1.2.3" / 1.3.0 (5.697771ms)
✔ package graph / range ">= 1.2.3" / 2.0.0-alpha (5.465251ms)
✔ package graph / range ">= 1.2.3" / 2.0.0 (6.227673ms)
✔ package graph / range ">= 1.2.3" / 2.3.4 (6.068333ms)
✔ package graph / range ">= 1.2.3" / 3.0.0 (6.133612ms)
✔ package graph / range "<= 1.2.3" / 0.0.0 (6.410162ms)
✔ package graph / range "<= 1.2.3" / 0.0.2 (6.505438ms)
✔ package graph / range "<= 1.2.3" / 0.0.3 (6.731057ms)
✔ package graph / range "<= 1.2.3" / 0.1.0 (6.496319ms)
✔ package graph / range "<= 1.2.3" / 0.2.3 (6.102806ms)
✔ package graph / range "<= 1.2.3" / 0.2.4 (5.76799ms)
✔ package graph / range "<= 1.2.3" / 0.3.0 (5.737631ms)
✔ package graph / range "<= 1.2.3" / 1.0.0 (5.925643ms)
✔ package graph / range "<= 1.2.3" / 1.2.0 (5.617463ms)
✔ package graph / range "<= 1.2.3" / 1.2.2 (5.555814ms)
✔ package graph / range "<= 1.2.3" / 1.2.3-0 (5.039088ms)
✔ package graph / range "<= 1.2.3" / 1.2.3-alpha (4.967493ms)
✔ package graph / range "<= 1.2.3" / 1.2.3-alpha.2 (4.858713ms)
✔ package graph / range "<= 1.2.3" / 1.2.3-alpha.10 (5.072612ms)
✔ package graph / range "<= 1.2.3" / 1.2.3-beta (6.520715ms)
✔ package graph / range "<= 1.2.3" / 1.2.3 (5.77477ms)
✔ package graph / range "<= 1.2.3" / 1.2.3+build.9 (5.678143ms)
✔ package graph / range "<= 1.2.3" / 1.2.4-alpha (5.060205ms)
✔ package graph / range "<= 1.2.3" / 1.2.4 (4.914905ms)
✔ package graph / range "<= 1.2.3" / 1.3.0-0 (5.065709ms)
✔ package graph / range "<= 1.2.3" / 1.3.0 (4.913551ms)
✔ package graph / range "<= 1.2.3" / 2.0.0-alpha (4.844062ms)
✔ package graph / range "<= 1.2.3" / 2.0.0 (5.238372ms)
✔ package graph / range "<= 1.2.3" / 2.3.4 (4.938797ms)
✔ package graph / range "<= 1.2.3" / 3.0.0 (5.040159ms)
✔ package graph / range ">1" / 0.0.0 (4.851005ms)
✔ package graph / range ">1" / 0.0.2 (5.172406ms)
✔ package graph / range ">1" / 0.0.3 (4.831633ms)
✔ package graph / range ">1" / 0.1.0 (5.137902ms)
✔ package graph / range ">1" / 0.2.3 (4.879042ms)
✔ package graph / range ">1" / 0.2.4 (4.946906ms)
✔ package graph / range ">1" / 0.3.0 (4.940464ms)
✔ package graph / range ">1" / 1.0.0 (4.860509ms)
✔ package graph / range ">1" / 1.2.0 (4.805803ms)
✔ package graph / range ">1" / 1.2.2 (4.946035ms)
✔ package graph / range ">1" / 1.2.3-0 (4.730743ms)
✔ package graph / range ">1" / 1.2.3-alpha (4.76433ms)
✔ package graph / range ">1" / 1.2.3-alpha.2 (5.009954ms)
✔ package graph / range ">1" / 1.2.3-alpha.10 (4.898812ms)
✔ package graph / range ">1" / 1.2.3-beta (4.975586ms)
✔ package graph / range ">1" / 1.2.3 (5.111266ms)
✔ package graph / range ">1" / 1.2.3+build.9 (4.87753ms)
✔ package graph / range ">1" / 1.2.4-alpha (4.823525ms)
✔ package graph / range ">1" / 1.2.4 (5.064692ms)
✔ package graph / range ">1" / 1.3.0-0 (4.842263ms)
✔ package graph / range ">1" / 1.3.0 (4.769117ms)
✔ package graph / range ">1" / 2.0.0-alpha (4.858421ms)
✔ package graph / range ">1" / 2.0.0 (5.465531ms)
✔ package graph / range ">1" / 2.3.4 (5.597378ms)
✔ package graph / range ">1" / 3.0.0 (5.473096ms)
✔ package graph / range ">1.2" / 0.0.0 (5.079196ms)
✔ package graph / range ">1.2" / 0.0.2 (5.067074ms)
✔ package graph / range ">1.2" / 0.0.3 (5.035527ms)
✔ package graph / range ">1.2" / 0.1.0 (5.101228ms)
✔ package graph / range ">1.2" / 0.2.3 (5.040989ms)
✔ package graph / range ">1.2" / 0.2.4 (4.825784ms)
✔ package graph / range ">1.2" / 0.3.0 (4.930486ms)
✔ package graph / range ">1.2" / 1.0.0 (4.952082ms)
✔ package graph / range ">1.2" / 1.2.0 (4.801572ms)
✔ package graph / range ">1.2" / 1.2.2 (4.716593ms)
✔ package graph / range ">1.2" / 1.2.3-0 (4.720491ms)
✔ package graph / range ">1.2" / 1.2.3-alpha (4.714184ms)
✔ package graph / range ">1.2" / 1.2.3-alpha.2 (4.665339ms)
✔ package graph / range ">1.2" / 1.2.3-alpha.10 (4.888348ms)
✔ package graph / range ">1.2" / 1.2.3-beta (4.694309ms)
✔ package graph / range ">1.2" / 1.2.3 (4.840358ms)
✔ package graph / range ">1.2" / 1.2.3+build.9 (4.876413ms)
✔ package graph / range ">1.2" / 1.2.4-alpha (4.817195ms)
✔ package graph / range ">1.2" / 1.2.4 (4.852038ms)
✔ package graph / range ">1.2" / 1.3.0-0 (4.933895ms)
✔ package graph / range ">1.2" / 1.3.0 (5.197888ms)
✔ package graph / range ">1.2" / 2.0.0-alpha (4.797646ms)
✔ package graph / range ">1.2" / 2.0.0 (5.335998ms)
✔ package graph / range ">1.2" / 2.3.4 (5.396661ms)
✔ package graph / range ">1.2" / 3.0.0 (5.533809ms)
✔ package graph / range "<1" / 0.0.0 (5.315991ms)
✔ package graph / range "<1" / 0.0.2 (5.145204ms)
✔ package graph / range "<1" / 0.0.3 (5.358356ms)
✔ package graph / range "<1" / 0.1.0 (5.241178ms)
✔ package graph / range "<1" / 0.2.3 (5.294237ms)
✔ package graph / range "<1" / 0.2.4 (5.287651ms)
✔ package graph / range "<1" / 0.3.0 (5.404803ms)
✔ package graph / range "<1" / 1.0.0 (4.963202ms)
✔ package graph / range "<1" / 1.2.0 (5.150727ms)
✔ package graph / range "<1" / 1.2.2 (4.971826ms)
✔ package graph / range "<1" / 1.2.3-0 (5.143799ms)
✔ package graph / range "<1" / 1.2.3-alpha (4.951343ms)
✔ package graph / range "<1" / 1.2.3-alpha.2 (4.914245ms)
✔ package graph / range "<1" / 1.2.3-alpha.10 (4.829989ms)
✔ package graph / range "<1" / 1.2.3-beta (5.040277ms)
✔ package graph / range "<1" / 1.2.3 (5.350093ms)
✔ package graph / range "<1" / 1.2.3+build.9 (5.306767ms)
✔ package graph / range "<1" / 1.2.4-alpha (4.986774ms)
✔ package graph / range "<1" / 1.2.4 (5.081301ms)
✔ package graph / range "<1" / 1.3.0-0 (4.999327ms)
✔ package graph / range "<1" / 1.3.0 (4.91319ms)
✔ package graph / range "<1" / 2.0.0-alpha (4.996607ms)
✔ package graph / range "<1" / 2.0.0 (4.971788ms)
✔ package graph / range "<1" / 2.3.4 (4.835888ms)
✔ package graph / range "<1" / 3.0.0 (4.862723ms)
✔ package graph / range "<1.2" / 0.0.0 (5.47269ms)
✔ package graph / range "<1.2" / 0.0.2 (5.479745ms)
✔ package graph / range "<1.2" / 0.0.3 (5.591193ms)
✔ package graph / range "<1.2" / 0.1.0 (5.527844ms)
✔ package graph / range "<1.2" / 0.2.3 (5.681912ms)
✔ package graph / range "<1.2" / 0.2.4 (5.65968ms)
✔ package graph / range "<1.2" / 0.3.0 (5.512201ms)
✔ package graph / range "<1.2" / 1.0.0 (5.457693ms)
✔ package graph / range "<1.2" / 1.2.0 (5.106225ms)
✔ package graph / range "<1.2" / 1.2.2 (5.084159ms)
✔ package graph / range "<1.2" / 1.2.3-0 (5.150774ms)
✔ package graph / range "<1.2" / 1.2.3-alpha (5.339036ms)
✔ package graph / range "<1.2" / 1.2.3-alpha.2 (5.292897ms)
✔ package graph / range "<1.2" / 1.2.3-alpha.10 (5.394407ms)
✔ package graph / range "<1.2" / 1.2.3-beta (5.385627ms)
✔ package graph / range "<1.2" / 1.2.3 (5.222263ms)
✔ package graph / range "<1.2" / 1.2.3+build.9 (5.24363ms)
✔ package graph / range "<1.2" / 1.2.4-alpha (5.324568ms)
✔ package graph / range "<1.2" / 1.2.4 (5.185418ms)
✔ package graph / range "<1.2" / 1.3.0-0 (5.137093ms)
✔ package graph / range "<1.2" / 1.3.0 (5.149657ms)
✔ package graph / range "<1.2" / 2.0.0-alpha (5.326401ms)
✔ package graph / range "<1.2" / 2.0.0 (5.51554ms)
✔ package graph / range "<1.2" / 2.3.4 (5.622208ms)
✔ package graph / range "<1.2" / 3.0.0 (5.336405ms)
✔ package graph / range "<=1" / 0.0.0 (5.930597ms)
✔ package graph / range "<=1" / 0.0.2 (6.215382ms)
✔ package graph / range "<=1" / 0.0.3 (5.870759ms)
✔ package graph / range "<=1" / 0.1.0 (6.472727ms)
✔ package graph / range "<=1" / 0.2.3 (6.698659ms)
✔ package graph / range "<=1" / 0.2.4 (6.190057ms)
✔ package graph / range "<=1" / 0.3.0 (6.349141ms)
✔ package graph / range "<=1" / 1.0.0 (6.612436ms)
✔ package graph / range "<=1" / 1.2.0 (6.437081ms)
✔ package graph / range "<=1" / 1.2.2 (6.165751ms)
✔ package graph / range "<=1" / 1.2.3-0 (5.537527ms)
✔ package graph / range "<=1" / 1.2.3-alpha (6.083174ms)
✔ package graph / range "<=1" / 1.2.3-alpha.2 (6.016514ms)
✔ package graph / range "<=1" / 1.2.3-alpha.10 (5.736982ms)
✔ package graph / range "<=1" / 1.2.3-beta (6.169824ms)
✔ package graph / range "<=1" / 1.2.3 (6.582245ms)
✔ package graph / range "<=1" / 1.2.3+build.9 (6.720366ms)
✔ package graph / range "<=1" / 1.2.4-alpha (5.844935ms)
✔ package graph / range "<=1" / 1.2.4 (6.198976ms)
✔ package graph / range "<=1" / 1.3.0-0 (5.503697ms)
✔ package graph / range "<=1" / 1.3.0 (5.753175ms)
✔ package graph / range "<=1" / 2.0.0-alpha (5.317672ms)
✔ package graph / range "<=1" / 2.0.0 (5.586324ms)
✔ package graph / range "<=1" / 2.3.4 (5.394103ms)
✔ package graph / range "<=1" / 3.0.0 (5.559244ms)
✔ package graph / range "<=1.2" / 0.0.0 (6.053333ms)
✔ package graph / range "<=1.2" / 0.0.2 (6.189469ms)
✔ package graph / range "<=1.2" / 0.0.3 (6.379938ms)
✔ package graph / range "<=1.2" / 0.1.0 (6.337671ms)
✔ package graph / range "<=1.2" / 0.2.3 (6.143922ms)
✔ package graph / range "<=1.2" / 0.2.4 (6.647771ms)
✔ package graph / range "<=1.2" / 0.3.0 (6.282599ms)
✔ package graph / range "<=1.2" / 1.0.0 (5.77088ms)
✔ package graph / range "<=1.2" / 1.2.0 (5.628116ms)
✔ package graph / range "<=1.2" / 1.2.2 (5.70802ms)
✔ package graph / range "<=1.2" / 1.2.3-0 (5.523338ms)
✔ package graph / range "<=1.2" / 1.2.3-alpha (5.266115ms)
✔ package graph / range "<=1.2" / 1.2.3-alpha.2 (5.58232ms)
✔ package graph / range "<=1.2" / 1.2.3-alpha.10 (5.517796ms)
✔ package graph / range "<=1.2" / 1.2.3-beta (5.537689ms)
✔ package graph / range "<=1.2" / 1.2.3 (5.994426ms)
✔ package graph / range "<=1.2" / 1.2.3+build.9 (6.069383ms)
✔ package graph / range "<=1.2" / 1.2.4-alpha (5.485071ms)
✔ package graph / range "<=1.2" / 1.2.4 (5.836004ms)
✔ package graph / range "<=1.2" / 1.3.0-0 (5.365239ms)
✔ package graph / range "<=1.2" / 1.3.0 (5.422773ms)
✔ package graph / range "<=1.2" / 2.0.0-alpha (5.478923ms)
✔ package graph / range "<=1.2" / 2.0.0 (5.814983ms)
✔ package graph / range "<=1.2" / 2.3.4 (5.970617ms)
✔ package graph / range "<=1.2" / 3.0.0 (5.654142ms)
✔ package graph / range ">=1" / 0.0.0 (5.36895ms)
✔ package graph / range ">=1" / 0.0.2 (5.288502ms)
✔ package graph / range ">=1" / 0.0.3 (5.45588ms)
✔ package graph / range ">=1" / 0.1.0 (5.228776ms)
✔ package graph / range ">=1" / 0.2.3 (5.200561ms)
✔ package graph / range ">=1" / 0.2.4 (5.189877ms)
✔ package graph / range ">=1" / 0.3.0 (5.254789ms)
✔ package graph / range ">=1" / 1.0.0 (5.952444ms)
✔ package graph / range ">=1" / 1.2.0 (5.854851ms)
✔ package graph / range ">=1" / 1.2.2 (5.729829ms)
✔ package graph / range ">=1" / 1.2.3-0 (5.174116ms)
✔ package graph / range ">=1" / 1.2.3-alpha (5.234315ms)
✔ package graph / range ">=1" / 1.2.3-alpha.2 (5.197864ms)
✔ package graph / range ">=1" / 1.2.3-alpha.10 (5.148891ms)
✔ package graph / range ">=1" / 1.2.3-beta (5.222995ms)
✔ package graph / range ">=1" / 1.2.3 (5.549544ms)
✔ package graph / range ">=1" / 1.2.3+build.9 (5.817803ms)
✔ package graph / range ">=1" / 1.2.4-alpha (5.088561ms)
✔ package graph / range ">=1" / 1.2.4 (5.704002ms)
✔ package graph / range ">=1" / 1.3.0-0 (5.072296ms)
✔ package graph / range ">=1" / 1.3.0 (5.514612ms)
✔ package graph / range ">=1" / 2.0.0-alpha (5.044544ms)
✔ package graph / range ">=1" / 2.0.0 (5.611593ms)
✔ package graph / range ">=1" / 2.3.4 (5.665781ms)
✔ package graph / range ">=1" / 3.0.0 (5.943712ms)
✔ package graph / range ">=1.2" / 0.0.0 (5.145569ms)
✔ package graph / range ">=1.2" / 0.0.2 (5.027672ms)
✔ package graph / range ">=1.2" / 0.0.3 (5.096479ms)
✔ package graph / range ">=1.2" / 0.1.0 (5.0401ms)
✔ package graph / range ">=1.2" / 0.2.3 (5.339999ms)
✔ package graph / range ">=1.2" / 0.2.4 (5.262041ms)
✔ package graph / range ">=1.2" / 0.3.0 (5.023083ms)
✔ package graph / range ">=1.2" / 1.0.0 (4.976183ms)
✔ package graph / range ">=1.2" / 1.2.0 (5.53255ms)
✔ package graph / range ">=1.2" / 1.2.2 (5.584777ms)
✔ package graph / range ">=1.2" / 1.2.3-0 (4.951509ms)
✔ package graph / range ">=1.2" / 1.2.3-alpha (4.976449ms)
✔ package graph / range ">=1.2" / 1.2.3-alpha.2 (4.74781ms)
✔ package graph / range ">=1.2" / 1.2.3-alpha.10 (4.762577ms)
✔ package graph / range ">=1.2" / 1.2.3-beta (4.977721ms)
✔ package graph / range ">=1.2" / 1.2.3 (5.609949ms)
✔ package graph / range ">=1.2" / 1.2.3+build.9 (5.564883ms)
✔ package graph / range ">=1.2" / 1.2.4-alpha (5.169743ms)
✔ package graph / range ">=1.2" / 1.2.4 (5.475725ms)
✔ package graph / range ">=1.2" / 1.3.0-0 (5.049461ms)
✔ package graph / range ">=1.2" / 1.3.0 (5.426998ms)
✔ package graph / range ">=1.2" / 2.0.0-alpha (4.995196ms)
✔ package graph / range ">=1.2" / 2.0.0 (5.577851ms)
✔ package graph / range ">=1.2" / 2.3.4 (5.6442ms)
✔ package graph / range ">=1.2" / 3.0.0 (5.651937ms)
✔ package graph / range ">x" / 0.0.0 (4.918134ms)
✔ package graph / range ">x" / 0.0.2 (5.009632ms)
✔ package graph / range ">x" / 0.0.3 (5.014334ms)
✔ package graph / range ">x" / 0.1.0 (5.362154ms)
✔ package graph / range ">x" / 0.2.3 (4.916705ms)
✔ package graph / range ">x" / 0.2.4 (4.993588ms)
✔ package graph / range ">x" / 0.3.0 (4.907163ms)
✔ package graph / range ">x" / 1.0.0 (5.078608ms)
✔ package graph / range ">x" / 1.2.0 (5.048126ms)
✔ package graph / range ">x" / 1.2.2 (4.957743ms)
✔ package graph / range ">x" / 1.2.3-0 (5.019238ms)
✔ package graph / range ">x" / 1.2.3-alpha (5.202794ms)
✔ package graph / range ">x" / 1.2.3-alpha.2 (5.045158ms)
✔ package graph / range ">x" / 1.2.3-alpha.10 (5.055697ms)
✔ package graph / range ">x" / 1.2.3-beta (5.0005ms)
✔ package graph / range ">x" / 1.2.3 (4.931869ms)
✔ package graph / range ">x" / 1.2.3+build.9 (5.088529ms)
✔ package graph / range ">x" / 1.2.4-alpha (5.048914ms)
✔ package graph / range ">x" / 1.2.4 (4.869842ms)
✔ package graph / range ">x" / 1.3.0-0 (4.948575ms)
✔ package graph / range ">x" / 1.3.0 (4.821507ms)
✔ package graph / range ">x" / 2.0.0-alpha (4.850807ms)
✔ package graph / range ">x" / 2.0.0 (4.889592ms)
✔ package graph / range ">x" / 2.3.4 (4.825233ms)
✔ package graph / range ">x" / 3.0.0 (4.74968ms)
✔ package graph / range "<x" / 0.0.0 (4.825435ms)
✔ package graph / range "<x" / 0.0.2 (4.821686ms)
✔ package graph / range "<x" / 0.0.3 (4.874154ms)
✔ package graph / range "<x" / 0.1.0 (4.892104ms)
✔ package graph / range "<x" / 0.2.3 (4.830142ms)
✔ package graph / range "<x" / 0.2.4 (4.837506ms)
✔ package graph / range "<x" / 0.3.0 (4.840059ms)
✔ package graph / range "<x" / 1.0.0 (5.047936ms)
✔ package graph / range "<x" / 1.2.0 (5.048785ms)
✔ package graph / range "<x" / 1.2.2 (5.477127ms)
✔ package graph / range "<x" / 1.2.3-0 (5.319979ms)
✔ package graph / range "<x" / 1.2.3-alpha (5.277719ms)
✔ package graph / range "<x" / 1.2.3-alpha.2 (5.051363ms)
✔ package graph / range "<x" / 1.2.3-alpha.10 (5.091345ms)
✔ package graph / range "<x" / 1.2.3-beta (5.237295ms)
✔ package graph / range "<x" / 1.2.3 (5.432313ms)
✔ package graph / range "<x" / 1.2.3+build.9 (5.220627ms)
✔ package graph / range "<x" / 1.2.4-alpha (5.236318ms)
✔ package graph / range "<x" / 1.2.4 (5.210652ms)
✔ package graph / range "<x" / 1.3.0-0 (5.247726ms)
✔ package graph / range "<x" / 1.3.0 (5.236019ms)
✔ package graph / range "<x" / 2.0.0-alpha (5.184201ms)
✔ package graph / range "<x" / 2.0.0 (5.131102ms)
✔ package graph / range "<x" / 2.3.4 (4.943423ms)
✔ package graph / range "<x" / 3.0.0 (4.910332ms)
✔ package graph / range ">=x" / 0.0.0 (5.506244ms)
✔ package graph / range ">=x" / 0.0.2 (5.403352ms)
✔ package graph / range ">=x" / 0.0.3 (5.372153ms)
✔ package graph / range ">=x" / 0.1.0 (5.492593ms)
✔ package graph / range ">=x" / 0.2.3 (5.334005ms)
✔ package graph / range ">=x" / 0.2.4 (5.738129ms)
✔ package graph / range ">=x" / 0.3.0 (5.572823ms)
✔ package graph / range ">=x" / 1.0.0 (5.753166ms)
✔ package graph / range ">=x" / 1.2.0 (5.775841ms)
✔ package graph / range ">=x" / 1.2.2 (5.629664ms)
✔ package graph / range ">=x" / 1.2.3-0 (4.96444ms)
✔ package graph / range ">=x" / 1.2.3-alpha (4.850868ms)
✔ package graph / range ">=x" / 1.2.3-alpha.2 (5.005901ms)
✔ package graph / range ">=x" / 1.2.3-alpha.10 (4.906449ms)
✔ package graph / range ">=x" / 1.2.3-beta (4.979455ms)
✔ package graph / range ">=x" / 1.2.3 (5.593119ms)
✔ package graph / range ">=x" / 1.2.3+build.9 (5.487238ms)
✔ package graph / range ">=x" / 1.2.4-alpha (5.057058ms)
✔ package graph / range ">=x" / 1.2.4 (5.783325ms)
✔ package graph / range ">=x" / 1.3.0-0 (5.30098ms)
✔ package graph / range ">=x" / 1.3.0 (5.723607ms)
✔ package graph / range ">=x" / 2.0.0-alpha (6.862574ms)
✔ package graph / range ">=x" / 2.0.0 (6.164123ms)
✔ package graph / range ">=x" / 2.3.4 (6.38678ms)
✔ package graph / range ">=x" / 3.0.0 (6.195561ms)
✔ package graph / range "<=x" / 0.0.0 (6.240148ms)
✔ package graph / range "<=x" / 0.0.2 (6.316228ms)
✔ package graph / range "<=x" / 0.0.3 (6.251039ms)
✔ package graph / range "<=x" / 0.1.0 (5.984775ms)
✔ package graph / range "<=x" / 0.2.3 (5.851439ms)
✔ package graph / range "<=x" / 0.2.4 (5.774143ms)
✔ package graph / range "<=x" / 0.3.0 (5.827531ms)
✔ package graph / range "<=x" / 1.0.0 (5.850597ms)
✔ package graph / range "<=x" / 1.2.0 (5.976489ms)
✔ package graph / range "<=x" / 1.2.2 (5.733394ms)
✔ package graph / range "<=x" / 1.2.3-0 (5.416575ms)
✔ package graph / range "<=x" / 1.2.3-alpha (5.205885ms)
✔ package graph / range "<=x" / 1.2.3-alpha.2 (5.213544ms)
✔ package graph / range "<=x" / 1.2.3-alpha.10 (5.223261ms)
✔ package graph / range "<=x" / 1.2.3-beta (5.361878ms)
✔ package graph / range "<=x" / 1.2.3 (5.877468ms)
✔ package graph / range "<=x" / 1.2.3+build.9 (5.913875ms)
✔ package graph / range "<=x" / 1.2.4-alpha (5.307538ms)
✔ package graph / range "<=x" / 1.2.4 (5.813234ms)
✔ package graph / range "<=x" / 1.3.0-0 (5.338155ms)
✔ package graph / range "<=x" / 1.3.0 (5.829081ms)
✔ package graph / range "<=x" / 2.0.0-alpha (5.238483ms)
✔ package graph / range "<=x" / 2.0.0 (5.651292ms)
✔ package graph / range "<=x" / 2.3.4 (5.784576ms)
✔ package graph / range "<=x" / 3.0.0 (5.689487ms)
✔ package graph / range "=x" / 0.0.0 (5.846706ms)
✔ package graph / range "=x" / 0.0.2 (5.694709ms)
✔ package graph / range "=x" / 0.0.3 (5.614828ms)
✔ package graph / range "=x" / 0.1.0 (5.806904ms)
✔ package graph / range "=x" / 0.2.3 (5.944897ms)
✔ package graph / range "=x" / 0.2.4 (6.363135ms)
✔ package graph / range "=x" / 0.3.0 (5.852289ms)
✔ package graph / range "=x" / 1.0.0 (5.694975ms)
✔ package graph / range "=x" / 1.2.0 (5.672772ms)
✔ package graph / range "=x" / 1.2.2 (5.509647ms)
✔ package graph / range "=x" / 1.2.3-0 (5.389146ms)
✔ package graph / range "=x" / 1.2.3-alpha (5.575257ms)
✔ package graph / range "=x" / 1.2.3-alpha.2 (5.21128ms)
✔ package graph / range "=x" / 1.2.3-alpha.10 (5.172177ms)
✔ package graph / range "=x" / 1.2.3-beta (5.457744ms)
✔ package graph / range "=x" / 1.2.3 (5.644176ms)
✔ package graph / range "=x" / 1.2.3+build.9 (5.63873ms)
✔ package graph / range "=x" / 1.2.4-alpha (5.094293ms)
✔ package graph / range "=x" / 1.2.4 (5.703466ms)
✔ package graph / range "=x" / 1.3.0-0 (5.265452ms)
✔ package graph / range "=x" / 1.3.0 (5.502993ms)
✔ package graph / range "=x" / 2.0.0-alpha (5.035359ms)
✔ package graph / range "=x" / 2.0.0 (5.610798ms)
✔ package graph / range "=x" / 2.3.4 (5.572534ms)
✔ package graph / range "=x" / 3.0.0 (5.638066ms)
✔ package graph / range "~1" / 0.0.0 (5.290263ms)
✔ package graph / range "~1" / 0.0.2 (5.217686ms)
✔ package graph / range "~1" / 0.0.3 (5.927214ms)
✔ package graph / range "~1" / 0.1.0 (5.837376ms)
✔ package graph / range "~1" / 0.2.3 (5.320888ms)
✔ package graph / range "~1" / 0.2.4 (5.326166ms)
✔ package graph / range "~1" / 0.3.0 (5.218706ms)
✔ package graph / range "~1" / 1.0.0 (5.88412ms)
✔ package graph / range "~1" / 1.2.0 (6.034239ms)
✔ package graph / range "~1" / 1.2.2 (5.849346ms)
✔ package graph / range "~1" / 1.2.3-0 (5.412166ms)
✔ package graph / range "~1" / 1.2.3-alpha (5.232637ms)
✔ package graph / range "~1" / 1.2.3-alpha.2 (4.982225ms)
✔ package graph / range "~1" / 1.2.3-alpha.10 (5.006862ms)
✔ package graph / range "~1" / 1.2.3-beta (5.142731ms)
✔ package graph / range "~1" / 1.2.3 (5.788012ms)
✔ package graph / range "~1" / 1.2.3+build.9 (5.76635ms)
✔ package graph / range "~1" / 1.2.4-alpha (5.142479ms)
✔ package graph / range "~1" / 1.2.4 (5.59561ms)
✔ package graph / range "~1" / 1.3.0-0 (5.020275ms)
✔ package graph / range "~1" / 1.3.0 (5.638454ms)
✔ package graph / range "~1" / 2.0.0-alpha (5.229278ms)
✔ package graph / range "~1" / 2.0.0 (5.266308ms)
✔ package graph / range "~1" / 2.3.4 (5.191425ms)
✔ package graph / range "~1" / 3.0.0 (4.967135ms)
✔ package graph / range "~1.2" / 0.0.0 (4.966037ms)
✔ package graph / range "~1.2" / 0.0.2 (4.996296ms)
✔ package graph / range "~1.2" / 0.0.3 (4.941678ms)
✔ package graph / range "~1.2" / 0.1.0 (4.876468ms)
✔ package graph / range "~1.2" / 0.2.3 (5.25896ms)
✔ package graph / range "~1.2" / 0.2.4 (5.055447ms)
✔ package graph / range "~1.2" / 0.3.0 (5.137186ms)
✔ package graph / range "~1.2" / 1.0.0 (4.892223ms)
✔ package graph / range "~1.2" / 1.2.0 (5.331954ms)
✔ package graph / range "~1.2" / 1.2.2 (5.406429ms)
✔ package graph / range "~1.2" / 1.2.3-0 (5.409492ms)
✔ package graph / range "~1.2" / 1.2.3-alpha (5.130976ms)
✔ package graph / range "~1.2" / 1.2.3-alpha.2 (5.076262ms)
✔ package graph / range "~1.2" / 1.2.3-alpha.10 (5.134543ms)
✔ package graph / range "~1.2" / 1.2.3-beta (5.134429ms)
✔ package graph / range "~1.2" / 1.2.3 (5.630282ms)
✔ package graph / range "~1.2" / 1.2.3+build.9 (6.379823ms)
✔ package graph / range "~1.2" / 1.2.4-alpha (5.811923ms)
✔ package graph / range "~1.2" / 1.2.4 (6.50046ms)
✔ package graph / range "~1.2" / 1.3.0-0 (5.54507ms)
✔ package graph / range "~1.2" / 1.3.0 (5.150948ms)
✔ package graph / range "~1.2" / 2.0.0-alpha (5.0802ms)
✔ package graph / range "~1.2" / 2.0.0 (5.074792ms)
✔ package graph / range "~1.2" / 2.3.4 (4.851357ms)
✔ package graph / range "~1.2" / 3.0.0 (4.7488ms)
✔ package graph / range "~1.2.3" / 0.0.0 (4.820003ms)
✔ package graph / range "~1.2.3" / 0.0.2 (4.847303ms)
✔ package graph / range "~1.2.3" / 0.0.3 (4.860802ms)
✔ package graph / range "~1.2.3" / 0.1.0 (4.949265ms)
✔ package graph / range "~1.2.3" / 0.2.3 (4.736818ms)
✔ package graph / range "~1.2.3" / 0.2.4 (4.885659ms)
✔ package graph / range "~1.2.3" / 0.3.0 (4.833888ms)
✔ package graph / range "~1.2.3" / 1.0.0 (4.912341ms)
✔ package graph / range "~1.2.3" / 1.2.0 (5.211278ms)
✔ package graph / range "~1.2.3" / 1.2.2 (5.198419ms)
✔ package graph / range "~1.2.3" / 1.2.3-0 (5.276687ms)
✔ package graph / range "~1.2.3" / 1.2.3-alpha (5.171666ms)
✔ package graph / range "~1.2.3" / 1.2.3-alpha.2 (5.03354ms)
✔ package graph / range "~1.2.3" / 1.2.3-alpha.10 (5.090611ms)
✔ package graph / range "~1.2.3" / 1.2.3-beta (4.967923ms)
✔ package graph / range "~1.2.3" / 1.2.3 (5.533762ms)
✔ package graph / range "~1.2.3" / 1.2.3+build.9 (5.546365ms)
✔ package graph / range "~1.2.3" / 1.2.4-alpha (5.296822ms)
✔ package graph / range "~1.2.3" / 1.2.4 (5.530848ms)
✔ package graph / range "~1.2.3" / 1.3.0-0 (5.410346ms)
✔ package graph / range "~1.2.3" / 1.3.0 (4.958974ms)
✔ package graph / range "~1.2.3" / 2.0.0-alpha (5.062329ms)
✔ package graph / range "~1.2.3" / 2.0.0 (5.03297ms)
✔ package graph / range "~1.2.3" / 2.3.4 (5.157103ms)
✔ package graph / range "~1.2.3" / 3.0.0 (5.321774ms)
✔ package graph / range "~0.2.3" / 0.0.0 (5.20512ms)
✔ package graph / range "~0.2.3" / 0.0.2 (5.314727ms)
✔ package graph / range "~0.2.3" / 0.0.3 (5.330467ms)
✔ package graph / range "~0.2.3" / 0.1.0 (5.36015ms)
✔ package graph / range "~0.2.3" / 0.2.3 (5.702873ms)
✔ package graph / range "~0.2.3" / 0.2.4 (5.474829ms)
✔ package graph / range "~0.2.3" / 0.3.0 (4.956333ms)
✔ package graph / range "~0.2.3" / 1.0.0 (5.002662ms)
✔ package graph / range "~0.2.3" / 1.2.0 (4.967718ms)
✔ package graph / range "~0.2.3" / 1.2.2 (5.060437ms)
✔ package graph / range "~0.2.3" / 1.2.3-0 (5.397202ms)
✔ package graph / range "~0.2.3" / 1.2.3-alpha (7.46092ms)
✔ package graph / range "~0.2.3" / 1.2.3-alpha.2 (5.813641ms)
✔ package graph / range "~0.2.3" / 1.2.3-alpha.10 (5.451236ms)
✔ package graph / range "~0.2.3" / 1.2.3-beta (5.227809ms)
✔ package graph / range "~0.2.3" / 1.2.3 (5.076042ms)
✔ package graph / range "~0.2.3" / 1.2.3+build.9 (5.05572ms)
✔ package graph / range "~0.2.3" / 1.2.4-alpha (5.065494ms)
✔ package graph / range "~0.2.3" / 1.2.4 (4.969821ms)
✔ package graph / range "~0.2.3" / 1.3.0-0 (5.201177ms)
✔ package graph / range "~0.2.3" / 1.3.0 (5.106074ms)
✔ package graph / range "~0.2.3" / 2.0.0-alpha (5.008503ms)
✔ package graph / range "~0.2.3" / 2.0.0 (5.009633ms)
✔ package graph / range "~0.2.3" / 2.3.4 (5.135368ms)
✔ package graph / range "~0.2.3" / 3.0.0 (4.968014ms)
✔ package graph / range "^1" / 0.0.0 (5.056667ms)
✔ package graph / range "^1" / 0.0.2 (5.061944ms)
✔ package graph / range "^1" / 0.0.3 (5.01517ms)
✔ package graph / range "^1" / 0.1.0 (4.920961ms)
✔ package graph / range "^1" / 0.2.3 (4.895962ms)
✔ package graph / range "^1" / 0.2.4 (4.886027ms)
✔ package graph / range "^1" / 0.3.0 (4.907661ms)
✔ package graph / range "^1" / 1.0.0 (5.3905ms)
✔ package graph / range "^1" / 1.2.0 (5.397791ms)
✔ package graph / range "^1" / 1.2.2 (5.28662ms)
✔ package graph / range "^1" / 1.2.3-0 (4.892343ms)
✔ package graph / range "^1" / 1.2.3-alpha (4.839034ms)
✔ package graph / range "^1" / 1.2.3-alpha.2 (4.906025ms)
✔ package graph / range "^1" / 1.2.3-alpha.10 (4.754689ms)
✔ package graph / range "^1" / 1.2.3-beta (4.905739ms)
✔ package graph / range "^1" / 1.2.3 (5.448234ms)
✔ package graph / range "^1" / 1.2.3+build.9 (5.4728ms)
✔ package graph / range "^1" / 1.2.4-alpha (4.898527ms)
✔ package graph / range "^1" / 1.2.4 (5.414954ms)
✔ package graph / range "^1" / 1.3.0-0 (4.952155ms)
✔ package graph / range "^1" / 1.3.0 (5.454077ms)
✔ package graph / range "^1" / 2.0.0-alpha (4.903894ms)
✔ package graph / range "^1" / 2.0.0 (4.857669ms)
✔ package graph / range "^1" / 2.3.4 (5.116427ms)
✔ package graph / range "^1" / 3.0.0 (4.972174ms)
✔ package graph / range "^1.2" / 0.0.0 (4.976655ms)
✔ package graph / range "^1.2" / 0.0.2 (5.043831ms)
✔ package graph / range "^1.2" / 0.0.3 (5.156113ms)
✔ package graph / range "^1.2" / 0.1.0 (5.273696ms)
✔ package graph / range "^1.2" / 0.2.3 (5.086009ms)
✔ package graph / range "^1.2" / 0.2.4 (5.31796ms)
✔ package graph / range "^1.2" / 0.3.0 (5.424615ms)
✔ package graph / range "^1.2" / 1.0.0 (5.262064ms)
✔ package graph / range "^1.2" / 1.2.0 (6.081593ms)
✔ package graph / range "^1.2" / 1.2.2 (5.89875ms)
✔ package graph / range "^1.2" / 1.2.3-0 (5.144086ms)
✔ package graph / range "^1.2" / 1.2.3-alpha (5.175675ms)
✔ package graph / range "^1.2" / 1.2.3-alpha.2 (5.575247ms)
✔ package graph / range "^1.2" / 1.2.3-alpha.10 (5.079809ms)
✔ package graph / range "^1.2" / 1.2.3-beta (5.451936ms)
✔ package graph / range "^1.2" / 1.2.3 (5.715524ms)
✔ package graph / range "^1.2" / 1.2.3+build.9 (5.404691ms)
✔ package graph / range "^1.2" / 1.2.4-alpha (5.311604ms)
✔ package graph / range "^1.2" / 1.2.4 (6.061009ms)
✔ package graph / range "^1.2" / 1.3.0-0 (5.702525ms)
✔ package graph / range "^1.2" / 1.3.0 (6.13994ms)
✔ package graph / range "^1.2" / 2.0.0-alpha (6.120837ms)
✔ package graph / range "^1.2" / 2.0.0 (5.383162ms)
✔ package graph / range "^1.2" / 2.3.4 (5.538087ms)
✔ package graph / range "^1.2" / 3.0.0 (5.4542ms)
✔ package graph / range "^1.2.3" / 0.0.0 (5.526187ms)
✔ package graph / range "^1.2.3" / 0.0.2 (5.607692ms)
✔ package graph / range "^1.2.3" / 0.0.3 (5.631468ms)
✔ package graph / range "^1.2.3" / 0.1.0 (5.735234ms)
✔ package graph / range "^1.2.3" / 0.2.3 (5.634736ms)
✔ package graph / range "^1.2.3" / 0.2.4 (5.857424ms)
✔ package graph / range "^1.2.3" / 0.3.0 (5.664174ms)
✔ package graph / range "^1.2.3" / 1.0.0 (5.431712ms)
✔ package graph / range "^1.2.3" / 1.2.0 (5.820944ms)
✔ package graph / range "^1.2.3" / 1.2.2 (5.621611ms)
✔ package graph / range "^1.2.3" / 1.2.3-0 (5.74924ms)
✔ package graph / range "^1.2.3" / 1.2.3-alpha (5.534078ms)
✔ package graph / range "^1.2.3" / 1.2.3-alpha.2 (5.460055ms)
✔ package graph / range "^1.2.3" / 1.2.3-alpha.10 (5.334732ms)
✔ package graph / range "^1.2.3" / 1.2.3-beta (5.116557ms)
✔ package graph / range "^1.2.3" / 1.2.3 (5.897817ms)
✔ package graph / range "^1.2.3" / 1.2.3+build.9 (6.297018ms)
✔ package graph / range "^1.2.3" / 1.2.4-alpha (5.394793ms)
✔ package graph / range "^1.2.3" / 1.2.4 (5.74798ms)
✔ package graph / range "^1.2.3" / 1.3.0-0 (5.165432ms)
✔ package graph / range "^1.2.3" / 1.3.0 (5.611544ms)
✔ package graph / range "^1.2.3" / 2.0.0-alpha (4.960577ms)
✔ package graph / range "^1.2.3" / 2.0.0 (4.853777ms)
✔ package graph / range "^1.2.3" / 2.3.4 (5.20868ms)
✔ package graph / range "^1.2.3" / 3.0.0 (4.9313ms)
✔ package graph / range "^0" / 0.0.0 (5.547735ms)
✔ package graph / range "^0" / 0.0.2 (5.545892ms)
✔ package graph / range "^0" / 0.0.3 (5.404927ms)
✔ package graph / range "^0" / 0.1.0 (5.345631ms)
✔ package graph / range "^0" / 0.2.3 (5.446346ms)
✔ package graph / range "^0" / 0.2.4 (5.817864ms)
✔ package graph / range "^0" / 0.3.0 (6.625956ms)
✔ package graph / range "^0" / 1.0.0 (9.55018ms)
✔ package graph / range "^0" / 1.2.0 (9.937424ms)
✔ package graph / range "^0" / 1.2.2 (6.466917ms)
✔ package graph / range "^0" / 1.2.3-0 (5.703026ms)
✔ package graph / range "^0" / 1.2.3-alpha (5.241375ms)
✔ package graph / range "^0" / 1.2.3-alpha.2 (5.074426ms)
✔ package graph / range "^0" / 1.2.3-alpha.10 (5.030199ms)
✔ package graph / range "^0" / 1.2.3-beta (4.866737ms)
✔ package graph / range "^0" / 1.2.3 (4.809996ms)
✔ package graph / range "^0" / 1.2.3+build.9 (4.738964ms)
✔ package graph / range "^0" / 1.2.4-alpha (4.792894ms)
✔ package graph / range "^0" / 1.2.4 (4.873063ms)
✔ package graph / range "^0" / 1.3.0-0 (4.877356ms)
✔ package graph / range "^0" / 1.3.0 (4.923389ms)
✔ package graph / range "^0" / 2.0.0-alpha (4.910721ms)
✔ package graph / range "^0" / 2.0.0 (4.821209ms)
✔ package graph / range "^0" / 2.3.4 (4.931203ms)
✔ package graph / range "^0" / 3.0.0 (4.832034ms)
✔ package graph / range "^0.0" / 0.0.0 (5.353968ms)
✔ package graph / range "^0.0" / 0.0.2 (5.380129ms)
✔ package graph / range "^0.0" / 0.0.3 (5.374542ms)
✔ package graph / range "^0.0" / 0.1.0 (4.869327ms)
✔ package graph / range "^0.0" / 0.2.3 (5.106852ms)
✔ package graph / range "^0.0" / 0.2.4 (4.947224ms)
✔ package graph / range "^0.0" / 0.3.0 (4.941392ms)
✔ package graph / range "^0.0" / 1.0.0 (4.934855ms)
✔ package graph / range "^0.0" / 1.2.0 (4.78007ms)
✔ package graph / range "^0.0" / 1.2.2 (4.775987ms)
✔ package graph / range "^0.0" / 1.2.3-0 (4.90265ms)
✔ package graph / range "^0.0" / 1.2.3-alpha (4.722751ms)
✔ package graph / range "^0.0" / 1.2.3-alpha.2 (4.668136ms)
✔ package graph / range "^0.0" / 1.2.3-alpha.10 (4.789804ms)
✔ package graph / range "^0.0" / 1.2.3-beta (4.769753ms)
✔ package graph / range "^0.0" / 1.2.3 (4.866573ms)
✔ package graph / range "^0.0" / 1.2.3+build.9 (4.866153ms)
✔ package graph / range "^0.0" / 1.2.4-alpha (5.001375ms)
✔ package graph / range "^0.0" / 1.2.4 (4.920492ms)
✔ package graph / range "^0.0" / 1.3.0-0 (4.807305ms)
✔ package graph / range "^0.0" / 1.3.0 (4.870658ms)
✔ package graph / range "^0.0" / 2.0.0-alpha (4.96802ms)
✔ package graph / range "^0.0" / 2.0.0 (4.881443ms)
✔ package graph / range "^0.0" / 2.3.4 (5.050866ms)
✔ package graph / range "^0.0" / 3.0.0 (4.946975ms)
✔ package graph / range "^0.0.2" / 0.0.0 (4.952914ms)
✔ package graph / range "^0.0.2" / 0.0.2 (5.374785ms)
✔ package graph / range "^0.0.2" / 0.0.3 (4.945708ms)
✔ package graph / range "^0.0.2" / 0.1.0 (6.187822ms)
✔ package graph / range "^0.0.2" / 0.2.3 (5.294461ms)
✔ package graph / range "^0.0.2" / 0.2.4 (5.080924ms)
✔ package graph / range "^0.0.2" / 0.3.0 (4.898393ms)
✔ package graph / range "^0.0.2" / 1.0.0 (4.864551ms)
✔ package graph / range "^0.0.2" / 1.2.0 (4.880064ms)
✔ package graph / range "^0.0.2" / 1.2.2 (4.931418ms)
✔ package graph / range "^0.0.2" / 1.2.3-0 (4.78719ms)
✔ package graph / range "^0.0.2" / 1.2.3-alpha (5.027635ms)
✔ package graph / range "^0.0.2" / 1.2.3-alpha.2 (5.20715ms)
✔ package graph / range "^0.0.2" / 1.2.3-alpha.10 (5.000752ms)
✔ package graph / range "^0.0.2" / 1.2.3-beta (4.995095ms)
✔ package graph / range "^0.0.2" / 1.2.3 (4.97032ms)
✔ package graph / range "^0.0.2" / 1.2.3+build.9 (4.812191ms)
✔ package graph / range "^0.0.2" / 1.2.4-alpha (4.821979ms)
✔ package graph / range "^0.0.2" / 1.2.4 (4.833045ms)
✔ package graph / range "^0.0.2" / 1.3.0-0 (4.834154ms)
✔ package graph / range "^0.0.2" / 1.3.0 (4.93818ms)
✔ package graph / range "^0.0.2" / 2.0.0-alpha (5.068008ms)
✔ package graph / range "^0.0.2" / 2.0.0 (4.962648ms)
✔ package graph / range "^0.0.2" / 2.3.4 (4.893061ms)
✔ package graph / range "^0.0.2" / 3.0.0 (4.960357ms)
✔ package graph / range "^0.2" / 0.0.0 (5.011197ms)
✔ package graph / range "^0.2" / 0.0.2 (4.881283ms)
✔ package graph / range "^0.2" / 0.0.3 (5.159666ms)
✔ package graph / range "^0.2" / 0.1.0 (4.956294ms)
✔ package graph / range "^0.2" / 0.2.3 (5.438249ms)
✔ package graph / range "^0.2" / 0.2.4 (5.519365ms)
✔ package graph / range "^0.2" / 0.3.0 (5.164577ms)
✔ package graph / range "^0.2" / 1.0.0 (5.109601ms)
✔ package graph / range "^0.2" / 1.2.0 (5.240555ms)
✔ package graph / range "^0.2" / 1.2.2 (5.255618ms)
✔ package graph / range "^0.2" / 1.2.3-0 (5.315098ms)
✔ package graph / range "^0.2" / 1.2.3-alpha (4.948773ms)
✔ package graph / range "^0.2" / 1.2.3-alpha.2 (4.95709ms)
✔ package graph / range "^0.2" / 1.2.3-alpha.10 (4.975743ms)
✔ package graph / range "^0.2" / 1.2.3-beta (4.889968ms)
✔ package graph / range "^0.2" / 1.2.3 (4.744685ms)
✔ package graph / range "^0.2" / 1.2.3+build.9 (4.795239ms)
✔ package graph / range "^0.2" / 1.2.4-alpha (4.924174ms)
✔ package graph / range "^0.2" / 1.2.4 (4.813661ms)
✔ package graph / range "^0.2" / 1.3.0-0 (4.881523ms)
✔ package graph / range "^0.2" / 1.3.0 (4.873005ms)
✔ package graph / range "^0.2" / 2.0.0-alpha (5.032388ms)
✔ package graph / range "^0.2" / 2.0.0 (4.999418ms)
✔ package graph / range "^0.2" / 2.3.4 (4.939452ms)
✔ package graph / range "^0.2" / 3.0.0 (4.85095ms)
✔ package graph / range "^0.2.3" / 0.0.0 (5.017706ms)
✔ package graph / range "^0.2.3" / 0.0.2 (5.168071ms)
✔ package graph / range "^0.2.3" / 0.0.3 (5.00932ms)
✔ package graph / range "^0.2.3" / 0.1.0 (5.06829ms)
✔ package graph / range "^0.2.3" / 0.2.3 (5.589114ms)
✔ package graph / range "^0.2.3" / 0.2.4 (5.722634ms)
✔ package graph / range "^0.2.3" / 0.3.0 (5.117496ms)
✔ package graph / range "^0.2.3" / 1.0.0 (5.087784ms)
✔ package graph / range "^0.2.3" / 1.2.0 (5.129624ms)
✔ package graph / range "^0.2.3" / 1.2.2 (5.363652ms)
✔ package graph / range "^0.2.3" / 1.2.3-0 (5.491141ms)
✔ package graph / range "^0.2.3" / 1.2.3-alpha (5.544712ms)
✔ package graph / range "^0.2.3" / 1.2.3-alpha.2 (5.70551ms)
✔ package graph / range "^0.2.3" / 1.2.3-alpha.10 (5.377309ms)
✔ package graph / range "^0.2.3" / 1.2.3-beta (5.923684ms)
✔ package graph / range "^0.2.3" / 1.2.3 (5.784389ms)
✔ package graph / range "^0.2.3" / 1.2.3+build.9 (5.65109ms)
✔ package graph / range "^0.2.3" / 1.2.4-alpha (5.739678ms)
✔ package graph / range "^0.2.3" / 1.2.4 (5.815202ms)
✔ package graph / range "^0.2.3" / 1.3.0-0 (5.785692ms)
✔ package graph / range "^0.2.3" / 1.3.0 (5.524669ms)
✔ package graph / range "^0.2.3" / 2.0.0-alpha (5.467979ms)
✔ package graph / range "^0.2.3" / 2.0.0 (5.239473ms)
✔ package graph / range "^0.2.3" / 2.3.4 (5.439059ms)
✔ package graph / range "^0.2.3" / 3.0.0 (5.860457ms)
✔ package graph / range "^0.0.0" / 0.0.0 (6.37241ms)
✔ package graph / range "^0.0.0" / 0.0.2 (5.604172ms)
✔ package graph / range "^0.0.0" / 0.0.3 (5.217486ms)
✔ package graph / range "^0.0.0" / 0.1.0 (5.039198ms)
✔ package graph / range "^0.0.0" / 0.2.3 (5.148195ms)
✔ package graph / range "^0.0.0" / 0.2.4 (4.988018ms)
✔ package graph / range "^0.0.0" / 0.3.0 (4.949176ms)
✔ package graph / range "^0.0.0" / 1.0.0 (5.018521ms)
✔ package graph / range "^0.0.0" / 1.2.0 (5.217699ms)
✔ package graph / range "^0.0.0" / 1.2.2 (5.165407ms)
✔ package graph / range "^0.0.0" / 1.2.3-0 (4.997008ms)
✔ package graph / range "^0.0.0" / 1.2.3-alpha (4.888492ms)
✔ package graph / range "^0.0.0" / 1.2.3-alpha.2 (5.118671ms)
✔ package graph / range "^0.0.0" / 1.2.3-alpha.10 (5.119324ms)
✔ package graph / range "^0.0.0" / 1.2.3-beta (4.842276ms)
✔ package graph / range "^0.0.0" / 1.2.3 (4.802504ms)
✔ package graph / range "^0.0.0" / 1.2.3+build.9 (5.306897ms)
✔ package graph / range "^0.0.0" / 1.2.4-alpha (5.609559ms)
✔ package graph / range "^0.0.0" / 1.2.4 (5.535734ms)
✔ package graph / range "^0.0.0" / 1.3.0-0 (5.220005ms)
✔ package graph / range "^0.0.0" / 1.3.0 (4.85659ms)
✔ package graph / range "^0.0.0" / 2.0.0-alpha (5.034661ms)
✔ package graph / range "^0.0.0" / 2.0.0 (5.09374ms)
✔ package graph / range "^0.0.0" / 2.3.4 (4.98931ms)
✔ package graph / range "^0.0.0" / 3.0.0 (5.036924ms)
✔ package graph / range "1.2.3 - 2.3.4" / 0.0.0 (5.034001ms)
✔ package graph / range "1.2.3 - 2.3.4" / 0.0.2 (4.996288ms)
✔ package graph / range "1.2.3 - 2.3.4" / 0.0.3 (5.087725ms)
✔ package graph / range "1.2.3 - 2.3.4" / 0.1.0 (5.112677ms)
✔ package graph / range "1.2.3 - 2.3.4" / 0.2.3 (5.777369ms)
✔ package graph / range "1.2.3 - 2.3.4" / 0.2.4 (5.262623ms)
✔ package graph / range "1.2.3 - 2.3.4" / 0.3.0 (5.407968ms)
✔ package graph / range "1.2.3 - 2.3.4" / 1.0.0 (5.117632ms)
✔ package graph / range "1.2.3 - 2.3.4" / 1.2.0 (5.397359ms)
✔ package graph / range "1.2.3 - 2.3.4" / 1.2.2 (5.339277ms)
✔ package graph / range "1.2.3 - 2.3.4" / 1.2.3-0 (5.198159ms)
✔ package graph / range "1.2.3 - 2.3.4" / 1.2.3-alpha (5.165528ms)
✔ package graph / range "1.2.3 - 2.3.4" / 1.2.3-alpha.2 (5.291068ms)
✔ package graph / range "1.2.3 - 2.3.4" / 1.2.3-alpha.10 (5.199217ms)
✔ package graph / range "1.2.3 - 2.3.4" / 1.2.3-beta (5.06018ms)
✔ package graph / range "1.2.3 - 2.3.4" / 1.2.3 (5.721662ms)
✔ package graph / range "1.2.3 - 2.3.4" / 1.2.3+build.9 (5.6883ms)
✔ package graph / range "1.2.3 - 2.3.4" / 1.2.4-alpha (5.256444ms)
✔ package graph / range "1.2.3 - 2.3.4" / 1.2.4 (6.243114ms)
✔ package graph / range "1.2.3 - 2.3.4" / 1.3.0-0 (6.09938ms)
✔ package graph / range "1.2.3 - 2.3.4" / 1.3.0 (6.341286ms)
✔ package graph / range "1.2.3 - 2.3.4" / 2.0.0-alpha (5.766528ms)
✔ package graph / range "1.2.3 - 2.3.4" / 2.0.0 (6.044912ms)
✔ package graph / range "1.2.3 - 2.3.4" / 2.3.4 (6.274346ms)
✔ package graph / range "1.2.3 - 2.3.4" / 3.0.0 (5.763089ms)
✔ package graph / range "1.2 - 2.3" / 0.0.0 (5.498441ms)
✔ package graph / range "1.2 - 2.3" / 0.0.2 (5.614069ms)
✔ package graph / range "1.2 - 2.3" / 0.0.3 (5.211815ms)
✔ package graph / range "1.2 - 2.3" / 0.1.0 (5.231974ms)
✔ package graph / range "1.2 - 2.3" / 0.2.3 (5.321055ms)
✔ package graph / range "1.2 - 2.3" / 0.2.4 (5.287688ms)
✔ package graph / range "1.2 - 2.3" / 0.3.0 (5.602048ms)
✔ package graph / range "1.2 - 2.3" / 1.0.0 (5.570777ms)
✔ package graph / range "1.2 - 2.3" / 1.2.0 (5.733335ms)
✔ package graph / range "1.2 - 2.3" / 1.2.2 (6.069692ms)
✔ package graph / range "1.2 - 2.3" / 1.2.3-0 (5.659379ms)
✔ package graph / range "1.2 - 2.3" / 1.2.3-alpha (5.214497ms)
✔ package graph / range "1.2 - 2.3" / 1.2.3-alpha.2 (5.348652ms)
✔ package graph / range "1.2 - 2.3" / 1.2.3-alpha.10 (5.168215ms)
✔ package graph / range "1.2 - 2.3" / 1.2.3-beta (5.20149ms)
✔ package graph / range "1.2 - 2.3" / 1.2.3 (6.139439ms)
✔ package graph / range "1.2 - 2.3" / 1.2.3+build.9 (5.669451ms)
✔ package graph / range "1.2 - 2.3" / 1.2.4-alpha (5.16974ms)
✔ package graph / range "1.2 - 2.3" / 1.2.4 (5.645555ms)
✔ package graph / range "1.2 - 2.3" / 1.3.0-0 (5.259958ms)
✔ package graph / range "1.2 - 2.3" / 1.3.0 (5.69012ms)
✔ package graph / range "1.2 - 2.3" / 2.0.0-alpha (6.402728ms)
✔ package graph / range "1.2 - 2.3" / 2.0.0 (5.814235ms)
✔ package graph / range "1.2 - 2.3" / 2.3.4 (5.95079ms)
✔ package graph / range "1.2 - 2.3" / 3.0.0 (5.636212ms)
✔ package graph / range "1 - 2" / 0.0.0 (5.756384ms)
✔ package graph / range "1 - 2" / 0.0.2 (5.817122ms)
✔ package graph / range "1 - 2" / 0.0.3 (5.294522ms)
✔ package graph / range "1 - 2" / 0.1.0 (5.374764ms)
✔ package graph / range "1 - 2" / 0.2.3 (5.255826ms)
✔ package graph / range "1 - 2" / 0.2.4 (5.187019ms)
✔ package graph / range "1 - 2" / 0.3.0 (5.44389ms)
✔ package graph / range "1 - 2" / 1.0.0 (6.129736ms)
✔ package graph / range "1 - 2" / 1.2.0 (5.695641ms)
✔ package graph / range "1 - 2" / 1.2.2 (5.820305ms)
✔ package graph / range "1 - 2" / 1.2.3-0 (5.305589ms)
✔ package graph / range "1 - 2" / 1.2.3-alpha (5.14469ms)
✔ package graph / range "1 - 2" / 1.2.3-alpha.2 (5.315583ms)
✔ package graph / range "1 - 2" / 1.2.3-alpha.10 (5.721172ms)
✔ package graph / range "1 - 2" / 1.2.3-beta (5.390103ms)
✔ package graph / range "1 - 2" / 1.2.3 (5.776463ms)
✔ package graph / range "1 - 2" / 1.2.3+build.9 (5.686897ms)
✔ package graph / range "1 - 2" / 1.2.4-alpha (5.076487ms)
✔ package graph / range "1 - 2" / 1.2.4 (5.65603ms)
✔ package graph / range "1 - 2" / 1.3.0-0 (5.297997ms)
✔ package graph / range "1 - 2" / 1.3.0 (5.598028ms)
✔ package graph / range "1 - 2" / 2.0.0-alpha (5.958129ms)
✔ package graph / range "1 - 2" / 2.0.0 (6.403983ms)
✔ package graph / range "1 - 2" / 2.3.4 (5.84408ms)
✔ package graph / range "1 - 2" / 3.0.0 (5.416021ms)
✔ package graph / range "1.2.3 - 2" / 0.0.0 (5.108059ms)
✔ package graph / range "1.2.3 - 2" / 0.0.2 (5.153736ms)
✔ package graph / range "1.2.3 - 2" / 0.0.3 (5.23873ms)
✔ package graph / range "1.2.3 - 2" / 0.1.0 (5.333968ms)
✔ package graph / range "1.2.3 - 2" / 0.2.3 (5.619751ms)
✔ package graph / range "1.2.3 - 2" / 0.2.4 (5.113413ms)
✔ package graph / range "1.2.3 - 2" / 0.3.0 (4.951518ms)
✔ package graph / range "1.2.3 - 2" / 1.0.0 (4.846628ms)
✔ package graph / range "1.2.3 - 2" / 1.2.0 (5.301698ms)
✔ package graph / range "1.2.3 - 2" / 1.2.2 (5.473123ms)
✔ package graph / range "1.2.3 - 2" / 1.2.3-0 (5.511111ms)
✔ package graph / range "1.2.3 - 2" / 1.2.3-alpha (4.91728ms)
✔ package graph / range "1.2.3 - 2" / 1.2.3-alpha.2 (4.919411ms)
✔ package graph / range "1.2.3 - 2" / 1.2.3-alpha.10 (5.102249ms)
✔ package graph / range "1.2.3 - 2" / 1.2.3-beta (5.236685ms)
✔ package graph / range "1.2.3 - 2" / 1.2.3 (5.940868ms)
✔ package graph / range "1.2.3 - 2" / 1.2.3+build.9 (6.040368ms)
✔ package graph / range "1.2.3 - 2" / 1.2.4-alpha (5.263843ms)
✔ package graph / range "1.2.3 - 2" / 1.2.4 (5.649426ms)
✔ package graph / range "1.2.3 - 2" / 1.3.0-0 (5.196026ms)
✔ package graph / range "1.2.3 - 2" / 1.3.0 (5.505639ms)
✔ package graph / range "1.2.3 - 2" / 2.0.0-alpha (5.160838ms)
✔ package graph / range "1.2.3 - 2" / 2.0.0 (5.590629ms)
✔ package graph / range "1.2.3 - 2" / 2.3.4 (5.724373ms)
✔ package graph / range "1.2.3 - 2" / 3.0.0 (4.939214ms)
✔ package graph / range ">=1.2.0 <2.0.0" / 0.0.0 (4.993057ms)
✔ package graph / range ">=1.2.0 <2.0.0" / 0.0.2 (5.167465ms)
✔ package graph / range ">=1.2.0 <2.0.0" / 0.0.3 (5.322492ms)
✔ package graph / range ">=1.2.0 <2.0.0" / 0.1.0 (5.293304ms)
✔ package graph / range ">=1.2.0 <2.0.0" / 0.2.3 (5.109317ms)
✔ package graph / range ">=1.2.0 <2.0.0" / 0.2.4 (5.326092ms)
✔ package graph / range ">=1.2.0 <2.0.0" / 0.3.0 (5.136972ms)
✔ package graph / range ">=1.2.0 <2.0.0" / 1.0.0 (5.294812ms)
✔ package graph / range ">=1.2.0 <2.0.0" / 1.2.0 (5.933926ms)
✔ package graph / range ">=1.2.0 <2.0.0" / 1.2.2 (5.79996ms)
✔ package graph / range ">=1.2.0 <2.0.0" / 1.2.3-0 (5.276401ms)
✔ package graph / range ">=1.2.0 <2.0.0" / 1.2.3-alpha (5.147821ms)
✔ package graph / range ">=1.2.0 <2.0.0" / 1.2.3-alpha.2 (5.237046ms)
✔ package graph / range ">=1.2.0 <2.0.0" / 1.2.3-alpha.10 (5.000689ms)
✔ package graph / range ">=1.2.0 <2.0.0" / 1.2.3-beta (5.220233ms)
✔ package graph / range ">=1.2.0 <2.0.0" / 1.2.3 (5.725792ms)
✔ package graph / range ">=1.2.0 <2.0.0" / 1.2.3+build.9 (5.509509ms)
✔ package graph / range ">=1.2.0 <2.0.0" / 1.2.4-alpha (4.916895ms)
✔ package graph / range ">=1.2.0 <2.0.0" / 1.2.4 (5.667072ms)
✔ package graph / range ">=1.2.0 <2.0.0" / 1.3.0-0 (5.056252ms)
✔ package graph / range ">=1.2.0 <2.0.0" / 1.3.0 (5.302929ms)
✔ package graph / range ">=1.2.0 <2.0.0" / 2.0.0-alpha (4.968175ms)
✔ package graph / range ">=1.2.0 <2.0.0" / 2.0.0 (4.899029ms)
✔ package graph / range ">=1.2.0 <2.0.0" / 2.3.4 (5.062325ms)
✔ package graph / range ">=1.2.0 <2.0.0" / 3.0.0 (5.1657ms)
✔ package graph / range ">2.0.0 <1.0.0" / 0.0.0 (5.10568ms)
✔ package graph / range ">2.0.0 <1.0.0" / 0.0.2 (5.114294ms)
✔ package graph / range ">2.0.0 <1.0.0" / 0.0.3 (4.874837ms)
✔ package graph / range ">2.0.0 <1.0.0" / 0.1.0 (4.944351ms)
✔ package graph / range ">2.0.0 <1.0.0" / 0.2.3 (5.130571ms)
✔ package graph / range ">2.0.0 <1.0.0" / 0.2.4 (5.016552ms)
✔ package graph / range ">2.0.0 <1.0.0" / 0.3.0 (5.25187ms)
✔ package graph / range ">2.0.0 <1.0.0" / 1.0.0 (4.913033ms)
✔ package graph / range ">2.0.0 <1.0.0" / 1.2.0 (5.08513ms)
✔ package graph / range ">2.0.0 <1.0.0" / 1.2.2 (5.099518ms)
✔ package graph / range ">2.0.0 <1.0.0" / 1.2.3-0 (5.097197ms)
✔ package graph / range ">2.0.0 <1.0.0" / 1.2.3-alpha (5.085266ms)
✔ package graph / range ">2.0.0 <1.0.0" / 1.2.3-alpha.2 (5.249271ms)
✔ package graph / range ">2.0.0 <1.0.0" / 1.2.3-alpha.10 (5.380119ms)
✔ package graph / range ">2.0.0 <1.0.0" / 1.2.3-beta (5.092516ms)
✔ package graph / range ">2.0.0 <1.0.0" / 1.2.3 (5.293856ms)
✔ package graph / range ">2.0.0 <1.0.0" / 1.2.3+build.9 (5.196563ms)
✔ package graph / range ">2.0.0 <1.0.0" / 1.2.4-alpha (5.516932ms)
✔ package graph / range ">2.0.0 <1.0.0" / 1.2.4 (5.061738ms)
✔ package graph / range ">2.0.0 <1.0.0" / 1.3.0-0 (5.02359ms)
✔ package graph / range ">2.0.0 <1.0.0" / 1.3.0 (4.902193ms)
✔ package graph / range ">2.0.0 <1.0.0" / 2.0.0-alpha (4.941127ms)
✔ package graph / range ">2.0.0 <1.0.0" / 2.0.0 (4.984388ms)
✔ package graph / range ">2.0.0 <1.0.0" / 2.3.4 (5.413964ms)
✔ package graph / range ">2.0.0 <1.0.0" / 3.0.0 (4.922019ms)
✔ package graph / range "1.2.3 || 2.3.4" / 0.0.0 (5.120743ms)
✔ package graph / range "1.2.3 || 2.3.4" / 0.0.2 (5.310613ms)
✔ package graph / range "1.2.3 || 2.3.4" / 0.0.3 (5.316225ms)
✔ package graph / range "1.2.3 || 2.3.4" / 0.1.0 (5.002726ms)
✔ package graph / range "1.2.3 || 2.3.4" / 0.2.3 (5.167746ms)
✔ package graph / range "1.2.3 || 2.3.4" / 0.2.4 (5.116734ms)
✔ package graph / range "1.2.3 || 2.3.4" / 0.3.0 (5.083135ms)
✔ package graph / range "1.2.3 || 2.3.4" / 1.0.0 (5.12533ms)
✔ package graph / range "1.2.3 || 2.3.4" / 1.2.0 (5.166035ms)
✔ package graph / range "1.2.3 || 2.3.4" / 1.2.2 (5.28808ms)
✔ package graph / range "1.2.3 || 2.3.4" / 1.2.3-0 (5.160093ms)
✔ package graph / range "1.2.3 || 2.3.4" / 1.2.3-alpha (5.134873ms)
✔ package graph / range "1.2.3 || 2.3.4" / 1.2.3-alpha.2 (5.07303ms)
✔ package graph / range "1.2.3 || 2.3.4" / 1.2.3-alpha.10 (5.013424ms)
✔ package graph / range "1.2.3 || 2.3.4" / 1.2.3-beta (5.053461ms)
✔ package graph / range "1.2.3 || 2.3.4" / 1.2.3 (5.43501ms)
✔ package graph / range "1.2.3 || 2.3.4" / 1.2.3+build.9 (5.548576ms)
✔ package graph / range "1.2.3 || 2.3.4" / 1.2.4-alpha (5.002025ms)
✔ package graph / range "1.2.3 || 2.3.4" / 1.2.4 (5.087549ms)
✔ package graph / range "1.2.3 || 2.3.4" / 1.3.0-0 (5.00824ms)
✔ package graph / range "1.2.3 || 2.3.4" / 1.3.0 (4.901122ms)
✔ package graph / range "1.2.3 || 2.3.4" / 2.0.0-alpha (5.003317ms)
✔ package graph / range "1.2.3 || 2.3.4" / 2.0.0 (5.020018ms)
✔ package graph / range "1.2.3 || 2.3.4" / 2.3.4 (5.777803ms)
✔ package graph / range "1.2.3 || 2.3.4" / 3.0.0 (4.99617ms)
✔ package graph / range "^0.2.3 || ~1.2.0" / 0.0.0 (4.909102ms)
✔ package graph / range "^0.2.3 || ~1.2.0" / 0.0.2 (4.92164ms)
✔ package graph / range "^0.2.3 || ~1.2.0" / 0.0.3 (5.120804ms)
✔ package graph / range "^0.2.3 || ~1.2.0" / 0.1.0 (5.024735ms)
✔ package graph / range "^0.2.3 || ~1.2.0" / 0.2.3 (5.610597ms)
✔ package graph / range "^0.2.3 || ~1.2.0" / 0.2.4 (5.600497ms)
✔ package graph / range "^0.2.3 || ~1.2.0" / 0.3.0 (5.039536ms)
✔ package graph / range "^0.2.3 || ~1.2.0" / 1.0.0 (5.106131ms)
✔ package graph / range "^0.2.3 || ~1.2.0" / 1.2.0 (5.431652ms)
✔ package graph / range "^0.2.3 || ~1.2.0" / 1.2.2 (5.578151ms)
✔ package graph / range "^0.2.3 || ~1.2.0" / 1.2.3-0 (5.044401ms)
✔ package graph / range "^0.2.3 || ~1.2.0" / 1.2.3-alpha (4.808497ms)
✔ package graph / range "^0.2.3 || ~1.2.0" / 1.2.3-alpha.2 (5.07411ms)
✔ package graph / range "^0.2.3 || ~1.2.0" / 1.2.3-alpha.10 (4.881542ms)
✔ package graph / range "^0.2.3 || ~1.2.0" / 1.2.3-beta (6.247022ms)
✔ package graph / range "^0.2.3 || ~1.2.0" / 1.2.3 (5.723608ms)
✔ package graph / range "^0.2.3 || ~1.2.0" / 1.2.3+build.9 (5.91472ms)
✔ package graph / range "^0.2.3 || ~1.2.0" / 1.2.4-alpha (5.43987ms)
✔ package graph / range "^0.2.3 || ~1.2.0" / 1.2.4 (5.487586ms)
✔ package graph / range "^0.2.3 || ~1.2.0" / 1.3.0-0 (5.284168ms)
✔ package graph / range "^0.2.3 || ~1.2.0" / 1.3.0 (5.048993ms)
✔ package graph / range "^0.2.3 || ~1.2.0" / 2.0.0-alpha (4.994631ms)
✔ package graph / range "^0.2.3 || ~1.2.0" / 2.0.0 (5.183363ms)
✔ package graph / range "^0.2.3 || ~1.2.0" / 2.3.4 (5.405117ms)
✔ package graph / range "^0.2.3 || ~1.2.0" / 3.0.0 (5.29546ms)
✔ package graph / range ">=1.2.3-alpha <2.0.0" / 0.0.0 (5.22286ms)
✔ package graph / range ">=1.2.3-alpha <2.0.0" / 0.0.2 (5.088553ms)
✔ package graph / range ">=1.2.3-alpha <2.0.0" / 0.0.3 (5.143625ms)
✔ package graph / range ">=1.2.3-alpha <2.0.0" / 0.1.0 (5.172345ms)
✔ package graph / range ">=1.2.3-alpha <2.0.0" / 0.2.3 (5.654037ms)
✔ package graph / range ">=1.2.3-alpha <2.0.0" / 0.2.4 (5.309413ms)
✔ package graph / range ">=1.2.3-alpha <2.0.0" / 0.3.0 (5.082705ms)
✔ package graph / range ">=1.2.3-alpha <2.0.0" / 1.0.0 (5.035927ms)
✔ package graph / range ">=1.2.3-alpha <2.0.0" / 1.2.0 (5.221266ms)
✔ package graph / range ">=1.2.3-alpha <2.0.0" / 1.2.2 (5.121009ms)
✔ package graph / range ">=1.2.3-alpha <2.0.0" / 1.2.3-0 (5.130748ms)
✔ package graph / range ">=1.2.3-alpha <2.0.0" / 1.2.3-alpha (5.634165ms)
✔ package graph / range ">=1.2.3-alpha <2.0.0" / 1.2.3-alpha.2 (5.807246ms)
✔ package graph / range ">=1.2.3-alpha <2.0.0" / 1.2.3-alpha.10 (5.667611ms)
✔ package graph / range ">=1.2.3-alpha <2.0.0" / 1.2.3-beta (5.661273ms)
✔ package graph / range ">=1.2.3-alpha <2.0.0" / 1.2.3 (5.669533ms)
✔ package graph / range ">=1.2.3-alpha <2.0.0" / 1.2.3+build.9 (5.732949ms)
✔ package graph / range ">=1.2.3-alpha <2.0.0" / 1.2.4-alpha (5.020256ms)
✔ package graph / range ">=1.2.3-alpha <2.0.0" / 1.2.4 (5.51453ms)
✔ package graph / range ">=1.2.3-alpha <2.0.0" / 1.3.0-0 (5.213043ms)
✔ package graph / range ">=1.2.3-alpha <2.0.0" / 1.3.0 (5.694387ms)
✔ package graph / range ">=1.2.3-alpha <2.0.0" / 2.0.0-alpha (5.219441ms)
✔ package graph / range ">=1.2.3-alpha <2.0.0" / 2.0.0 (4.982804ms)
✔ package graph / range ">=1.2.3-alpha <2.0.0" / 2.3.4 (5.011859ms)
✔ package graph / range ">=1.2.3-alpha <2.0.0" / 3.0.0 (5.02175ms)
✔ package graph / range "^1.2.3-alpha" / 0.0.0 (5.053449ms)
✔ package graph / range "^1.2.3-alpha" / 0.0.2 (5.190659ms)
✔ package graph / range "^1.2.3-alpha" / 0.0.3 (5.198019ms)
✔ package graph / range "^1.2.3-alpha" / 0.1.0 (5.142053ms)
✔ package graph / range "^1.2.3-alpha" / 0.2.3 (5.309725ms)
✔ package graph / range "^1.2.3-alpha" / 0.2.4 (5.38308ms)
✔ package graph / range "^1.2.3-alpha" / 0.3.0 (5.168583ms)
✔ package graph / range "^1.2.3-alpha" / 1.0.0 (5.002638ms)
✔ package graph / range "^1.2.3-alpha" / 1.2.0 (5.246646ms)
✔ package graph / range "^1.2.3-alpha" / 1.2.2 (4.99172ms)
✔ package graph / range "^1.2.3-alpha" / 1.2.3-0 (4.947964ms)
✔ package graph / range "^1.2.3-alpha" / 1.2.3-alpha (5.655846ms)
✔ package graph / range "^1.2.3-alpha" / 1.2.3-alpha.2 (5.926816ms)
✔ package graph / range "^1.2.3-alpha" / 1.2.3-alpha.10 (5.863013ms)
✔ package graph / range "^1.2.3-alpha" / 1.2.3-beta (5.564892ms)
✔ package graph / range "^1.2.3-alpha" / 1.2.3 (5.647028ms)
✔ package graph / range "^1.2.3-alpha" / 1.2.3+build.9 (5.647309ms)
✔ package graph / range "^1.2.3-alpha" / 1.2.4-alpha (5.056844ms)
✔ package graph / range "^1.2.3-alpha" / 1.2.4 (5.53368ms)
✔ package graph / range "^1.2.3-alpha" / 1.3.0-0 (5.056639ms)
✔ package graph / range "^1.2.3-alpha" / 1.3.0 (5.647031ms)
✔ package graph / range "^1.2.3-alpha" / 2.0.0-alpha (5.069187ms)
✔ package graph / range "^1.2.3-alpha" / 2.0.0 (5.113581ms)
✔ package graph / range "^1.2.3-alpha" / 2.3.4 (5.193914ms)
✔ package graph / range "^1.2.3-alpha" / 3.0.0 (5.090363ms)
✔ package graph / range "~1.2.3-alpha" / 0.0.0 (4.867031ms)
✔ package graph / range "~1.2.3-alpha" / 0.0.2 (4.881122ms)
✔ package graph / range "~1.2.3-alpha" / 0.0.3 (5.164948ms)
✔ package graph / range "~1.2.3-alpha" / 0.1.0 (4.98602ms)
✔ package graph / range "~1.2.3-alpha" / 0.2.3 (5.091173ms)
✔ package graph / range "~1.2.3-alpha" / 0.2.4 (5.079812ms)
✔ package graph / range "~1.2.3-alpha" / 0.3.0 (5.110436ms)
✔ package graph / range "~1.2.3-alpha" / 1.0.0 (5.132712ms)
✔ package graph / range "~1.2.3-alpha" / 1.2.0 (5.17385ms)
✔ package graph / range "~1.2.3-alpha" / 1.2.2 (5.227632ms)
✔ package graph / range "~1.2.3-alpha" / 1.2.3-0 (4.898891ms)
✔ package graph / range "~1.2.3-alpha" / 1.2.3-alpha (5.546899ms)
✔ package graph / range "~1.2.3-alpha" / 1.2.3-alpha.2 (5.508647ms)
✔ package graph / range "~1.2.3-alpha" / 1.2.3-alpha.10 (5.73096ms)
✔ package graph / range "~1.2.3-alpha" / 1.2.3-beta (5.91243ms)
✔ package graph / range "~1.2.3-alpha" / 1.2.3 (5.739242ms)
✔ package graph / range "~1.2.3-alpha" / 1.2.3+build.9 (5.589429ms)
✔ package graph / range "~1.2.3-alpha" / 1.2.4-alpha (5.019474ms)
✔ package graph / range "~1.2.3-alpha" / 1.2.4 (5.366877ms)
✔ package graph / range "~1.2.3-alpha" / 1.3.0-0 (5.077896ms)
✔ package graph / range "~1.2.3-alpha" / 1.3.0 (4.915325ms)
✔ package graph / range "~1.2.3-alpha" / 2.0.0-alpha (4.950644ms)
✔ package graph / range "~1.2.3-alpha" / 2.0.0 (5.027467ms)
✔ package graph / range "~1.2.3-alpha" / 2.3.4 (4.869822ms)
✔ package graph / range "~1.2.3-alpha" / 3.0.0 (4.771112ms)
✔ package graph / range "1.2.3-alpha.2" / 0.0.0 (5.125014ms)
✔ package graph / range "1.2.3-alpha.2" / 0.0.2 (5.170083ms)
✔ package graph / range "1.2.3-alpha.2" / 0.0.3 (4.895767ms)
✔ package graph / range "1.2.3-alpha.2" / 0.1.0 (4.892002ms)
✔ package graph / range "1.2.3-alpha.2" / 0.2.3 (5.058692ms)
✔ package graph / range "1.2.3-alpha.2" / 0.2.4 (4.991873ms)
✔ package graph / range "1.2.3-alpha.2" / 0.3.0 (5.090539ms)
✔ package graph / range "1.2.3-alpha.2" / 1.0.0 (5.457606ms)
✔ package graph / range "1.2.3-alpha.2" / 1.2.0 (5.187249ms)
✔ package graph / range "1.2.3-alpha.2" / 1.2.2 (5.147518ms)
✔ package graph / range "1.2.3-alpha.2" / 1.2.3-0 (5.111353ms)
✔ package graph / range "1.2.3-alpha.2" / 1.2.3-alpha (4.895306ms)
✔ package graph / range "1.2.3-alpha.2" / 1.2.3-alpha.2 (5.468286ms)
✔ package graph / range "1.2.3-alpha.2" / 1.2.3-alpha.10 (5.01221ms)
✔ package graph / range "1.2.3-alpha.2" / 1.2.3-beta (4.941118ms)
✔ package graph / range "1.2.3-alpha.2" / 1.2.3 (4.901285ms)
✔ package graph / range "1.2.3-alpha.2" / 1.2.3+build.9 (5.001261ms)
✔ package graph / range "1.2.3-alpha.2" / 1.2.4-alpha (4.940723ms)
✔ package graph / range "1.2.3-alpha.2" / 1.2.4 (4.925394ms)
✔ package graph / range "1.2.3-alpha.2" / 1.3.0-0 (5.097949ms)
✔ package graph / range "1.2.3-alpha.2" / 1.3.0 (5.080802ms)
✔ package graph / range "1.2.3-alpha.2" / 2.0.0-alpha (5.100824ms)
✔ package graph / range "1.2.3-alpha.2" / 2.0.0 (5.027821ms)
✔ package graph / range "1.2.3-alpha.2" / 2.3.4 (5.152044ms)
✔ package graph / range "1.2.3-alpha.2" / 3.0.0 (5.053536ms)
✔ package graph / range ">1.2.3-alpha.2" / 0.0.0 (5.090364ms)
✔ package graph / range ">1.2.3-alpha.2" / 0.0.2 (4.841462ms)
✔ package graph / range ">1.2.3-alpha.2" / 0.0.3 (5.040442ms)
✔ package graph / range ">1.2.3-alpha.2" / 0.1.0 (5.115201ms)
✔ package graph / range ">1.2.3-alpha.2" / 0.2.3 (5.146208ms)
✔ package graph / range ">1.2.3-alpha.2" / 0.2.4 (5.009824ms)
✔ package graph / range ">1.2.3-alpha.2" / 0.3.0 (5.012257ms)
✔ package graph / range ">1.2.3-alpha.2" / 1.0.0 (4.991115ms)
✔ package graph / range ">1.2.3-alpha.2" / 1.2.0 (5.071471ms)
✔ package graph / range ">1.2.3-alpha.2" / 1.2.2 (5.077442ms)
✔ package graph / range ">1.2.3-alpha.2" / 1.2.3-0 (4.969245ms)
✔ package graph / range ">1.2.3-alpha.2" / 1.2.3-alpha (5.033725ms)
✔ package graph / range ">1.2.3-alpha.2" / 1.2.3-alpha.2 (5.105294ms)
✔ package graph / range ">1.2.3-alpha.2" / 1.2.3-alpha.10 (5.525354ms)
✔ package graph / range ">1.2.3-alpha.2" / 1.2.3-beta (5.527032ms)
✔ package graph / range ">1.2.3-alpha.2" / 1.2.3 (5.579598ms)
✔ package graph / range ">1.2.3-alpha.2" / 1.2.3+build.9 (5.733427ms)
✔ package graph / range ">1.2.3-alpha.2" / 1.2.4-alpha (5.696966ms)
✔ package graph / range ">1.2.3-alpha.2" / 1.2.4 (5.887224ms)
✔ package graph / range ">1.2.3-alpha.2" / 1.3.0-0 (5.269497ms)
✔ package graph / range ">1.2.3-alpha.2" / 1.3.0 (5.720387ms)
✔ package graph / range ">1.2.3-alpha.2" / 2.0.0-alpha (5.091511ms)
✔ package graph / range ">1.2.3-alpha.2" / 2.0.0 (5.532682ms)
✔ package graph / range ">1.2.3-alpha.2" / 2.3.4 (5.604569ms)
✔ package graph / range ">1.2.3-alpha.2" / 3.0.0 (5.600946ms)
✔ package graph / range "<1.2.3-alpha.10" / 0.0.0 (5.640149ms)
✔ package graph / range "<1.2.3-alpha.10" / 0.0.2 (5.671883ms)
✔ package graph / range "<1.2.3-alpha.10" / 0.0.3 (5.896586ms)
✔ package graph / range "<1.2.3-alpha.10" / 0.1.0 (5.746618ms)
✔ package graph / range "<1.2.3-alpha.10" / 0.2.3 (5.86598ms)
✔ package graph / range "<1.2.3-alpha.10" / 0.2.4 (7.182445ms)
✔ package graph / range "<1.2.3-alpha.10" / 0.3.0 (6.028901ms)
✔ package graph / range "<1.2.3-alpha.10" / 1.0.0 (5.796889ms)
✔ package graph / range "<1.2.3-alpha.10" / 1.2.0 (5.911341ms)
✔ package graph / range "<1.2.3-alpha.10" / 1.2.2 (5.72311ms)
✔ package graph / range "<1.2.3-alpha.10" / 1.2.3-0 (5.959438ms)
✔ package graph / range "<1.2.3-alpha.10" / 1.2.3-alpha (5.77505ms)
✔ package graph / range "<1.2.3-alpha.10" / 1.2.3-alpha.2 (5.634472ms)
✔ package graph / range "<1.2.3-alpha.10" / 1.2.3-alpha.10 (5.130214ms)
✔ package graph / range "<1.2.3-alpha.10" / 1.2.3-beta (5.442388ms)
✔ package graph / range "<1.2.3-alpha.10" / 1.2.3 (5.368729ms)
✔ package graph / range "<1.2.3-alpha.10" / 1.2.3+build.9 (5.366714ms)
✔ package graph / range "<1.2.3-alpha.10" / 1.2.4-alpha (5.16518ms)
✔ package graph / range "<1.2.3-alpha.10" / 1.2.4 (5.102951ms)
✔ package graph / range "<1.2.3-alpha.10" / 1.3.0-0 (5.363999ms)
✔ package graph / range "<1.2.3-alpha.10" / 1.3.0 (5.122284ms)
✔ package graph / range "<1.2.3-alpha.10" / 2.0.0-alpha (5.314314ms)
✔ package graph / range "<1.2.3-alpha.10" / 2.0.0 (5.805211ms)
✔ package graph / range "<1.2.3-alpha.10" / 2.3.4 (5.55345ms)
✔ package graph / range "<1.2.3-alpha.10" / 3.0.0 (5.412756ms)
✔ package graph / range "1.2.3-alpha - 1.2.3" / 0.0.0 (5.386269ms)
✔ package graph / range "1.2.3-alpha - 1.2.3" / 0.0.2 (5.191301ms)
✔ package graph / range "1.2.3-alpha - 1.2.3" / 0.0.3 (5.272022ms)
✔ package graph / range "1.2.3-alpha - 1.2.3" / 0.1.0 (5.186913ms)
✔ package graph / range "1.2.3-alpha - 1.2.3" / 0.2.3 (5.234106ms)
✔ package graph / range "1.2.3-alpha - 1.2.3" / 0.2.4 (5.196404ms)
✔ package graph / range "1.2.3-alpha - 1.2.3" / 0.3.0 (5.135834ms)
✔ package graph / range "1.2.3-alpha - 1.2.3" / 1.0.0 (5.438868ms)
✔ package graph / range "1.2.3-alpha - 1.2.3" / 1.2.0 (5.117828ms)
✔ package graph / range "1.2.3-alpha - 1.2.3" / 1.2.2 (5.223384ms)
✔ package graph / range "1.2.3-alpha - 1.2.3" / 1.2.3-0 (4.94133ms)
✔ package graph / range "1.2.3-alpha - 1.2.3" / 1.2.3-alpha (5.375296ms)
✔ package graph / range "1.2.3-alpha - 1.2.3" / 1.2.3-alpha.2 (5.659349ms)
✔ package graph / range "1.2.3-alpha - 1.2.3" / 1.2.3-alpha.10 (5.474743ms)
✔ package graph / range "1.2.3-alpha - 1.2.3" / 1.2.3-beta (5.581986ms)
✔ package graph / range "1.2.3-alpha - 1.2.3" / 1.2.3 (5.733789ms)
✔ package graph / range "1.2.3-alpha - 1.2.3" / 1.2.3+build.9 (5.739354ms)
✔ package graph / range "1.2.3-alpha - 1.2.3" / 1.2.4-alpha (5.295033ms)
✔ package graph / range "1.2.3-alpha - 1.2.3" / 1.2.4 (5.116847ms)
✔ package graph / range "1.2.3-alpha - 1.2.3" / 1.3.0-0 (5.027411ms)
✔ package graph / range "1.2.3-alpha - 1.2.3" / 1.3.0 (5.322269ms)
✔ package graph / range "1.2.3-alpha - 1.2.3" / 2.0.0-alpha (5.52921ms)
✔ package graph / range "1.2.3-alpha - 1.2.3" / 2.0.0 (5.358309ms)
✔ package graph / range "1.2.3-alpha - 1.2.3" / 2.3.4 (5.210257ms)
✔ package graph / range "1.2.3-alpha - 1.2.3" / 3.0.0 (5.058816ms)
✔ package graph / range ">=1.2.3-alpha <1.3" / 0.0.0 (5.164801ms)
✔ package graph / range ">=1.2.3-alpha <1.3" / 0.0.2 (5.145135ms)
✔ package graph / range ">=1.2.3-alpha <1.3" / 0.0.3 (5.165901ms)
✔ package graph / range ">=1.2.3-alpha <1.3" / 0.1.0 (5.090508ms)
✔ package graph / range ">=1.2.3-alpha <1.3" / 0.2.3 (5.219021ms)
✔ package graph / range ">=1.2.3-alpha <1.3" / 0.2.4 (5.202754ms)
✔ package graph / range ">=1.2.3-alpha <1.3" / 0.3.0 (5.087843ms)
✔ package graph / range ">=1.2.3-alpha <1.3" / 1.0.0 (4.849353ms)
✔ package graph / range ">=1.2.3-alpha <1.3" / 1.2.0 (5.056863ms)
✔ package graph / range ">=1.2.3-alpha <1.3" / 1.2.2 (5.06005ms)
✔ package graph / range ">=1.2.3-alpha <1.3" / 1.2.3-0 (5.248256ms)
✔ package graph / range ">=1.2.3-alpha <1.3" / 1.2.3-alpha (5.889998ms)
✔ package graph / range ">=1.2.3-alpha <1.3" / 1.2.3-alpha.2 (5.634295ms)
✔ package graph / range ">=1.2.3-alpha <1.3" / 1.2.3-alpha.10 (5.399174ms)
✔ package graph / range ">=1.2.3-alpha <1.3" / 1.2.3-beta (5.530247ms)
✔ package graph / range ">=1.2.3-alpha <1.3" / 1.2.3 (5.49262ms)
✔ package graph / range ">=1.2.3-alpha <1.3" / 1.2.3+build.9 (5.458108ms)
✔ package graph / range ">=1.2.3-alpha <1.3" / 1.2.4-alpha (5.089382ms)
✔ package graph / range ">=1.2.3-alpha <1.3" / 1.2.4 (5.81187ms)
✔ package graph / range ">=1.2.3-alpha <1.3" / 1.3.0-0 (5.197132ms)
✔ package graph / range ">=1.2.3-alpha <1.3" / 1.3.0 (5.027708ms)
✔ package graph / range ">=1.2.3-alpha <1.3" / 2.0.0-alpha (5.025466ms)
✔ package graph / range ">=1.2.3-alpha <1.3" / 2.0.0 (5.374944ms)
✔ package graph / range ">=1.2.3-alpha <1.3" / 2.3.4 (5.329747ms)
✔ package graph / range ">=1.2.3-alpha <1.3" / 3.0.0 (5.320051ms)
✔ package graph / range ">=1.2.3-alpha <1.2.3 || >=1.2.4-alpha <1.3" / 0.0.0 (5.20288ms)
✔ package graph / range ">=1.2.3-alpha <1.2.3 || >=1.2.4-alpha <1.3" / 0.0.2 (4.988007ms)
✔ package graph / range ">=1.2.3-alpha <1.2.3 || >=1.2.4-alpha <1.3" / 0.0.3 (4.917911ms)
✔ package graph / range ">=1.2.3-alpha <1.2.3 || >=1.2.4-alpha <1.3" / 0.1.0 (5.094459ms)
✔ package graph / range ">=1.2.3-alpha <1.2.3 || >=1.2.4-alpha <1.3" / 0.2.3 (5.600773ms)
✔ package graph / range ">=1.2.3-alpha <1.2.3 || >=1.2.4-alpha <1.3" / 0.2.4 (5.365339ms)
✔ package graph / range ">=1.2.3-alpha <1.2.3 || >=1.2.4-alpha <1.3" / 0.3.0 (4.988165ms)
✔ package graph / range ">=1.2.3-alpha <1.2.3 || >=1.2.4-alpha <1.3" / 1.0.0 (4.92986ms)
✔ package graph / range ">=1.2.3-alpha <1.2.3 || >=1.2.4-alpha <1.3" / 1.2.0 (5.064764ms)
✔ package graph / range ">=1.2.3-alpha <1.2.3 || >=1.2.4-alpha <1.3" / 1.2.2 (5.247971ms)
✔ package graph / range ">=1.2.3-alpha <1.2.3 || >=1.2.4-alpha <1.3" / 1.2.3-0 (5.24544ms)
✔ package graph / range ">=1.2.3-alpha <1.2.3 || >=1.2.4-alpha <1.3" / 1.2.3-alpha (5.492973ms)
✔ package graph / range ">=1.2.3-alpha <1.2.3 || >=1.2.4-alpha <1.3" / 1.2.3-alpha.2 (5.561781ms)
✔ package graph / range ">=1.2.3-alpha <1.2.3 || >=1.2.4-alpha <1.3" / 1.2.3-alpha.10 (5.570847ms)
✔ package graph / range ">=1.2.3-alpha <1.2.3 || >=1.2.4-alpha <1.3" / 1.2.3-beta (5.608329ms)
✔ package graph / range ">=1.2.3-alpha <1.2.3 || >=1.2.4-alpha <1.3" / 1.2.3 (4.979135ms)
✔ package graph / range ">=1.2.3-alpha <1.2.3 || >=1.2.4-alpha <1.3" / 1.2.3+build.9 (4.846998ms)
✔ package graph / range ">=1.2.3-alpha <1.2.3 || >=1.2.4-alpha <1.3" / 1.2.4-alpha (5.393936ms)
✔ package graph / range ">=1.2.3-alpha <1.2.3 || >=1.2.4-alpha <1.3" / 1.2.4 (5.509997ms)
✔ package graph / range ">=1.2.3-alpha <1.2.3 || >=1.2.4-alpha <1.3" / 1.3.0-0 (5.006189ms)
✔ package graph / range ">=1.2.3-alpha <1.2.3 || >=1.2.4-alpha <1.3" / 1.3.0 (5.026633ms)
✔ package graph / range ">=1.2.3-alpha <1.2.3 || >=1.2.4-alpha <1.3" / 2.0.0-alpha (4.96125ms)
✔ package graph / range ">=1.2.3-alpha <1.2.3 || >=1.2.4-alpha <1.3" / 2.0.0 (5.065267ms)
✔ package graph / range ">=1.2.3-alpha <1.2.3 || >=1.2.4-alpha <1.3" / 2.3.4 (5.008093ms)
✔ package graph / range ">=1.2.3-alpha <1.2.3 || >=1.2.4-alpha <1.3" / 3.0.0 (5.111632ms)
✔ package graph / range ">=1.2.3-alpha <1.2.3 || >=2.0.0" / 0.0.0 (5.008417ms)
✔ package graph / range ">=1.2.3-alpha <1.2.3 || >=2.0.0" / 0.0.2 (5.024884ms)
✔ package graph / range ">=1.2.3-alpha <1.2.3 || >=2.0.0" / 0.0.3 (5.195153ms)
✔ package graph / range ">=1.2.3-alpha <1.2.3 || >=2.0.0" / 0.1.0 (4.985837ms)
✔ package graph / range ">=1.2.3-alpha <1.2.3 || >=2.0.0" / 0.2.3 (5.163266ms)
✔ package graph / range ">=1.2.3-alpha <1.2.3 || >=2.0.0" / 0.2.4 (5.110611ms)
✔ package graph / range ">=1.2.3-alpha <1.2.3 || >=2.0.0" / 0.3.0 (4.980633ms)
✔ package graph / range ">=1.2.3-alpha <1.2.3 || >=2.0.0" / 1.0.0 (4.986507ms)
✔ package graph / range ">=1.2.3-alpha <1.2.3 || >=2.0.0" / 1.2.0 (5.03937ms)
✔ package graph / range ">=1.2.3-alpha <1.2.3 || >=2.0.0" / 1.2.2 (5.083233ms)
✔ package graph / range ">=1.2.3-alpha <1.2.3 || >=2.0.0" / 1.2.3-0 (5.045607ms)
✔ package graph / range ">=1.2.3-alpha <1.2.3 || >=2.0.0" / 1.2.3-alpha (5.676095ms)
✔ package graph / range ">=1.2.3-alpha <1.2.3 || >=2.0.0" / 1.2.3-alpha.2 (5.680506ms)
✔ package graph / range ">=1.2.3-alpha <1.2.3 || >=2.0.0" / 1.2.3-alpha.10 (5.541331ms)
✔ package graph / range ">=1.2.3-alpha <1.2.3 || >=2.0.0" / 1.2.3-beta (5.585491ms)
✔ package graph / range ">=1.2.3-alpha <1.2.3 || >=2.0.0" / 1.2.3 (5.099914ms)
✔ package graph / range ">=1.2.3-alpha <1.2.3 || >=2.0.0" / 1.2.3+build.9 (5.037256ms)
✔ package graph / range ">=1.2.3-alpha <1.2.3 || >=2.0.0" / 1.2.4-alpha (5.121253ms)
✔ package graph / range ">=1.2.3-alpha <1.2.3 || >=2.0.0" / 1.2.4 (5.074069ms)
✔ package graph / range ">=1.2.3-alpha <1.2.3 || >=2.0.0" / 1.3.0-0 (5.0378ms)
✔ package graph / range ">=1.2.3-alpha <1.2.3 || >=2.0.0" / 1.3.0 (5.161194ms)
✔ package graph / range ">=1.2.3-alpha <1.2.3 || >=2.0.0" / 2.0.0-alpha (5.273862ms)
✔ package graph / range ">=1.2.3-alpha <1.2.3 || >=2.0.0" / 2.0.0 (5.768095ms)
✔ package graph / range ">=1.2.3-alpha <1.2.3 || >=2.0.0" / 2.3.4 (5.593839ms)
✔ package graph / range ">=1.2.3-alpha <1.2.3 || >=2.0.0" / 3.0.0 (5.792326ms)
✔ package graph / invalid range 1..2 (5.119526ms)
✔ package graph / invalid range 01.2.3 (5.037829ms)
✔ package graph / invalid range 1.02.3 (5.118341ms)
✔ package graph / invalid range 1.2.03 (5.069865ms)
✔ package graph / invalid range 1.2.3.4 (4.940115ms)
✔ package graph / invalid range x.2 (4.780071ms)
✔ package graph / invalid range 1.x.3 (5.015732ms)
✔ package graph / invalid range 1.2-alpha (5.204128ms)
✔ package graph / invalid range 1.2.3- (5.050663ms)
✔ package graph / invalid range 1.2.3+ (5.04311ms)
✔ package graph / invalid range !=1.2.3 (4.889425ms)
✔ package graph / invalid range ==1.2.3 (4.815516ms)
✔ package graph / invalid range ><1.2.3 (5.175293ms)
✔ package graph / invalid range >= (5.102447ms)
✔ package graph / invalid range 1.2.3 - (5.207744ms)
✔ package graph / invalid range 1.2.3 - 2.0.0 extra (5.270508ms)
✔ package graph / invalid range 1.2.3 || nope (5.094729ms)
✔ package graph / invalid range nope || 1.2.3 (5.019035ms)
✔ package graph / workspace shortcut * / 0.0.0 (5.535637ms)
✔ package graph / workspace shortcut * / 1.2.3-alpha (5.523782ms)
✔ package graph / workspace shortcut * / 2.0.0+build (5.696186ms)
✔ package graph / workspace shortcut ^ / 0.0.0 (5.927152ms)
✔ package graph / workspace shortcut ^ / 1.2.3-alpha (6.713664ms)
✔ package graph / workspace shortcut ^ / 2.0.0+build (5.606837ms)
✔ package graph / workspace shortcut ~ / 0.0.0 (5.573358ms)
✔ package graph / workspace shortcut ~ / 1.2.3-alpha (5.525646ms)
✔ package graph / workspace shortcut ~ / 2.0.0+build (5.419964ms)
ℹ tests 1534
ℹ suites 0
ℹ pass 1534
ℹ fail 0
ℹ cancelled 0
ℹ skipped 0
ℹ todo 0
ℹ duration_ms 8218.923528
✔ package init / default version (16.288727ms)
✔ package init / scoped name (10.669295ms)
✔ package init / all options (10.171836ms)
✔ package init / reordered options (10.00379ms)
✔ package init / yaml punctuation in entry (10.052207ms)
✔ package init / invalid arguments [] (4.217585ms)
✔ package init / invalid arguments ["sample","--unknown"] (4.245271ms)
✔ package init / invalid arguments ["sample","extra"] (4.207887ms)
✔ package init / invalid arguments ["sample","--version"] (4.180824ms)
✔ package init / invalid arguments ["sample","--entry"] (4.375436ms)
✔ package init / invalid arguments ["sample","--private","--private"] (4.159081ms)
✔ package init / invalid arguments ["sample","--version","1.0.0","--version","2.0.0"] (4.252143ms)
✔ package init / invalid arguments ["sample","--entry","a.zx","--entry","b.zx"] (4.351783ms)
✔ package init / invalid manifest ["BadName"] (4.312391ms)
✔ package init / invalid manifest ["@scope"] (4.31897ms)
✔ package init / invalid manifest [""] (4.259647ms)
✔ package init / invalid manifest ["sample","--version","latest"] (4.319586ms)
✔ package init / invalid manifest ["sample","--version","01.2.3"] (4.45079ms)
✔ package init / invalid manifest ["sample","--entry","../outside.zx"] (4.438353ms)
✔ package init / invalid manifest ["sample","--entry","/absolute.zx"] (4.459048ms)
✔ package init / invalid manifest ["sample","--entry","src/a:b.zx"] (4.389052ms)
✔ package init / invalid manifest ["sample","--entry","main.ts"] (4.50841ms)
✔ package init / preserves existing file (4.564673ms)
✔ package init / preserves existing directory (4.447385ms)
✔ package init / preserves existing symlink (4.568856ms)
✔ package init / preserves existing dangling symlink (4.325909ms)
✔ package init / concurrent exclusive creation (8.388543ms)
ℹ tests 27
ℹ suites 0
ℹ pass 27
ℹ fail 0
ℹ cancelled 0
ℹ skipped 0
ℹ todo 0
ℹ duration_ms 160.388619
Build Summary: 14/14 steps succeeded
test-package-manifest success
+- run node success 437ms
|  +- compile exe zxc Debug native success 10s MaxRSS:1G
|     +- WriteFile cached
|     +- compile lib yaml Debug native cached 71ms MaxRSS:20M
|     +- compile lib yaml Debug native (reused)
|     +- options success
|     +- run exe bundle-zig (bundle) cached
|     |  +- compile exe bundle-zig ReleaseFast native cached 79ms MaxRSS:21M
|     |  +- WriteFile bundle_manifest.json cached
|     +- WriteFile interfaces/0.d.zx cached
+- run node success 475ms
|  +- compile exe zxc Debug native (+6 more reused dependencies)
+- run node success 8s
|  +- compile exe zxc Debug native (+6 more reused dependencies)
+- run node success 1m
|  +- compile exe zxc Debug native (+6 more reused dependencies)
+- run node success 235ms
   +- compile exe zxc Debug native (+6 more reused dependencies)
