Build Summary: 49/49 steps succeeded; 347/347 tests passed
test success
+- run test zx-frontend-tests 308 pass (308 total) 128ms MaxRSS:2M
|  +- compile test zx-frontend-tests Debug native cached 84ms MaxRSS:21M
|     +- WriteFile interfaces/0.d.zx cached
+- run test zx-runtime-tests 30 pass (30 total) 39ms MaxRSS:1M
|  +- compile test zx-runtime-tests Debug native success 2s MaxRSS:301M
|     +- run exe zxc (collections.zig) success 19ms
|     |  +- compile exe zxc Debug native success 10s MaxRSS:1G
|     |     +- WriteFile cached
|     |     +- compile lib yaml Debug native cached 70ms MaxRSS:20M
|     |     +- compile lib yaml Debug native (reused)
|     |     +- options success
|     |     +- run exe bundle-zig (bundle) cached
|     |     |  +- compile exe bundle-zig ReleaseFast native cached 76ms MaxRSS:21M
|     |     |  +- WriteFile bundle_manifest.json cached
|     |     +- WriteFile interfaces/0.d.zx (reused)
|     +- run exe zxc (transforms.zig) success 11ms
|     |  +- compile exe zxc Debug native (+6 more reused dependencies)
|     +- run exe zxc (optional.zig) success 13ms
|     |  +- compile exe zxc Debug native (+6 more reused dependencies)
|     +- run exe zxc (enums.zig) success 10ms
|     |  +- compile exe zxc Debug native (+6 more reused dependencies)
|     +- run exe zxc (spread.zig) success 12ms
|     |  +- compile exe zxc Debug native (+6 more reused dependencies)
|     +- run exe zxc (index.zig) success 7ms
|     |  +- compile exe zxc Debug native (+6 more reused dependencies)
|     +- run exe zxc (modules.zig) success 18ms
|     |  +- compile exe zxc Debug native (+6 more reused dependencies)
|     +- run exe zxc (splice.zig) success 17ms
|     |  +- compile exe zxc Debug native (+6 more reused dependencies)
|     +- run exe zxc (arithmetic.zig) success 19ms
|     |  +- compile exe zxc Debug native (+6 more reused dependencies)
|     +- run exe zxc (short_circuit.zig) success 11ms
|     |  +- compile exe zxc Debug native (+6 more reused dependencies)
|     +- run exe zxc (operators.zig) success 17ms
|     |  +- compile exe zxc Debug native (+6 more reused dependencies)
|     +- run exe zxc (control_flow.zig) success 8ms
|     |  +- compile exe zxc Debug native (+6 more reused dependencies)
|     +- run exe zxc (aggregate_values.zig) success 8ms
|     |  +- compile exe zxc Debug native (+6 more reused dependencies)
|     +- run exe zxc (string_values.zig) success 15ms
|     |  +- compile exe zxc Debug native (+6 more reused dependencies)
|     +- run exe zxc (collection_boundaries.zig) success 8ms
|     |  +- compile exe zxc Debug native (+6 more reused dependencies)
|     +- run exe zxc (void_return.zig) success 12ms
|     |  +- compile exe zxc Debug native (+6 more reused dependencies)
|     +- run exe zxc (splice_ranges.zig) success 13ms
|     |  +- compile exe zxc Debug native (+6 more reused dependencies)
|     +- run exe zxc (overwritten_evaluation.zig) success 21ms
|     |  +- compile exe zxc Debug native (+6 more reused dependencies)
|     +- run exe zxc (numeric_u8.zig) success 15ms
|     |  +- compile exe zxc Debug native (+6 more reused dependencies)
|     +- run exe zxc (numeric_u16.zig) success 10ms
|     |  +- compile exe zxc Debug native (+6 more reused dependencies)
|     +- run exe zxc (numeric_u32.zig) success 13ms
|     |  +- compile exe zxc Debug native (+6 more reused dependencies)
|     +- run exe zxc (numeric_u64.zig) success 13ms
|     |  +- compile exe zxc Debug native (+6 more reused dependencies)
|     +- run exe zxc (numeric_i32.zig) success 9ms
|     |  +- compile exe zxc Debug native (+6 more reused dependencies)
|     +- run exe zxc (numeric_i64.zig) success 16ms
|     |  +- compile exe zxc Debug native (+6 more reused dependencies)
|     +- run exe zxc (numeric_f32.zig) success 14ms
|     |  +- compile exe zxc Debug native (+6 more reused dependencies)
|     +- run exe zxc (numeric_f64.zig) success 8ms
|     |  +- compile exe zxc Debug native (+6 more reused dependencies)
|     +- run exe external-generator (external.zig) success 6ms
|     |  +- compile exe external-generator Debug native success 4s MaxRSS:435M
|     |     +- WriteFile interfaces/0.d.zx (reused)
|     +- run exe external-generator (external.zig) (+1 more reused dependencies)
|     +- run exe standard-types (standard_abi.zig) success 9ms
|        +- compile exe standard-types Debug native success 4s MaxRSS:425M
|           +- WriteFile interfaces/0.d.zx (reused)
+- run test zx-store-tests 4 pass (4 total) 5ms MaxRSS:1M
|  +- compile test zx-store-tests Debug native success 2s MaxRSS:262M
|     +- run exe store-generator (store.zig) success 10ms
|     |  +- compile exe store-generator Debug native success 4s MaxRSS:382M
|     |     +- WriteFile interfaces/0.d.zx (reused)
|     +- run exe standard-types (standard_abi.zig) (+1 more reused dependencies)
+- run test zx-integration-tests 5 pass (5 total) 13ms MaxRSS:2M
   +- compile test zx-integration-tests Debug native success 4s MaxRSS:392M
      +- WriteFile interfaces/0.d.zx (reused)
