Build Summary: 18/18 steps succeeded; 64/64 tests passed
test-expression-bindings success
+- run test 40 pass (40 total) 8ms MaxRSS:1M
   +- compile test Debug native success 2s MaxRSS:326M
      +- WriteFile interfaces/0.d.zx cached
test-expression-runtime success
+- run test 4 pass (4 total) 3ms MaxRSS:1M
|  +- compile test Debug native success 1s MaxRSS:245M
|     +- run exe compile-bound-expression (program.zig) success 4ms
|     |  +- compile exe compile-bound-expression Debug native success 2s MaxRSS:339M
|     |     +- WriteFile interfaces/0.d.zx (reused)
|     +- run exe compile-bound-expression (program.zig) (+1 more reused dependencies)
+- run test 3 pass (3 total) 3ms MaxRSS:1M
|  +- compile test Debug native success 1s MaxRSS:245M
|     +- run exe compile-bound-expression (program.zig) success 3ms
|     |  +- compile exe compile-bound-expression Debug native (+1 more reused dependencies)
|     +- run exe compile-bound-expression (program.zig) (+1 more reused dependencies)
+- run test 2 pass (2 total) 2ms MaxRSS:1M
   +- compile test Debug native success 1s MaxRSS:245M
      +- run exe compile-bound-expression (program.zig) success 3ms
      |  +- compile exe compile-bound-expression Debug native (+1 more reused dependencies)
      +- run exe compile-bound-expression (program.zig) (+1 more reused dependencies)
test-xml-expression success
+- run test 15 pass (15 total) 6ms MaxRSS:1M
   +- compile test Debug native success 2s MaxRSS:324M
      +- WriteFile interfaces/0.d.zx (reused)
